[
  {
    "view": "IMG_6380/000244.jpg",
    "patch": "near",
    "source_control": false,
    "projected_polygon": [
      [
        44.067955961221855,
        492.32237437977244
      ],
      [
        275.68804159036284,
        472.54523863256804
      ],
      [
        314.4607542522978,
        578.9847312618406
      ],
      [
        28.360965454690756,
        613.2573811838097
      ]
    ],
    "visible_mask_pixels": 29829,
    "valid_depth_samples": 17493,
    "valid_depth_fraction": 0.5864427235240873,
    "fraction_below_1pct_camera_depth": 0.5969244840793461,
    "signed_p10_p50_p90_world_units": [
      -0.010023194606449418,
      -0.0010142917920581583,
      0.008726359892125472
    ],
    "absolute_p50_p90_world_units": [
      0.004737639247369103,
      0.013025386865744039
    ],
    "absolute_p50_p90_fraction_camera_depth": [
      0.007965847163014739,
      0.022564261309670066
    ],
    "sparse_point_ids": []
  },
  {
    "view": "IMG_6380/000244.jpg",
    "patch": "far",
    "source_control": false,
    "projected_polygon": [
      [
        95.11101998433753,
        345.53200981959264
      ],
      [
        214.26525853322468,
        340.3344189747954
      ],
      [
        234.36235116194257,
        410.8931409823655
      ],
      [
        98.0468530924951,
        419.8316467585394
      ]
    ],
    "visible_mask_pixels": 9410,
    "valid_depth_samples": 8077,
    "valid_depth_fraction": 0.8583421891604676,
    "fraction_below_1pct_camera_depth": 0.8230778754488053,
    "signed_p10_p50_p90_world_units": [
      -0.011784563222561122,
      -0.000654978765370285,
      0.009993079251386747
    ],
    "absolute_p50_p90_world_units": [
      0.005500553107589939,
      0.014366380428240524
    ],
    "absolute_p50_p90_fraction_camera_depth": [
      0.00469871669450818,
      0.01231998667889607
    ],
    "sparse_point_ids": [
      14326,
      14972
    ],
    "sparse_signed_p10_p50_p90_world_units": [
      -0.02427620927403525,
      -0.020193898464091198,
      -0.016111587654147146
    ]
  },
  {
    "view": "IMG_6380/000245.jpg",
    "patch": "near",
    "source_control": false,
    "projected_polygon": [
      [
        53.36709226677448,
        537.6739832818073
      ],
      [
        340.0592313308798,
        538.456353919349
      ],
      [
        418.0932810920742,
        738.0156327813595
      ],
      [
        14.859277600687392,
        735.1818625020811
      ]
    ],
    "visible_mask_pixels": 31836,
    "valid_depth_samples": 21739,
    "valid_depth_fraction": 0.6828433220253801,
    "fraction_below_1pct_camera_depth": 0.5713694282165693,
    "signed_p10_p50_p90_world_units": [
      -0.007025050124022471,
      0.0008142060675820238,
      0.009782711408082127
    ],
    "absolute_p50_p90_world_units": [
      0.004234208852335334,
      0.011333485872142186
    ],
    "absolute_p50_p90_fraction_camera_depth": [
      0.008413528234282854,
      0.02242032317019959
    ],
    "sparse_point_ids": []
  },
  {
    "view": "IMG_6380/000245.jpg",
    "patch": "far",
    "source_control": false,
    "projected_polygon": [
      [
        122.65490024324768,
        351.87165970599625
      ],
      [
        253.0384810277475,
        351.86087727708605
      ],
      [
        281.25997768270844,
        444.5224660252676
      ],
      [
        121.05650073249615,
        444.0599704091187
      ]
    ],
    "visible_mask_pixels": 13564,
    "valid_depth_samples": 12319,
    "valid_depth_fraction": 0.9082129165437924,
    "fraction_below_1pct_camera_depth": 0.7874827502232324,
    "signed_p10_p50_p90_world_units": [
      -0.008807581053278554,
      0.0011006647889399666,
      0.011673708163465284
    ],
    "absolute_p50_p90_world_units": [
      0.005211606003331079,
      0.014003191726646295
    ],
    "absolute_p50_p90_fraction_camera_depth": [
      0.00511690633601172,
      0.013926723749561234
    ],
    "sparse_point_ids": [
      14326
    ],
    "sparse_signed_p10_p50_p90_world_units": [
      -0.015091009951661134,
      -0.015091009951661134,
      -0.015091009951661134
    ]
  },
  {
    "view": "IMG_6380/000505.jpg",
    "patch": "near",
    "source_control": false,
    "projected_polygon": [
      [
        45.45327018501837,
        433.37359646855964
      ],
      [
        224.20367024302524,
        418.98095909634003
      ],
      [
        240.28169960624246,
        473.1642797293367
      ],
      [
        41.99248726082169,
        494.81893328989247
      ]
    ],
    "visible_mask_pixels": 11126,
    "valid_depth_samples": 8268,
    "valid_depth_fraction": 0.7431242135538378,
    "fraction_below_1pct_camera_depth": 0.7198838896952104,
    "signed_p10_p50_p90_world_units": [
      -0.006599834989009939,
      0.0017648483013042475,
      0.013117027113165699
    ],
    "absolute_p50_p90_world_units": [
      0.004745547075924236,
      0.014040302512951413
    ],
    "absolute_p50_p90_fraction_camera_depth": [
      0.005822695628728522,
      0.017727656614059464
    ],
    "sparse_point_ids": []
  },
  {
    "view": "IMG_6380/000505.jpg",
    "patch": "far",
    "source_control": false,
    "projected_polygon": [
      [
        80.8516830667711,
        334.70971658403954
      ],
      [
        185.95243098755628,
        330.85361643764566
      ],
      [
        197.1824053238967,
        380.2808403653113
      ],
      [
        85.94564091635408,
        387.291095743498
      ]
    ],
    "visible_mask_pixels": 5554,
    "valid_depth_samples": 5478,
    "valid_depth_fraction": 0.9863161685271876,
    "fraction_below_1pct_camera_depth": 0.8612632347572107,
    "signed_p10_p50_p90_world_units": [
      -0.01449647658348342,
      -0.002541761835693282,
      0.008978017961246336
    ],
    "absolute_p50_p90_world_units": [
      0.006062153108192855,
      0.016593032713893428
    ],
    "absolute_p50_p90_fraction_camera_depth": [
      0.004267674072902176,
      0.011542801259304543
    ],
    "sparse_point_ids": [
      12318,
      14326
    ],
    "sparse_signed_p10_p50_p90_world_units": [
      -0.013513590198608618,
      -0.00720391118639856,
      -0.0008942321741884989
    ]
  },
  {
    "view": "IMG_6380_exit6fps/000013.jpg",
    "patch": "near",
    "source_control": false,
    "projected_polygon": [
      [
        33.656048100899056,
        426.7024018458735
      ],
      [
        206.71099822753422,
        407.79685325941904
      ],
      [
        222.18645745354831,
        455.4834533482431
      ],
      [
        34.02495569806956,
        482.8577444770642
      ]
    ],
    "visible_mask_pixels": 9548,
    "valid_depth_samples": 7101,
    "valid_depth_fraction": 0.743715961457897,
    "fraction_below_1pct_camera_depth": 0.7339811294183918,
    "signed_p10_p50_p90_world_units": [
      -0.006005810486658908,
      0.002292246252847494,
      0.013322026454411915
    ],
    "absolute_p50_p90_world_units": [
      0.004836291160209291,
      0.013952893855519462
    ],
    "absolute_p50_p90_fraction_camera_depth": [
      0.005655307984021605,
      0.016632756279456786
    ],
    "sparse_point_ids": []
  },
  {
    "view": "IMG_6380_exit6fps/000013.jpg",
    "patch": "far",
    "source_control": false,
    "projected_polygon": [
      [
        64.02575145772454,
        331.68603977818117
      ],
      [
        168.5854865493168,
        326.3447090543449
      ],
      [
        180.48115797915125,
        372.77050422791996
      ],
      [
        71.83477598587695,
        382.09428787102365
      ]
    ],
    "visible_mask_pixels": 5292,
    "valid_depth_samples": 5192,
    "valid_depth_fraction": 0.981103552532124,
    "fraction_below_1pct_camera_depth": 0.8649845916795069,
    "signed_p10_p50_p90_world_units": [
      -0.014629938681180127,
      -0.002163725648307525,
      0.009054601152823088
    ],
    "absolute_p50_p90_world_units": [
      0.006129359805780641,
      0.01661537039810371
    ],
    "absolute_p50_p90_fraction_camera_depth": [
      0.004275010036583928,
      0.011096450255954363
    ],
    "sparse_point_ids": [
      14326,
      14972
    ],
    "sparse_signed_p10_p50_p90_world_units": [
      -0.02427620927403525,
      -0.020193898464091198,
      -0.016111587654147146
    ]
  },
  {
    "view": "IMG_6380_exit6fps/000019.jpg",
    "patch": "near",
    "source_control": true,
    "projected_polygon": [
      [
        50.000000000000455,
        494.9999999999999
      ],
      [
        290.0000000000005,
        494.9999999999998
      ],
      [
        325.0000000000009,
        619.9999999999998
      ],
      [
        20.000000000000796,
        619.9999999999995
      ]
    ],
    "visible_mask_pixels": 34461,
    "valid_depth_samples": 13310,
    "valid_depth_fraction": 0.38623371347320157,
    "fraction_below_1pct_camera_depth": 0.6049586776859505,
    "signed_p10_p50_p90_world_units": [
      -0.008842211352980136,
      -0.0005978222218026916,
      0.008689852243218757
    ],
    "absolute_p50_p90_world_units": [
      0.004372466856281109,
      0.011754524886417723
    ],
    "absolute_p50_p90_fraction_camera_depth": [
      0.007768631209349151,
      0.021754143383621912
    ],
    "sparse_point_ids": []
  },
  {
    "view": "IMG_6380_exit6fps/000019.jpg",
    "patch": "far",
    "source_control": true,
    "projected_polygon": [
      [
        115.0000000000002,
        349.9999999999999
      ],
      [
        235.00000000000023,
        349.99999999999994
      ],
      [
        250.00000000000057,
        424.9999999999998
      ],
      [
        110.00000000000037,
        424.9999999999998
      ]
    ],
    "visible_mask_pixels": 9956,
    "valid_depth_samples": 8710,
    "valid_depth_fraction": 0.8748493370831659,
    "fraction_below_1pct_camera_depth": 0.8362801377726751,
    "signed_p10_p50_p90_world_units": [
      -0.010449412510525911,
      -0.00034293714017628874,
      0.010452512047719693
    ],
    "absolute_p50_p90_world_units": [
      0.0053883133013113,
      0.01402860216980514
    ],
    "absolute_p50_p90_fraction_camera_depth": [
      0.004612313793271025,
      0.012212925941062594
    ],
    "sparse_point_ids": [
      12318,
      14326
    ],
    "sparse_signed_p10_p50_p90_world_units": [
      -0.013513590198608618,
      -0.00720391118639856,
      -0.0008942321741884989
    ]
  },
  {
    "view": "IMG_6380_exit6fps/000020.jpg",
    "patch": "near",
    "source_control": false,
    "projected_polygon": [
      [
        33.173047249224624,
        520.1617833961316
      ],
      [
        293.61002935765,
        517.1291645145457
      ],
      [
        337.3825794256408,
        671.7037590291699
      ],
      [
        -7.825967545143158,
        678.4815757183594
      ]
    ],
    "visible_mask_pixels": 35638,
    "valid_depth_samples": 17888,
    "valid_depth_fraction": 0.5019361355856109,
    "fraction_below_1pct_camera_depth": 0.5765317531305904,
    "signed_p10_p50_p90_world_units": [
      -0.010122188976785669,
      -0.0006480537358203205,
      0.008667418201611862
    ],
    "absolute_p50_p90_world_units": [
      0.004516352057079526,
      0.012733000075225253
    ],
    "absolute_p50_p90_fraction_camera_depth": [
      0.00835719915670082,
      0.023804944125298263
    ],
    "sparse_point_ids": []
  },
  {
    "view": "IMG_6380_exit6fps/000020.jpg",
    "patch": "far",
    "source_control": false,
    "projected_polygon": [
      [
        107.67782075935793,
        353.4745920524501
      ],
      [
        232.37376996374707,
        353.1781745699358
      ],
      [
        249.37860773059035,
        436.8351637275757
      ],
      [
        100.58573717676916,
        437.76591321926605
      ]
    ],
    "visible_mask_pixels": 11642,
    "valid_depth_samples": 8535,
    "valid_depth_fraction": 0.7331214567943652,
    "fraction_below_1pct_camera_depth": 0.7845342706502636,
    "signed_p10_p50_p90_world_units": [
      -0.011599590416874802,
      -0.00017326913056341098,
      0.010710601512035957
    ],
    "absolute_p50_p90_world_units": [
      0.005580900003388376,
      0.015173357278212845
    ],
    "absolute_p50_p90_fraction_camera_depth": [
      0.005177104673059798,
      0.014009719154086045
    ],
    "sparse_point_ids": [
      14326
    ],
    "sparse_signed_p10_p50_p90_world_units": [
      -0.015091009951661134,
      -0.015091009951661134,
      -0.015091009951661134
    ]
  }
]
