modules/atlas/atlas_window.gd:386: Error: Function "_input" has more than 6 return statements (max-returns)
modules/atlas/interface.gd:27: Error: Constant (load/preload) name "_Impl" is not valid (load-constant-name)
modules/flowers_page/interface.gd:22: Error: Constant (load/preload) name "_Impl" is not valid (load-constant-name)
modules/playground_page/interface.gd:32: Error: Constant (load/preload) name "_Impl" is not valid (load-constant-name)
modules/sculpture_viewer/interface.gd:9: Error: Constant (load/preload) name "_Impl" is not valid (load-constant-name)
modules/sculpture_viewer/viewer.gd:379: Error: duplicated loading of "res://modules/sculpture_viewer/shaders/control_face.gdshader" (duplicated-load)
modules/sculpture_viewer/viewer.gd:433: Error: duplicated loading of "res://modules/sculpture_viewer/shaders/control_face.gdshader" (duplicated-load)
modules/shell/interface.gd:39: Error: Constant (load/preload) name "_Impl" is not valid (load-constant-name)
modules/shell/prototype/gallery_walk4/final_render_check.gd:177: Error: duplicated loading of "res://modules/shell/crt_luminance.gdshader" (duplicated-load)
modules/shell/prototype/gallery_walk4/final_render_check.gd:295: Error: duplicated loading of "res://modules/shell/prototype/gallery_walk4/gamecube.gdshader" (duplicated-load)
modules/shell/prototype/gallery_walk4/painting_asset.gd:99: Error: Function-scope variable name "X0" is not valid (function-variable-name)
modules/shell/prototype/gallery_walk4/painting_asset.gd:100: Error: Function-scope variable name "X1" is not valid (function-variable-name)
modules/shell/prototype/gallery_walk4/painting_asset.gd:101: Error: Function-scope variable name "Y0" is not valid (function-variable-name)
modules/shell/prototype/gallery_walk4/painting_asset.gd:102: Error: Function-scope variable name "Y1" is not valid (function-variable-name)
modules/shell/prototype/gallery_walk4/walk4.gd:3362: Error: Function "_unhandled_key_input" has more than 6 return statements (max-returns)
modules/shell/prototype/gallery_walk4/walk4.gd:3371: Error: Max allowed file lines num (1000) exceeded (max-file-lines)
modules/shell/prototype/gallery_walk4/walk4.gd:389: Error: Function-scope variable name "X" is not valid (function-variable-name)
modules/shell/prototype/gallery_walk4/walk4.gd:1028: Error: Function-scope variable name "X" is not valid (function-variable-name)
modules/shell/prototype/gallery_walk4/walk4.gd:1727: Error: Function-scope variable name "X" is not valid (function-variable-name)
modules/shell/prototype/gallery_walk4/walk4.gd:1957: Error: Function-scope variable name "X" is not valid (function-variable-name)
modules/sketchbook/interface.gd:29: Error: Constant (load/preload) name "_Impl" is not valid (load-constant-name)
modules/sound_cues/interface.gd:11: Error: Constant (load/preload) name "_Impl" is not valid (load-constant-name)
modules/tab_strip/interface.gd:28: Error: Constant (load/preload) name "_Impl" is not valid (load-constant-name)
modules/video_player/interface.gd:25: Error: Constant (load/preload) name "_Impl" is not valid (load-constant-name)
prototype/mr-baby-paint-audio/main.gd:263: Error: Function "_group_for" has more than 6 return statements (max-returns)
Failure: 25 problems found
