Godot Engine v4.7.2.stable.official.ed1daf0bf - https://godotengine.org
WARNING: Your video card drivers seem not to support the required OpenGL version, switching to OpenGLES.
     at: DisplayServerX11 (platform/linuxbsd/x11/display_server_x11.cpp:7201)
OpenGL API OpenGL ES 3.1 Mesa 25.2.8-0ubuntu0.24.04.2 - Compatibility - Using Device: Microsoft - D3D12 (NVIDIA GeForce RTX 4070 SUPER)

NAV_SPACE gallery -> gallery
SOLE_VISIBILITY native front foot=0 attached_pixels=135 previous_pixels=94 displaced_pixels=0
SOLE_VISIBILITY native front foot=1 attached_pixels=131 previous_pixels=83 displaced_pixels=0
NAV_SPACE gallery -> gallery
SOLE_VISIBILITY native side foot=0 attached_pixels=0 previous_pixels=0 displaced_pixels=0
SOLE_VISIBILITY native side foot=1 attached_pixels=236 previous_pixels=0 displaced_pixels=0
NAV_SPACE gallery -> gallery
SOLE_VISIBILITY native back foot=0 attached_pixels=303 previous_pixels=73 displaced_pixels=0
SOLE_VISIBILITY native back foot=1 attached_pixels=299 previous_pixels=80 displaced_pixels=0
NAV_SPACE gallery -> gallery
SOLE_VISIBILITY native stride foot=1 attached_pixels=47 previous_pixels=42 displaced_pixels=0
NAV_SPACE gallery -> arch
SOLE_VISIBILITY native white foot=0 attached_pixels=144 previous_pixels=114 displaced_pixels=0
SOLE_VISIBILITY native white foot=1 attached_pixels=139 previous_pixels=120 displaced_pixels=0
NAV_SPACE arch -> gallery
SOLE_VISIBILITY embedded front foot=0 attached_pixels=26 previous_pixels=22 displaced_pixels=0
SOLE_VISIBILITY embedded front foot=1 attached_pixels=26 previous_pixels=19 displaced_pixels=0
NAV_SPACE gallery -> gallery
SOLE_VISIBILITY embedded side foot=0 attached_pixels=0 previous_pixels=0 displaced_pixels=0
SOLE_VISIBILITY embedded side foot=1 attached_pixels=55 previous_pixels=0 displaced_pixels=0
NAV_SPACE gallery -> gallery
SOLE_VISIBILITY embedded back foot=0 attached_pixels=69 previous_pixels=20 displaced_pixels=0
SOLE_VISIBILITY embedded back foot=1 attached_pixels=68 previous_pixels=18 displaced_pixels=0
NAV_SPACE gallery -> gallery
SOLE_VISIBILITY embedded stride foot=1 attached_pixels=11 previous_pixels=10 displaced_pixels=0
NAV_SPACE gallery -> arch
SOLE_VISIBILITY embedded white foot=0 attached_pixels=33 previous_pixels=27 displaced_pixels=0
SOLE_VISIBILITY embedded white foot=1 attached_pixels=31 previous_pixels=26 displaced_pixels=0
SOLE_VISIBILITY_FAILURES 0
