Godot Engine v4.7.2.stable.official.ed1daf0bf - https://godotengine.org
WARNING: Your video card drivers seem not to support the required OpenGL version, switching to OpenGLES.
     at: DisplayServerX11 (platform/linuxbsd/x11/display_server_x11.cpp:7201)
OpenGL API OpenGL ES 3.2 Mesa 25.2.8-0ubuntu0.24.04.2 - Compatibility - Using Device: Mesa - llvmpipe (LLVM 20.1.2, 256 bits)

PORTAL_FLOOR_DEPTH 720-baked-arch clear_samples=0/9 meshes=1
ERROR: modeled arch floor is depth-occluded: 720-baked-arch
   at: push_error (core/variant/variant_utility.cpp:1023)
   GDScript backtrace (most recent call first):
       [0] require (res://modules/shell/prototype/gallery_walk4/doorway_check.gd:8)
       [1] run (res://modules/shell/prototype/gallery_walk4/doorway_check.gd:58)
       [2] sample (res://modules/shell/prototype/gallery_walk4/portal_floor_probe.gd:32)
DOORWAY_FLOOR 720-baked-far clear_samples=9/9
PORTAL_FLOOR_DEPTH 720-original-arch clear_samples=0/9 meshes=1
ERROR: modeled arch floor is depth-occluded: 720-original-arch
   at: push_error (core/variant/variant_utility.cpp:1023)
   GDScript backtrace (most recent call first):
       [0] require (res://modules/shell/prototype/gallery_walk4/doorway_check.gd:8)
       [1] run (res://modules/shell/prototype/gallery_walk4/doorway_check.gd:58)
       [2] sample (res://modules/shell/prototype/gallery_walk4/portal_floor_probe.gd:32)
DOORWAY_FLOOR 720-original-far clear_samples=9/9
PORTAL_FLOOR_DEPTH 1600-baked-arch clear_samples=0/9 meshes=1
ERROR: modeled arch floor is depth-occluded: 1600-baked-arch
   at: push_error (core/variant/variant_utility.cpp:1023)
   GDScript backtrace (most recent call first):
       [0] require (res://modules/shell/prototype/gallery_walk4/doorway_check.gd:8)
       [1] run (res://modules/shell/prototype/gallery_walk4/doorway_check.gd:58)
       [2] sample (res://modules/shell/prototype/gallery_walk4/portal_floor_probe.gd:32)
DOORWAY_FLOOR 1600-baked-far clear_samples=9/9
PORTAL_FLOOR_DEPTH 1600-original-arch clear_samples=0/9 meshes=1
ERROR: modeled arch floor is depth-occluded: 1600-original-arch
   at: push_error (core/variant/variant_utility.cpp:1023)
   GDScript backtrace (most recent call first):
       [0] require (res://modules/shell/prototype/gallery_walk4/doorway_check.gd:8)
       [1] run (res://modules/shell/prototype/gallery_walk4/doorway_check.gd:58)
       [2] sample (res://modules/shell/prototype/gallery_walk4/portal_floor_probe.gd:32)
DOORWAY_FLOOR 1600-original-far clear_samples=9/9
DOORWAY_FAILURES 4
