Godot Engine v4.7.2.stable.official.ed1daf0bf - https://godotengine.org
WARNING: Your video card drivers seem not to support the required OpenGL version, switching to OpenGLES.
     at: DisplayServerX11 (platform/linuxbsd/x11/display_server_x11.cpp:7201)
OpenGL API OpenGL ES 3.1 Mesa 25.2.8-0ubuntu0.24.04.2 - Compatibility - Using Device: Microsoft - D3D12 (NVIDIA GeForce RTX 4070 SUPER)

REST bounds=0.18734590709209..17.0174369812012 soles=194
CLIP Idle length=1.06666672229767
CLIP Walking_A length=1.06666672229767
CLIP Interact length=1.29999995231628
NAV_SPACE gallery -> gallery
NAV_SPACE gallery -> gallery
NAV_SPACE gallery -> far
NAV_SPACE far -> gallery
NAV_SPACE gallery -> gallery
NAV_SPACE gallery -> far
NAV_SPACE far -> gallery
NAV_SPACE gallery -> gallery
NAV_SPACE gallery -> far
NAV_SPACE far -> gallery
NAV_SPACE gallery -> gallery
NAV_SPACE gallery -> far
NAV_SPACE far -> gallery
NAV_SPACE gallery -> gallery
NAV_SPACE gallery -> far
NAV_SPACE far -> gallery
NAV_SPACE gallery -> gallery
NAV_SPACE gallery -> far
DISPLAY_NATIVE 18 matched square captures PASS
