Failed to load resource: the server responded with a status of 404 (File not found)
WARNING: 2D MSAA is not yet supported for GLES3.
   at: render_target_set_msaa (drivers/gles3/storage/texture_storage.cpp:3210)
WARNING: 2D MSAA is not yet supported for GLES3.
   at: render_target_set_msaa (drivers/gles3/storage/texture_storage.cpp:3210)
{"gpu":"ANGLE (Microsoft Corporation, D3D12 (NVIDIA GeForce RTX 4070 SUPER), OpenGL ES 3.1)","expected_gpu":"hardware"}
{"preflight_changed_pixels":197664}
{"label":"A","mode":"bypass","width":720,"scene":"warm","viewport":[695,465],"space_after":"gallery","median_ms":16.700000000004366,"p95_ms":33.400000000001455,"samples":479}
{"label":"A","mode":"bypass","width":720,"scene":"art","viewport":[695,465],"space_after":"gallery","median_ms":16.700000000004366,"p95_ms":33.400000000001455,"samples":479}
{"label":"A","mode":"bypass","width":720,"scene":"white","viewport":[695,465],"space_after":"far","median_ms":16.69999999999709,"p95_ms":33.30000000000291,"samples":479}
{"label":"B","mode":"current","width":720,"scene":"warm","viewport":[695,465],"space_after":"gallery","median_ms":16.69999999999709,"p95_ms":33.40000000000873,"samples":479}
{"label":"B","mode":"current","width":720,"scene":"art","viewport":[695,465],"space_after":"gallery","median_ms":16.69999999999709,"p95_ms":33.40000000000873,"samples":479}
{"label":"B","mode":"current","width":720,"scene":"white","viewport":[695,465],"space_after":"far","median_ms":16.69999999999709,"p95_ms":33.30000000000291,"samples":479}
{"label":"C","mode":"copy-full","width":720,"scene":"warm","viewport":[695,465],"space_after":"gallery","median_ms":16.70000000001164,"p95_ms":33.40000000000873,"samples":479}
{"label":"C","mode":"copy-full","width":720,"scene":"art","viewport":[695,465],"space_after":"gallery","median_ms":16.69999999999709,"p95_ms":33.39999999999418,"samples":479}
{"label":"C","mode":"copy-full","width":720,"scene":"white","viewport":[695,465],"space_after":"far","median_ms":16.69999999999709,"p95_ms":33.30000000001746,"samples":479}
{"label":"A","mode":"bypass","width":1600,"scene":"warm","viewport":[695,465],"space_after":"gallery","median_ms":33.29999999998836,"p95_ms":33.40000000002328,"samples":479}
{"label":"A","mode":"bypass","width":1600,"scene":"art","viewport":[695,465],"space_after":"gallery","median_ms":16.800000000017462,"p95_ms":33.40000000002328,"samples":479}
{"label":"A","mode":"bypass","width":1600,"scene":"white","viewport":[695,465],"space_after":"far","median_ms":16.70000000001164,"p95_ms":33.39999999999418,"samples":479}
{"label":"B","mode":"current","width":1600,"scene":"warm","viewport":[695,465],"space_after":"gallery","median_ms":33.29999999998836,"p95_ms":33.40000000002328,"samples":479}
{"label":"B","mode":"current","width":1600,"scene":"art","viewport":[695,465],"space_after":"gallery","median_ms":16.79999999998836,"p95_ms":33.40000000002328,"samples":479}
{"label":"B","mode":"current","width":1600,"scene":"white","viewport":[695,465],"space_after":"far","median_ms":16.70000000001164,"p95_ms":33.39999999999418,"samples":479}
{"label":"C","mode":"copy-full","width":1600,"scene":"warm","viewport":[695,465],"space_after":"gallery","median_ms":33.29999999998836,"p95_ms":33.40000000002328,"samples":479}
{"label":"C","mode":"copy-full","width":1600,"scene":"art","viewport":[695,465],"space_after":"gallery","median_ms":33.19999999998254,"p95_ms":33.39999999999418,"samples":479}
{"label":"C","mode":"copy-full","width":1600,"scene":"white","viewport":[695,465],"space_after":"far","median_ms":16.70000000001164,"p95_ms":33.39999999999418,"samples":479}
