I20260930 00:40:25.039508 136211299563200 feature_extraction.cc:498] === Feature extraction ===
I20260930 00:40:25.040261 136211016427200 sift.cc:758] Creating SIFT GPU feature extractor
I20260930 00:40:25.181852 136211008034496 feature_extraction.cc:270] Processed file [1/3]
I20260930 00:40:25.181885 136211008034496 feature_extraction.cc:273]   Name:            IMG_6380/000490.jpg
W20260930 00:40:25.181888 136211008034496 feature_extraction.cc:277] IMG_6380/000490.jpg IMAGE_EXISTS: Features for image were already extracted.
I20260930 00:40:25.181991 136211008034496 feature_extraction.cc:270] Processed file [2/3]
I20260930 00:40:25.181998 136211008034496 feature_extraction.cc:273]   Name:            IMG_6380/000492.jpg
W20260930 00:40:25.182002 136211008034496 feature_extraction.cc:277] IMG_6380/000492.jpg IMAGE_EXISTS: Features for image were already extracted.
I20260930 00:40:25.182007 136211008034496 feature_extraction.cc:270] Processed file [3/3]
I20260930 00:40:25.182010 136211008034496 feature_extraction.cc:273]   Name:            IMG_6380/000495.jpg
W20260930 00:40:25.182012 136211008034496 feature_extraction.cc:277] IMG_6380/000495.jpg IMAGE_EXISTS: Features for image were already extracted.
I20260930 00:40:25.182196 136211299563200 timer.cc:90] Elapsed time: 0.002 [minutes]
I20260930 00:40:25.192608 136211299563200 feature_matching.cc:196] === Feature matching & geometric verification ===
I20260930 00:40:25.192814 136211008034496 feature_matching_utils.cc:79] Bind FeatureMatcherWorker to GPU device 0
I20260930 00:40:25.197502 136211008034496 sift.cc:1679] Creating SIFT GPU feature matcher
I20260930 00:40:25.200543 136211299563200 pairing.cc:905] Importing image pairs...
I20260930 00:40:25.203000 136211299563200 pairing.cc:938] Processing block [1/2]
I20260930 00:40:25.476064 136211299563200 feature_matching.cc:218] in 0.273s
I20260930 00:40:25.476095 136211299563200 pairing.cc:938] Processing block [2/2]
I20260930 00:40:25.575118 136211299563200 feature_matching.cc:218] in 0.099s
I20260930 00:40:25.575146 136211299563200 timer.cc:90] Elapsed time: 0.006 [minutes]
Traceback (most recent call last):
  File "/home/reidsurmeier/orca/workspaces/risd-godot/collection-reconstruction/modules/shell/prototype/collection_reconstruction/corridor_extents.py", line 80, in <module>
    cameras[name], poses[name], pose_inliers[name] = heldout_pose(model, database, name, PICKS[name])
                                                     ~~~~~~~~~~~~^^^^^^^^^^^^^^^^^^^^^^^^^^^^^^^^^^^^
  File "/home/reidsurmeier/orca/workspaces/risd-godot/collection-reconstruction/modules/shell/prototype/collection_reconstruction/measurements.py", line 62, in heldout_pose
    assert result is not None and result['num_inliers'] >= 20
           ^^^^^^^^^^^^^^^^^^^^^^^^^^^^^^^^^^^^^^^^^^^^^^^^^^
AssertionError
