Godot Engine v4.7.2.stable.official.ed1daf0bf - https://godotengine.org
WARNING: Could not set V-Sync mode, as changing V-Sync mode is not supported by the graphics driver.
     at: set_use_vsync (platform/linuxbsd/x11/gl_manager_x11.cpp:372)
OpenGL API 4.5 (Core Profile) Mesa 25.2.8-0ubuntu0.24.04.2 - Compatibility - Using Device: Mesa - llvmpipe (LLVM 20.1.2, 256 bits)

X connection to :0 broken (explicit kill or server shutdown).
ERROR: BUG: Unreferenced static string to 0: servers
   at: unref (core/string/string_name.cpp:118)
ERROR: BUG: Unreferenced static string to 0: Physics2DConstraintSolveIslands
   at: unref (core/string/string_name.cpp:118)
ERROR: BUG: Unreferenced static string to 0: Physics2DConstraintSetup
   at: unref (core/string/string_name.cpp:118)
ERROR: BUG: Unreferenced static string to 0: Physics3DConstraintSolveIslands
   at: unref (core/string/string_name.cpp:118)
ERROR: BUG: Unreferenced static string to 0: Physics3DConstraintSetup
   at: unref (core/string/string_name.cpp:118)
ERROR: BUG: Unreferenced static string to 0: *
   at: unref (core/string/string_name.cpp:118)
ERROR: BUG: Unreferenced static string to 0: .
   at: unref (core/string/string_name.cpp:118)
ERROR: BUG: Unreferenced static string to 0: markers
   at: unref (core/string/string_name.cpp:118)
ERROR: BUG: Unreferenced static string to 0: _compression
   at: unref (core/string/string_name.cpp:118)
ERROR: BUG: Unreferenced static string to 0: _enter_world
   at: unref (core/string/string_name.cpp:118)
ERROR: BUG: Unreferenced static string to 0: Variant
   at: unref (core/string/string_name.cpp:118)
ERROR: 7 RID allocations of type '23NavMeshGeometryParser2D' were leaked at exit.
ERROR: 6 RID allocations of type '23NavMeshGeometryParser3D' were leaked at exit.
ERROR: Pages in use exist at exit in PagedAllocator: N12VariantPools11BucketLargeE
   at: ~PagedAllocator (./core/templates/paged_allocator.h:170)
ERROR: Pages in use exist at exit in PagedAllocator: N12VariantPools12BucketMediumE
   at: ~PagedAllocator (./core/templates/paged_allocator.h:170)
ERROR: Pages in use exist at exit in PagedAllocator: N12VariantPools11BucketSmallE
   at: ~PagedAllocator (./core/templates/paged_allocator.h:170)
ERROR: BUG: Unreferenced static string to 0: _create_mesh_array
   at: unref (core/string/string_name.cpp:118)
ERROR: BUG: Unreferenced static string to 0: _mouse_exit
   at: unref (core/string/string_name.cpp:118)
ERROR: BUG: Unreferenced static string to 0: _mouse_enter
   at: unref (core/string/string_name.cpp:118)
ERROR: BUG: Unreferenced static string to 0: _input_event
   at: unref (core/string/string_name.cpp:118)
ERROR: BUG: Unreferenced static string to 0: _validate_bone_names
   at: unref (core/string/string_name.cpp:118)
ERROR: BUG: Unreferenced static string to 0: animate_physical_bones
   at: unref (core/string/string_name.cpp:118)
ERROR: BUG: Unreferenced static string to 0: _get_minimum_size
   at: unref (core/string/string_name.cpp:118)
ERROR: BUG: Unreferenced static string to 0: _get_maximum_size
   at: unref (core/string/string_name.cpp:118)
ERROR: BUG: Unreferenced static string to 0: _draw
   at: unref (core/string/string_name.cpp:118)
ERROR: BUG: Unreferenced static string to 0: _get_focused_accessibility_element
   at: unref (core/string/string_name.cpp:118)
ERROR: BUG: Unreferenced static string to 0: _unhandled_key_input
   at: unref (core/string/string_name.cpp:118)
ERROR: BUG: Unreferenced static string to 0: _unhandled_input
   at: unref (core/string/string_name.cpp:118)
ERROR: BUG: Unreferenced static string to 0: _shortcut_input
   at: unref (core/string/string_name.cpp:118)
ERROR: BUG: Unreferenced static string to 0: _input
   at: unref (core/string/string_name.cpp:118)
ERROR: BUG: Unreferenced static string to 0: _enter_tree
   at: unref (core/string/string_name.cpp:118)
ERROR: BUG: Unreferenced static string to 0: _shaped_text_get_line_breaks
   at: unref (core/string/string_name.cpp:118)
ERROR: BUG: Unreferenced static string to 0: _initialize
   at: unref (core/string/string_name.cpp:118)
ERROR: BUG: Unreferenced static string to 0: _exists
   at: unref (core/string/string_name.cpp:118)
ERROR: BUG: Unreferenced static string to 0: _recognize_path
   at: unref (core/string/string_name.cpp:118)
ERROR: BUG: Unreferenced static string to 0: _set_path_cache
   at: unref (core/string/string_name.cpp:118)
ERROR: BUG: Unreferenced static string to 0: _reset_state
   at: unref (core/string/string_name.cpp:118)
ERROR: Pages in use exist at exit in PagedAllocator: N10StringName5_DataE
   at: ~PagedAllocator (./core/templates/paged_allocator.h:170)
