Godot Engine v4.7.2.stable.official.ed1daf0bf - https://godotengine.org
Vulkan 1.4.318 - Forward Mobile - Using Device #0: Unknown - llvmpipe (LLVM 20.1.2, 256 bits)

res://presentation/wall-plaster.png: Texture detected as used in 3D. Enabling mipmap generation and setting the texture compression mode to VRAM Compressed (S3TC/ETC/BPTC).
res://assets/baseboard.png: Texture detected as used in 3D. Enabling mipmap generation and setting the texture compression mode to VRAM Compressed (S3TC/ETC/BPTC).
res://assets/door-architrave.png: Texture detected as used in 3D. Enabling mipmap generation and setting the texture compression mode to VRAM Compressed (S3TC/ETC/BPTC).
res://presentation/neutral-plaster.png: Texture detected as used in 3D. Enabling mipmap generation and setting the texture compression mode to VRAM Compressed (S3TC/ETC/BPTC).
res://modules/shell/prototype/gallery_walk4/textures/wall-muse.webp: Texture detected as used in 3D. Enabling mipmap generation and setting the texture compression mode to VRAM Compressed (S3TC/ETC/BPTC).
res://presentation/purple-plaster.png: Texture detected as used in 3D. Enabling mipmap generation and setting the texture compression mode to VRAM Compressed (S3TC/ETC/BPTC).
res://assets/bookcase.png: Texture detected as used in 3D. Enabling mipmap generation and setting the texture compression mode to VRAM Compressed (S3TC/ETC/BPTC).
res://assets/pair-mirror.png: Texture detected as used in 3D. Enabling mipmap generation and setting the texture compression mode to VRAM Compressed (S3TC/ETC/BPTC).
res://assets/mirror.png: Texture detected as used in 3D. Enabling mipmap generation and setting the texture compression mode to VRAM Compressed (S3TC/ETC/BPTC).
res://assets/edwards-frame.png: Texture detected as used in 3D. Enabling mipmap generation and setting the texture compression mode to VRAM Compressed (S3TC/ETC/BPTC).
res://assets/painting-58.197.jpg: Texture detected as used in 3D. Enabling mipmap generation and setting the texture compression mode to VRAM Compressed (S3TC/ETC/BPTC).
res://assets/romany-frame.png: Texture detected as used in 3D. Enabling mipmap generation and setting the texture compression mode to VRAM Compressed (S3TC/ETC/BPTC).
res://assets/painting-2009.9.jpg: Texture detected as used in 3D. Enabling mipmap generation and setting the texture compression mode to VRAM Compressed (S3TC/ETC/BPTC).
res://assets/wallpaper-34.912.jpg: Texture detected as used in 3D. Enabling mipmap generation and setting the texture compression mode to VRAM Compressed (S3TC/ETC/BPTC).
res://assets/settee-part-0.png: Texture detected as used in 3D. Enabling mipmap generation and setting the texture compression mode to VRAM Compressed (S3TC/ETC/BPTC).
res://assets/settee-part-1.png: Texture detected as used in 3D. Enabling mipmap generation and setting the texture compression mode to VRAM Compressed (S3TC/ETC/BPTC).
res://assets/settee-part-2.png: Texture detected as used in 3D. Enabling mipmap generation and setting the texture compression mode to VRAM Compressed (S3TC/ETC/BPTC).
res://assets/settee-part-3.png: Texture detected as used in 3D. Enabling mipmap generation and setting the texture compression mode to VRAM Compressed (S3TC/ETC/BPTC).
res://assets/settee-part-4.png: Texture detected as used in 3D. Enabling mipmap generation and setting the texture compression mode to VRAM Compressed (S3TC/ETC/BPTC).
res://assets/settee-cloth.png: Texture detected as used in 3D. Enabling mipmap generation and setting the texture compression mode to VRAM Compressed (S3TC/ETC/BPTC).
res://assets/armchair-part-0.png: Texture detected as used in 3D. Enabling mipmap generation and setting the texture compression mode to VRAM Compressed (S3TC/ETC/BPTC).
res://assets/armchair-part-1.png: Texture detected as used in 3D. Enabling mipmap generation and setting the texture compression mode to VRAM Compressed (S3TC/ETC/BPTC).
res://assets/armchair-part-2.png: Texture detected as used in 3D. Enabling mipmap generation and setting the texture compression mode to VRAM Compressed (S3TC/ETC/BPTC).
res://assets/armchair-cloth.png: Texture detected as used in 3D. Enabling mipmap generation and setting the texture compression mode to VRAM Compressed (S3TC/ETC/BPTC).
res://assets/entrance-chair-part-0.png: Texture detected as used in 3D. Enabling mipmap generation and setting the texture compression mode to VRAM Compressed (S3TC/ETC/BPTC).
res://assets/entrance-chair-part-1.png: Texture detected as used in 3D. Enabling mipmap generation and setting the texture compression mode to VRAM Compressed (S3TC/ETC/BPTC).
res://assets/entrance-chair-part-2.png: Texture detected as used in 3D. Enabling mipmap generation and setting the texture compression mode to VRAM Compressed (S3TC/ETC/BPTC).
res://assets/entrance-chair-part-3.png: Texture detected as used in 3D. Enabling mipmap generation and setting the texture compression mode to VRAM Compressed (S3TC/ETC/BPTC).
res://assets/entrance-chair-part-4.png: Texture detected as used in 3D. Enabling mipmap generation and setting the texture compression mode to VRAM Compressed (S3TC/ETC/BPTC).
res://assets/entrance-chair-part-5.png: Texture detected as used in 3D. Enabling mipmap generation and setting the texture compression mode to VRAM Compressed (S3TC/ETC/BPTC).
res://assets/entrance-chair-cloth.png: Texture detected as used in 3D. Enabling mipmap generation and setting the texture compression mode to VRAM Compressed (S3TC/ETC/BPTC).
res://assets/st-george-volume.png: Texture detected as used in 3D. Enabling mipmap generation and setting the texture compression mode to VRAM Compressed (S3TC/ETC/BPTC).
res://assets/flute-player-volume.png: Texture detected as used in 3D. Enabling mipmap generation and setting the texture compression mode to VRAM Compressed (S3TC/ETC/BPTC).
res://assets/hudibras-volume.png: Texture detected as used in 3D. Enabling mipmap generation and setting the texture compression mode to VRAM Compressed (S3TC/ETC/BPTC).
res://assets/bear-jug-volume.png: Texture detected as used in 3D. Enabling mipmap generation and setting the texture compression mode to VRAM Compressed (S3TC/ETC/BPTC).
res://assets/horn-player-volume.png: Texture detected as used in 3D. Enabling mipmap generation and setting the texture compression mode to VRAM Compressed (S3TC/ETC/BPTC).
res://assets/finch-volume.png: Texture detected as used in 3D. Enabling mipmap generation and setting the texture compression mode to VRAM Compressed (S3TC/ETC/BPTC).
res://assets/finch-pair-volume.png: Texture detected as used in 3D. Enabling mipmap generation and setting the texture compression mode to VRAM Compressed (S3TC/ETC/BPTC).
res://assets/bagpiper-volume.png: Texture detected as used in 3D. Enabling mipmap generation and setting the texture compression mode to VRAM Compressed (S3TC/ETC/BPTC).
res://assets/bear-jug-pair-volume.png: Texture detected as used in 3D. Enabling mipmap generation and setting the texture compression mode to VRAM Compressed (S3TC/ETC/BPTC).
res://assets/cream-jug-volume.png: Texture detected as used in 3D. Enabling mipmap generation and setting the texture compression mode to VRAM Compressed (S3TC/ETC/BPTC).
res://assets/parrot-volume.png: Texture detected as used in 3D. Enabling mipmap generation and setting the texture compression mode to VRAM Compressed (S3TC/ETC/BPTC).
res://assets/fox-volume.png: Texture detected as used in 3D. Enabling mipmap generation and setting the texture compression mode to VRAM Compressed (S3TC/ETC/BPTC).
res://assets/parrot-pair-volume.png: Texture detected as used in 3D. Enabling mipmap generation and setting the texture compression mode to VRAM Compressed (S3TC/ETC/BPTC).
res://assets/agate-teapot-volume.png: Texture detected as used in 3D. Enabling mipmap generation and setting the texture compression mode to VRAM Compressed (S3TC/ETC/BPTC).
res://assets/shepherd-volume.png: Texture detected as used in 3D. Enabling mipmap generation and setting the texture compression mode to VRAM Compressed (S3TC/ETC/BPTC).
res://assets/candlestick-volume.png: Texture detected as used in 3D. Enabling mipmap generation and setting the texture compression mode to VRAM Compressed (S3TC/ETC/BPTC).
res://assets/cow-volume.png: Texture detected as used in 3D. Enabling mipmap generation and setting the texture compression mode to VRAM Compressed (S3TC/ETC/BPTC).
res://assets/candlestick-pair-volume.png: Texture detected as used in 3D. Enabling mipmap generation and setting the texture compression mode to VRAM Compressed (S3TC/ETC/BPTC).
res://assets/parrot-third-volume.png: Texture detected as used in 3D. Enabling mipmap generation and setting the texture compression mode to VRAM Compressed (S3TC/ETC/BPTC).
res://assets/recamier-volume.png: Texture detected as used in 3D. Enabling mipmap generation and setting the texture compression mode to VRAM Compressed (S3TC/ETC/BPTC).
res://assets/ewe-lamb-volume.png: Texture detected as used in 3D. Enabling mipmap generation and setting the texture compression mode to VRAM Compressed (S3TC/ETC/BPTC).
res://assets/sconce-left-volume.png: Texture detected as used in 3D. Enabling mipmap generation and setting the texture compression mode to VRAM Compressed (S3TC/ETC/BPTC).
res://assets/sconce-right-volume.png: Texture detected as used in 3D. Enabling mipmap generation and setting the texture compression mode to VRAM Compressed (S3TC/ETC/BPTC).
res://assets/writing-table-volume.png: Texture detected as used in 3D. Enabling mipmap generation and setting the texture compression mode to VRAM Compressed (S3TC/ETC/BPTC).
res://assets/gold-tureen-volume.png: Texture detected as used in 3D. Enabling mipmap generation and setting the texture compression mode to VRAM Compressed (S3TC/ETC/BPTC).
res://assets/gold-ecuelle-clean-volume.png: Texture detected as used in 3D. Enabling mipmap generation and setting the texture compression mode to VRAM Compressed (S3TC/ETC/BPTC).
res://assets/gold-basket-a-volume.png: Texture detected as used in 3D. Enabling mipmap generation and setting the texture compression mode to VRAM Compressed (S3TC/ETC/BPTC).
res://assets/gold-basket-b-volume.png: Texture detected as used in 3D. Enabling mipmap generation and setting the texture compression mode to VRAM Compressed (S3TC/ETC/BPTC).
res://assets/gold-square-a-volume.png: Texture detected as used in 3D. Enabling mipmap generation and setting the texture compression mode to VRAM Compressed (S3TC/ETC/BPTC).
res://assets/gold-square-b-volume.png: Texture detected as used in 3D. Enabling mipmap generation and setting the texture compression mode to VRAM Compressed (S3TC/ETC/BPTC).
res://assets/gold-plate-a-volume.png: Texture detected as used in 3D. Enabling mipmap generation and setting the texture compression mode to VRAM Compressed (S3TC/ETC/BPTC).
res://assets/gold-plate-b-volume.png: Texture detected as used in 3D. Enabling mipmap generation and setting the texture compression mode to VRAM Compressed (S3TC/ETC/BPTC).
res://assets/gold-saucer-a-volume.png: Texture detected as used in 3D. Enabling mipmap generation and setting the texture compression mode to VRAM Compressed (S3TC/ETC/BPTC).
res://assets/gold-saucer-b-volume.png: Texture detected as used in 3D. Enabling mipmap generation and setting the texture compression mode to VRAM Compressed (S3TC/ETC/BPTC).
res://assets/gold-cup-a-volume.png: Texture detected as used in 3D. Enabling mipmap generation and setting the texture compression mode to VRAM Compressed (S3TC/ETC/BPTC).
res://assets/gold-cup-b-volume.png: Texture detected as used in 3D. Enabling mipmap generation and setting the texture compression mode to VRAM Compressed (S3TC/ETC/BPTC).
res://assets/tureen-volume.png: Texture detected as used in 3D. Enabling mipmap generation and setting the texture compression mode to VRAM Compressed (S3TC/ETC/BPTC).
res://assets/pink-small-tureen-volume.png: Texture detected as used in 3D. Enabling mipmap generation and setting the texture compression mode to VRAM Compressed (S3TC/ETC/BPTC).
res://assets/pink-compote-volume.png: Texture detected as used in 3D. Enabling mipmap generation and setting the texture compression mode to VRAM Compressed (S3TC/ETC/BPTC).
res://assets/pink-bowl-a-volume.png: Texture detected as used in 3D. Enabling mipmap generation and setting the texture compression mode to VRAM Compressed (S3TC/ETC/BPTC).
res://assets/pink-bowl-b-volume.png: Texture detected as used in 3D. Enabling mipmap generation and setting the texture compression mode to VRAM Compressed (S3TC/ETC/BPTC).
res://assets/pink-dish-volume.png: Texture detected as used in 3D. Enabling mipmap generation and setting the texture compression mode to VRAM Compressed (S3TC/ETC/BPTC).
res://assets/pink-ladle-volume.png: Texture detected as used in 3D. Enabling mipmap generation and setting the texture compression mode to VRAM Compressed (S3TC/ETC/BPTC).
res://assets/secretary-volume.png: Texture detected as used in 3D. Enabling mipmap generation and setting the texture compression mode to VRAM Compressed (S3TC/ETC/BPTC).
res://assets/frame.png: Texture detected as used in 3D. Enabling mipmap generation and setting the texture compression mode to VRAM Compressed (S3TC/ETC/BPTC).
res://assets/painting-35.786.jpg: Texture detected as used in 3D. Enabling mipmap generation and setting the texture compression mode to VRAM Compressed (S3TC/ETC/BPTC).
res://assets/fetti-frame.png: Texture detected as used in 3D. Enabling mipmap generation and setting the texture compression mode to VRAM Compressed (S3TC/ETC/BPTC).
res://assets/painting-36.003.jpg: Texture detected as used in 3D. Enabling mipmap generation and setting the texture compression mode to VRAM Compressed (S3TC/ETC/BPTC).
res://assets/european-two-panel-door-0.png: Texture detected as used in 3D. Enabling mipmap generation and setting the texture compression mode to VRAM Compressed (S3TC/ETC/BPTC).
res://assets/european-two-panel-door-1.png: Texture detected as used in 3D. Enabling mipmap generation and setting the texture compression mode to VRAM Compressed (S3TC/ETC/BPTC).
res://assets/goltzius-frame.png: Texture detected as used in 3D. Enabling mipmap generation and setting the texture compression mode to VRAM Compressed (S3TC/ETC/BPTC).
res://assets/painting-61.006.jpg: Texture detected as used in 3D. Enabling mipmap generation and setting the texture compression mode to VRAM Compressed (S3TC/ETC/BPTC).
res://assets/perugino-frame.png: Texture detected as used in 3D. Enabling mipmap generation and setting the texture compression mode to VRAM Compressed (S3TC/ETC/BPTC).
res://assets/painting-16.236.jpg: Texture detected as used in 3D. Enabling mipmap generation and setting the texture compression mode to VRAM Compressed (S3TC/ETC/BPTC).
res://assets/romanesque-portal.png: Texture detected as used in 3D. Enabling mipmap generation and setting the texture compression mode to VRAM Compressed (S3TC/ETC/BPTC).
res://assets/tracery-arch.png: Texture detected as used in 3D. Enabling mipmap generation and setting the texture compression mode to VRAM Compressed (S3TC/ETC/BPTC).
res://assets/painting-20.207.jpg: Texture detected as used in 3D. Enabling mipmap generation and setting the texture compression mode to VRAM Compressed (S3TC/ETC/BPTC).
res://assets/painting-57.301.jpg: Texture detected as used in 3D. Enabling mipmap generation and setting the texture compression mode to VRAM Compressed (S3TC/ETC/BPTC).
res://assets/painting-22.047.jpg: Texture detected as used in 3D. Enabling mipmap generation and setting the texture compression mode to VRAM Compressed (S3TC/ETC/BPTC).
res://assets/magdalene-frame.png: Texture detected as used in 3D. Enabling mipmap generation and setting the texture compression mode to VRAM Compressed (S3TC/ETC/BPTC).
res://assets/painting-21.250.png: Texture detected as used in 3D. Enabling mipmap generation and setting the texture compression mode to VRAM Compressed (S3TC/ETC/BPTC).
res://assets/medieval-grille-metal.png: Texture detected as used in 3D. Enabling mipmap generation and setting the texture compression mode to VRAM Compressed (S3TC/ETC/BPTC).
res://assets/ionic-capital.png: Texture detected as used in 3D. Enabling mipmap generation and setting the texture compression mode to VRAM Compressed (S3TC/ETC/BPTC).
res://assets/courbet-frame.png: Texture detected as used in 3D. Enabling mipmap generation and setting the texture compression mode to VRAM Compressed (S3TC/ETC/BPTC).
res://assets/painting-43.571.jpg: Texture detected as used in 3D. Enabling mipmap generation and setting the texture compression mode to VRAM Compressed (S3TC/ETC/BPTC).
res://assets/corot-frame.png: Texture detected as used in 3D. Enabling mipmap generation and setting the texture compression mode to VRAM Compressed (S3TC/ETC/BPTC).
res://assets/painting-24.089.jpg: Texture detected as used in 3D. Enabling mipmap generation and setting the texture compression mode to VRAM Compressed (S3TC/ETC/BPTC).
res://assets/bertin-frame.png: Texture detected as used in 3D. Enabling mipmap generation and setting the texture compression mode to VRAM Compressed (S3TC/ETC/BPTC).
res://assets/painting-56.214.jpg: Texture detected as used in 3D. Enabling mipmap generation and setting the texture compression mode to VRAM Compressed (S3TC/ETC/BPTC).
res://assets/white-panel-door-0.png: Texture detected as used in 3D. Enabling mipmap generation and setting the texture compression mode to VRAM Compressed (S3TC/ETC/BPTC).
res://assets/white-panel-door-1.png: Texture detected as used in 3D. Enabling mipmap generation and setting the texture compression mode to VRAM Compressed (S3TC/ETC/BPTC).
res://assets/white-panel-door-2.png: Texture detected as used in 3D. Enabling mipmap generation and setting the texture compression mode to VRAM Compressed (S3TC/ETC/BPTC).
res://modules/shell/prototype/gallery_walk4/frames/W1.png: Texture detected as used in 3D. Enabling mipmap generation and setting the texture compression mode to VRAM Compressed (S3TC/ETC/BPTC).
res://modules/shell/prototype/gallery_walk4/canvas/W1.jpg: Texture detected as used in 3D. Enabling mipmap generation and setting the texture compression mode to VRAM Compressed (S3TC/ETC/BPTC).
res://modules/shell/prototype/gallery_walk4/frames/W2.png: Texture detected as used in 3D. Enabling mipmap generation and setting the texture compression mode to VRAM Compressed (S3TC/ETC/BPTC).
res://modules/shell/prototype/gallery_walk4/canvas/W2.jpg: Texture detected as used in 3D. Enabling mipmap generation and setting the texture compression mode to VRAM Compressed (S3TC/ETC/BPTC).
res://modules/shell/prototype/gallery_walk4/frames/W3.png: Texture detected as used in 3D. Enabling mipmap generation and setting the texture compression mode to VRAM Compressed (S3TC/ETC/BPTC).
res://modules/shell/prototype/gallery_walk4/canvas/W3.jpg: Texture detected as used in 3D. Enabling mipmap generation and setting the texture compression mode to VRAM Compressed (S3TC/ETC/BPTC).
res://modules/shell/prototype/gallery_walk4/frames/W4.png: Texture detected as used in 3D. Enabling mipmap generation and setting the texture compression mode to VRAM Compressed (S3TC/ETC/BPTC).
res://modules/shell/prototype/gallery_walk4/canvas/W4.jpg: Texture detected as used in 3D. Enabling mipmap generation and setting the texture compression mode to VRAM Compressed (S3TC/ETC/BPTC).
res://modules/shell/prototype/gallery_walk4/frames/W5.png: Texture detected as used in 3D. Enabling mipmap generation and setting the texture compression mode to VRAM Compressed (S3TC/ETC/BPTC).
res://modules/shell/prototype/gallery_walk4/canvas/W5.jpg: Texture detected as used in 3D. Enabling mipmap generation and setting the texture compression mode to VRAM Compressed (S3TC/ETC/BPTC).
res://modules/shell/prototype/gallery_walk4/frames/W6-shaped.png: Texture detected as used in 3D. Enabling mipmap generation and setting the texture compression mode to VRAM Compressed (S3TC/ETC/BPTC).
res://modules/shell/prototype/gallery_walk4/frames/W7.png: Texture detected as used in 3D. Enabling mipmap generation and setting the texture compression mode to VRAM Compressed (S3TC/ETC/BPTC).
res://modules/shell/prototype/gallery_walk4/canvas/W7.jpg: Texture detected as used in 3D. Enabling mipmap generation and setting the texture compression mode to VRAM Compressed (S3TC/ETC/BPTC).
res://modules/shell/prototype/gallery_walk4/frames/W8.png: Texture detected as used in 3D. Enabling mipmap generation and setting the texture compression mode to VRAM Compressed (S3TC/ETC/BPTC).
res://modules/shell/prototype/gallery_walk4/canvas/W8.jpg: Texture detected as used in 3D. Enabling mipmap generation and setting the texture compression mode to VRAM Compressed (S3TC/ETC/BPTC).
res://modules/shell/prototype/gallery_walk4/frames/W9.png: Texture detected as used in 3D. Enabling mipmap generation and setting the texture compression mode to VRAM Compressed (S3TC/ETC/BPTC).
res://modules/shell/prototype/gallery_walk4/canvas/W9.jpg: Texture detected as used in 3D. Enabling mipmap generation and setting the texture compression mode to VRAM Compressed (S3TC/ETC/BPTC).
res://modules/shell/prototype/gallery_walk4/frames/W10.png: Texture detected as used in 3D. Enabling mipmap generation and setting the texture compression mode to VRAM Compressed (S3TC/ETC/BPTC).
res://modules/shell/prototype/gallery_walk4/canvas/W10.jpg: Texture detected as used in 3D. Enabling mipmap generation and setting the texture compression mode to VRAM Compressed (S3TC/ETC/BPTC).
res://modules/shell/prototype/gallery_walk4/frames/E1.png: Texture detected as used in 3D. Enabling mipmap generation and setting the texture compression mode to VRAM Compressed (S3TC/ETC/BPTC).
res://modules/shell/prototype/gallery_walk4/canvas/E1.jpg: Texture detected as used in 3D. Enabling mipmap generation and setting the texture compression mode to VRAM Compressed (S3TC/ETC/BPTC).
res://modules/shell/prototype/gallery_walk4/frames/E2.png: Texture detected as used in 3D. Enabling mipmap generation and setting the texture compression mode to VRAM Compressed (S3TC/ETC/BPTC).
res://modules/shell/prototype/gallery_walk4/canvas/E2.jpg: Texture detected as used in 3D. Enabling mipmap generation and setting the texture compression mode to VRAM Compressed (S3TC/ETC/BPTC).
res://modules/shell/prototype/gallery_walk4/frames/E3.png: Texture detected as used in 3D. Enabling mipmap generation and setting the texture compression mode to VRAM Compressed (S3TC/ETC/BPTC).
res://modules/shell/prototype/gallery_walk4/canvas/E3.jpg: Texture detected as used in 3D. Enabling mipmap generation and setting the texture compression mode to VRAM Compressed (S3TC/ETC/BPTC).
res://modules/shell/prototype/gallery_walk4/frames/E4.png: Texture detected as used in 3D. Enabling mipmap generation and setting the texture compression mode to VRAM Compressed (S3TC/ETC/BPTC).
res://modules/shell/prototype/gallery_walk4/canvas/E4.jpg: Texture detected as used in 3D. Enabling mipmap generation and setting the texture compression mode to VRAM Compressed (S3TC/ETC/BPTC).
res://modules/shell/prototype/gallery_walk4/frames/E5.png: Texture detected as used in 3D. Enabling mipmap generation and setting the texture compression mode to VRAM Compressed (S3TC/ETC/BPTC).
res://modules/shell/prototype/gallery_walk4/canvas/E5.jpg: Texture detected as used in 3D. Enabling mipmap generation and setting the texture compression mode to VRAM Compressed (S3TC/ETC/BPTC).
res://modules/shell/prototype/gallery_walk4/frames/E6.png: Texture detected as used in 3D. Enabling mipmap generation and setting the texture compression mode to VRAM Compressed (S3TC/ETC/BPTC).
res://modules/shell/prototype/gallery_walk4/canvas/E6.jpg: Texture detected as used in 3D. Enabling mipmap generation and setting the texture compression mode to VRAM Compressed (S3TC/ETC/BPTC).
res://modules/shell/prototype/gallery_walk4/frames/E7.png: Texture detected as used in 3D. Enabling mipmap generation and setting the texture compression mode to VRAM Compressed (S3TC/ETC/BPTC).
res://modules/shell/prototype/gallery_walk4/canvas/E7.jpg: Texture detected as used in 3D. Enabling mipmap generation and setting the texture compression mode to VRAM Compressed (S3TC/ETC/BPTC).
res://modules/shell/prototype/gallery_walk4/frames/E8.png: Texture detected as used in 3D. Enabling mipmap generation and setting the texture compression mode to VRAM Compressed (S3TC/ETC/BPTC).
res://modules/shell/prototype/gallery_walk4/canvas/E8.jpg: Texture detected as used in 3D. Enabling mipmap generation and setting the texture compression mode to VRAM Compressed (S3TC/ETC/BPTC).
res://modules/shell/prototype/gallery_walk4/frames/E9.png: Texture detected as used in 3D. Enabling mipmap generation and setting the texture compression mode to VRAM Compressed (S3TC/ETC/BPTC).
res://modules/shell/prototype/gallery_walk4/canvas/E9.jpg: Texture detected as used in 3D. Enabling mipmap generation and setting the texture compression mode to VRAM Compressed (S3TC/ETC/BPTC).
res://modules/shell/prototype/gallery_walk4/frames/S1.png: Texture detected as used in 3D. Enabling mipmap generation and setting the texture compression mode to VRAM Compressed (S3TC/ETC/BPTC).
res://modules/shell/prototype/gallery_walk4/canvas/S1.jpg: Texture detected as used in 3D. Enabling mipmap generation and setting the texture compression mode to VRAM Compressed (S3TC/ETC/BPTC).
res://modules/shell/prototype/gallery_walk4/frames/S2.png: Texture detected as used in 3D. Enabling mipmap generation and setting the texture compression mode to VRAM Compressed (S3TC/ETC/BPTC).
res://modules/shell/prototype/gallery_walk4/canvas/S2.jpg: Texture detected as used in 3D. Enabling mipmap generation and setting the texture compression mode to VRAM Compressed (S3TC/ETC/BPTC).
res://modules/shell/prototype/gallery_walk4/frames/N1.png: Texture detected as used in 3D. Enabling mipmap generation and setting the texture compression mode to VRAM Compressed (S3TC/ETC/BPTC).
res://modules/shell/prototype/gallery_walk4/canvas/N1.jpg: Texture detected as used in 3D. Enabling mipmap generation and setting the texture compression mode to VRAM Compressed (S3TC/ETC/BPTC).
res://modules/shell/prototype/gallery_walk4/frames/N2.png: Texture detected as used in 3D. Enabling mipmap generation and setting the texture compression mode to VRAM Compressed (S3TC/ETC/BPTC).
res://modules/shell/prototype/gallery_walk4/canvas/N2.jpg: Texture detected as used in 3D. Enabling mipmap generation and setting the texture compression mode to VRAM Compressed (S3TC/ETC/BPTC).
res://presentation/oak-board-atlas-168-v3.webp: Texture detected as used in 3D. Enabling mipmap generation and setting the texture compression mode to VRAM Compressed (S3TC/ETC/BPTC).
