WARNING: Your video card drivers seem not to support the required OpenGL version, switching to OpenGLES.
     at: DisplayServerX11 (platform/linuxbsd/x11/display_server_x11.cpp:7201)
OpenGL API OpenGL ES 3.2 Mesa 25.2.8-0ubuntu0.24.04.2 - Compatibility - Using Device: Mesa - llvmpipe (LLVM 20.1.2, 256 bits)
ENTRY_COMPLETE (0.0, 0.0, -2.6)
WARNING: 2D MSAA is not yet supported for GLES3.
     at: render_target_set_msaa (drivers/gles3/storage/texture_storage.cpp:3210)
     GDScript backtrace (most recent call first):
         [0] _build_turn (res://modules/sketchbook/sketchbook_window.gd:188)
         [1] _ready (res://modules/sketchbook/sketchbook_window.gd:81)
         [2] _ready (res://modules/sketchbook/desktop.gd:105)
         [3] _create_tenant (res://modules/shell/shell.gd:172)
         [4] _on_tab_selected (res://modules/shell/shell.gd:117)
         [5] select_tab (res://modules/tab_strip/tab_strip.gd:556)
         [6] select_tab (res://modules/tab_strip/interface.gd:64)
         [7] select_tab (res://modules/shell/shell.gd:184)
         [8] select_tab (res://modules/shell/interface.gd:61)
         [9] _select (res://modules/shell/square_chrome.gd:139)
         [10] _input (res://modules/shell/crt_display.gd:98)
NAV_PICK floor
PASS: seven Tabs; all 20 real clicks; hover; hidden input; return
PASS: seven tabs, 5x4 geometry, 20 selections, truthful metadata, animated hover, freeze, return, pixels
evidence: /tmp/icon-172-viewer-regression
