Godot Engine v4.7.2.stable.official.ed1daf0bf - https://godotengine.org

[   0% ] [90m[1mfirst_scan_filesystem[22m | Started Project initialization (5 steps)[39m[0m
[   0% ] [90m[1mfirst_scan_filesystem[22m | Scanning file structure...[39m[0m
[  16% ] [90m[1mfirst_scan_filesystem[22m | Loading global class names...[39m[0m
[  33% ] [90m[1mfirst_scan_filesystem[22m | Verifying GDExtensions...[39m[0m
[  50% ] [90m[1mfirst_scan_filesystem[22m | Creating autoload scripts...[39m[0m
[  66% ] [90m[1mfirst_scan_filesystem[22m | Initializing plugins...[39m[0m
[  83% ] [90m[1mfirst_scan_filesystem[22m | Starting file scan...[39m[0m
[92m[ DONE ][39m [1mfirst_scan_filesystem[22m
[0m
[   0% ] [90m[1mupdate_scripts_classes[22m | Started Registering global classes... (8 steps)[39m[0m
[   0% ] [90m[1mupdate_scripts_classes[22m | [39m[0m
[  11% ] [90m[1mupdate_scripts_classes[22m | [39m[0m
[  22% ] [90m[1mupdate_scripts_classes[22m | [39m[0m
[  33% ] [90m[1mupdate_scripts_classes[22m | [39m[0m
[  44% ] [90m[1mupdate_scripts_classes[22m | [39m[0m
[  55% ] [90m[1mupdate_scripts_classes[22m | [39m[0m
[  66% ] [90m[1mupdate_scripts_classes[22m | [39m[0m
[  77% ] [90m[1mupdate_scripts_classes[22m | [39m[0m
[92m[ DONE ][39m [1mupdate_scripts_classes[22m
[0m
[   0% ] [90m[1m_update_scan_actions[22m | Started Scanning actions... (105 steps)[39m[0m
[   0% ] [90m[1m_update_scan_actions[22m | agate-teapot-volume.png[39m[0m
[   0% ] [90m[1m_update_scan_actions[22m | armchair-cloth.png[39m[0m
[   1% ] [90m[1m_update_scan_actions[22m | armchair-part-0.png[39m[0m
[   2% ] [90m[1m_update_scan_actions[22m | armchair-part-1.png[39m[0m
[   3% ] [90m[1m_update_scan_actions[22m | armchair-part-2.png[39m[0m
[   4% ] [90m[1m_update_scan_actions[22m | armchair.png[39m[0m
[   5% ] [90m[1m_update_scan_actions[22m | bagpiper-volume.png[39m[0m
[   6% ] [90m[1m_update_scan_actions[22m | baseboard.png[39m[0m
[   7% ] [90m[1m_update_scan_actions[22m | bear-jug-pair-volume.png[39m[0m
[   8% ] [90m[1m_update_scan_actions[22m | bear-jug-volume.png[39m[0m
[   9% ] [90m[1m_update_scan_actions[22m | bookcase.png[39m[0m
[  10% ] [90m[1m_update_scan_actions[22m | candlestick-pair-volume.png[39m[0m
[  11% ] [90m[1m_update_scan_actions[22m | candlestick-volume.png[39m[0m
[  12% ] [90m[1m_update_scan_actions[22m | corot-frame.png[39m[0m
[  13% ] [90m[1m_update_scan_actions[22m | courbet-frame.png[39m[0m
[  14% ] [90m[1m_update_scan_actions[22m | cow-volume.png[39m[0m
[  15% ] [90m[1m_update_scan_actions[22m | cream-jug-volume.png[39m[0m
[  16% ] [90m[1m_update_scan_actions[22m | door-architrave.png[39m[0m
[  16% ] [90m[1m_update_scan_actions[22m | edwards-frame.png[39m[0m
[  17% ] [90m[1m_update_scan_actions[22m | entrance-chair-cloth.png[39m[0m
[  18% ] [90m[1m_update_scan_actions[22m | entrance-chair-part-0.png[39m[0m
[  19% ] [90m[1m_update_scan_actions[22m | entrance-chair-part-1.png[39m[0m
[  20% ] [90m[1m_update_scan_actions[22m | entrance-chair-part-2.png[39m[0m
[  21% ] [90m[1m_update_scan_actions[22m | entrance-chair-part-3.png[39m[0m
[  22% ] [90m[1m_update_scan_actions[22m | entrance-chair-part-4.png[39m[0m
[  23% ] [90m[1m_update_scan_actions[22m | entrance-chair-part-5.png[39m[0m
[  24% ] [90m[1m_update_scan_actions[22m | entrance-chair.png[39m[0m
[  25% ] [90m[1m_update_scan_actions[22m | ewe-lamb-volume.png[39m[0m
[  26% ] [90m[1m_update_scan_actions[22m | fetti-frame.png[39m[0m
[  27% ] [90m[1m_update_scan_actions[22m | finch-pair-volume.png[39m[0m
[  28% ] [90m[1m_update_scan_actions[22m | finch-volume.png[39m[0m
[  29% ] [90m[1m_update_scan_actions[22m | flute-player-volume.png[39m[0m
[  30% ] [90m[1m_update_scan_actions[22m | fox-volume.png[39m[0m
[  31% ] [90m[1m_update_scan_actions[22m | frame.png[39m[0m
[  32% ] [90m[1m_update_scan_actions[22m | gold-basket-a-volume.png[39m[0m
[  33% ] [90m[1m_update_scan_actions[22m | gold-basket-b-volume.png[39m[0m
[  33% ] [90m[1m_update_scan_actions[22m | gold-cup-a-volume.png[39m[0m
[  34% ] [90m[1m_update_scan_actions[22m | gold-cup-b-volume.png[39m[0m
[  35% ] [90m[1m_update_scan_actions[22m | gold-ecuelle-clean-volume.png[39m[0m
[  36% ] [90m[1m_update_scan_actions[22m | gold-plate-a-volume.png[39m[0m
[  37% ] [90m[1m_update_scan_actions[22m | gold-plate-b-volume.png[39m[0m
[  38% ] [90m[1m_update_scan_actions[22m | gold-saucer-a-volume.png[39m[0m
[  39% ] [90m[1m_update_scan_actions[22m | gold-saucer-b-volume.png[39m[0m
[  40% ] [90m[1m_update_scan_actions[22m | gold-square-a-volume.png[39m[0m
[  41% ] [90m[1m_update_scan_actions[22m | gold-square-b-volume.png[39m[0m
[  42% ] [90m[1m_update_scan_actions[22m | gold-tureen-volume.png[39m[0m
[  43% ] [90m[1m_update_scan_actions[22m | goltzius-frame.png[39m[0m
[  44% ] [90m[1m_update_scan_actions[22m | horn-player-volume.png[39m[0m
[  45% ] [90m[1m_update_scan_actions[22m | hudibras-volume.png[39m[0m
[  46% ] [90m[1m_update_scan_actions[22m | ionic-capital.png[39m[0m
[  47% ] [90m[1m_update_scan_actions[22m | mirror.png[39m[0m
[  48% ] [90m[1m_update_scan_actions[22m | painting-24.089.jpg[39m[0m
[  49% ] [90m[1m_update_scan_actions[22m | painting-35.786.jpg[39m[0m
[  50% ] [90m[1m_update_scan_actions[22m | painting-36.003.jpg[39m[0m
[  50% ] [90m[1m_update_scan_actions[22m | painting-43.571.jpg[39m[0m
[  51% ] [90m[1m_update_scan_actions[22m | painting-58.197.jpg[39m[0m
[  52% ] [90m[1m_update_scan_actions[22m | painting-61.006.jpg[39m[0m
[  53% ] [90m[1m_update_scan_actions[22m | painting-2009.9.jpg[39m[0m
[  54% ] [90m[1m_update_scan_actions[22m | pair-mirror.png[39m[0m
[  55% ] [90m[1m_update_scan_actions[22m | parrot-pair-volume.png[39m[0m
[  56% ] [90m[1m_update_scan_actions[22m | parrot-third-volume.png[39m[0m
[  57% ] [90m[1m_update_scan_actions[22m | parrot-volume.png[39m[0m
[  58% ] [90m[1m_update_scan_actions[22m | pink-bowl-a-volume.png[39m[0m
[  59% ] [90m[1m_update_scan_actions[22m | pink-bowl-b-volume.png[39m[0m
[  60% ] [90m[1m_update_scan_actions[22m | pink-compote-volume.png[39m[0m
[  61% ] [90m[1m_update_scan_actions[22m | pink-dish-volume.png[39m[0m
[  62% ] [90m[1m_update_scan_actions[22m | pink-ladle-volume.png[39m[0m
[  63% ] [90m[1m_update_scan_actions[22m | pink-small-tureen-volume.png[39m[0m
[  64% ] [90m[1m_update_scan_actions[22m | recamier-volume.png[39m[0m
[  65% ] [90m[1m_update_scan_actions[22m | romanesque-portal.png[39m[0m
[  66% ] [90m[1m_update_scan_actions[22m | romany-frame.png[39m[0m
[  66% ] [90m[1m_update_scan_actions[22m | sconce-left-volume.png[39m[0m
[  67% ] [90m[1m_update_scan_actions[22m | sconce-right-volume.png[39m[0m
[  68% ] [90m[1m_update_scan_actions[22m | secretary-volume.png[39m[0m
[  69% ] [90m[1m_update_scan_actions[22m | settee-cloth.png[39m[0m
[  70% ] [90m[1m_update_scan_actions[22m | settee-part-0.png[39m[0m
[  71% ] [90m[1m_update_scan_actions[22m | settee-part-1.png[39m[0m
[  72% ] [90m[1m_update_scan_actions[22m | settee-part-2.png[39m[0m
[  73% ] [90m[1m_update_scan_actions[22m | settee-part-3.png[39m[0m
[  74% ] [90m[1m_update_scan_actions[22m | settee-part-4.png[39m[0m
[  75% ] [90m[1m_update_scan_actions[22m | settee.png[39m[0m
[  76% ] [90m[1m_update_scan_actions[22m | shepherd-volume.png[39m[0m
[  77% ] [90m[1m_update_scan_actions[22m | sofa-cloth.webp[39m[0m
[  78% ] [90m[1m_update_scan_actions[22m | st-george-volume.png[39m[0m
[  79% ] [90m[1m_update_scan_actions[22m | tracery-arch.png[39m[0m
[  80% ] [90m[1m_update_scan_actions[22m | tureen-volume.png[39m[0m
[  81% ] [90m[1m_update_scan_actions[22m | tureen.png[39m[0m
[  82% ] [90m[1m_update_scan_actions[22m | wallpaper-34.912.jpg[39m[0m
[  83% ] [90m[1m_update_scan_actions[22m | white-panel-door-0.png[39m[0m
[  83% ] [90m[1m_update_scan_actions[22m | white-panel-door-1.png[39m[0m
[  84% ] [90m[1m_update_scan_actions[22m | white-panel-door-2.png[39m[0m
[  85% ] [90m[1m_update_scan_actions[22m | writing-table-volume.png[39m[0m
[  86% ] [90m[1m_update_scan_actions[22m | character.glb[39m[0m
[  87% ] [90m[1m_update_scan_actions[22m | character_risd-163-eye-baked.png[39m[0m
[  88% ] [90m[1m_update_scan_actions[22m | character_risd-163-hair36-source-tinted.png[39m[0m
[  89% ] [90m[1m_update_scan_actions[22m | character_risd-163-mouth-baked.png[39m[0m
[  90% ] [90m[1m_update_scan_actions[22m | character_risd-163-shirt-baked.png[39m[0m
[  91% ] [90m[1m_update_scan_actions[22m | donor.glb[39m[0m
[  92% ] [90m[1m_update_scan_actions[22m | donor_rogue_texture.png[39m[0m
[  93% ] [90m[1m_update_scan_actions[22m | oak-board-atlas-168-v3.webp[39m[0m
[  94% ] [90m[1m_update_scan_actions[22m | page.png[39m[0m
[  95% ] [90m[1m_update_scan_actions[22m | purple-plaster.png[39m[0m
[  96% ] [90m[1m_update_scan_actions[22m | wall-muse.webp[39m[0m
[  97% ] [90m[1m_update_scan_actions[22m | wall-plaster.png[39m[0m
[  98% ] [90m[1m_update_scan_actions[22m | oak-muse.webp[39m[0m
[92m[ DONE ][39m [1m_update_scan_actions[22m
[0m
[   0% ] [90m[1mreimport[22m | Started (Re)Importing Assets (105 steps)[39m[0m
[   0% ] [90m[1mreimport[22m | Preparing files to reimport...[39m[0m
[   0% ] [90m[1mreimport[22m | Preparing files to reimport...[39m[0m
[   1% ] [90m[1mreimport[22m | Preparing files to reimport...[39m[0m
[   2% ] [90m[1mreimport[22m | Preparing files to reimport...[39m[0m
[   3% ] [90m[1mreimport[22m | Preparing files to reimport...[39m[0m
[   4% ] [90m[1mreimport[22m | Preparing files to reimport...[39m[0m
[   5% ] [90m[1mreimport[22m | Preparing files to reimport...[39m[0m
[   6% ] [90m[1mreimport[22m | Preparing files to reimport...[39m[0m
[   7% ] [90m[1mreimport[22m | Preparing files to reimport...[39m[0m
[   8% ] [90m[1mreimport[22m | Preparing files to reimport...[39m[0m
[   9% ] [90m[1mreimport[22m | Preparing files to reimport...[39m[0m
[  10% ] [90m[1mreimport[22m | Preparing files to reimport...[39m[0m
[  11% ] [90m[1mreimport[22m | Preparing files to reimport...[39m[0m
[  12% ] [90m[1mreimport[22m | Preparing files to reimport...[39m[0m
[  13% ] [90m[1mreimport[22m | Preparing files to reimport...[39m[0m
[  14% ] [90m[1mreimport[22m | Preparing files to reimport...[39m[0m
[  15% ] [90m[1mreimport[22m | Preparing files to reimport...[39m[0m
[  16% ] [90m[1mreimport[22m | Preparing files to reimport...[39m[0m
[  16% ] [90m[1mreimport[22m | Preparing files to reimport...[39m[0m
[  17% ] [90m[1mreimport[22m | Preparing files to reimport...[39m[0m
[  18% ] [90m[1mreimport[22m | Preparing files to reimport...[39m[0m
[  19% ] [90m[1mreimport[22m | Preparing files to reimport...[39m[0m
[  20% ] [90m[1mreimport[22m | Preparing files to reimport...[39m[0m
[  21% ] [90m[1mreimport[22m | Preparing files to reimport...[39m[0m
[  22% ] [90m[1mreimport[22m | Preparing files to reimport...[39m[0m
[  23% ] [90m[1mreimport[22m | Preparing files to reimport...[39m[0m
[  24% ] [90m[1mreimport[22m | Preparing files to reimport...[39m[0m
[  25% ] [90m[1mreimport[22m | Preparing files to reimport...[39m[0m
[  26% ] [90m[1mreimport[22m | Preparing files to reimport...[39m[0m
[  27% ] [90m[1mreimport[22m | Preparing files to reimport...[39m[0m
[  28% ] [90m[1mreimport[22m | Preparing files to reimport...[39m[0m
[  29% ] [90m[1mreimport[22m | Preparing files to reimport...[39m[0m
[  30% ] [90m[1mreimport[22m | Preparing files to reimport...[39m[0m
[  31% ] [90m[1mreimport[22m | Preparing files to reimport...[39m[0m
[  32% ] [90m[1mreimport[22m | Preparing files to reimport...[39m[0m
[  33% ] [90m[1mreimport[22m | Preparing files to reimport...[39m[0m
[  33% ] [90m[1mreimport[22m | Preparing files to reimport...[39m[0m
[  34% ] [90m[1mreimport[22m | Preparing files to reimport...[39m[0m
[  35% ] [90m[1mreimport[22m | Preparing files to reimport...[39m[0m
[  36% ] [90m[1mreimport[22m | Preparing files to reimport...[39m[0m
[  37% ] [90m[1mreimport[22m | Preparing files to reimport...[39m[0m
[  38% ] [90m[1mreimport[22m | Preparing files to reimport...[39m[0m
[  39% ] [90m[1mreimport[22m | Preparing files to reimport...[39m[0m
[  40% ] [90m[1mreimport[22m | Preparing files to reimport...[39m[0m
[  41% ] [90m[1mreimport[22m | Preparing files to reimport...[39m[0m
[  42% ] [90m[1mreimport[22m | Preparing files to reimport...[39m[0m
[  43% ] [90m[1mreimport[22m | Preparing files to reimport...[39m[0m
[  44% ] [90m[1mreimport[22m | Preparing files to reimport...[39m[0m
[  45% ] [90m[1mreimport[22m | Preparing files to reimport...[39m[0m
[  46% ] [90m[1mreimport[22m | Preparing files to reimport...[39m[0m
[  47% ] [90m[1mreimport[22m | Preparing files to reimport...[39m[0m
[  48% ] [90m[1mreimport[22m | Preparing files to reimport...[39m[0m
[  49% ] [90m[1mreimport[22m | Preparing files to reimport...[39m[0m
[  50% ] [90m[1mreimport[22m | Preparing files to reimport...[39m[0m
[  50% ] [90m[1mreimport[22m | Preparing files to reimport...[39m[0m
[  51% ] [90m[1mreimport[22m | Preparing files to reimport...[39m[0m
[  52% ] [90m[1mreimport[22m | Preparing files to reimport...[39m[0m
[  53% ] [90m[1mreimport[22m | Preparing files to reimport...[39m[0m
[  54% ] [90m[1mreimport[22m | Preparing files to reimport...[39m[0m
[  55% ] [90m[1mreimport[22m | Preparing files to reimport...[39m[0m
[  56% ] [90m[1mreimport[22m | Preparing files to reimport...[39m[0m
[  57% ] [90m[1mreimport[22m | Preparing files to reimport...[39m[0m
[  58% ] [90m[1mreimport[22m | Preparing files to reimport...[39m[0m
[  59% ] [90m[1mreimport[22m | Preparing files to reimport...[39m[0m
[  60% ] [90m[1mreimport[22m | Preparing files to reimport...[39m[0m
[  61% ] [90m[1mreimport[22m | Preparing files to reimport...[39m[0m
[  62% ] [90m[1mreimport[22m | Preparing files to reimport...[39m[0m
[  63% ] [90m[1mreimport[22m | Preparing files to reimport...[39m[0m
[  64% ] [90m[1mreimport[22m | Preparing files to reimport...[39m[0m
[  65% ] [90m[1mreimport[22m | Preparing files to reimport...[39m[0m
[  66% ] [90m[1mreimport[22m | Preparing files to reimport...[39m[0m
[  66% ] [90m[1mreimport[22m | Preparing files to reimport...[39m[0m
[  67% ] [90m[1mreimport[22m | Preparing files to reimport...[39m[0m
[  68% ] [90m[1mreimport[22m | Preparing files to reimport...[39m[0m
[  69% ] [90m[1mreimport[22m | Preparing files to reimport...[39m[0m
[  70% ] [90m[1mreimport[22m | Preparing files to reimport...[39m[0m
[  71% ] [90m[1mreimport[22m | Preparing files to reimport...[39m[0m
[  72% ] [90m[1mreimport[22m | Preparing files to reimport...[39m[0m
[  73% ] [90m[1mreimport[22m | Preparing files to reimport...[39m[0m
[  74% ] [90m[1mreimport[22m | Preparing files to reimport...[39m[0m
[  75% ] [90m[1mreimport[22m | Preparing files to reimport...[39m[0m
[  76% ] [90m[1mreimport[22m | Preparing files to reimport...[39m[0m
[  77% ] [90m[1mreimport[22m | Preparing files to reimport...[39m[0m
[  78% ] [90m[1mreimport[22m | Preparing files to reimport...[39m[0m
[  79% ] [90m[1mreimport[22m | Preparing files to reimport...[39m[0m
[  80% ] [90m[1mreimport[22m | Preparing files to reimport...[39m[0m
[  81% ] [90m[1mreimport[22m | Preparing files to reimport...[39m[0m
[  82% ] [90m[1mreimport[22m | Preparing files to reimport...[39m[0m
[  83% ] [90m[1mreimport[22m | Preparing files to reimport...[39m[0m
[  83% ] [90m[1mreimport[22m | Preparing files to reimport...[39m[0m
[  84% ] [90m[1mreimport[22m | Preparing files to reimport...[39m[0m
[  85% ] [90m[1mreimport[22m | Preparing files to reimport...[39m[0m
[  86% ] [90m[1mreimport[22m | Preparing files to reimport...[39m[0m
[  87% ] [90m[1mreimport[22m | Preparing files to reimport...[39m[0m
[  88% ] [90m[1mreimport[22m | Preparing files to reimport...[39m[0m
[  89% ] [90m[1mreimport[22m | Preparing files to reimport...[39m[0m
[  90% ] [90m[1mreimport[22m | Preparing files to reimport...[39m[0m
[  91% ] [90m[1mreimport[22m | Preparing files to reimport...[39m[0m
[  92% ] [90m[1mreimport[22m | Preparing files to reimport...[39m[0m
[  93% ] [90m[1mreimport[22m | Preparing files to reimport...[39m[0m
[  94% ] [90m[1mreimport[22m | Preparing files to reimport...[39m[0m
[  95% ] [90m[1mreimport[22m | Preparing files to reimport...[39m[0m
[  96% ] [90m[1mreimport[22m | Preparing files to reimport...[39m[0m
[  97% ] [90m[1mreimport[22m | Preparing files to reimport...[39m[0m
[  98% ] [90m[1mreimport[22m | Preparing files to reimport...[39m[0m
[   0% ] [90m[1mreimport[22m | Executing pre-reimport operations...[39m[0m
[   0% ] [90m[1mreimport[22m | settee-part-1.png[39m[0m
[   0% ] [90m[1mreimport[22m | settee-part-0.png[39m[0m
[   1% ] [90m[1mreimport[22m | settee-cloth.png[39m[0m
[   2% ] [90m[1mreimport[22m | secretary-volume.png[39m[0m
[   3% ] [90m[1mreimport[22m | sconce-right-volume.png[39m[0m
[   4% ] [90m[1mreimport[22m | sconce-left-volume.png[39m[0m
[   5% ] [90m[1mreimport[22m | romany-frame.png[39m[0m
[   6% ] [90m[1mreimport[22m | romanesque-portal.png[39m[0m
[   7% ] [90m[1mreimport[22m | recamier-volume.png[39m[0m
[   8% ] [90m[1mreimport[22m | pink-small-tureen-volume.png[39m[0m
[   9% ] [90m[1mreimport[22m | pink-ladle-volume.png[39m[0m
[  10% ] [90m[1mreimport[22m | pink-dish-volume.png[39m[0m
[  11% ] [90m[1mreimport[22m | pink-compote-volume.png[39m[0m
[  12% ] [90m[1mreimport[22m | pink-bowl-b-volume.png[39m[0m
[  13% ] [90m[1mreimport[22m | pink-bowl-a-volume.png[39m[0m
[  14% ] [90m[1mreimport[22m | parrot-volume.png[39m[0m
[  15% ] [90m[1mreimport[22m | parrot-third-volume.png[39m[0m
[  16% ] [90m[1mreimport[22m | parrot-pair-volume.png[39m[0m
[  16% ] [90m[1mreimport[22m | pair-mirror.png[39m[0m
[  17% ] [90m[1mreimport[22m | painting-2009.9.jpg[39m[0m
[  18% ] [90m[1mreimport[22m | painting-61.006.jpg[39m[0m
[  19% ] [90m[1mreimport[22m | painting-58.197.jpg[39m[0m
[  20% ] [90m[1mreimport[22m | painting-43.571.jpg[39m[0m
[  21% ] [90m[1mreimport[22m | painting-36.003.jpg[39m[0m
[  22% ] [90m[1mreimport[22m | painting-35.786.jpg[39m[0m
[  23% ] [90m[1mreimport[22m | oak-muse.webp[39m[0m
[  24% ] [90m[1mreimport[22m | wall-plaster.png[39m[0m
[  25% ] [90m[1mreimport[22m | wall-muse.webp[39m[0m
[  26% ] [90m[1mreimport[22m | purple-plaster.png[39m[0m
[  27% ] [90m[1mreimport[22m | page.png[39m[0m
[  28% ] [90m[1mreimport[22m | oak-board-atlas-168-v3.webp[39m[0m
[  29% ] [90m[1mreimport[22m | donor_rogue_texture.png[39m[0m
[  30% ] [90m[1mreimport[22m | character_risd-163-shirt-baked.png[39m[0m
[  31% ] [90m[1mreimport[22m | character_risd-163-mouth-baked.png[39m[0m
[  32% ] [90m[1mreimport[22m | character_risd-163-hair36-source-tinted.png[39m[0m
[  33% ] [90m[1mreimport[22m | character_risd-163-eye-baked.png[39m[0m
[  33% ] [90m[1mreimport[22m | writing-table-volume.png[39m[0m
[  34% ] [90m[1mreimport[22m | white-panel-door-2.png[39m[0m
[  35% ] [90m[1mreimport[22m | white-panel-door-1.png[39m[0m
[  36% ] [90m[1mreimport[22m | white-panel-door-0.png[39m[0m
[  37% ] [90m[1mreimport[22m | wallpaper-34.912.jpg[39m[0m
[  38% ] [90m[1mreimport[22m | tureen.png[39m[0m
[  39% ] [90m[1mreimport[22m | tureen-volume.png[39m[0m
[  40% ] [90m[1mreimport[22m | tracery-arch.png[39m[0m
[  41% ] [90m[1mreimport[22m | st-george-volume.png[39m[0m
[  42% ] [90m[1mreimport[22m | sofa-cloth.webp[39m[0m
[  43% ] [90m[1mreimport[22m | shepherd-volume.png[39m[0m
[  44% ] [90m[1mreimport[22m | settee.png[39m[0m
[  45% ] [90m[1mreimport[22m | settee-part-4.png[39m[0m
[  46% ] [90m[1mreimport[22m | settee-part-3.png[39m[0m
[  47% ] [90m[1mreimport[22m | settee-part-2.png[39m[0m
[  48% ] [90m[1mreimport[22m | entrance-chair-part-5.png[39m[0m
[  49% ] [90m[1mreimport[22m | entrance-chair-part-4.png[39m[0m
[  50% ] [90m[1mreimport[22m | entrance-chair-part-3.png[39m[0m
[  50% ] [90m[1mreimport[22m | entrance-chair-part-2.png[39m[0m
[  51% ] [90m[1mreimport[22m | entrance-chair-part-1.png[39m[0m
[  52% ] [90m[1mreimport[22m | entrance-chair-part-0.png[39m[0m
[  53% ] [90m[1mreimport[22m | entrance-chair-cloth.png[39m[0m
[  54% ] [90m[1mreimport[22m | edwards-frame.png[39m[0m
[  55% ] [90m[1mreimport[22m | door-architrave.png[39m[0m
[  56% ] [90m[1mreimport[22m | cream-jug-volume.png[39m[0m
[  57% ] [90m[1mreimport[22m | cow-volume.png[39m[0m
[  58% ] [90m[1mreimport[22m | courbet-frame.png[39m[0m
[  59% ] [90m[1mreimport[22m | corot-frame.png[39m[0m
[  60% ] [90m[1mreimport[22m | candlestick-volume.png[39m[0m
[  61% ] [90m[1mreimport[22m | candlestick-pair-volume.png[39m[0m
[  62% ] [90m[1mreimport[22m | bookcase.png[39m[0m
[  63% ] [90m[1mreimport[22m | bear-jug-volume.png[39m[0m
[  64% ] [90m[1mreimport[22m | bear-jug-pair-volume.png[39m[0m
[  65% ] [90m[1mreimport[22m | baseboard.png[39m[0m
[  66% ] [90m[1mreimport[22m | bagpiper-volume.png[39m[0m
[  66% ] [90m[1mreimport[22m | armchair.png[39m[0m
[  67% ] [90m[1mreimport[22m | armchair-part-2.png[39m[0m
[  68% ] [90m[1mreimport[22m | armchair-part-1.png[39m[0m
[  69% ] [90m[1mreimport[22m | armchair-part-0.png[39m[0m
[  70% ] [90m[1mreimport[22m | armchair-cloth.png[39m[0m
[  71% ] [90m[1mreimport[22m | agate-teapot-volume.png[39m[0m
[  72% ] [90m[1mreimport[22m | painting-24.089.jpg[39m[0m
[  73% ] [90m[1mreimport[22m | mirror.png[39m[0m
[  74% ] [90m[1mreimport[22m | ionic-capital.png[39m[0m
[  75% ] [90m[1mreimport[22m | hudibras-volume.png[39m[0m
[  76% ] [90m[1mreimport[22m | horn-player-volume.png[39m[0m
[  77% ] [90m[1mreimport[22m | goltzius-frame.png[39m[0m
[  78% ] [90m[1mreimport[22m | gold-tureen-volume.png[39m[0m
[  79% ] [90m[1mreimport[22m | gold-square-b-volume.png[39m[0m
[  80% ] [90m[1mreimport[22m | gold-square-a-volume.png[39m[0m
[  81% ] [90m[1mreimport[22m | gold-saucer-b-volume.png[39m[0m
[  82% ] [90m[1mreimport[22m | gold-saucer-a-volume.png[39m[0m
[  83% ] [90m[1mreimport[22m | gold-plate-b-volume.png[39m[0m
[  83% ] [90m[1mreimport[22m | gold-plate-a-volume.png[39m[0m
[  84% ] [90m[1mreimport[22m | gold-ecuelle-clean-volume.png[39m[0m
[  85% ] [90m[1mreimport[22m | gold-cup-b-volume.png[39m[0m
[  86% ] [90m[1mreimport[22m | gold-cup-a-volume.png[39m[0m
[  87% ] [90m[1mreimport[22m | gold-basket-b-volume.png[39m[0m
[  88% ] [90m[1mreimport[22m | gold-basket-a-volume.png[39m[0m
[  89% ] [90m[1mreimport[22m | frame.png[39m[0m
[  90% ] [90m[1mreimport[22m | fox-volume.png[39m[0m
[  91% ] [90m[1mreimport[22m | flute-player-volume.png[39m[0m
[  92% ] [90m[1mreimport[22m | finch-volume.png[39m[0m
[  93% ] [90m[1mreimport[22m | finch-pair-volume.png[39m[0m
[  94% ] [90m[1mreimport[22m | fetti-frame.png[39m[0m
[  95% ] [90m[1mreimport[22m | ewe-lamb-volume.png[39m[0m
[  96% ] [90m[1mreimport[22m | entrance-chair.png[39m[0m
[  97% ] [90m[1mreimport[22m | character.glb[39m[0m
[   0% ] [90m[1mimport[22m | Started Import Scene (104 steps)[39m[0m
[   0% ] [90m[1mimport[22m | Importing Scene...[39m[0m
[   1% ] [90m[1mimport[22m | Running Custom Script...[39m[0m
[  99% ] [90m[1mimport[22m | Saving...[39m[0m
[92m[ DONE ][39m [1mimport[22m
[0m
[  98% ] [90m[1mreimport[22m | donor.glb[39m[0m
[   0% ] [90m[1mimport[22m | Started Import Scene (104 steps)[39m[0m
[   0% ] [90m[1mimport[22m | Importing Scene...[39m[0m
[   1% ] [90m[1mimport[22m | Running Custom Script...[39m[0m
[  99% ] [90m[1mimport[22m | Saving...[39m[0m
[92m[ DONE ][39m [1mimport[22m
[0m
[  99% ] [90m[1mreimport[22m | Finalizing Asset Import...[39m[0m
[92m[ DONE ][39m [1mreimport[22m
[0m
[   0% ] [90m[1mreimport[22m | Started (Re)Importing Assets (105 steps)[39m[0m
[   0% ] [90m[1mreimport[22m | Executing post-reimport operations...[39m[0m
[92m[ DONE ][39m [1mreimport[22m
[0m
[   0% ] [90m[1mloading_editor_layout[22m | Started Loading editor (5 steps)[39m[0m
[   0% ] [90m[1mloading_editor_layout[22m | Loading editor layout...[39m[0m
[  16% ] [90m[1mloading_editor_layout[22m | Loading docks...[39m[0m
[92m[ DONE ][39m [1mloading_editor_layout[22m
[0m
