Godot Engine v4.7.2.stable.official.ed1daf0bf - https://godotengine.org

[   0% ] first_scan_filesystem | Started Project initialization (5 steps)
[   0% ] first_scan_filesystem | Scanning file structure...
[  16% ] first_scan_filesystem | Loading global class names...
[  33% ] first_scan_filesystem | Verifying GDExtensions...
[  50% ] first_scan_filesystem | Creating autoload scripts...
[  66% ] first_scan_filesystem | Initializing plugins...
[  83% ] first_scan_filesystem | Starting file scan...
[ DONE ] first_scan_filesystem

[   0% ] _update_scan_actions | Started Scanning actions... (4 steps)
[   0% ] _update_scan_actions | phase-0.png
[  20% ] _update_scan_actions | phase-1.png
[  40% ] _update_scan_actions | phase-2.png
[  60% ] _update_scan_actions | index.png
[ DONE ] _update_scan_actions

[   0% ] reimport | Started (Re)Importing Assets (1 steps)
[   0% ] reimport | Preparing files to reimport...
[   0% ] reimport | Executing pre-reimport operations...
[   0% ] reimport | phase-0.png
[  50% ] reimport | Finalizing Asset Import...
[ DONE ] reimport

[   0% ] reimport | Started (Re)Importing Assets (1 steps)
[   0% ] reimport | Executing post-reimport operations...
[ DONE ] reimport

[   0% ] savepack | Started Packing (102 steps)
[   1% ] savepack | Storing File: res://geometry.json
[  17% ] savepack | Storing File: res://doorway_walk.gdc
[  33% ] savepack | Storing File: res://.godot/exported/133200997/export-b4cde96938b070a9341cb79c22474886-doorway_walk.scn
[  50% ] savepack | Storing File: res://provenance.json
[  66% ] savepack | Storing File: res://.godot/imported/visitor_identity.glb-fd7e95155f3c7da9163a92beee226602.scn
[  66% ] savepack | Storing File: res://modules/shell/prototype/gallery_walk4/identity/visitor_identity.glb.import
[  82% ] savepack | Storing File: res://modules/shell/prototype/gallery_walk4/rig/visitor.gdc
[  82% ] savepack | Storing File: res://doorway_walk.gd.remap
[  82% ] savepack | Storing File: res://doorway_walk.tscn.remap
[  82% ] savepack | Storing File: res://modules/shell/prototype/gallery_walk4/rig/visitor.gd.remap
[  82% ] savepack | Storing File: res://.godot/global_script_class_cache.cfg
[  82% ] savepack | Storing File: res://.godot/uid_cache.bin
[  82% ] savepack | Storing File: res://project.binary
[ DONE ] savepack
