[2026-09-30 23:31:20] INFO: Fetched (200) <GET https://risdmuseum.org/api/v1/collection?search_api_fulltext=Colosseum&items_per_page=25&page=0> (referer: https://www.google.com/)
1322166 60.106X The Colosseum William Congdon
1539351 56.094 The Colosseum Giovanni Paolo Pannini
1589621 58.172.11C Micromosaic: View of the Colosseum, Rome Unknown Maker, Italian
1643846 2022.101.111 287 Il Colosseo James Anderson
1423886 84.198.489 The Colosseum Emil Weddige
[2026-09-30 23:31:21] INFO: Fetched (200) <GET https://risdmuseum.org/api/v1/collection?search_api_fulltext=Waterfall&items_per_page=25&page=0> (referer: https://www.google.com/)
1591186 2000.83 Preliminary drawings for tanzaku prints Utagawa Hiroshige 歌川広重
1224626 71.086.19 Unidentified Waterfall J. P. Sébah
1460496 56.039.10 Kikujido by a Waterfall Yanagawa Shigenobu 柳川重信
1535191 48.453 Mountain Landscape with River Jacob van Ruisdael
1538826 38.054 Genesee Scenery (Mountain Landscape with Waterfall) Thomas Cole
1592926 73.204.21 Landscape with a Waterfall Thomas Gainsborough
1594546 74.102 Figures Near a Waterfall - Illustration to Bocaccio&#039;sDecameron Thomas Stothard
1195926 50.247 A Waterfall at Lu Shan Cai Chonghuan
1242306 46.465.105 Plate from Nouveaux Livre de Cabinets de Jardins different ornée de Cascades (New Book of Garden Alcoves Decorated with Waterfalls) Daniel Marot
1248441 20.1216 Kirifuri falls at Mount Kurokami, Shimotsuke Province (Shimotsuke kurokamiyama kirifuri no taki) Katsushika Hokusai 葛飾北斎
1293341 46.465.103 Plate from Nouveaux Livre de Cabinets de Jardins different ornée de Cascades (New Book of Garden Alcoves Decorated with Waterfalls) Daniel Marot
1295466 2012.133.7.5 Mysterious Waterfall Pat Steir
1339316 72.171.11 Gungarapetta, Waterfall near Vatlagunta, Madras William Daniell
1343566 2005.142.76 Landscape with a Waterfall John Constable
1372006 83.217.18 View of Part of the Waterfall at Wawtenlath, called the Churn, Cumberland Joseph Halfpenny
1372531 84.198.1274 Untitled (Waterfall) J. Socrati
1379951 20.1218 The Waterfall where Yoshitsune washed his horse at Yoshino, Yamato Province (Washu yoshino yoshitsune uma arai no taki) Katsushika Hokusai 葛飾北斎
1385801 35.226 Catskill Mountains with Waterfall Plate Enoch Wood and Sons
1406336 77.055.13 Brian in Waterfall Douglas Prince
1422931 46.465.104 Plate from Nouveaux Livre de Cabinets de Jardins different ornée de Cascades (New Book of Garden Alcoves Decorated with Waterfalls) Daniel Marot
1423406 28.021.32 Landscape with Waterfall Giacomo Antonio Mannini
1424231 46.465.107 Plate from Nouveaux Livre de Cabinets de Jardins different ornée de Cascades (New Book of Garden Alcoves Decorated with Waterfalls) Daniel Marot
1425166 78.022 Figures by a Waterfall George Baxter
1436421 83.218.101 wallpaper sketch Janet Waterfall, Inc.
1439456 82.064.2 Mountain Landscape with Waterfall in Front of Lake Unknown Maker, American
[2026-09-30 23:31:22] INFO: Fetched (200) <GET https://risdmuseum.org/api/v1/collection?search_api_fulltext=Waterfall&items_per_page=25&page=1> (referer: https://www.google.com/)
1446306 20.1223 Aoigaoka Falls in the eastern capital (Toto aoigaoka no taki) Katsushika Hokusai 葛飾北斎
1457371 46.465.106 Plate from Nouveaux Livre de Cabinets de Jardins different ornée de Cascades (New Book of Garden Alcoves Decorated with Waterfalls) Daniel Marot
1474211 46.465.102 Plate 1 from Nouveaux Livre de Cabinets de Jardins different ornée de Cascades (New Book of Garden Alcoves Decorated with Waterfalls) Daniel Marot
1478326 2020.46.23 Yoshitsune’s Horse-washing Falls at Yoshino in Yamato Province (Washū Yoshino Yoshitsune uma arai no taki) Katsushika Hokusai 葛飾北斎
1495701 20.1219 Yōrō Falls, Mino Province (Mino no kuni Yōrō no taki) Katsushika Hokusai 葛飾北斎
1518651 49.152 Landscape with Waterfall and Figures Francesco Zuccarelli
1518981 82.064.3 Mountain Landscape with Waterfall in Back of Lake Unknown Maker, American
1529416 2019.97.1 Hokusai&#039;s Waterfall (Hokusai no taki) Paul Binnie
1542366 20.1222 Ono Falls on the Kisokaidō (木曾海道小野ノ瀑布 Kisokaidō Ono no bakufu) Katsushika Hokusai 葛飾北斎
1542371 20.1217 Kannon Temple at Kiyo Falls, Sakanoshita on the Tokaido (Tokaido sakanoshita kiyotaki kannon) Katsushika Hokusai 葛飾北斎
1565401 34.294 Falcon and waterfall (Taki to taka) Nishimura Shigenaga  西村重長
1565676 34.365 Parrot on Pine Branch Utagawa Hiroshige 歌川広重
1587571 20.1220 Rōben Falls at Mount Ōyama, Sagami Province (相州大山ろうべんの滝 Sōshū Ōyama Rōben no taki) Katsushika Hokusai 葛飾北斎
1587576 20.1221 The Amida Falls on the Kiso road ( 木曾路ノ奥阿弥陀ヶ瀧 Kisoji no oku amida ga taki) Katsushika Hokusai 葛飾北斎
1593661 70.118.33 Waterfall, Albania Edward Lear
1640731 13.382 Carved panel of Carp Ascending Waterfall Unknown Maker, Japanese
1208116 1994.113.203 Waterfall Near Vossevangen, Norway Keystone View Company
1227631 69.169.1 Landscape with Waterfall Richard Cooper II
1307256 1994.113.110 Lauterbrunnen Valley and Waterfall, Switzerland Keystone View Company
1374386 20.758.6 Forest Landscape with Waterfalls Christian Ludwig von Hagedorn
1379041 2016.80.51 The Waterfall Joseph Halfpenny
1579091 1993.084.19.9 Waterfall, Marion Lake Howard Bond
1579946 2010.99.5 Untitled (Waterfall and Waves) Don Ed Hardy
[2026-09-30 23:31:23] INFO: Fetched (200) <GET https://risdmuseum.org/api/v1/collection?search_api_fulltext=Castle&items_per_page=25&page=0> (referer: https://www.google.com/)
1597866 04.197 Teapot Simon Harris
1597941 35.195 Cape Coast Castle Platter Enoch Wood and Sons
1205276 35.109 Castle Garden and Battery, New York Cup Plate Enoch Wood and Sons
1247456 75.030 Edinburgh Castle from Greyfriars Robert Adamson
1322736 60.084.71 Design for an Interior (Setting) Robert Evans Locher
1444156 76.173.7 Victoria Sackville-West, Sissinghurst Castle, Kent Inge Morath
1552636 69.154.7 Rochester Castle John Sell Cotman
1554041 72.171.7 Conway Castle Edward Dayes
1568821 2010.82.32 Untitled (man standing by wall at castle/abbey ruins) Unknown Maker
1594641 82.196.46 Stirling Castle Thomas Sunderland
1181676 1998.72.10C The fall of Takadachi Castle Utagawa Kunisada 歌川国貞 (Toyokuni III)
1181681 1998.72.10A The fall of Takadachi Castle Utagawa Kunisada 歌川国貞 (Toyokuni III)
1191071 69.154.9 A Castle in the Pyrenees James Dickson Innes
1191861 1986.184.13 Distant View of the Remains of Castle Acre Castle, Norfolk John Sell Cotman
1194791 29.287a-b Coffeepot Unknown Maker, English
1208686 84.054.12 Hawthornden and Drummond Castle James Valentine
1221606 35.235 Landing of General LaFayette at Castle Garden, New York Plate James and Ralph Clews
1229166 13.2336 Takiyasha Summons a Skeleton to confront Mitsukuni in the Sōma Castle Utagawa Kuniyoshi 歌川国芳
1229951 82.303.14 Castle Rock, Colorado Garry Winogrand
1238301 80.172.8 Plate Enoch Wood and Sons
1241971 73.204.9 Dryslwyn Castle from the Towy, Carmarthenshire David Cox the Elder
1254806 35.217 Landing of General Lafayette at Castle Garden, New York Cup Plate James and Ralph Clews
1261561 29.241a-b Teapot John Hall &amp; Sons
1262071 2001.82.7 On the Grounds of a Castle, Poland Denny Moers
1288086 35.230 Landing of General LaFayette at Castle Garden, New York Plate James and Ralph Clews
[2026-09-30 23:31:24] INFO: Fetched (200) <GET https://risdmuseum.org/api/v1/collection?search_api_fulltext=Castle&items_per_page=25&page=1> (referer: https://www.google.com/)
1296736 43.400.127 Portrait of Peter Snayers Andries Jacobsz. Stock
1303456 35.205 Landing of General LaFayette at Castle Garden, New York Soup Plate James and Ralph Clews
1304116 35.214 Landing of General LaFayette at Castle Garden, New York Plate James and Ralph Clews
1306266 38.067 Yachting Race in New York Harbor with Naval Salute at Castle William on Governor&#039;s Island James Edward Buttersworth
1306606 73.204.1 Calshot Castle Thomas Shotter Boys
1306836 35.001 A Castle in Lorne David Young Cameron
1322431 13.837 Windsor Castle Sanford Robinson Gifford
1323386 84.054.29 Kenilworth Castle Francis Bedford
1327406 81.187 River and Rocks Roelant Roghman
1333161 50.132 textile Unknown Maker, French
1336721 35.037 Taymouth Castle, Perthshire Enoch Wood and Sons
1339476 70.118.41 Rochester Castle Michael Rooker
1346726 1998.72.10B The fall of Takadachi Castle Utagawa Kunisada 歌川国貞 (Toyokuni III)
1353006 35.045 Windsor Castle Soup Plate James and Ralph Clews
1353616 38.192 Thornton Castle, Staffordshire Plate Enoch Wood and Sons
1354436 1989.045.12.110 Teaspoon Unknown Maker, American
1369126 35.201 Landing of General LaFayette at Castle Garden, New York Platter James and Ralph Clews
1369801 35.231 Landing of General LaFayette at Castle Garden, New York Plate James and Ralph Clews
1372556 71.043.23 The Breakfast Room, Belle Grove Plantation, White Castle, Louisiana Walker Evans
1372701 84.054.8 Warwick Castle from the Avon Francis Bedford
1373466 71.153.28X Windsor Castle and Town from the South Samuel Alken
1408671 71.019 Windsor Castle from the Lower Court on the Fifth of November Paul Sandby
1411551 52.204 Castle Unknown Maker, Flemish
1421421 54.111 Castle at Tenby, Wales William Trost Richards
1421816 29.093 Stirling Castle William Collingwood
[2026-09-30 23:31:25] INFO: Fetched (200) <GET https://risdmuseum.org/api/v1/collection?search_api_fulltext=Castle&items_per_page=25&page=2> (referer: https://www.google.com/)
1422126 1986.184.53 Mont Orgueil Castle John Thomas Serres
1435601 35.082 Castle Garden, New York City Plate Job &amp; John Jackson
1438301 69.154.43 Okehampton Castle, Devon Thomas Girtin
1461546 43.400.35 Portrait of Paulus van Halmale Pieter de Jode II
1469316 35.111 Castle Garden and Battery, New York Cup Plate Enoch Wood and Sons
1471981 69.154.16 Okehampton Castle, Devon Thomas Rowlandson
1474046 71.024.9 Castle or Fort Eduardo Vilches
1495751 2004.61 Potatoe Famine #8 (Hill and Castle) Italo Scanga
1502331 38.178 Maxstoke Castle, Warwickshire Plate W. Adams
1504561 1992.001.39 Castle of Gondolfo and Lake Albano Jasper Francis Cropsey
1505121 84.198.934 Harlech Castle David Cox the Elder
1510826 45.113.10 Portrait of Adriaen Brouwer Schelte Adams Bolswert
1518741 82.196.37 The Carse of Gowrie, with Elcho Castle, Perthshire Thomas Sunderland
1522021 29.286a-b Teapot John Hall &amp; Sons
1533781 35.242 Landing of General LaFayette at Castle Garden, New York Plate James and Ralph Clews
1542266 71.153.28 Windsor Castle and Town from the South Richard Cooper II
1566841 35.026 Dunstanborough Castle Peter De Wint
1590111 74.107.4 Hurst Castle from Norton George Barret the Younger
1591361 2005.120.4 Caernarvon Castle Philip Vandyke Browne
1592081 75.116.18 St. George&#039;s Chapel, Windsor Castle William Crotch
1592976 2016.80.45 Chepstow Castle and the River Wye John Gendall
1593001 72.171.21 Kidwelly Castle Thomas Girtin
1593856 74.107.45 Sudeley Castle, Glocestershire William Marlow
1594021 70.118.35 A Hilltown with a Church and Ruined Castle in Asia Minor (Turkey) Sir Joseph Paxton
1594031 2005.142.97 Haymaking, A Castle in Distance Thomas Pennethorne
[2026-09-30 23:31:25] INFO: Fetched (200) <GET https://risdmuseum.org/api/v1/collection?search_api_fulltext=Castle&items_per_page=25&page=3> (referer: https://www.google.com/)
1594041 73.204.36 Llanberis Lake with Dolbadarn Castle Nicholas Pocock
1594171 71.153.17 Prudhoe Castle from Corbridge Thomas Miles Richardson II
1594246 73.204.41 Reception at a Castle Thomas Rowlandson
1594381 70.118.46 Carisbrooke Castle, Isle of Wight Paul Sandby
1594401 70.118.47 View of Windsor Castle from Mr. Buckworth&#039;s Snow Hill Paul Sandby
1594471 82.196.33 Caldecote Castle John Warwick Smith
1594506 71.153.42 Castle on the Edge of a Lake Jonathan Skelton
1594851 84.198.956 Tamworth Castle Richard Thomas Underwood
1594976 1993.085.21 Tantallon Castle Unknown Maker, British
1594996 75.116.54 Rhuddlan Castle, Flintshire, Wales John Varley
1595061 1986.184.65 The Castle Square, Warsaw, with Sigismund III&#039;s Column Alfred Gomersal Vickers
1595121 69.154.37 Sterling Castle Hugh William &quot;Grecian&quot; Williams
1192726 71.037.22 Hadleigh Castle, Mouth of the Thames, Morning David Lucas
1194596 52.044.10 Greene&#039;s Stone Castle, Warwick, R. I. Endicott &amp; Co. Lithographers
1210071 67.022 The Escape from Argyle Castle (Les Pendues) Richard Parkes Bonington
1241206 1992.065.25 Keef (?) and South Gallery, Durham Castle 7121 Unknown Maker, British
1247116 2016.80.79 Lover&#039;s Walk, Castle Douglas James Paterson
1258286 1994.113.309 Proud Rock Castle on the Rhine Keystone View Company
1258781 76.092 St. Quintins Castle near Cowbridge in Glamborgan Shire Paul Sandby
1259076 09.748.12 Castle Howard Samuel Rawle
1259786 71.163 Glanworth Castle, County Cork, Ireland Job Nixon
1273961 1994.113.106 Monaco - a View of the Prince&#039;s Castle Keystone View Company
1281376 13.2336A Apparition of the large skeleton summoned by Takiyasha, daughter of Taira no Masakado in his haunted Soma Castle in front of Otake Taro Mitsukuni and his retainer Utagawa Kuniyoshi 歌川国芳
1307251 1994.113.86 The Mouse Tower and Ehrenfels Castle on the Rhine, Germany Keystone View Company
1307566 79.158.4 Lear and His Men Leaving Goneril&#039;s Castle Oskar Kokoschka
[2026-09-30 23:31:26] INFO: Fetched (200) <GET https://risdmuseum.org/api/v1/collection?search_api_fulltext=Castle&items_per_page=25&page=4> (referer: https://www.google.com/)
1323436 1994.113.75 Scotland and the Wallace Monument from Stirling Castle, Scotland Keystone View Company
1324546 71.122 Dolbadern Castle N. Wales John Sell Cotman
1339941 1994.113.74 Stirling Castle, Stirling, Scotland Keystone View Company
1346826 13.2336B Apparition of the large skeleton summoned by Takiyasha, daughter of Taira no Masakado in his haunted Soma Castle in front of Otake Taro Mitsukuni and his retainer Utagawa Kuniyoshi 歌川国芳
1375851 78.064 Old England&#039;s Pride George James Howard, Earl of Carlisle
1408816 49.139 Landscape with Castle Augustin Hirschvogel
1429426 13.2336C Apparition of the large skeleton summoned by Takiyasha, daughter of Taira no Masakado in his haunted Soma Castle in front of Otake Taro Mitsukuni and his retainer Utagawa Kuniyoshi 歌川国芳
1438896 80.022 Castle Street Dogs Leonard Baskin
1439451 1994.113.71 Conway Castle, a Strong Medieval Fortress, Conway, Wales Keystone View Company
1441186 1986.225.5 Chateau de Bothwell Richard Parkes Bonington
1443136 84.198.1158.114 Title-plate to a series of prints after Paulus Potter Ignace Joseph de Claussin
1456106 1994.113.310 Historic Carlstein Castle Near Prague, Bohemia Keystone View Company
1508141 71.134 Raglan Castle, Monmouthshire John Sell Cotman
1510896 45.097 Building Castles in the Air. (Un Château En Espagne) Honoré Daumier
1511766 1998.72.10 The fall of Takadachi Castle (Takadachi rakujo no zu) Utagawa Kunisada 歌川国貞 (Toyokuni III)
1519841 71.128 Castle Moyle David Young Cameron
1555476 1992.065.22 Durham Castle (4359) James Valentine
1555481 1992.065.10 Banqueting Hall, Kenilworth Castle (3585) James Valentine
1591151 85.197.14A The tea ceremony and flower arranging (Chanoyu kiribana) Toyohara Chikanobu 豊原周延
1591156 85.197.14B The tea ceremony and flower arranging (Chanoyu kiribana) Toyohara Chikanobu 豊原周延
1591161 85.197.14C The tea ceremony and flower arranging (Chanoyu kiribana) Toyohara Chikanobu 豊原周延
1591896 2016.80.22 A Ruined Castle By a Lake George Cattermole
[2026-09-30 23:31:27] INFO: Fetched (200) <GET https://risdmuseum.org/api/v1/collection?search_api_fulltext=Coach&items_per_page=25&page=0> (referer: https://www.google.com/)
1211801 2009.118.2 object Coach
1328476 2009.118.1 Cashin Carry for Coach Coach
1242366 46.465.173 Plate from Portes Cochères et d&#039;Églises (Designs for Coach Gates and Church Doors) Daniel Marot
1280341 2005.107.10 Coach in Locker Room Dana Simmons
1323411 46.465.175 Plate from Portes Cochères et d&#039;Églises (Designs for Coach Gates and Church Doors) Daniel Marot
1357166 46.465.172 Plate 1 from Portes Cochères et d&#039;Églises (Designs for Coach Gates and Church Doors) Daniel Marot
1392056 46.465.174 Plate from Portes Cochères et d&#039;Églises (Designs for Coach Gates and Church Doors) Daniel Marot
1395996 46.465.177 Plate from Portes Cochères et d&#039;Églises (Designs for Coach Gates and Church Doors) Daniel Marot
1509996 2014.104.4.1 Fifth Avenue Coach Company Berenice Abbott
1520236 46.465.176 Plate from Portes Cochères et d&#039;Églises (Designs for Coach Gates and Church Doors) Daniel Marot
1596376 71.123 Gentleman in a Coach Presenting a Pass to a Guard Henri de Montaut
1473876 13.1316 Coaching Sir William Nicholson
