[2026-09-30 23:47:33] INFO: Fetched (200) <GET https://risdmuseum.org/api/v1/collection?search_api_fulltext=Dughet&items_per_page=25&page=0> (referer: https://www.google.com/)
[2026-09-30 23:47:34] INFO: Fetched (200) <GET https://risdmuseum.org/api/v1/collection?search_api_fulltext=Tivoli&items_per_page=25&page=0> (referer: https://www.google.com/)
1195486 84.198.876.15 The Falls of Tivoli George Loring Brown
1196501 1986.167.4 Veduta degli avanzi del Castro Pretorio nella Villa Adriana a Tivoli (View of the remains of the Praetorian Fort, Hadrian&#039;s Villa, Tivoli) Giovanni Battista Piranesi
1262671 2012.83.3 Tivoli, Tempio di Vesta Giorgio Sommer
1274821 1986.184.37 Tivoli William Marlow
1296426 56.214 Tivoli Jean-Victor Bertin
1327731 2005.142.77 Near Tivoli Richard Cooper II
1345611 52.314 View of Tivoli Unknown Maker, Flemish
1360046 82.027.7 Temples of the Sibyl and of Vesta at Tivoli Albert Christoph Dies
1373696 09.874 Veduta Principale delle Grandi e Piccole Cascatelle di Tivoli, e loro Adciacenze Wilhelm Friedrich Gmelin
1389036 95.003 Tivoli, Italy George Inness
1422171 21.478 Tivoli from the Villa d&#039;Este Muirhead Bone
1493166 69.154.12 The Villa of Maecenas at Tivoli John Warwick Smith
1520926 82.027.3 In Villa Mecenate a Tivoli Johann Christian Reinhart
1538631 1998.35 View of a Roman Aqueduct, near Tivoli Louis-Jules-Frédéric Villeneuve
1639651 2024.17.1 Title Page (Plate 1) Johanna Sibylla Küssell
1639656 2024.17.2 View of the Ancient Roman Fountain at the Villa d’Este in Tivoli (Prospettina di Fontane della Roma Antica alla Vigna d’Este a Tivoli) (Plate 2) Johanna Sibylla Küssell
1639661 2024.17.3 View of the Grand Fountain at the Villa d’Este (Veduta de la gran Fontana alla Vigna d’Este) (Plate 3) Johanna Sibylla Küssell
1639666 2024.17.4 Another View of the Villa d’Este (Altra Veduta della Vigna d’Este) (Plate 4) Johanna Sibylla Küssell
1639671 2024.17.5 View of the Grand Fountain at the Villa d’Este (Veduta de la gran Fontana alla Vigna d’Este) Johanna Sibylla Küssell
1639676 2024.17.6 View of the Grand Fountain at the Villa d’Este (Veduta de la gran Fontana alla Vigna d’Este) Johanna Sibylla Küssell
1190431 50.374.9 VESTIGI DELLE ANTICHITA DI ROMA, TIVOLI, POZZVOLO ET ALTRI LVOCHI Egidius Sadeler II
1190631 50.374.48 VESTIGI DELLE ANTICHITA DI ROMA, TIVOLI, POZZVOLO ET ALTRI LVOCHI Egidius Sadeler II
1207146 50.374.12 VESTIGI DELLE ANTICHITA DI ROMA, TIVOLI, POZZVOLO ET ALTRI LVOCHI Egidius Sadeler II
1207181 50.374.28 VESTIGI DELLE ANTICHITA DI ROMA, TIVOLI, POZZVOLO ET ALTRI LVOCHI Egidius Sadeler II
1207256 50.374.38 VESTIGI DELLE ANTICHITA DI ROMA, TIVOLI, POZZVOLO ET ALTRI LVOCHI Egidius Sadeler II
[2026-09-30 23:47:35] INFO: Fetched (200) <GET https://risdmuseum.org/api/v1/collection?search_api_fulltext=Tivoli&items_per_page=25&page=1> (referer: https://www.google.com/)
1207281 50.374.2 VESTIGI DELLE ANTICHITA DI ROMA, TIVOLI, POZZVOLO ET ALTRI LVOCHI Egidius Sadeler II
1223541 50.374.18 VESTIGI DELLE ANTICHITA DI ROMA, TIVOLI, POZZVOLO ET ALTRI LVOCHI Egidius Sadeler II
1223556 50.374.32 VESTIGI DELLE ANTICHITA DI ROMA, TIVOLI, POZZVOLO ET ALTRI LVOCHI Egidius Sadeler II
1223756 50.374.39 VESTIGI DELLE ANTICHITA DI ROMA, TIVOLI, POZZVOLO ET ALTRI LVOCHI Egidius Sadeler II
1223836 50.374.21 VESTIGI DELLE ANTICHITA DI ROMA, TIVOLI, POZZVOLO ET ALTRI LVOCHI Egidius Sadeler II
1224001 50.374.23 VESTIGI DELLE ANTICHITA DI ROMA, TIVOLI, POZZVOLO ET ALTRI LVOCHI Egidius Sadeler II
1226641 71.084.5 The Wooden Bridge, Sulmona Near Tivoli Jan Both
1240461 50.374.16 VESTIGI DELLE ANTICHITA DI ROMA, TIVOLI, POZZVOLO ET ALTRI LVOCHI Egidius Sadeler II
1273541 50.374.17 VESTIGI DELLE ANTICHITA DI ROMA, TIVOLI, POZZVOLO ET ALTRI LVOCHI Egidius Sadeler II
1273566 50.374.19 VESTIGI DELLE ANTICHITA DI ROMA, TIVOLI, POZZVOLO ET ALTRI LVOCHI Egidius Sadeler II
1273611 50.374.35 VESTIGI DELLE ANTICHITA DI ROMA, TIVOLI, POZZVOLO ET ALTRI LVOCHI Egidius Sadeler II
1290056 50.374.34 VESTIGI DELLE ANTICHITA DI ROMA, TIVOLI, POZZVOLO ET ALTRI LVOCHI Egidius Sadeler II
1306046 50.374.33 VESTIGI DELLE ANTICHITA DI ROMA, TIVOLI, POZZVOLO ET ALTRI LVOCHI Egidius Sadeler II
1306096 50.374.3 VESTIGI DELLE ANTICHITA DI ROMA, TIVOLI, POZZVOLO ET ALTRI LVOCHI Egidius Sadeler II
1306141 50.374.14 VESTIGI DELLE ANTICHITA DI ROMA, TIVOLI, POZZVOLO ET ALTRI LVOCHI Egidius Sadeler II
1306146 50.374.27 VESTIGI DELLE ANTICHITA DI ROMA, TIVOLI, POZZVOLO ET ALTRI LVOCHI Egidius Sadeler II
1306236 50.374 VESTIGI DELLE ANTICHITA DI ROMA, TIVOLI, POZZVOLO ET ALTRI LVOCHI Egidius Sadeler II
1322156 50.374.15 VESTIGI DELLE ANTICHITA DI ROMA, TIVOLI, POZZVOLO ET ALTRI LVOCHI Egidius Sadeler II
1338621 50.374.46 VESTIGI DELLE ANTICHITA DI ROMA, TIVOLI, POZZVOLO ET ALTRI LVOCHI Egidius Sadeler II
1338816 50.374.11 VESTIGI DELLE ANTICHITA DI ROMA, TIVOLI, POZZVOLO ET ALTRI LVOCHI Egidius Sadeler II
1355271 50.375.35 VESTIGI DELLE ANTICHITA DI ROMA, TIVOLI, POZZVOLO ET ALTRI LVOCHI Egidius Sadeler II
1371911 50.374.6 VESTIGI DELLE ANTICHITA DI ROMA, TIVOLI, POZZVOLO ET ALTRI LVOCHI Egidius Sadeler II
1371916 50.374.31 VESTIGI DELLE ANTICHITA DI ROMA, TIVOLI, POZZVOLO ET ALTRI LVOCHI Egidius Sadeler II
1375446 26.352 A Landscape with Cattle and Shepherds William Elliott
1388601 50.374.43 VESTIGI DELLE ANTICHITA DI ROMA, TIVOLI, POZZVOLO ET ALTRI LVOCHI Egidius Sadeler II
[2026-09-30 23:47:36] INFO: Fetched (200) <GET https://risdmuseum.org/api/v1/collection?search_api_fulltext=Tivoli&items_per_page=25&page=2> (referer: https://www.google.com/)
1388751 50.374.13 VESTIGI DELLE ANTICHITA DI ROMA, TIVOLI, POZZVOLO ET ALTRI LVOCHI Egidius Sadeler II
1389016 50.374.26 VESTIGI DELLE ANTICHITA DI ROMA, TIVOLI, POZZVOLO ET ALTRI LVOCHI Egidius Sadeler II
1389061 50.374.45 VESTIGI DELLE ANTICHITA DI ROMA, TIVOLI, POZZVOLO ET ALTRI LVOCHI Egidius Sadeler II
1391216 71.084.3 The Two Cows Near the River, Tivoli Jan Both
1404981 50.374.44 VESTIGI DELLE ANTICHITA DI ROMA, TIVOLI, POZZVOLO ET ALTRI LVOCHI Egidius Sadeler II
1405251 50.374.40 VESTIGI DELLE ANTICHITA DI ROMA, TIVOLI, POZZVOLO ET ALTRI LVOCHI Egidius Sadeler II
1405366 50.374.36 VESTIGI DELLE ANTICHITA DI ROMA, TIVOLI, POZZVOLO ET ALTRI LVOCHI Egidius Sadeler II
1438261 50.374.20 VESTIGI DELLE ANTICHITA DI ROMA, TIVOLI, POZZVOLO ET ALTRI LVOCHI Egidius Sadeler II
1438316 50.374.47 VESTIGI DELLE ANTICHITA DI ROMA, TIVOLI, POZZVOLO ET ALTRI LVOCHI Egidius Sadeler II
1438446 50.374.4 VESTIGI DELLE ANTICHITA DI ROMA, TIVOLI, POZZVOLO ET ALTRI LVOCHI Egidius Sadeler II
1438581 50.374.1 VESTIGI DELLE ANTICHITA DI ROMA, TIVOLI, POZZVOLO ET ALTRI LVOCHI Egidius Sadeler II
1454811 50.374.7 VESTIGI DELLE ANTICHITA DI ROMA, TIVOLI, POZZVOLO ET ALTRI LVOCHI Egidius Sadeler II
1455231 50.374.49 VESTIGI DELLE ANTICHITA DI ROMA, TIVOLI, POZZVOLO ET ALTRI LVOCHI Egidius Sadeler II
1455341 50.374.22 VESTIGI DELLE ANTICHITA DI ROMA, TIVOLI, POZZVOLO ET ALTRI LVOCHI Egidius Sadeler II
1471471 50.374.42 VESTIGI DELLE ANTICHITA DI ROMA, TIVOLI, POZZVOLO ET ALTRI LVOCHI Egidius Sadeler II
1471511 50.374.10 VESTIGI DELLE ANTICHITA DI ROMA, TIVOLI, POZZVOLO ET ALTRI LVOCHI Egidius Sadeler II
1471526 50.374.5 VESTIGI DELLE ANTICHITA DI ROMA, TIVOLI, POZZVOLO ET ALTRI LVOCHI Egidius Sadeler II
1471771 50.374.24 VESTIGI DELLE ANTICHITA DI ROMA, TIVOLI, POZZVOLO ET ALTRI LVOCHI Egidius Sadeler II
1471836 50.374.30 VESTIGI DELLE ANTICHITA DI ROMA, TIVOLI, POZZVOLO ET ALTRI LVOCHI Egidius Sadeler II
1472116 50.374.37 VESTIGI DELLE ANTICHITA DI ROMA, TIVOLI, POZZVOLO ET ALTRI LVOCHI Egidius Sadeler II
1488486 50.374.50 VESTIGI DELLE ANTICHITA DI ROMA, TIVOLI, POZZVOLO ET ALTRI LVOCHI Egidius Sadeler II
1504546 50.374.41 VESTIGI DELLE ANTICHITA DI ROMA, TIVOLI, POZZVOLO ET ALTRI LVOCHI Egidius Sadeler II
1504626 50.374.29 VESTIGI DELLE ANTICHITA DI ROMA, TIVOLI, POZZVOLO ET ALTRI LVOCHI Egidius Sadeler II
1504866 50.374.8 VESTIGI DELLE ANTICHITA DI ROMA, TIVOLI, POZZVOLO ET ALTRI LVOCHI Egidius Sadeler II
1518656 50.374.25 VESTIGI DELLE ANTICHITA DI ROMA, TIVOLI, POZZVOLO ET ALTRI LVOCHI Egidius Sadeler II
[2026-09-30 23:47:36] INFO: Fetched (200) <GET https://risdmuseum.org/api/v1/collection?search_api_fulltext=Tivoli&items_per_page=25&page=3> (referer: https://www.google.com/)
1540861 2004.29.102 Tivoli Unknown Maker, Danish
1634696 2022.101.8 Ponte Lucano, Tivoli (442) James Anderson
[2026-09-30 23:47:36] INFO: Fetched (200) <GET https://risdmuseum.org/api/v1/collection?search_api_fulltext=Ruysdael&items_per_page=25&page=0> (referer: https://www.google.com/)
1535191 48.453 Mountain Landscape with River Jacob van Ruisdael
1550366 33.204 The Ferry Boat Salomon van Ruysdael
1377046 84.198.1158.24 Le Moulin de Ruysdaeel Jean Jacques De Boissieu
