I20260929 16:42:30.871561 134657500645056 patch_match.cc:210] Reading workspace...
I20260929 16:42:30.897162 134657509037760 patch_match_options.cc:48] gpu_index: 0
I20260929 16:42:31.075892 134657509037760 cudacc.cc:52] Initialization: 0.0120s
I20260929 16:42:32.067375 134657509037760 patch_match_options.cc:48] gpu_index: 0
I20260929 16:42:32.082648 134657509037760 cudacc.cc:52] Initialization: 0.0112s
I20260929 16:42:33.004889 134657509037760 patch_match_options.cc:48] gpu_index: 0
I20260929 16:42:33.019294 134657509037760 cudacc.cc:52] Initialization: 0.0097s
I20260929 16:42:33.891234 134657509037760 patch_match_options.cc:48] gpu_index: 0
I20260929 16:42:33.905739 134657509037760 cudacc.cc:52] Initialization: 0.0101s
I20260929 16:42:34.774500 134657509037760 patch_match_options.cc:48] gpu_index: 0
I20260929 16:42:34.789626 134657509037760 cudacc.cc:52] Initialization: 0.0099s
I20260929 16:42:35.661622 134657509037760 patch_match_options.cc:48] gpu_index: 0
I20260929 16:42:35.675297 134657509037760 cudacc.cc:52] Initialization: 0.0091s
I20260929 16:42:36.519559 134657509037760 patch_match_options.cc:48] gpu_index: 0
I20260929 16:44:56.917421 134659882035008 fusion.cc:283] Fusing image [59/61] with index 57
I20260929 16:44:56.932413 134659882035008 fusion.cc:310]  in 0.015s (19815 points)
I20260929 16:44:56.932432 134659882035008 fusion.cc:283] Fusing image [60/61] with index 31
I20260929 16:44:56.951603 134659882035008 fusion.cc:310]  in 0.019s (19815 points)
I20260929 16:44:56.951622 134659882035008 fusion.cc:283] Fusing image [61/61] with index 54
I20260929 16:44:56.968080 134659882035008 fusion.cc:310]  in 0.016s (19815 points)
I20260929 16:44:56.968652 134659882035008 fusion.cc:337] Number of fused points: 19815
I20260929 16:44:56.968659 134659882035008 timer.cc:90] Elapsed time: 0.016 [minutes]
I20260929 16:44:56.972729 134659882035008 mvs.cc:395] Writing output: "/home/reidsurmeier/risd-godot-ingestion/collection-expansion/dense-doorway-calibrated-v2/fused.ply"
DENSE COMPLETE
