720 1790654732083 log Godot Engine v4.7.2.stable.official.ed1daf0bf - https://godotengine.org
720 1790654732756 log OpenGL API OpenGL ES 3.0 (WebGL 2.0 (OpenGL ES 3.0 Chromium)) - Compatibility - Using Device: WebKit - WebKit WebGL
720 1790654732949 log Build configuration: Emscripten 4.0.20, single-threaded, no GDExtension support.
720 1790654746194 log PORTAL_FLOOR_DEPTH clear_samples=9/9 meshes=1
720 1790654746195 log DOORWAY_GAMEPLAY_READY
720 1790654761787 log NAV_SPACE gallery -> arch
720 1790654768601 log VIEW_ORBIT {"position":[0.00000000000000109093979018532,3.90820002555847],"space":"arch","yaw":-1.5715517110724}
720 1790654771533 log VIEW_ORBIT {"position":[0.00000000000000109093979018532,3.90820002555847],"space":"arch","yaw":-0.000295510081984559}
720 1790654775105 log VIEW_ORBIT {"position":[0.00000000000000109093979018532,3.90820002555847],"space":"arch","yaw":1.5698840955276}
720 1790654776154 log VIEW_ORBIT {"position":[0.00000000000000109093979018532,3.90820002555847],"space":"arch","yaw":3.14086881798371}
720 1790654779820 log NAV_SPACE arch -> gallery
1600 1790654794233 log Godot Engine v4.7.2.stable.official.ed1daf0bf - https://godotengine.org
1600 1790654802194 log OpenGL API OpenGL ES 3.0 (WebGL 2.0 (OpenGL ES 3.0 Chromium)) - Compatibility - Using Device: WebKit - WebKit WebGL
1600 1790654802423 log Build configuration: Emscripten 4.0.20, single-threaded, no GDExtension support.
1600 1790655025092 log PORTAL_FLOOR_DEPTH clear_samples=9/9 meshes=1
1600 1790655025093 log DOORWAY_GAMEPLAY_READY
1600 1790655055009 log NAV_SPACE gallery -> arch
1600 1790655065280 log VIEW_ORBIT {"position":[0.00000000000000123417952019225,5.07783985137939],"space":"arch","yaw":-1.57131928066791}
1600 1790655069473 log VIEW_ORBIT {"position":[0.00000000000000123417952019225,5.07783985137939],"space":"arch","yaw":-0.000469794799763213}
1600 1790655075390 log VIEW_ORBIT {"position":[0.00000000000000123417952019225,5.07783985137939],"space":"arch","yaw":1.5701240340751}
1600 1790655076474 log VIEW_ORBIT {"position":[0.00000000000000123417952019225,5.07783985137939],"space":"arch","yaw":3.14104987697614}
1600 1790655081837 log NAV_SPACE arch -> gallery
