./prototype/mr-baby-paint-audio/main.gd:262: Error: Function "_group_for" has more than 6 return statements (max-returns)
./prototype/mr-baby-paint-audio/main.gd:64: Error: Max allowed line length (100) exceeded (max-line-length)
./modules/sketchbook/painting_flow.gd:71: Error: Max allowed line length (100) exceeded (max-line-length)
./modules/sketchbook/painting_flow.gd:89: Error: Max allowed line length (100) exceeded (max-line-length)
./modules/sketchbook/desktop.gd:76: Error: Definition out of order in global scope (class-definitions-order)
./modules/sketchbook/desktop.gd:77: Error: Definition out of order in global scope (class-definitions-order)
./modules/sketchbook/desktop.gd:78: Error: Definition out of order in global scope (class-definitions-order)
./modules/sketchbook/desktop.gd:79: Error: Definition out of order in global scope (class-definitions-order)
./modules/sketchbook/desktop.gd:80: Error: Definition out of order in global scope (class-definitions-order)
./modules/sketchbook/desktop.gd:81: Error: Definition out of order in global scope (class-definitions-order)
./modules/sketchbook/desktop.gd:82: Error: Definition out of order in global scope (class-definitions-order)
./modules/sketchbook/desktop.gd:83: Error: Definition out of order in global scope (class-definitions-order)
./modules/sketchbook/desktop.gd:84: Error: Definition out of order in global scope (class-definitions-order)
./modules/sketchbook/desktop.gd:85: Error: Definition out of order in global scope (class-definitions-order)
./modules/sketchbook/desktop.gd:86: Error: Definition out of order in global scope (class-definitions-order)
./modules/sketchbook/desktop.gd:87: Error: Definition out of order in global scope (class-definitions-order)
./modules/sketchbook/desktop.gd:88: Error: Definition out of order in global scope (class-definitions-order)
./modules/sketchbook/desktop.gd:89: Error: Definition out of order in global scope (class-definitions-order)
./modules/sketchbook/paintbox.gd:80: Error: Definition out of order in global scope (class-definitions-order)
./modules/sketchbook/paintbox.gd:82: Error: Definition out of order in global scope (class-definitions-order)
./modules/sketchbook/paintbox.gd:83: Error: Definition out of order in global scope (class-definitions-order)
./modules/sketchbook/paintbox.gd:84: Error: Definition out of order in global scope (class-definitions-order)
./modules/sketchbook/paintbox.gd:85: Error: Definition out of order in global scope (class-definitions-order)
./modules/sketchbook/paintbox.gd:86: Error: Definition out of order in global scope (class-definitions-order)
./modules/sketchbook/paintbox.gd:87: Error: Definition out of order in global scope (class-definitions-order)
./modules/sketchbook/paintbox.gd:88: Error: Definition out of order in global scope (class-definitions-order)
./modules/sketchbook/sketchbook_window.gd:8: Error: Definition out of order in global scope (class-definitions-order)
./modules/sketchbook/interface.gd:29: Error: Constant (load/preload) name "_Impl" is not valid (load-constant-name)
./modules/sketchbook/mixbox/mixbox.gd:117: Error: Max allowed line length (100) exceeded (max-line-length)
./modules/sketchbook/mixbox/mixbox.gd:118: Error: Max allowed line length (100) exceeded (max-line-length)
./modules/sketchbook/mixbox/mixbox.gd:119: Error: Max allowed line length (100) exceeded (max-line-length)
./modules/sketchbook/mixbox/mixbox.gd:120: Error: Max allowed line length (100) exceeded (max-line-length)
./modules/sketchbook/mixbox/mixbox.gd:121: Error: Max allowed line length (100) exceeded (max-line-length)
./modules/sketchbook/mixbox/mixbox.gd:122: Error: Max allowed line length (100) exceeded (max-line-length)
./modules/sketchbook/mixbox/mixbox.gd:123: Error: Max allowed line length (100) exceeded (max-line-length)
./modules/sketchbook/mixbox/mixbox.gd:124: Error: Max allowed line length (100) exceeded (max-line-length)
./modules/sketchbook/mixbox/mixbox.gd:49: Error: Constant name "lut" is not valid (constant-name)
./modules/sketchbook/global_chatroom.gd:158: Error: Max allowed line length (100) exceeded (max-line-length)
./modules/sketchbook/drawing_surface.gd:12: Error: Definition out of order in global scope (class-definitions-order)
./modules/sketchbook/drawing_surface.gd:13: Error: Definition out of order in global scope (class-definitions-order)
./modules/sketchbook/drawing_surface.gd:54: Error: Definition out of order in global scope (class-definitions-order)
./modules/sketchbook/drawing_surface.gd:55: Error: Definition out of order in global scope (class-definitions-order)
./modules/sketchbook/drawing_surface.gd:56: Error: Definition out of order in global scope (class-definitions-order)
./modules/sketchbook/drawing_surface.gd:57: Error: Definition out of order in global scope (class-definitions-order)
./modules/sketchbook/playtest/harness.gd:40: Error: Max allowed line length (100) exceeded (max-line-length)
./modules/sketchbook/playtest/harness.gd:52: Error: Max allowed line length (100) exceeded (max-line-length)
./modules/sketchbook/playtest/harness.gd:53: Error: Max allowed line length (100) exceeded (max-line-length)
./modules/sketchbook/playtest/harness.gd:61: Error: Max allowed line length (100) exceeded (max-line-length)
./modules/sketchbook/playtest/harness.gd:70: Error: Max allowed line length (100) exceeded (max-line-length)
./modules/sketchbook/playtest/harness.gd:72: Error: Max allowed line length (100) exceeded (max-line-length)
./modules/sketchbook/playtest/harness.gd:73: Error: Max allowed line length (100) exceeded (max-line-length)
./modules/sketchbook/playtest/harness.gd:74: Error: Max allowed line length (100) exceeded (max-line-length)
./modules/sketchbook/playtest/harness.gd:76: Error: Max allowed line length (100) exceeded (max-line-length)
./modules/sketchbook/playtest/harness.gd:84: Error: Max allowed line length (100) exceeded (max-line-length)
./modules/sketchbook/playtest/harness.gd:86: Error: Max allowed line length (100) exceeded (max-line-length)
./modules/sketchbook/playtest/harness.gd:111: Error: Max allowed line length (100) exceeded (max-line-length)
./modules/sketchbook/playtest/harness.gd:123: Error: Max allowed line length (100) exceeded (max-line-length)
./modules/sketchbook/playtest/harness.gd:124: Error: Max allowed line length (100) exceeded (max-line-length)
./modules/sketchbook/playtest/harness.gd:129: Error: Max allowed line length (100) exceeded (max-line-length)
./modules/sketchbook/playtest/harness.gd:165: Error: Max allowed line length (100) exceeded (max-line-length)
./modules/sketchbook/playtest/harness.gd:175: Error: Max allowed line length (100) exceeded (max-line-length)
./modules/collection_data/storage_adapter.gd:18: Error: Max allowed line length (100) exceeded (max-line-length)
./modules/collection_data/storage_adapter.gd:31: Error: Max allowed line length (100) exceeded (max-line-length)
./modules/collection_data/storage_adapter.gd:38: Error: Max allowed line length (100) exceeded (max-line-length)
./modules/collection_data/storage_adapter.gd:40: Error: Max allowed line length (100) exceeded (max-line-length)
./modules/collection_data/storage_adapter.gd:41: Error: Max allowed line length (100) exceeded (max-line-length)
./modules/collection_data/storage_adapter.gd:42: Error: Max allowed line length (100) exceeded (max-line-length)
./modules/collection_data/storage_adapter.gd:46: Error: Max allowed line length (100) exceeded (max-line-length)
./modules/collection_data/storage_adapter.gd:47: Error: Max allowed line length (100) exceeded (max-line-length)
./modules/collection_data/storage_adapter.gd:50: Error: Max allowed line length (100) exceeded (max-line-length)
./modules/collection_data/storage_adapter.gd:57: Error: Max allowed line length (100) exceeded (max-line-length)
./modules/collection_data/storage_adapter.gd:60: Error: Max allowed line length (100) exceeded (max-line-length)
./modules/collection_data/storage_adapter.gd:62: Error: Max allowed line length (100) exceeded (max-line-length)
./modules/collection_data/storage_adapter.gd:76: Error: Max allowed line length (100) exceeded (max-line-length)
./modules/collection_data/storage_adapter.gd:77: Error: Max allowed line length (100) exceeded (max-line-length)
./modules/collection_data/storage_adapter.gd:82: Error: Max allowed line length (100) exceeded (max-line-length)
./modules/collection_data/storage_adapter.gd:96: Error: Max allowed line length (100) exceeded (max-line-length)
./modules/collection_data/storage_adapter.gd:99: Error: Max allowed line length (100) exceeded (max-line-length)
./modules/collection_data/storage_adapter.gd:101: Error: Max allowed line length (100) exceeded (max-line-length)
./modules/collection_data/storage_adapter.gd:105: Error: Max allowed line length (100) exceeded (max-line-length)
./modules/collection_data/storage_adapter.gd:110: Error: Max allowed line length (100) exceeded (max-line-length)
./modules/collection_data/storage_adapter.gd:112: Error: Max allowed line length (100) exceeded (max-line-length)
./modules/collection_data/storage_adapter.gd:113: Error: Max allowed line length (100) exceeded (max-line-length)
./modules/collection_data/storage_adapter.gd:114: Error: Max allowed line length (100) exceeded (max-line-length)
./modules/flowers_page/interface.gd:22: Error: Constant (load/preload) name "_Impl" is not valid (load-constant-name)
./modules/flowers_page/flowers_embed.gd:24: Error: Max allowed line length (100) exceeded (max-line-length)
./modules/flowers_page/flowers_embed.gd:29: Error: Max allowed line length (100) exceeded (max-line-length)
./modules/flowers_page/flowers_embed.gd:44: Error: Max allowed line length (100) exceeded (max-line-length)
./modules/flowers_page/flowers_embed.gd:62: Error: Max allowed line length (100) exceeded (max-line-length)
./modules/flowers_page/flowers_embed.gd:63: Error: Max allowed line length (100) exceeded (max-line-length)
./modules/flowers_page/flowers_embed.gd:79: Error: Max allowed line length (100) exceeded (max-line-length)
./modules/flowers_page/flowers_embed.gd:101: Error: Max allowed line length (100) exceeded (max-line-length)
./modules/flowers_page/flowers_embed.gd:103: Error: Max allowed line length (100) exceeded (max-line-length)
./modules/flowers_page/flowers_embed.gd:107: Error: Max allowed line length (100) exceeded (max-line-length)
./modules/shell/crt_display.gd:34: Error: Max allowed line length (100) exceeded (max-line-length)
./modules/shell/crt_display.gd:12: Error: Definition out of order in global scope (class-definitions-order)
./modules/shell/crt_display.gd:13: Error: Definition out of order in global scope (class-definitions-order)
./modules/shell/crt_display.gd:14: Error: Definition out of order in global scope (class-definitions-order)
./modules/shell/crt_display.gd:15: Error: Definition out of order in global scope (class-definitions-order)
./modules/shell/crt_display.gd:16: Error: Definition out of order in global scope (class-definitions-order)
./modules/shell/prototype/gallery_walk4/render_diagnostics.gd:18: Error: Definition out of order in global scope (class-definitions-order)
./modules/shell/prototype/gallery_walk4/painting_asset.gd:99: Error: Function-scope variable name "X0" is not valid (function-variable-name)
./modules/shell/prototype/gallery_walk4/painting_asset.gd:100: Error: Function-scope variable name "X1" is not valid (function-variable-name)
./modules/shell/prototype/gallery_walk4/painting_asset.gd:101: Error: Function-scope variable name "Y0" is not valid (function-variable-name)
./modules/shell/prototype/gallery_walk4/painting_asset.gd:102: Error: Function-scope variable name "Y1" is not valid (function-variable-name)
./modules/shell/prototype/gallery_walk4/painting_asset.gd:15: Error: Definition out of order in global scope (class-definitions-order)
./modules/shell/prototype/gallery_walk4/final_render_check.gd:177: Error: duplicated loading of "res://modules/shell/crt_luminance.gdshader" (duplicated-load)
./modules/shell/prototype/gallery_walk4/final_render_check.gd:295: Error: duplicated loading of "res://modules/shell/prototype/gallery_walk4/gamecube.gdshader" (duplicated-load)
./modules/shell/prototype/gallery_walk4/walk4.gd:3354: Error: Function "_unhandled_key_input" has more than 6 return statements (max-returns)
./modules/shell/prototype/gallery_walk4/walk4.gd:22: Error: Max allowed line length (100) exceeded (max-line-length)
./modules/shell/prototype/gallery_walk4/walk4.gd:2363: Error: Max allowed line length (100) exceeded (max-line-length)
./modules/shell/prototype/gallery_walk4/walk4.gd:2388: Error: Max allowed line length (100) exceeded (max-line-length)
./modules/shell/prototype/gallery_walk4/walk4.gd:3363: Error: Max allowed file lines num (1000) exceeded (max-file-lines)
./modules/shell/prototype/gallery_walk4/walk4.gd:379: Error: Function-scope variable name "X" is not valid (function-variable-name)
./modules/shell/prototype/gallery_walk4/walk4.gd:1026: Error: Function-scope variable name "X" is not valid (function-variable-name)
./modules/shell/prototype/gallery_walk4/walk4.gd:1725: Error: Function-scope variable name "X" is not valid (function-variable-name)
./modules/shell/prototype/gallery_walk4/walk4.gd:1955: Error: Function-scope variable name "X" is not valid (function-variable-name)
./modules/shell/prototype/gallery_walk4/walk4.gd:67: Error: Definition out of order in global scope (class-definitions-order)
./modules/shell/prototype/gallery_walk4/walk4.gd:68: Error: Definition out of order in global scope (class-definitions-order)
./modules/shell/prototype/gallery_walk4/walk4.gd:118: Error: Definition out of order in global scope (class-definitions-order)
./modules/shell/prototype/gallery_walk4/walk4.gd:119: Error: Definition out of order in global scope (class-definitions-order)
./modules/shell/prototype/gallery_walk4/walk4.gd:216: Error: Definition out of order in global scope (class-definitions-order)
./modules/shell/prototype/gallery_walk4/walk4.gd:217: Error: Definition out of order in global scope (class-definitions-order)
./modules/shell/prototype/gallery_walk4/walk4.gd:218: Error: Definition out of order in global scope (class-definitions-order)
./modules/shell/prototype/gallery_walk4/walk4.gd:364: Error: Definition out of order in global scope (class-definitions-order)
./modules/shell/prototype/gallery_walk4/walk4.gd:365: Error: Definition out of order in global scope (class-definitions-order)
./modules/shell/prototype/gallery_walk4/walk4.gd:366: Error: Definition out of order in global scope (class-definitions-order)
./modules/shell/prototype/gallery_walk4/walk4.gd:1022: Error: Definition out of order in global scope (class-definitions-order)
./modules/shell/shell.gd:17: Error: Definition out of order in global scope (class-definitions-order)
./modules/shell/shell.gd:18: Error: Definition out of order in global scope (class-definitions-order)
./modules/shell/interface.gd:39: Error: Constant (load/preload) name "_Impl" is not valid (load-constant-name)
./modules/shell/playtest/visitor174_check.gd:109: Error: Max allowed line length (100) exceeded (max-line-length)
./modules/shell/playtest/visitor174_capture.gd:49: Error: Max allowed line length (100) exceeded (max-line-length)
./modules/shell/square_chrome.gd:244: Error: Max allowed line length (100) exceeded (max-line-length)
./modules/shell/window_shadows.gd:28: Error: Definition out of order in global scope (class-definitions-order)
./modules/shell/window_shadows.gd:211: Error: Definition out of order in global scope (class-definitions-order)
./modules/sound_cues/interface.gd:11: Error: Constant (load/preload) name "_Impl" is not valid (load-constant-name)
./modules/video_player/interface.gd:25: Error: Constant (load/preload) name "_Impl" is not valid (load-constant-name)
./modules/playground_page/websurfer_window.gd:58: Error: Max allowed line length (100) exceeded (max-line-length)
./modules/playground_page/websurfer_window.gd:59: Error: Max allowed line length (100) exceeded (max-line-length)
./modules/playground_page/websurfer_window.gd:61: Error: Max allowed line length (100) exceeded (max-line-length)
./modules/playground_page/websurfer_window.gd:63: Error: Max allowed line length (100) exceeded (max-line-length)
./modules/playground_page/websurfer_window.gd:65: Error: Max allowed line length (100) exceeded (max-line-length)
./modules/playground_page/websurfer_window.gd:68: Error: Max allowed line length (100) exceeded (max-line-length)
./modules/playground_page/arena_embed.gd:29: Error: Max allowed line length (100) exceeded (max-line-length)
./modules/playground_page/arena_embed.gd:30: Error: Max allowed line length (100) exceeded (max-line-length)
./modules/playground_page/arena_embed.gd:57: Error: Max allowed line length (100) exceeded (max-line-length)
./modules/playground_page/arena_embed.gd:59: Error: Max allowed line length (100) exceeded (max-line-length)
./modules/playground_page/arena_embed.gd:66: Error: Max allowed line length (100) exceeded (max-line-length)
./modules/playground_page/arena_embed.gd:67: Error: Max allowed line length (100) exceeded (max-line-length)
./modules/playground_page/arena_embed.gd:69: Error: Max allowed line length (100) exceeded (max-line-length)
./modules/playground_page/arena_embed.gd:71: Error: Max allowed line length (100) exceeded (max-line-length)
./modules/playground_page/arena_embed.gd:73: Error: Max allowed line length (100) exceeded (max-line-length)
./modules/playground_page/arena_embed.gd:77: Error: Max allowed line length (100) exceeded (max-line-length)
./modules/playground_page/arena_embed.gd:78: Error: Max allowed line length (100) exceeded (max-line-length)
./modules/playground_page/arena_embed.gd:82: Error: Max allowed line length (100) exceeded (max-line-length)
./modules/playground_page/arena_embed.gd:84: Error: Max allowed line length (100) exceeded (max-line-length)
./modules/playground_page/arena_embed.gd:87: Error: Max allowed line length (100) exceeded (max-line-length)
./modules/playground_page/arena_embed.gd:88: Error: Max allowed line length (100) exceeded (max-line-length)
./modules/playground_page/arena_embed.gd:89: Error: Max allowed line length (100) exceeded (max-line-length)
./modules/playground_page/arena_embed.gd:99: Error: Max allowed line length (100) exceeded (max-line-length)
./modules/playground_page/arena_embed.gd:115: Error: Max allowed line length (100) exceeded (max-line-length)
./modules/playground_page/arena_embed.gd:123: Error: Max allowed line length (100) exceeded (max-line-length)
./modules/playground_page/arena_embed.gd:133: Error: Max allowed line length (100) exceeded (max-line-length)
./modules/playground_page/arena_embed.gd:134: Error: Max allowed line length (100) exceeded (max-line-length)
./modules/playground_page/interface.gd:32: Error: Constant (load/preload) name "_Impl" is not valid (load-constant-name)
./modules/playground_page/playground_page.gd:226: Error: Max allowed line length (100) exceeded (max-line-length)
./modules/playground_page/playground_page.gd:227: Error: Max allowed line length (100) exceeded (max-line-length)
./modules/playground_page/playground_page.gd:258: Error: Max allowed line length (100) exceeded (max-line-length)
./modules/playground_page/playground_page.gd:276: Error: Max allowed line length (100) exceeded (max-line-length)
./modules/playground_page/playground_page.gd:280: Error: Max allowed line length (100) exceeded (max-line-length)
./modules/playground_page/playground_page.gd:304: Error: Max allowed line length (100) exceeded (max-line-length)
./modules/playground_page/playground_page.gd:325: Error: Max allowed line length (100) exceeded (max-line-length)
./modules/playground_page/playground_page.gd:432: Error: Max allowed line length (100) exceeded (max-line-length)
./modules/playground_page/playground_page.gd:449: Error: Max allowed line length (100) exceeded (max-line-length)
./modules/playground_page/playground_page.gd:487: Error: Max allowed line length (100) exceeded (max-line-length)
./modules/playground_page/playground_page.gd:513: Error: Max allowed line length (100) exceeded (max-line-length)
./modules/playground_page/playground_page.gd:554: Error: Max allowed line length (100) exceeded (max-line-length)
./modules/playground_page/playground_page.gd:556: Error: Max allowed line length (100) exceeded (max-line-length)
./modules/playground_page/playground_page.gd:582: Error: Max allowed line length (100) exceeded (max-line-length)
./modules/playground_page/playground_page.gd:686: Error: Max allowed line length (100) exceeded (max-line-length)
./modules/playground_page/playground_page.gd:700: Error: Max allowed line length (100) exceeded (max-line-length)
./modules/playground_page/playground_page.gd:723: Error: Max allowed line length (100) exceeded (max-line-length)
./modules/playground_page/playground_page.gd:735: Error: Max allowed line length (100) exceeded (max-line-length)
./modules/playground_page/playground_page.gd:736: Error: Max allowed line length (100) exceeded (max-line-length)
./modules/playground_page/playground_page.gd:737: Error: Max allowed line length (100) exceeded (max-line-length)
./modules/playground_page/playground_page.gd:738: Error: Max allowed line length (100) exceeded (max-line-length)
./modules/playground_page/playground_page.gd:740: Error: Max allowed line length (100) exceeded (max-line-length)
./modules/playground_page/playground_page.gd:751: Error: Max allowed line length (100) exceeded (max-line-length)
./modules/playground_page/playground_page.gd:763: Error: Max allowed line length (100) exceeded (max-line-length)
./modules/playground_page/playground_page.gd:768: Error: Max allowed line length (100) exceeded (max-line-length)
./modules/playground_page/playground_page.gd:778: Error: Max allowed line length (100) exceeded (max-line-length)
./modules/playground_page/playground_page.gd:859: Error: Max allowed line length (100) exceeded (max-line-length)
./modules/playground_page/playground_page.gd:81: Error: Definition out of order in global scope (class-definitions-order)
./modules/playground_page/playground_page.gd:82: Error: Definition out of order in global scope (class-definitions-order)
./modules/playground_page/playground_page.gd:83: Error: Definition out of order in global scope (class-definitions-order)
./modules/playground_page/playground_page.gd:84: Error: Definition out of order in global scope (class-definitions-order)
./modules/playground_page/playground_page.gd:85: Error: Definition out of order in global scope (class-definitions-order)
./modules/playground_page/playground_page.gd:86: Error: Definition out of order in global scope (class-definitions-order)
./modules/playground_page/playground_page.gd:87: Error: Definition out of order in global scope (class-definitions-order)
./modules/playground_page/playground_page.gd:88: Error: Definition out of order in global scope (class-definitions-order)
./modules/playground_page/playground_page.gd:89: Error: Definition out of order in global scope (class-definitions-order)
./modules/playground_page/playground_page.gd:90: Error: Definition out of order in global scope (class-definitions-order)
./modules/playground_page/playground_page.gd:91: Error: Definition out of order in global scope (class-definitions-order)
./modules/playground_page/playground_page.gd:92: Error: Definition out of order in global scope (class-definitions-order)
./modules/playground_page/playground_page.gd:93: Error: Definition out of order in global scope (class-definitions-order)
./modules/playground_page/playground_page.gd:94: Error: Definition out of order in global scope (class-definitions-order)
./modules/playground_page/playground_page.gd:95: Error: Definition out of order in global scope (class-definitions-order)
./modules/playground_page/playground_page.gd:96: Error: Definition out of order in global scope (class-definitions-order)
./modules/playground_page/playground_page.gd:97: Error: Definition out of order in global scope (class-definitions-order)
./modules/playground_page/playground_page.gd:98: Error: Definition out of order in global scope (class-definitions-order)
./modules/playground_page/playground_page.gd:99: Error: Definition out of order in global scope (class-definitions-order)
./modules/playground_page/playground_page.gd:100: Error: Definition out of order in global scope (class-definitions-order)
./modules/playground_page/playground_page.gd:101: Error: Definition out of order in global scope (class-definitions-order)
./modules/playground_page/playground_page.gd:102: Error: Definition out of order in global scope (class-definitions-order)
./modules/playground_page/journal_window.gd:12: Error: Max allowed line length (100) exceeded (max-line-length)
./modules/playground_page/playtest/harness.gd:34: Error: Max allowed line length (100) exceeded (max-line-length)
./modules/playground_page/playtest/harness.gd:42: Error: Max allowed line length (100) exceeded (max-line-length)
./modules/playground_page/playtest/harness.gd:43: Error: Max allowed line length (100) exceeded (max-line-length)
./modules/playground_page/playtest/harness.gd:44: Error: Max allowed line length (100) exceeded (max-line-length)
./modules/playground_page/playtest/harness.gd:51: Error: Max allowed line length (100) exceeded (max-line-length)
./modules/playground_page/playtest/harness.gd:56: Error: Max allowed line length (100) exceeded (max-line-length)
./modules/playground_page/playtest/harness.gd:58: Error: Max allowed line length (100) exceeded (max-line-length)
./modules/playground_page/playtest/harness.gd:59: Error: Max allowed line length (100) exceeded (max-line-length)
./modules/playground_page/playtest/harness.gd:84: Error: Max allowed line length (100) exceeded (max-line-length)
./modules/playground_page/playtest/harness.gd:85: Error: Max allowed line length (100) exceeded (max-line-length)
./modules/playground_page/playtest/harness.gd:90: Error: Max allowed line length (100) exceeded (max-line-length)
./modules/playground_page/playtest/harness.gd:113: Error: Max allowed line length (100) exceeded (max-line-length)
./modules/playground_page/playtest/harness.gd:121: Error: Max allowed line length (100) exceeded (max-line-length)
./modules/playground_page/playtest/harness.gd:133: Error: Max allowed line length (100) exceeded (max-line-length)
./modules/playground_page/square_pages.gd:7: Error: Max allowed line length (100) exceeded (max-line-length)
./modules/playground_page/square_pages.gd:42: Error: Max allowed line length (100) exceeded (max-line-length)
./modules/playground_page/square_pages.gd:62: Error: Max allowed line length (100) exceeded (max-line-length)
./modules/playground_page/square_pages.gd:63: Error: Max allowed line length (100) exceeded (max-line-length)
./modules/playground_page/square_pages.gd:174: Error: Max allowed line length (100) exceeded (max-line-length)
./modules/playground_page/square_pages.gd:175: Error: Max allowed line length (100) exceeded (max-line-length)
./modules/playground_page/square_pages.gd:234: Error: Max allowed line length (100) exceeded (max-line-length)
./modules/playground_page/square_pages.gd:237: Error: Max allowed line length (100) exceeded (max-line-length)
./modules/playground_page/square_pages.gd:244: Error: Max allowed line length (100) exceeded (max-line-length)
./modules/playground_page/square_pages.gd:246: Error: Max allowed line length (100) exceeded (max-line-length)
./modules/playground_page/square_pages.gd:250: Error: Max allowed line length (100) exceeded (max-line-length)
./modules/playground_page/square_pages.gd:258: Error: Max allowed line length (100) exceeded (max-line-length)
./modules/playground_page/square_pages.gd:262: Error: Max allowed line length (100) exceeded (max-line-length)
./modules/playground_page/square_pages.gd:277: Error: Max allowed line length (100) exceeded (max-line-length)
./modules/playground_page/square_pages.gd:295: Error: Max allowed line length (100) exceeded (max-line-length)
./modules/playground_page/square_pages.gd:301: Error: Max allowed line length (100) exceeded (max-line-length)
./modules/playground_page/square_pages.gd:310: Error: Max allowed line length (100) exceeded (max-line-length)
./modules/playground_page/square_pages.gd:328: Error: Max allowed line length (100) exceeded (max-line-length)
./modules/playground_page/square_pages.gd:333: Error: Max allowed line length (100) exceeded (max-line-length)
./modules/playground_page/square_pages.gd:348: Error: Max allowed line length (100) exceeded (max-line-length)
./modules/playground_page/square_pages.gd:375: Error: Max allowed line length (100) exceeded (max-line-length)
./modules/playground_page/square_pages.gd:404: Error: Max allowed line length (100) exceeded (max-line-length)
./modules/playground_page/square_pages.gd:405: Error: Max allowed line length (100) exceeded (max-line-length)
./modules/playground_page/square_pages.gd:431: Error: Max allowed line length (100) exceeded (max-line-length)
./modules/playground_page/square_pages.gd:433: Error: Max allowed line length (100) exceeded (max-line-length)
./modules/tab_strip/interface.gd:28: Error: Constant (load/preload) name "_Impl" is not valid (load-constant-name)
./modules/tab_strip/tab_strip.gd:42: Error: Max allowed line length (100) exceeded (max-line-length)
./modules/tab_strip/tab_strip.gd:13: Error: Definition out of order in global scope (class-definitions-order)
./modules/tab_strip/tab_strip.gd:14: Error: Definition out of order in global scope (class-definitions-order)
./modules/tab_strip/tab_strip.gd:15: Error: Definition out of order in global scope (class-definitions-order)
./modules/tab_strip/tab_strip.gd:16: Error: Definition out of order in global scope (class-definitions-order)
./modules/tab_strip/tab_strip.gd:17: Error: Definition out of order in global scope (class-definitions-order)
./modules/atlas/interface.gd:27: Error: Constant (load/preload) name "_Impl" is not valid (load-constant-name)
./modules/atlas/atlas_window.gd:386: Error: Function "_input" has more than 6 return statements (max-returns)
./modules/atlas/atlas_window.gd:48: Error: Definition out of order in global scope (class-definitions-order)
./modules/atlas/atlas_window.gd:49: Error: Definition out of order in global scope (class-definitions-order)
./modules/sculpture_viewer/interface.gd:9: Error: Constant (load/preload) name "_Impl" is not valid (load-constant-name)
./modules/sculpture_viewer/viewer.gd:479: Error: Max allowed line length (100) exceeded (max-line-length)
./modules/sculpture_viewer/viewer.gd:58: Error: Definition out of order in global scope (class-definitions-order)
./modules/sculpture_viewer/viewer.gd:66: Error: Definition out of order in global scope (class-definitions-order)
./modules/sculpture_viewer/viewer.gd:67: Error: Definition out of order in global scope (class-definitions-order)
./modules/sculpture_viewer/viewer.gd:68: Error: Definition out of order in global scope (class-definitions-order)
./modules/sculpture_viewer/viewer.gd:109: Error: Definition out of order in global scope (class-definitions-order)
./modules/sculpture_viewer/viewer.gd:379: Error: duplicated loading of "res://modules/sculpture_viewer/shaders/control_face.gdshader" (duplicated-load)
./modules/sculpture_viewer/viewer.gd:433: Error: duplicated loading of "res://modules/sculpture_viewer/shaders/control_face.gdshader" (duplicated-load)
./modules/sculpture_viewer/catalogue.gd:76: Error: Max allowed line length (100) exceeded (max-line-length)
./modules/sculpture_viewer/playtest/record_selection.gd:39: Error: Max allowed line length (100) exceeded (max-line-length)
./modules/sculpture_viewer/playtest/record_selection.gd:121: Error: Max allowed line length (100) exceeded (max-line-length)
./modules/sculpture_viewer/playtest/window_resize_check.gd:74: Error: Max allowed line length (100) exceeded (max-line-length)
./docs/evidence/floor-selection-186/restore.gd:43: Error: Max allowed line length (100) exceeded (max-line-length)
./docs/evidence/owner-world-177/passage-current/repair.gd:48: Error: Max allowed line length (100) exceeded (max-line-length)
./docs/evidence/proportional-windows-pending/windows_check.gd:34: Error: Max allowed line length (100) exceeded (max-line-length)
./docs/evidence/proportional-windows-pending/windows_check.gd:42: Error: Max allowed line length (100) exceeded (max-line-length)
./docs/evidence/proportional-windows-pending/windows_check.gd:44: Error: Max allowed line length (100) exceeded (max-line-length)
Failure: 284 problems found
