Godot Engine v4.7.2.stable.official.ed1daf0bf - https://godotengine.org

[   0% ] [90m[1mfirst_scan_filesystem[22m | Started Project initialization (5 steps)[39m[0m
[   0% ] [90m[1mfirst_scan_filesystem[22m | Scanning file structure...[39m[0m
[  16% ] [90m[1mfirst_scan_filesystem[22m | Loading global class names...[39m[0m
[  33% ] [90m[1mfirst_scan_filesystem[22m | Verifying GDExtensions...[39m[0m
[  50% ] [90m[1mfirst_scan_filesystem[22m | Creating autoload scripts...[39m[0m
[  66% ] [90m[1mfirst_scan_filesystem[22m | Initializing plugins...[39m[0m
[  83% ] [90m[1mfirst_scan_filesystem[22m | Starting file scan...[39m[0m
[92m[ DONE ][39m [1mfirst_scan_filesystem[22m
[0m
[   0% ] [90m[1msavepack[22m | Started Packing (102 steps)[39m[0m
[   1% ] [90m[1msavepack[22m | Storing File: res://.godot/exported/133200997/export-3bbc60c3b18bfe27d82b2d1b1b159089-doorway_prototype.scn[39m[0m
[   1% ] [90m[1msavepack[22m | Storing File: res://modules/shell/prototype/gallery_walk4/doorway_prototype.gdc[39m[0m
[   1% ] [90m[1msavepack[22m | Storing File: res://.godot/exported/133200997/export-c3e3c5173d5ab415c4f0d2133f7a793e-room.scn[39m[0m
[   1% ] [90m[1msavepack[22m | Storing File: res://modules/shell/prototype/gallery_walk4/floor_oak.gdshader[39m[0m
[   2% ] [90m[1msavepack[22m | Storing File: res://modules/shell/prototype/gallery_walk4/oak.gdshader[39m[0m
[   2% ] [90m[1msavepack[22m | Storing File: res://.godot/imported/oak-muse.webp-61be9fa16fdf8ab46025bc8d38bebbd8.s3tc.ctex[39m[0m
[   2% ] [90m[1msavepack[22m | Storing File: res://.godot/imported/oak-muse.webp-61be9fa16fdf8ab46025bc8d38bebbd8.etc2.ctex[39m[0m
[   2% ] [90m[1msavepack[22m | Storing File: res://modules/shell/prototype/gallery_walk4/textures/oak-muse.webp.import[39m[0m
[   2% ] [90m[1msavepack[22m | Storing File: res://.godot/imported/wall-muse.webp-9ab8856f456b1281683061f64c05a88a.s3tc.ctex[39m[0m
[   2% ] [90m[1msavepack[22m | Storing File: res://.godot/imported/wall-muse.webp-9ab8856f456b1281683061f64c05a88a.etc2.ctex[39m[0m
[   2% ] [90m[1msavepack[22m | Storing File: res://modules/shell/prototype/gallery_walk4/textures/wall-muse.webp.import[39m[0m
[   3% ] [90m[1msavepack[22m | Storing File: res://.godot/imported/stone.png-df21f01aba0fdd9fdaf5a729990aa6d0.s3tc.ctex[39m[0m
[   3% ] [90m[1msavepack[22m | Storing File: res://.godot/imported/stone.png-df21f01aba0fdd9fdaf5a729990aa6d0.etc2.ctex[39m[0m
[   3% ] [90m[1msavepack[22m | Storing File: res://modules/shell/prototype/gallery_walk4/textures/stone.png.import[39m[0m
[   3% ] [90m[1msavepack[22m | Storing File: res://.godot/imported/oak-board-atlas-168-v3.webp-f7ce919a4c31370a940a2b9a7f2e790f.s3tc.ctex[39m[0m
[   3% ] [90m[1msavepack[22m | Storing File: res://.godot/imported/oak-board-atlas-168-v3.webp-f7ce919a4c31370a940a2b9a7f2e790f.etc2.ctex[39m[0m
[   3% ] [90m[1msavepack[22m | Storing File: res://modules/shell/prototype/gallery_walk4/textures/oak-board-atlas-168-v3.webp.import[39m[0m
[   3% ] [90m[1msavepack[22m | Storing File: res://.godot/imported/floor.png-6719ac5795b2903ae6c9f001b0592fd5.s3tc.ctex[39m[0m
[   3% ] [90m[1msavepack[22m | Storing File: res://.godot/imported/floor.png-6719ac5795b2903ae6c9f001b0592fd5.etc2.ctex[39m[0m
[   3% ] [90m[1msavepack[22m | Storing File: res://modules/shell/prototype/gallery_walk4/textures/floor.png.import[39m[0m
[   3% ] [90m[1msavepack[22m | Storing File: res://.godot/imported/door-arch.jpg-f2c8df6c363fbd5488632ec76fd44813.s3tc.ctex[39m[0m
[   3% ] [90m[1msavepack[22m | Storing File: res://.godot/imported/door-arch.jpg-f2c8df6c363fbd5488632ec76fd44813.etc2.ctex[39m[0m
[   3% ] [90m[1msavepack[22m | Storing File: res://modules/shell/prototype/gallery_walk4/textures/door-arch.jpg.import[39m[0m
[   4% ] [90m[1msavepack[22m | Storing File: res://.godot/imported/skylight.png-b5ce732c1fdc77630c6f0dc92629e2c8.s3tc.ctex[39m[0m
[   4% ] [90m[1msavepack[22m | Storing File: res://.godot/imported/skylight.png-b5ce732c1fdc77630c6f0dc92629e2c8.etc2.ctex[39m[0m
[   4% ] [90m[1msavepack[22m | Storing File: res://modules/shell/prototype/gallery_walk4/textures/skylight.png.import[39m[0m
[   4% ] [90m[1msavepack[22m | Storing File: res://.godot/imported/W1.png-7058a54890645ca183f6170adef98e8d.s3tc.ctex[39m[0m
[   4% ] [90m[1msavepack[22m | Storing File: res://.godot/imported/W1.png-7058a54890645ca183f6170adef98e8d.etc2.ctex[39m[0m
[   4% ] [90m[1msavepack[22m | Storing File: res://modules/shell/prototype/gallery_walk4/frames/W1.png.import[39m[0m
[   4% ] [90m[1msavepack[22m | Storing File: res://.godot/imported/W1.jpg-839637172a083a2dd609d0007fb4a2ef.s3tc.ctex[39m[0m
[   4% ] [90m[1msavepack[22m | Storing File: res://.godot/imported/W1.jpg-839637172a083a2dd609d0007fb4a2ef.etc2.ctex[39m[0m
[   4% ] [90m[1msavepack[22m | Storing File: res://modules/shell/prototype/gallery_walk4/canvas/W1.jpg.import[39m[0m
[   5% ] [90m[1msavepack[22m | Storing File: res://.godot/imported/W2.png-a8001e5693bee4ca8765bb68bdd4eca2.s3tc.ctex[39m[0m
[   5% ] [90m[1msavepack[22m | Storing File: res://.godot/imported/W2.png-a8001e5693bee4ca8765bb68bdd4eca2.etc2.ctex[39m[0m
[   5% ] [90m[1msavepack[22m | Storing File: res://modules/shell/prototype/gallery_walk4/frames/W2.png.import[39m[0m
[   5% ] [90m[1msavepack[22m | Storing File: res://.godot/imported/W2.jpg-3d2b1066e11aed9b7029fa640f011dae.s3tc.ctex[39m[0m
[   5% ] [90m[1msavepack[22m | Storing File: res://.godot/imported/W2.jpg-3d2b1066e11aed9b7029fa640f011dae.etc2.ctex[39m[0m
[   5% ] [90m[1msavepack[22m | Storing File: res://modules/shell/prototype/gallery_walk4/canvas/W2.jpg.import[39m[0m
[   5% ] [90m[1msavepack[22m | Storing File: res://.godot/imported/W3.png-4eca9a06ddf001b63fc519e5269e704e.s3tc.ctex[39m[0m
[   5% ] [90m[1msavepack[22m | Storing File: res://.godot/imported/W3.png-4eca9a06ddf001b63fc519e5269e704e.etc2.ctex[39m[0m
[   5% ] [90m[1msavepack[22m | Storing File: res://modules/shell/prototype/gallery_walk4/frames/W3.png.import[39m[0m
[   5% ] [90m[1msavepack[22m | Storing File: res://.godot/imported/W3.jpg-110d65ed16e824fdfd97faea2a987ac2.s3tc.ctex[39m[0m
[   5% ] [90m[1msavepack[22m | Storing File: res://.godot/imported/W3.jpg-110d65ed16e824fdfd97faea2a987ac2.etc2.ctex[39m[0m
[   5% ] [90m[1msavepack[22m | Storing File: res://modules/shell/prototype/gallery_walk4/canvas/W3.jpg.import[39m[0m
[   6% ] [90m[1msavepack[22m | Storing File: res://.godot/imported/W4.png-2a6632b56a86de0824ff7022d021e468.s3tc.ctex[39m[0m
[   6% ] [90m[1msavepack[22m | Storing File: res://.godot/imported/W4.png-2a6632b56a86de0824ff7022d021e468.etc2.ctex[39m[0m
[   6% ] [90m[1msavepack[22m | Storing File: res://modules/shell/prototype/gallery_walk4/frames/W4.png.import[39m[0m
[   6% ] [90m[1msavepack[22m | Storing File: res://.godot/imported/W4.jpg-80382ff55a2b3353c9de3318fbdd3cca.s3tc.ctex[39m[0m
[   6% ] [90m[1msavepack[22m | Storing File: res://.godot/imported/W4.jpg-80382ff55a2b3353c9de3318fbdd3cca.etc2.ctex[39m[0m
[   6% ] [90m[1msavepack[22m | Storing File: res://modules/shell/prototype/gallery_walk4/canvas/W4.jpg.import[39m[0m
[   6% ] [90m[1msavepack[22m | Storing File: res://.godot/imported/W5.png-8b446398982ed45cf9ec83b8b2d5fe05.s3tc.ctex[39m[0m
[   6% ] [90m[1msavepack[22m | Storing File: res://.godot/imported/W5.png-8b446398982ed45cf9ec83b8b2d5fe05.etc2.ctex[39m[0m
[   6% ] [90m[1msavepack[22m | Storing File: res://modules/shell/prototype/gallery_walk4/frames/W5.png.import[39m[0m
[   7% ] [90m[1msavepack[22m | Storing File: res://.godot/imported/W5.jpg-1c2deb33d22eb0ca56622ad9e2eef339.s3tc.ctex[39m[0m
[   7% ] [90m[1msavepack[22m | Storing File: res://.godot/imported/W5.jpg-1c2deb33d22eb0ca56622ad9e2eef339.etc2.ctex[39m[0m
[   7% ] [90m[1msavepack[22m | Storing File: res://modules/shell/prototype/gallery_walk4/canvas/W5.jpg.import[39m[0m
[   7% ] [90m[1msavepack[22m | Storing File: res://.godot/imported/W6-shaped.png-6f0bfe9b1cda35421452448ab55b5430.s3tc.ctex[39m[0m
[   7% ] [90m[1msavepack[22m | Storing File: res://.godot/imported/W6-shaped.png-6f0bfe9b1cda35421452448ab55b5430.etc2.ctex[39m[0m
[   7% ] [90m[1msavepack[22m | Storing File: res://modules/shell/prototype/gallery_walk4/frames/W6-shaped.png.import[39m[0m
[   7% ] [90m[1msavepack[22m | Storing File: res://.godot/imported/W7.png-6fe691eb3ee3872e5b4209562e89015d.s3tc.ctex[39m[0m
[   7% ] [90m[1msavepack[22m | Storing File: res://.godot/imported/W7.png-6fe691eb3ee3872e5b4209562e89015d.etc2.ctex[39m[0m
[   7% ] [90m[1msavepack[22m | Storing File: res://modules/shell/prototype/gallery_walk4/frames/W7.png.import[39m[0m
[   7% ] [90m[1msavepack[22m | Storing File: res://.godot/imported/W7.jpg-d8cbff156a568ea36aef974f3332089a.s3tc.ctex[39m[0m
[   7% ] [90m[1msavepack[22m | Storing File: res://.godot/imported/W7.jpg-d8cbff156a568ea36aef974f3332089a.etc2.ctex[39m[0m
[   7% ] [90m[1msavepack[22m | Storing File: res://modules/shell/prototype/gallery_walk4/canvas/W7.jpg.import[39m[0m
[   8% ] [90m[1msavepack[22m | Storing File: res://.godot/imported/W8.png-4c5ec5fca3faa367d23a207c4b324d00.s3tc.ctex[39m[0m
[   8% ] [90m[1msavepack[22m | Storing File: res://.godot/imported/W8.png-4c5ec5fca3faa367d23a207c4b324d00.etc2.ctex[39m[0m
[   8% ] [90m[1msavepack[22m | Storing File: res://modules/shell/prototype/gallery_walk4/frames/W8.png.import[39m[0m
[   8% ] [90m[1msavepack[22m | Storing File: res://.godot/imported/W8.jpg-ea88f51e1e7aef6a1ba1d594eb6eeebe.s3tc.ctex[39m[0m
[   8% ] [90m[1msavepack[22m | Storing File: res://.godot/imported/W8.jpg-ea88f51e1e7aef6a1ba1d594eb6eeebe.etc2.ctex[39m[0m
[   8% ] [90m[1msavepack[22m | Storing File: res://modules/shell/prototype/gallery_walk4/canvas/W8.jpg.import[39m[0m
[   8% ] [90m[1msavepack[22m | Storing File: res://.godot/imported/W9.png-723a1a61f7314844815dbffef1c73f3b.s3tc.ctex[39m[0m
[   8% ] [90m[1msavepack[22m | Storing File: res://.godot/imported/W9.png-723a1a61f7314844815dbffef1c73f3b.etc2.ctex[39m[0m
[   8% ] [90m[1msavepack[22m | Storing File: res://modules/shell/prototype/gallery_walk4/frames/W9.png.import[39m[0m
[   9% ] [90m[1msavepack[22m | Storing File: res://.godot/imported/W9.jpg-e03f3ae30b0ca44cb1f29d9973d2811f.s3tc.ctex[39m[0m
[   9% ] [90m[1msavepack[22m | Storing File: res://.godot/imported/W9.jpg-e03f3ae30b0ca44cb1f29d9973d2811f.etc2.ctex[39m[0m
[   9% ] [90m[1msavepack[22m | Storing File: res://modules/shell/prototype/gallery_walk4/canvas/W9.jpg.import[39m[0m
[   9% ] [90m[1msavepack[22m | Storing File: res://.godot/imported/W10.png-31575cc7771cb5266f4a6603b719b23c.s3tc.ctex[39m[0m
[   9% ] [90m[1msavepack[22m | Storing File: res://.godot/imported/W10.png-31575cc7771cb5266f4a6603b719b23c.etc2.ctex[39m[0m
[   9% ] [90m[1msavepack[22m | Storing File: res://modules/shell/prototype/gallery_walk4/frames/W10.png.import[39m[0m
[   9% ] [90m[1msavepack[22m | Storing File: res://.godot/imported/W10.jpg-da6ac9c7419b459c42785dc683e0b294.s3tc.ctex[39m[0m
[   9% ] [90m[1msavepack[22m | Storing File: res://.godot/imported/W10.jpg-da6ac9c7419b459c42785dc683e0b294.etc2.ctex[39m[0m
[   9% ] [90m[1msavepack[22m | Storing File: res://modules/shell/prototype/gallery_walk4/canvas/W10.jpg.import[39m[0m
[   9% ] [90m[1msavepack[22m | Storing File: res://.godot/imported/E1.png-33f7881a80e009a211f80eb7f9c22224.s3tc.ctex[39m[0m
[   9% ] [90m[1msavepack[22m | Storing File: res://.godot/imported/E1.png-33f7881a80e009a211f80eb7f9c22224.etc2.ctex[39m[0m
[   9% ] [90m[1msavepack[22m | Storing File: res://modules/shell/prototype/gallery_walk4/frames/E1.png.import[39m[0m
[  10% ] [90m[1msavepack[22m | Storing File: res://.godot/imported/E1.jpg-b486284ea2d4890f7cb33a36037e9976.s3tc.ctex[39m[0m
[  10% ] [90m[1msavepack[22m | Storing File: res://.godot/imported/E1.jpg-b486284ea2d4890f7cb33a36037e9976.etc2.ctex[39m[0m
[  10% ] [90m[1msavepack[22m | Storing File: res://modules/shell/prototype/gallery_walk4/canvas/E1.jpg.import[39m[0m
[  10% ] [90m[1msavepack[22m | Storing File: res://.godot/imported/E2.png-351724124ff2c7a3628432f43bd66a80.s3tc.ctex[39m[0m
[  10% ] [90m[1msavepack[22m | Storing File: res://.godot/imported/E2.png-351724124ff2c7a3628432f43bd66a80.etc2.ctex[39m[0m
[  10% ] [90m[1msavepack[22m | Storing File: res://modules/shell/prototype/gallery_walk4/frames/E2.png.import[39m[0m
[  10% ] [90m[1msavepack[22m | Storing File: res://.godot/imported/E2.jpg-4e60336ccfd9806b072eb503e4dd1d7c.s3tc.ctex[39m[0m
[  10% ] [90m[1msavepack[22m | Storing File: res://.godot/imported/E2.jpg-4e60336ccfd9806b072eb503e4dd1d7c.etc2.ctex[39m[0m
[  10% ] [90m[1msavepack[22m | Storing File: res://modules/shell/prototype/gallery_walk4/canvas/E2.jpg.import[39m[0m
[  11% ] [90m[1msavepack[22m | Storing File: res://.godot/imported/E3.png-5ce4528fb94210ca3bcd5465a0b54b5c.s3tc.ctex[39m[0m
[  11% ] [90m[1msavepack[22m | Storing File: res://.godot/imported/E3.png-5ce4528fb94210ca3bcd5465a0b54b5c.etc2.ctex[39m[0m
[  11% ] [90m[1msavepack[22m | Storing File: res://modules/shell/prototype/gallery_walk4/frames/E3.png.import[39m[0m
[  11% ] [90m[1msavepack[22m | Storing File: res://.godot/imported/E3.jpg-f8a461190775844501075ec736bdf8c4.s3tc.ctex[39m[0m
[  11% ] [90m[1msavepack[22m | Storing File: res://.godot/imported/E3.jpg-f8a461190775844501075ec736bdf8c4.etc2.ctex[39m[0m
[  11% ] [90m[1msavepack[22m | Storing File: res://modules/shell/prototype/gallery_walk4/canvas/E3.jpg.import[39m[0m
[  11% ] [90m[1msavepack[22m | Storing File: res://.godot/imported/E4.png-9b640e1f133fc4271f22205894f801a9.s3tc.ctex[39m[0m
[  11% ] [90m[1msavepack[22m | Storing File: res://.godot/imported/E4.png-9b640e1f133fc4271f22205894f801a9.etc2.ctex[39m[0m
[  11% ] [90m[1msavepack[22m | Storing File: res://modules/shell/prototype/gallery_walk4/frames/E4.png.import[39m[0m
[  12% ] [90m[1msavepack[22m | Storing File: res://.godot/imported/E4.jpg-04e766f9caa3d7bee21ca465f73f5c7b.s3tc.ctex[39m[0m
[  12% ] [90m[1msavepack[22m | Storing File: res://.godot/imported/E4.jpg-04e766f9caa3d7bee21ca465f73f5c7b.etc2.ctex[39m[0m
[  12% ] [90m[1msavepack[22m | Storing File: res://modules/shell/prototype/gallery_walk4/canvas/E4.jpg.import[39m[0m
[  12% ] [90m[1msavepack[22m | Storing File: res://.godot/imported/E5.png-f5ced63db48e89b8754c5504b492d044.s3tc.ctex[39m[0m
[  12% ] [90m[1msavepack[22m | Storing File: res://.godot/imported/E5.png-f5ced63db48e89b8754c5504b492d044.etc2.ctex[39m[0m
[  12% ] [90m[1msavepack[22m | Storing File: res://modules/shell/prototype/gallery_walk4/frames/E5.png.import[39m[0m
[  12% ] [90m[1msavepack[22m | Storing File: res://.godot/imported/E5.jpg-3e9d50436d4ca6b91b164a824108a77f.s3tc.ctex[39m[0m
[  12% ] [90m[1msavepack[22m | Storing File: res://.godot/imported/E5.jpg-3e9d50436d4ca6b91b164a824108a77f.etc2.ctex[39m[0m
[  12% ] [90m[1msavepack[22m | Storing File: res://modules/shell/prototype/gallery_walk4/canvas/E5.jpg.import[39m[0m
[  12% ] [90m[1msavepack[22m | Storing File: res://.godot/imported/E6.png-41248d0f3fe6dfbe2a85711fd781f724.s3tc.ctex[39m[0m
[  12% ] [90m[1msavepack[22m | Storing File: res://.godot/imported/E6.png-41248d0f3fe6dfbe2a85711fd781f724.etc2.ctex[39m[0m
[  12% ] [90m[1msavepack[22m | Storing File: res://modules/shell/prototype/gallery_walk4/frames/E6.png.import[39m[0m
[  13% ] [90m[1msavepack[22m | Storing File: res://.godot/imported/E6.jpg-c3d7bda6d9628e0dcac6e8a0de38bb73.s3tc.ctex[39m[0m
[  13% ] [90m[1msavepack[22m | Storing File: res://.godot/imported/E6.jpg-c3d7bda6d9628e0dcac6e8a0de38bb73.etc2.ctex[39m[0m
[  13% ] [90m[1msavepack[22m | Storing File: res://modules/shell/prototype/gallery_walk4/canvas/E6.jpg.import[39m[0m
[  13% ] [90m[1msavepack[22m | Storing File: res://.godot/imported/E7.png-b16ed1f8384f6f0b8f7ec9d336ff33b7.s3tc.ctex[39m[0m
[  13% ] [90m[1msavepack[22m | Storing File: res://.godot/imported/E7.png-b16ed1f8384f6f0b8f7ec9d336ff33b7.etc2.ctex[39m[0m
[  13% ] [90m[1msavepack[22m | Storing File: res://modules/shell/prototype/gallery_walk4/frames/E7.png.import[39m[0m
[  13% ] [90m[1msavepack[22m | Storing File: res://.godot/imported/E7.jpg-e39febefd43278d6d093e1ed869f619b.s3tc.ctex[39m[0m
[  13% ] [90m[1msavepack[22m | Storing File: res://.godot/imported/E7.jpg-e39febefd43278d6d093e1ed869f619b.etc2.ctex[39m[0m
[  13% ] [90m[1msavepack[22m | Storing File: res://modules/shell/prototype/gallery_walk4/canvas/E7.jpg.import[39m[0m
[  14% ] [90m[1msavepack[22m | Storing File: res://.godot/imported/E8.png-51ade24cd8d1af29a39868bc8d943947.s3tc.ctex[39m[0m
[  14% ] [90m[1msavepack[22m | Storing File: res://.godot/imported/E8.png-51ade24cd8d1af29a39868bc8d943947.etc2.ctex[39m[0m
[  14% ] [90m[1msavepack[22m | Storing File: res://modules/shell/prototype/gallery_walk4/frames/E8.png.import[39m[0m
[  14% ] [90m[1msavepack[22m | Storing File: res://.godot/imported/E8.jpg-d916aaaf70507fd95bc50b187737b824.s3tc.ctex[39m[0m
[  14% ] [90m[1msavepack[22m | Storing File: res://.godot/imported/E8.jpg-d916aaaf70507fd95bc50b187737b824.etc2.ctex[39m[0m
[  14% ] [90m[1msavepack[22m | Storing File: res://modules/shell/prototype/gallery_walk4/canvas/E8.jpg.import[39m[0m
[  14% ] [90m[1msavepack[22m | Storing File: res://.godot/imported/E9.png-756f39c7b0b2953679b619a547aef8a8.s3tc.ctex[39m[0m
[  14% ] [90m[1msavepack[22m | Storing File: res://.godot/imported/E9.png-756f39c7b0b2953679b619a547aef8a8.etc2.ctex[39m[0m
[  14% ] [90m[1msavepack[22m | Storing File: res://modules/shell/prototype/gallery_walk4/frames/E9.png.import[39m[0m
[  14% ] [90m[1msavepack[22m | Storing File: res://.godot/imported/E9.jpg-fab4fb5caca648067cedda4cd62b82fa.s3tc.ctex[39m[0m
[  14% ] [90m[1msavepack[22m | Storing File: res://.godot/imported/E9.jpg-fab4fb5caca648067cedda4cd62b82fa.etc2.ctex[39m[0m
[  14% ] [90m[1msavepack[22m | Storing File: res://modules/shell/prototype/gallery_walk4/canvas/E9.jpg.import[39m[0m
[  15% ] [90m[1msavepack[22m | Storing File: res://.godot/imported/S1.png-a91e1b801d922d0c182f62822520bda8.s3tc.ctex[39m[0m
[  15% ] [90m[1msavepack[22m | Storing File: res://.godot/imported/S1.png-a91e1b801d922d0c182f62822520bda8.etc2.ctex[39m[0m
[  15% ] [90m[1msavepack[22m | Storing File: res://modules/shell/prototype/gallery_walk4/frames/S1.png.import[39m[0m
[  15% ] [90m[1msavepack[22m | Storing File: res://.godot/imported/S1.jpg-5de8cff95e6e84a6ac334ed8e473dc9a.s3tc.ctex[39m[0m
[  15% ] [90m[1msavepack[22m | Storing File: res://.godot/imported/S1.jpg-5de8cff95e6e84a6ac334ed8e473dc9a.etc2.ctex[39m[0m
[  15% ] [90m[1msavepack[22m | Storing File: res://modules/shell/prototype/gallery_walk4/canvas/S1.jpg.import[39m[0m
[  15% ] [90m[1msavepack[22m | Storing File: res://.godot/imported/S2.png-999395982a4fce3139fe37def185e870.s3tc.ctex[39m[0m
[  15% ] [90m[1msavepack[22m | Storing File: res://.godot/imported/S2.png-999395982a4fce3139fe37def185e870.etc2.ctex[39m[0m
[  15% ] [90m[1msavepack[22m | Storing File: res://modules/shell/prototype/gallery_walk4/frames/S2.png.import[39m[0m
[  16% ] [90m[1msavepack[22m | Storing File: res://.godot/imported/S2.jpg-42d359fa68135f9394c173b8253b3481.s3tc.ctex[39m[0m
[  16% ] [90m[1msavepack[22m | Storing File: res://.godot/imported/S2.jpg-42d359fa68135f9394c173b8253b3481.etc2.ctex[39m[0m
[  16% ] [90m[1msavepack[22m | Storing File: res://modules/shell/prototype/gallery_walk4/canvas/S2.jpg.import[39m[0m
[  16% ] [90m[1msavepack[22m | Storing File: res://.godot/imported/N1.png-ff2c267b785a769604f341e12eb29f38.s3tc.ctex[39m[0m
[  16% ] [90m[1msavepack[22m | Storing File: res://.godot/imported/N1.png-ff2c267b785a769604f341e12eb29f38.etc2.ctex[39m[0m
[  16% ] [90m[1msavepack[22m | Storing File: res://modules/shell/prototype/gallery_walk4/frames/N1.png.import[39m[0m
[  16% ] [90m[1msavepack[22m | Storing File: res://.godot/imported/N1.jpg-d45addc852aff56d48f736da1699ea03.s3tc.ctex[39m[0m
[  16% ] [90m[1msavepack[22m | Storing File: res://.godot/imported/N1.jpg-d45addc852aff56d48f736da1699ea03.etc2.ctex[39m[0m
[  16% ] [90m[1msavepack[22m | Storing File: res://modules/shell/prototype/gallery_walk4/canvas/N1.jpg.import[39m[0m
[  16% ] [90m[1msavepack[22m | Storing File: res://.godot/imported/N2.png-8f5d5b9b4f60c6de4344ffe61a061048.s3tc.ctex[39m[0m
[  16% ] [90m[1msavepack[22m | Storing File: res://.godot/imported/N2.png-8f5d5b9b4f60c6de4344ffe61a061048.etc2.ctex[39m[0m
[  16% ] [90m[1msavepack[22m | Storing File: res://modules/shell/prototype/gallery_walk4/frames/N2.png.import[39m[0m
[  17% ] [90m[1msavepack[22m | Storing File: res://.godot/imported/N2.jpg-584a8a46e3c786b60f08dad04ee7fff0.s3tc.ctex[39m[0m
[  17% ] [90m[1msavepack[22m | Storing File: res://.godot/imported/N2.jpg-584a8a46e3c786b60f08dad04ee7fff0.etc2.ctex[39m[0m
[  17% ] [90m[1msavepack[22m | Storing File: res://modules/shell/prototype/gallery_walk4/canvas/N2.jpg.import[39m[0m
[  17% ] [90m[1msavepack[22m | Storing File: res://.godot/imported/exit-sign.svg-e0d9f53c50e60d5c4571e7565919c2e2.s3tc.ctex[39m[0m
[  17% ] [90m[1msavepack[22m | Storing File: res://.godot/imported/exit-sign.svg-e0d9f53c50e60d5c4571e7565919c2e2.etc2.ctex[39m[0m
[  17% ] [90m[1msavepack[22m | Storing File: res://modules/shell/prototype/gallery_walk4/textures/exit-sign.svg.import[39m[0m
[  17% ] [90m[1msavepack[22m | Storing File: res://.godot/imported/cornice-ivory.svg-360a9aaada0e7cf2185b5c66984ff3da.s3tc.ctex[39m[0m
[  17% ] [90m[1msavepack[22m | Storing File: res://.godot/imported/cornice-ivory.svg-360a9aaada0e7cf2185b5c66984ff3da.etc2.ctex[39m[0m
[  17% ] [90m[1msavepack[22m | Storing File: res://modules/shell/prototype/gallery_walk4/textures/cornice-ivory.svg.import[39m[0m
[  18% ] [90m[1msavepack[22m | Storing File: res://.godot/imported/bench-cloth-muse.webp-ac64b8ee080e763cf079910d13155b13.s3tc.ctex[39m[0m
[  18% ] [90m[1msavepack[22m | Storing File: res://.godot/imported/bench-cloth-muse.webp-ac64b8ee080e763cf079910d13155b13.etc2.ctex[39m[0m
[  18% ] [90m[1msavepack[22m | Storing File: res://modules/shell/prototype/gallery_walk4/textures/bench-cloth-muse.webp.import[39m[0m
[  18% ] [90m[1msavepack[22m | Storing File: res://.godot/imported/ivory-trim.svg-358a46dc19deab8a6d70eeff018254ff.s3tc.ctex[39m[0m
[  18% ] [90m[1msavepack[22m | Storing File: res://.godot/imported/ivory-trim.svg-358a46dc19deab8a6d70eeff018254ff.etc2.ctex[39m[0m
[  18% ] [90m[1msavepack[22m | Storing File: res://modules/shell/prototype/gallery_walk4/textures/ivory-trim.svg.import[39m[0m
[  18% ] [90m[1msavepack[22m | Storing File: res://.godot/imported/oak.png-b9b1b852d74c9124d4d6624912978c21.s3tc.ctex[39m[0m
[  18% ] [90m[1msavepack[22m | Storing File: res://.godot/imported/oak.png-b9b1b852d74c9124d4d6624912978c21.etc2.ctex[39m[0m
[  18% ] [90m[1msavepack[22m | Storing File: res://modules/shell/prototype/gallery_walk4/textures/oak.png.import[39m[0m
[  18% ] [90m[1msavepack[22m | Storing File: res://modules/shell/prototype/gallery_walk4/baked/room.lmbake[39m[0m
[  19% ] [90m[1msavepack[22m | Storing File: res://.godot/imported/room.exr-5510312a4ecf7ead78330478c6c0ad75.bptc.ctexarray[39m[0m
[  19% ] [90m[1msavepack[22m | Storing File: res://.godot/imported/room.exr-5510312a4ecf7ead78330478c6c0ad75.astc.ctexarray[39m[0m
[  19% ] [90m[1msavepack[22m | Storing File: res://modules/shell/prototype/gallery_walk4/baked/room.exr.import[39m[0m
[  19% ] [90m[1msavepack[22m | Storing File: res://modules/shell/prototype/gallery_walk4/walk4.gdc[39m[0m
[  19% ] [90m[1msavepack[22m | Storing File: res://.godot/imported/visitor.glb-fb1d76b221563424851fe8ff11a63b7d.scn[39m[0m
[  19% ] [90m[1msavepack[22m | Storing File: res://modules/shell/prototype/gallery_walk4/rig/visitor.glb.import[39m[0m
[  20% ] [90m[1msavepack[22m | Storing File: res://.godot/imported/visitor_rogue_texture.png-3cf010a870bd72baa3294d7f514660a1.ctex[39m[0m
[  20% ] [90m[1msavepack[22m | Storing File: res://modules/shell/prototype/gallery_walk4/rig/visitor_rogue_texture.png.import[39m[0m
[  20% ] [90m[1msavepack[22m | Storing File: res://.godot/imported/visitor_identity.glb-fd7e95155f3c7da9163a92beee226602.scn[39m[0m
[  20% ] [90m[1msavepack[22m | Storing File: res://modules/shell/prototype/gallery_walk4/identity/visitor_identity.glb.import[39m[0m
[  20% ] [90m[1msavepack[22m | Storing File: res://modules/shell/prototype/gallery_walk4/works.json[39m[0m
[  21% ] [90m[1msavepack[22m | Storing File: res://.godot/imported/icon_close.png-3ac88646fda01639438c6fb14892895a.ctex[39m[0m
[  21% ] [90m[1msavepack[22m | Storing File: res://modules/tab_strip/assets/icon_close.png.import[39m[0m
[  21% ] [90m[1msavepack[22m | Storing File: res://.godot/imported/icon_close_pressed.png-783abed30f2bb8fb59ebb32ea4cd19df.ctex[39m[0m
[  21% ] [90m[1msavepack[22m | Storing File: res://modules/tab_strip/assets/icon_close_pressed.png.import[39m[0m
[  21% ] [90m[1msavepack[22m | Storing File: res://modules/shell/prototype/gallery_walk4/owner_repair_check.gdc[39m[0m
[  21% ] [90m[1msavepack[22m | Storing File: res://modules/shell/prototype/gallery_walk4/doorway_prototype.gd.uid[39m[0m
[  22% ] [90m[1msavepack[22m | Storing File: res://modules/shell/prototype/gallery_walk4/painting_asset.gd.uid[39m[0m
[  22% ] [90m[1msavepack[22m | Storing File: res://modules/shell/prototype/gallery_walk4/cornice_check.gdc[39m[0m
[  22% ] [90m[1msavepack[22m | Storing File: res://modules/shell/prototype/gallery_walk4/doorway_prototype_capture.gd.uid[39m[0m
[  23% ] [90m[1msavepack[22m | Storing File: res://modules/shell/prototype/gallery_walk4/gamecube.gdshader[39m[0m
[  23% ] [90m[1msavepack[22m | Storing File: res://modules/shell/prototype/gallery_walk4/dollhouse_shot.gd.uid[39m[0m
[  23% ] [90m[1msavepack[22m | Storing File: res://modules/shell/prototype/gallery_walk4/gamecube.gdshader.uid[39m[0m
[  23% ] [90m[1msavepack[22m | Storing File: res://modules/shell/prototype/gallery_walk4/shot.gdc[39m[0m
[  24% ] [90m[1msavepack[22m | Storing File: res://modules/shell/prototype/gallery_walk4/ps1.gdshader.uid[39m[0m
[  24% ] [90m[1msavepack[22m | Storing File: res://modules/shell/prototype/gallery_walk4/doorway_prototype_capture.gdc[39m[0m
[  24% ] [90m[1msavepack[22m | Storing File: res://modules/shell/prototype/gallery_walk4/navigation_check.gdc[39m[0m
[  25% ] [90m[1msavepack[22m | Storing File: res://modules/shell/prototype/gallery_walk4/floor_oak.gdshader.uid[39m[0m
[  25% ] [90m[1msavepack[22m | Storing File: res://modules/shell/prototype/gallery_walk4/visitor_check.gd.uid[39m[0m
[  25% ] [90m[1msavepack[22m | Storing File: res://modules/shell/prototype/gallery_walk4/doorway_prototype_browser.cjs[39m[0m
[  25% ] [90m[1msavepack[22m | Storing File: res://modules/shell/prototype/gallery_walk4/portal_sculpt_relief_prepare.gd.uid[39m[0m
[  26% ] [90m[1msavepack[22m | Storing File: res://modules/shell/prototype/gallery_walk4/ps1.gdshader[39m[0m
[  26% ] [90m[1msavepack[22m | Storing File: res://modules/shell/prototype/gallery_walk4/dbg_tmp.gdc[39m[0m
[  26% ] [90m[1msavepack[22m | Storing File: res://modules/shell/prototype/gallery_walk4/portal_traversal_check.gd.uid[39m[0m
[  27% ] [90m[1msavepack[22m | Storing File: res://modules/shell/prototype/gallery_walk4/portal_sculpture_probe.gd.uid[39m[0m
[  27% ] [90m[1msavepack[22m | Storing File: res://modules/shell/prototype/gallery_walk4/cutaway_floor_check.gd.uid[39m[0m
[  27% ] [90m[1msavepack[22m | Storing File: res://modules/shell/prototype/gallery_walk4/walk4.gd.uid[39m[0m
[  27% ] [90m[1msavepack[22m | Storing File: res://modules/shell/prototype/gallery_walk4/visitor.gdshader[39m[0m
[  28% ] [90m[1msavepack[22m | Storing File: res://modules/shell/prototype/gallery_walk4/doorway_prototype_walk.cjs[39m[0m
[  28% ] [90m[1msavepack[22m | Storing File: res://modules/shell/prototype/gallery_walk4/render_diagnostics.gdc[39m[0m
[  28% ] [90m[1msavepack[22m | Storing File: res://modules/shell/prototype/gallery_walk4/painting_asset.gdc[39m[0m
[  29% ] [90m[1msavepack[22m | Storing File: res://modules/shell/prototype/gallery_walk4/architecture_167_capture.gd.uid[39m[0m
[  29% ] [90m[1msavepack[22m | Storing File: res://modules/shell/prototype/gallery_walk4/portal_traversal_check.gdc[39m[0m
[  29% ] [90m[1msavepack[22m | Storing File: res://modules/shell/prototype/gallery_walk4/floor_prototype_capture.gd.uid[39m[0m
[  29% ] [90m[1msavepack[22m | Storing File: res://modules/shell/prototype/gallery_walk4/portal_floor_probe.gdc[39m[0m
[  30% ] [90m[1msavepack[22m | Storing File: res://modules/shell/prototype/gallery_walk4/cornice_check.gd.uid[39m[0m
[  30% ] [90m[1msavepack[22m | Storing File: res://modules/shell/prototype/gallery_walk4/cutaway_floor_check.gdc[39m[0m
[  30% ] [90m[1msavepack[22m | Storing File: res://modules/shell/prototype/gallery_walk4/visitor.gd.uid[39m[0m
[  31% ] [90m[1msavepack[22m | Storing File: res://modules/shell/prototype/gallery_walk4/portal_167_capture.gdc[39m[0m
[  31% ] [90m[1msavepack[22m | Storing File: res://modules/shell/prototype/gallery_walk4/portal_sculpture_probe.gdc[39m[0m
[  31% ] [90m[1msavepack[22m | Storing File: res://modules/shell/prototype/gallery_walk4/portal_relief_prepare.gd.uid[39m[0m
[  32% ] [90m[1msavepack[22m | Storing File: res://modules/shell/prototype/gallery_walk4/oak.gdshader.uid[39m[0m
[  32% ] [90m[1msavepack[22m | Storing File: res://modules/shell/prototype/gallery_walk4/dollhouse_shot.gdc[39m[0m
[  32% ] [90m[1msavepack[22m | Storing File: res://modules/shell/prototype/gallery_walk4/floor_prototype_capture.gdc[39m[0m
[  32% ] [90m[1msavepack[22m | Storing File: res://modules/shell/prototype/gallery_walk4/portal_check.gd.uid[39m[0m
[  33% ] [90m[1msavepack[22m | Storing File: res://modules/shell/prototype/gallery_walk4/final_render_check.gdc[39m[0m
[  33% ] [90m[1msavepack[22m | Storing File: res://modules/shell/prototype/gallery_walk4/navigation_check.gd.uid[39m[0m
[  33% ] [90m[1msavepack[22m | Storing File: res://modules/shell/prototype/gallery_walk4/dbg_tmp.gd.uid[39m[0m
[  33% ] [90m[1msavepack[22m | Storing File: res://modules/shell/prototype/gallery_walk4/portal_floor_probe.gd.uid[39m[0m
[  33% ] [90m[1msavepack[22m | Storing File: res://modules/shell/prototype/gallery_walk4/doorway_check.gdc[39m[0m
[  33% ] [90m[1msavepack[22m | Storing File: res://modules/shell/prototype/gallery_walk4/doorway_check.gd.uid[39m[0m
[  33% ] [90m[1msavepack[22m | Storing File: res://modules/shell/prototype/gallery_walk4/performance_probe.gd.uid[39m[0m
[  34% ] [90m[1msavepack[22m | Storing File: res://modules/shell/prototype/gallery_walk4/visitor.gdc[39m[0m
[  34% ] [90m[1msavepack[22m | Storing File: res://modules/shell/prototype/gallery_walk4/final_render_check.gd.uid[39m[0m
[  34% ] [90m[1msavepack[22m | Storing File: res://modules/shell/prototype/gallery_walk4/floor_prototype_browser.cjs[39m[0m
[  35% ] [90m[1msavepack[22m | Storing File: res://modules/shell/prototype/gallery_walk4/visitor_check.gdc[39m[0m
[  35% ] [90m[1msavepack[22m | Storing File: res://modules/shell/prototype/gallery_walk4/cutaway.gdshader.uid[39m[0m
[  35% ] [90m[1msavepack[22m | Storing File: res://modules/shell/prototype/gallery_walk4/render_diagnostics.gd.uid[39m[0m
[  35% ] [90m[1msavepack[22m | Storing File: res://modules/shell/prototype/gallery_walk4/performance_probe.gdc[39m[0m
[  36% ] [90m[1msavepack[22m | Storing File: res://modules/shell/prototype/gallery_walk4/architecture_167_capture.gdc[39m[0m
[  36% ] [90m[1msavepack[22m | Storing File: res://modules/shell/prototype/gallery_walk4/portal_relief_prepare.gdc[39m[0m
[  36% ] [90m[1msavepack[22m | Storing File: res://modules/shell/prototype/gallery_walk4/visitor.gdshader.uid[39m[0m
[  37% ] [90m[1msavepack[22m | Storing File: res://modules/shell/prototype/gallery_walk4/cutaway.gdshader[39m[0m
[  37% ] [90m[1msavepack[22m | Storing File: res://modules/shell/prototype/gallery_walk4/portal-capital-relief.json[39m[0m
[  37% ] [90m[1msavepack[22m | Storing File: res://modules/shell/prototype/gallery_walk4/shot.gd.uid[39m[0m
[  37% ] [90m[1msavepack[22m | Storing File: res://modules/shell/prototype/gallery_walk4/portal_sculpt_relief_prepare.gdc[39m[0m
[  38% ] [90m[1msavepack[22m | Storing File: res://modules/shell/prototype/gallery_walk4/portal_167_capture.gd.uid[39m[0m
[  38% ] [90m[1msavepack[22m | Storing File: res://modules/shell/prototype/gallery_walk4/gaps.json[39m[0m
[  38% ] [90m[1msavepack[22m | Storing File: res://modules/shell/prototype/gallery_walk4/architecture_167_browser.cjs[39m[0m
[  39% ] [90m[1msavepack[22m | Storing File: res://modules/shell/prototype/gallery_walk4/owner_repair_check.gd.uid[39m[0m
[  39% ] [90m[1msavepack[22m | Storing File: res://modules/shell/prototype/gallery_walk4/portal_check.gdc[39m[0m
[  39% ] [90m[1msavepack[22m | Storing File: res://modules/shell/prototype/gallery_walk4/doorway_browser_check.cjs[39m[0m
[  40% ] [90m[1msavepack[22m | Storing File: res://.godot/imported/W6.jpg-f95176ae7f8737bafc87f7c36791e84b.ctex[39m[0m
[  40% ] [90m[1msavepack[22m | Storing File: res://modules/shell/prototype/gallery_walk4/detail/W6.jpg.import[39m[0m
[  40% ] [90m[1msavepack[22m | Storing File: res://.godot/imported/E1.jpg-4e2e91059f3322c9c039530b6d0ccede.ctex[39m[0m
[  40% ] [90m[1msavepack[22m | Storing File: res://modules/shell/prototype/gallery_walk4/detail/E1.jpg.import[39m[0m
[  40% ] [90m[1msavepack[22m | Storing File: res://.godot/imported/E4.jpg-1d92da0030e1cce20a70cb8f91088d1f.ctex[39m[0m
[  40% ] [90m[1msavepack[22m | Storing File: res://modules/shell/prototype/gallery_walk4/detail/E4.jpg.import[39m[0m
[  40% ] [90m[1msavepack[22m | Storing File: res://.godot/imported/05.png-a0f93a2d172bc6e274a64743e07aed8d.ctex[39m[0m
[  40% ] [90m[1msavepack[22m | Storing File: res://modules/shell/prototype/gallery_walk4/kid/05.png.import[39m[0m
[  41% ] [90m[1msavepack[22m | Storing File: res://.godot/imported/47.png-73da7197b66f66de3535979683a1c126.ctex[39m[0m
[  41% ] [90m[1msavepack[22m | Storing File: res://modules/shell/prototype/gallery_walk4/kid/47.png.import[39m[0m
[  41% ] [90m[1msavepack[22m | Storing File: res://.godot/imported/step_wood_01.ogg-a26cd32b140537588e22d624e412cfe8.oggvorbisstr[39m[0m
[  41% ] [90m[1msavepack[22m | Storing File: res://modules/shell/prototype/gallery_walk4/sounds/step_wood_01.ogg.import[39m[0m
[  41% ] [90m[1msavepack[22m | Storing File: res://.godot/imported/34.png-6d7033f9cac5532073c73bdebe59b71b.ctex[39m[0m
[  41% ] [90m[1msavepack[22m | Storing File: res://modules/shell/prototype/gallery_walk4/kid/34.png.import[39m[0m
[  42% ] [90m[1msavepack[22m | Storing File: res://.godot/imported/step_ground_04.ogg-245405ea0b1cd184d78323254dd55e7e.oggvorbisstr[39m[0m
[  42% ] [90m[1msavepack[22m | Storing File: res://modules/shell/prototype/gallery_walk4/sounds/step_ground_04.ogg.import[39m[0m
[  42% ] [90m[1msavepack[22m | Storing File: res://.godot/imported/44.png-f53052f022824216194c5cfb2420a077.ctex[39m[0m
[  42% ] [90m[1msavepack[22m | Storing File: res://modules/shell/prototype/gallery_walk4/kid/44.png.import[39m[0m
[  42% ] [90m[1msavepack[22m | Storing File: res://.godot/imported/27.png-3dacc80153251f6e62cc2d5d00fa3de5.ctex[39m[0m
[  42% ] [90m[1msavepack[22m | Storing File: res://modules/shell/prototype/gallery_walk4/kid/27.png.import[39m[0m
[  42% ] [90m[1msavepack[22m | Storing File: res://.godot/imported/W2.jpg-5c75a96a11afe2ab3fff1c027a368b93.ctex[39m[0m
[  42% ] [90m[1msavepack[22m | Storing File: res://modules/shell/prototype/gallery_walk4/detail/W2.jpg.import[39m[0m
[  43% ] [90m[1msavepack[22m | Storing File: res://.godot/imported/W10.jpg-61a6c96f0e2b7eaaea364d998683607a.ctex[39m[0m
[  43% ] [90m[1msavepack[22m | Storing File: res://modules/shell/prototype/gallery_walk4/detail/W10.jpg.import[39m[0m
[  43% ] [90m[1msavepack[22m | Storing File: res://.godot/imported/E9.jpg-2b5c943903a25994c8783012cfb86a85.ctex[39m[0m
[  43% ] [90m[1msavepack[22m | Storing File: res://modules/shell/prototype/gallery_walk4/detail/E9.jpg.import[39m[0m
[  43% ] [90m[1msavepack[22m | Storing File: res://.godot/imported/E7.jpg-de30134a023813e3ec5b6f7d482962e7.ctex[39m[0m
[  43% ] [90m[1msavepack[22m | Storing File: res://modules/shell/prototype/gallery_walk4/detail/E7.jpg.import[39m[0m
[  44% ] [90m[1msavepack[22m | Storing File: res://.godot/imported/E2.jpg-38ada5a8752421e0e9ba991b6bdd33be.ctex[39m[0m
[  44% ] [90m[1msavepack[22m | Storing File: res://modules/shell/prototype/gallery_walk4/detail/E2.jpg.import[39m[0m
[  44% ] [90m[1msavepack[22m | Storing File: res://.godot/imported/13.png-69fe5c944d62603c1ec9e1c4546aae28.ctex[39m[0m
[  44% ] [90m[1msavepack[22m | Storing File: res://modules/shell/prototype/gallery_walk4/kid/13.png.import[39m[0m
[  44% ] [90m[1msavepack[22m | Storing File: res://.godot/imported/door-far.jpg-48b55b4f65736a20ee3bcb82d661b9a6.ctex[39m[0m
[  44% ] [90m[1msavepack[22m | Storing File: res://modules/shell/prototype/gallery_walk4/textures/door-far.jpg.import[39m[0m
[  44% ] [90m[1msavepack[22m | Storing File: res://.godot/imported/oak-board-atlas-168-v2.webp-e508cacc5697abb53dcdcc2123855784.s3tc.ctex[39m[0m
[  44% ] [90m[1msavepack[22m | Storing File: res://.godot/imported/oak-board-atlas-168-v2.webp-e508cacc5697abb53dcdcc2123855784.etc2.ctex[39m[0m
[  44% ] [90m[1msavepack[22m | Storing File: res://modules/shell/prototype/gallery_walk4/textures/oak-board-atlas-168-v2.webp.import[39m[0m
[  45% ] [90m[1msavepack[22m | Storing File: res://.godot/imported/S2.jpg-dd69a64c5cc2048dbf7034f91ff7c472.ctex[39m[0m
[  45% ] [90m[1msavepack[22m | Storing File: res://modules/shell/prototype/gallery_walk4/detail/S2.jpg.import[39m[0m
[  45% ] [90m[1msavepack[22m | Storing File: res://.godot/imported/step_wood_06.ogg-aaa9237760fc00cb74ebb35d90a0334e.oggvorbisstr[39m[0m
[  45% ] [90m[1msavepack[22m | Storing File: res://modules/shell/prototype/gallery_walk4/sounds/step_wood_06.ogg.import[39m[0m
[  45% ] [90m[1msavepack[22m | Storing File: res://.godot/imported/11.png-b05f4b2197f165aadc5a58f4598f7112.ctex[39m[0m
[  45% ] [90m[1msavepack[22m | Storing File: res://modules/shell/prototype/gallery_walk4/kid/11.png.import[39m[0m
[  46% ] [90m[1msavepack[22m | Storing File: res://.godot/imported/20.png-14736c54220a09f1f757748396a0ba61.ctex[39m[0m
[  46% ] [90m[1msavepack[22m | Storing File: res://modules/shell/prototype/gallery_walk4/kid/20.png.import[39m[0m
[  46% ] [90m[1msavepack[22m | Storing File: res://.godot/imported/W4.jpg-234612d4928cc15dcc08cf5c01f91688.ctex[39m[0m
[  46% ] [90m[1msavepack[22m | Storing File: res://modules/shell/prototype/gallery_walk4/detail/W4.jpg.import[39m[0m
[  46% ] [90m[1msavepack[22m | Storing File: res://.godot/imported/01.png-44334014e68dd9fece7b7513cf807904.ctex[39m[0m
[  46% ] [90m[1msavepack[22m | Storing File: res://modules/shell/prototype/gallery_walk4/kid/01.png.import[39m[0m
[  46% ] [90m[1msavepack[22m | Storing File: res://.godot/imported/S1.jpg-fba3cda86c851ee79f38baf1804e6470.ctex[39m[0m
[  46% ] [90m[1msavepack[22m | Storing File: res://modules/shell/prototype/gallery_walk4/detail/S1.jpg.import[39m[0m
[  47% ] [90m[1msavepack[22m | Storing File: res://.godot/imported/W1.jpg-d59aab2a7b49a4d744a36cf7a0c2f8ba.ctex[39m[0m
[  47% ] [90m[1msavepack[22m | Storing File: res://modules/shell/prototype/gallery_walk4/detail/W1.jpg.import[39m[0m
[  47% ] [90m[1msavepack[22m | Storing File: res://.godot/imported/W5.jpg-31129db40e3fe6ae1f9a6f19507c9068.ctex[39m[0m
[  47% ] [90m[1msavepack[22m | Storing File: res://modules/shell/prototype/gallery_walk4/detail/W5.jpg.import[39m[0m
[  47% ] [90m[1msavepack[22m | Storing File: res://modules/shell/prototype/gallery_walk4/identity/build.py[39m[0m
[  48% ] [90m[1msavepack[22m | Storing File: res://.godot/imported/N2.jpg-47b17efb153174a52c25ef85e9e15cbc.ctex[39m[0m
[  48% ] [90m[1msavepack[22m | Storing File: res://modules/shell/prototype/gallery_walk4/detail/N2.jpg.import[39m[0m
[  48% ] [90m[1msavepack[22m | Storing File: res://.godot/imported/32.png-bc5bff04d9b841fdc37003def9614a06.ctex[39m[0m
[  48% ] [90m[1msavepack[22m | Storing File: res://modules/shell/prototype/gallery_walk4/kid/32.png.import[39m[0m
[  48% ] [90m[1msavepack[22m | Storing File: res://.godot/imported/W7.jpg-17c6b0b16114253d6edab33a42b42b61.ctex[39m[0m
[  48% ] [90m[1msavepack[22m | Storing File: res://modules/shell/prototype/gallery_walk4/detail/W7.jpg.import[39m[0m
[  48% ] [90m[1msavepack[22m | Storing File: res://.godot/imported/wall.png-fe2e03005f310e633ff0f5161787e653.ctex[39m[0m
[  48% ] [90m[1msavepack[22m | Storing File: res://modules/shell/prototype/gallery_walk4/textures/wall.png.import[39m[0m
[  49% ] [90m[1msavepack[22m | Storing File: res://.godot/imported/W3.jpg-df13f5ff47ce2da55b4845f452d96c30.ctex[39m[0m
[  49% ] [90m[1msavepack[22m | Storing File: res://modules/shell/prototype/gallery_walk4/detail/W3.jpg.import[39m[0m
[  49% ] [90m[1msavepack[22m | Storing File: res://.godot/imported/42.png-f8fbfa2def53602eb5e1ad2f24b69174.ctex[39m[0m
[  49% ] [90m[1msavepack[22m | Storing File: res://modules/shell/prototype/gallery_walk4/kid/42.png.import[39m[0m
[  49% ] [90m[1msavepack[22m | Storing File: res://.godot/imported/W8.jpg-e9cf8dda32011162f6e024a6039e0ee7.ctex[39m[0m
[  49% ] [90m[1msavepack[22m | Storing File: res://modules/shell/prototype/gallery_walk4/detail/W8.jpg.import[39m[0m
[  50% ] [90m[1msavepack[22m | Storing File: res://.godot/imported/E8.jpg-95c590fe3e67ddd42b81ac5639555dbc.ctex[39m[0m
[  50% ] [90m[1msavepack[22m | Storing File: res://modules/shell/prototype/gallery_walk4/detail/E8.jpg.import[39m[0m
[  50% ] [90m[1msavepack[22m | Storing File: res://.godot/imported/E6.jpg-101d9db65738272a089779a45a480639.ctex[39m[0m
[  50% ] [90m[1msavepack[22m | Storing File: res://modules/shell/prototype/gallery_walk4/detail/E6.jpg.import[39m[0m
[  50% ] [90m[1msavepack[22m | Storing File: res://.godot/imported/oak-board-atlas-168.webp-f2d58ff75a66c4bd1b1fa75979363383.s3tc.ctex[39m[0m
[  50% ] [90m[1msavepack[22m | Storing File: res://.godot/imported/oak-board-atlas-168.webp-f2d58ff75a66c4bd1b1fa75979363383.etc2.ctex[39m[0m
[  50% ] [90m[1msavepack[22m | Storing File: res://modules/shell/prototype/gallery_walk4/textures/oak-board-atlas-168.webp.import[39m[0m
[  51% ] [90m[1msavepack[22m | Storing File: res://.godot/imported/N1.jpg-810d2f4ad8bdc2c6f87df49afa96381c.ctex[39m[0m
[  51% ] [90m[1msavepack[22m | Storing File: res://modules/shell/prototype/gallery_walk4/detail/N1.jpg.import[39m[0m
[  51% ] [90m[1msavepack[22m | Storing File: res://.godot/imported/12.png-44cc47948e2fe8b00fb46425085b97c2.ctex[39m[0m
[  51% ] [90m[1msavepack[22m | Storing File: res://modules/shell/prototype/gallery_walk4/kid/12.png.import[39m[0m
[  51% ] [90m[1msavepack[22m | Storing File: res://.godot/imported/Rogue.source.glb-566f06a643fb3dc2ce20c764c8fda840.scn[39m[0m
[  51% ] [90m[1msavepack[22m | Storing File: res://modules/shell/prototype/gallery_walk4/identity/Rogue.source.glb.import[39m[0m
[  51% ] [90m[1msavepack[22m | Storing File: res://.godot/imported/W9.jpg-2c59e2f2e65aa414ac9a9d3d2c3b696d.ctex[39m[0m
[  51% ] [90m[1msavepack[22m | Storing File: res://modules/shell/prototype/gallery_walk4/detail/W9.jpg.import[39m[0m
[  52% ] [90m[1msavepack[22m | Storing File: res://.godot/imported/character_risd-163-eye-baked.png-31f77100bf5ba4c72d2963f44f5ef05a.ctex[39m[0m
[  52% ] [90m[1msavepack[22m | Storing File: res://modules/shell/prototype/gallery_walk4/visitor159/inputs/character_risd-163-eye-baked.png.import[39m[0m
[  52% ] [90m[1msavepack[22m | Storing File: res://.godot/imported/E5.jpg-68822d8f29ac3910e7d507a64f0dee8f.ctex[39m[0m
[  52% ] [90m[1msavepack[22m | Storing File: res://modules/shell/prototype/gallery_walk4/detail/E5.jpg.import[39m[0m
[  52% ] [90m[1msavepack[22m | Storing File: res://.godot/imported/character_risd-163-mouth-baked.png-4a525a5a84fa3055a76bb6c84b7464e9.ctex[39m[0m
[  52% ] [90m[1msavepack[22m | Storing File: res://modules/shell/prototype/gallery_walk4/visitor159/inputs/character_risd-163-mouth-baked.png.import[39m[0m
[  53% ] [90m[1msavepack[22m | Storing File: res://.godot/imported/E3.jpg-dd40864ff50ff61735c02bc570139e2d.ctex[39m[0m
[  53% ] [90m[1msavepack[22m | Storing File: res://modules/shell/prototype/gallery_walk4/detail/E3.jpg.import[39m[0m
[  53% ] [90m[1msavepack[22m | Storing File: res://modules/shell/prototype/gallery_walk4/rig/render_check.gd.uid[39m[0m
[  53% ] [90m[1msavepack[22m | Storing File: res://modules/shell/prototype/gallery_walk4/rig/check.gdc[39m[0m
[  53% ] [90m[1msavepack[22m | Storing File: res://modules/shell/prototype/gallery_walk4/rig/contact_check.gd.uid[39m[0m
[  54% ] [90m[1msavepack[22m | Storing File: res://modules/shell/prototype/gallery_walk4/rig/LICENSE.txt[39m[0m
[  54% ] [90m[1msavepack[22m | Storing File: res://modules/shell/prototype/gallery_walk4/rig/visitor.gd.uid[39m[0m
[  54% ] [90m[1msavepack[22m | Storing File: res://modules/shell/prototype/gallery_walk4/rig/browser_check.cjs[39m[0m
[  55% ] [90m[1msavepack[22m | Storing File: res://.godot/imported/28.png-c7496973576429e94a724e99c618c873.ctex[39m[0m
[  55% ] [90m[1msavepack[22m | Storing File: res://modules/shell/prototype/gallery_walk4/kid/28.png.import[39m[0m
[  55% ] [90m[1msavepack[22m | Storing File: res://modules/shell/prototype/gallery_walk4/rig/visitor.gdc[39m[0m
[  55% ] [90m[1msavepack[22m | Storing File: res://modules/shell/prototype/gallery_walk4/rig/contact_check.gdc[39m[0m
[  55% ] [90m[1msavepack[22m | Storing File: res://modules/shell/prototype/gallery_walk4/rig/render_check.gdc[39m[0m
[  56% ] [90m[1msavepack[22m | Storing File: res://modules/shell/prototype/gallery_walk4/rig/SOURCE.md[39m[0m
[  56% ] [90m[1msavepack[22m | Storing File: res://modules/shell/prototype/gallery_walk4/rig/contact_browser_check.cjs[39m[0m
[  56% ] [90m[1msavepack[22m | Storing File: res://.godot/imported/donor_rogue_texture.png-d08c50a5daee1e78284593e8c69cfb10.ctex[39m[0m
[  56% ] [90m[1msavepack[22m | Storing File: res://modules/shell/prototype/gallery_walk4/visitor159/inputs/donor_rogue_texture.png.import[39m[0m
[  57% ] [90m[1msavepack[22m | Storing File: res://modules/shell/prototype/gallery_walk4/rig/check.gd.uid[39m[0m
[  57% ] [90m[1msavepack[22m | Storing File: res://modules/shell/prototype/gallery_walk4/rig/prepare.py[39m[0m
[  57% ] [90m[1msavepack[22m | Storing File: res://.godot/imported/wave-01.png-ede8c7ec222c79705af5357187599bf7.ctex[39m[0m
[  57% ] [90m[1msavepack[22m | Storing File: res://modules/shell/prototype/gallery_walk4/visitor/wave-01.png.import[39m[0m
[  57% ] [90m[1msavepack[22m | Storing File: res://modules/shell/prototype/gallery_walk4/identity/KayKit-LICENSE.txt[39m[0m
[  58% ] [90m[1msavepack[22m | Storing File: res://.godot/imported/character_risd-163-hair36-source-tinted.png-e0aae40f6fc7a25a6fad0df504b4dbd5.ctex[39m[0m
[  58% ] [90m[1msavepack[22m | Storing File: res://modules/shell/prototype/gallery_walk4/visitor159/inputs/character_risd-163-hair36-source-tinted.png.import[39m[0m
[  58% ] [90m[1msavepack[22m | Storing File: res://.godot/imported/wave-06.png-be65b38aba2d7d981aa28b3db376f0de.ctex[39m[0m
[  58% ] [90m[1msavepack[22m | Storing File: res://modules/shell/prototype/gallery_walk4/visitor/wave-06.png.import[39m[0m
[  58% ] [90m[1msavepack[22m | Storing File: res://.godot/imported/30.png-67d9605acd2283c6bc210f01c7e82326.ctex[39m[0m
[  58% ] [90m[1msavepack[22m | Storing File: res://modules/shell/prototype/gallery_walk4/kid/30.png.import[39m[0m
[  59% ] [90m[1msavepack[22m | Storing File: res://.godot/imported/character_risd-163-shirt-baked.png-96ff607d57cb1746a71b258a552a6fb6.ctex[39m[0m
[  59% ] [90m[1msavepack[22m | Storing File: res://modules/shell/prototype/gallery_walk4/visitor159/inputs/character_risd-163-shirt-baked.png.import[39m[0m
[  59% ] [90m[1msavepack[22m | Storing File: res://.godot/imported/walk-02.png-9067e33662e1751f9e5b337e32184ff2.ctex[39m[0m
[  59% ] [90m[1msavepack[22m | Storing File: res://modules/shell/prototype/gallery_walk4/visitor/walk-02.png.import[39m[0m
[  59% ] [90m[1msavepack[22m | Storing File: res://.godot/imported/walk-18.png-54ea4b04f27d4e44294721dbd5663c1c.ctex[39m[0m
[  59% ] [90m[1msavepack[22m | Storing File: res://modules/shell/prototype/gallery_walk4/visitor/walk-18.png.import[39m[0m
[  60% ] [90m[1msavepack[22m | Storing File: res://.godot/imported/wave-22.png-ca1a23fcea2b1945e67394401a2f2e81.ctex[39m[0m
[  60% ] [90m[1msavepack[22m | Storing File: res://modules/shell/prototype/gallery_walk4/visitor/wave-22.png.import[39m[0m
[  60% ] [90m[1msavepack[22m | Storing File: res://.godot/imported/character.glb-e12061b755981e8fcd4acf8c146c4818.scn[39m[0m
[  60% ] [90m[1msavepack[22m | Storing File: res://modules/shell/prototype/gallery_walk4/visitor159/inputs/character.glb.import[39m[0m
[  60% ] [90m[1msavepack[22m | Storing File: res://.godot/imported/33.png-76e4bec0b1505a755930c081c155d3e1.ctex[39m[0m
[  60% ] [90m[1msavepack[22m | Storing File: res://modules/shell/prototype/gallery_walk4/kid/33.png.import[39m[0m
[  60% ] [90m[1msavepack[22m | Storing File: res://.godot/imported/40.png-5d8e4262999c58d8836461cd29893fc4.ctex[39m[0m
[  60% ] [90m[1msavepack[22m | Storing File: res://modules/shell/prototype/gallery_walk4/kid/40.png.import[39m[0m
[  61% ] [90m[1msavepack[22m | Storing File: res://.godot/imported/43.png-6196cf81a4a80ca6cb3722b10512fea0.ctex[39m[0m
[  61% ] [90m[1msavepack[22m | Storing File: res://modules/shell/prototype/gallery_walk4/kid/43.png.import[39m[0m
[  61% ] [90m[1msavepack[22m | Storing File: res://.godot/imported/walk-07.png-2d03c641f2d57714f7798ef74f42e6ac.ctex[39m[0m
[  61% ] [90m[1msavepack[22m | Storing File: res://modules/shell/prototype/gallery_walk4/visitor/walk-07.png.import[39m[0m
[  61% ] [90m[1msavepack[22m | Storing File: res://.godot/imported/wave-07.png-0f6a53e7e9560d8bc4adca206de2cf30.ctex[39m[0m
[  61% ] [90m[1msavepack[22m | Storing File: res://modules/shell/prototype/gallery_walk4/visitor/wave-07.png.import[39m[0m
[  62% ] [90m[1msavepack[22m | Storing File: res://.godot/imported/donor.glb-82dcbd97f890f6b17ba7687fa66be589.scn[39m[0m
[  62% ] [90m[1msavepack[22m | Storing File: res://modules/shell/prototype/gallery_walk4/visitor159/inputs/donor.glb.import[39m[0m
[  62% ] [90m[1msavepack[22m | Storing File: res://modules/shell/prototype/gallery_walk4/visitor159/visitor.gdc[39m[0m
[  62% ] [90m[1msavepack[22m | Storing File: res://.godot/imported/walk-17.png-084de1521cb852c4c77cde55dea9d605.ctex[39m[0m
[  62% ] [90m[1msavepack[22m | Storing File: res://modules/shell/prototype/gallery_walk4/visitor/walk-17.png.import[39m[0m
[  62% ] [90m[1msavepack[22m | Storing File: res://modules/shell/prototype/gallery_walk4/visitor159/PROVENANCE.md[39m[0m
[  63% ] [90m[1msavepack[22m | Storing File: res://.godot/imported/look-14.png-e63269d020e5a8e30cecbf96e27fdd19.ctex[39m[0m
[  63% ] [90m[1msavepack[22m | Storing File: res://modules/shell/prototype/gallery_walk4/visitor/look-14.png.import[39m[0m
[  63% ] [90m[1msavepack[22m | Storing File: res://.godot/imported/wave-14.png-002ccb9d4f00ac8db59a3c6b7dc9eda4.ctex[39m[0m
[  63% ] [90m[1msavepack[22m | Storing File: res://modules/shell/prototype/gallery_walk4/visitor/wave-14.png.import[39m[0m
[  63% ] [90m[1msavepack[22m | Storing File: res://.godot/imported/wave-11.png-5d9622e922debb0b833a959ccbaaeeb8.ctex[39m[0m
[  63% ] [90m[1msavepack[22m | Storing File: res://modules/shell/prototype/gallery_walk4/visitor/wave-11.png.import[39m[0m
[  64% ] [90m[1msavepack[22m | Storing File: res://modules/shell/prototype/gallery_walk4/visitor159/visitor.gd.uid[39m[0m
[  64% ] [90m[1msavepack[22m | Storing File: res://.godot/imported/wave-08.png-8b23967cf5793effd12ea50c4c6e1ed5.ctex[39m[0m
[  64% ] [90m[1msavepack[22m | Storing File: res://modules/shell/prototype/gallery_walk4/visitor/wave-08.png.import[39m[0m
[  64% ] [90m[1msavepack[22m | Storing File: res://.godot/imported/look-01.png-b4211a69db633d950b931a18cfe74949.ctex[39m[0m
[  64% ] [90m[1msavepack[22m | Storing File: res://modules/shell/prototype/gallery_walk4/visitor/look-01.png.import[39m[0m
[  64% ] [90m[1msavepack[22m | Storing File: res://modules/shell/prototype/gallery_walk4/bake/white_prepare.gd.uid[39m[0m
[  65% ] [90m[1msavepack[22m | Storing File: res://.godot/imported/look-03.png-48edad848a8f4a54fcac6dd974bcd4ec.ctex[39m[0m
[  65% ] [90m[1msavepack[22m | Storing File: res://modules/shell/prototype/gallery_walk4/visitor/look-03.png.import[39m[0m
[  65% ] [90m[1msavepack[22m | Storing File: res://modules/shell/prototype/gallery_walk4/bake/run.py[39m[0m
[  65% ] [90m[1msavepack[22m | Storing File: res://.godot/imported/walk-13.png-ee22b9112694c6f17c2bb0e4cb6e0e5c.ctex[39m[0m
[  65% ] [90m[1msavepack[22m | Storing File: res://modules/shell/prototype/gallery_walk4/visitor/walk-13.png.import[39m[0m
[  66% ] [90m[1msavepack[22m | Storing File: res://modules/shell/prototype/gallery_walk4/bake/plugin.cfg[39m[0m
[  66% ] [90m[1msavepack[22m | Storing File: res://modules/shell/prototype/gallery_walk4/bake/test_run.py[39m[0m
[  66% ] [90m[1msavepack[22m | Storing File: res://.godot/imported/wave-15.png-ab9354d736ac5cd4ec4e1c6956ffe8f2.ctex[39m[0m
[  66% ] [90m[1msavepack[22m | Storing File: res://modules/shell/prototype/gallery_walk4/visitor/wave-15.png.import[39m[0m
[  66% ] [90m[1msavepack[22m | Storing File: res://.godot/imported/walk-03.png-e5ea2a46446863472a1b1696e0e82492.ctex[39m[0m
[  66% ] [90m[1msavepack[22m | Storing File: res://modules/shell/prototype/gallery_walk4/visitor/walk-03.png.import[39m[0m
[  66% ] [90m[1msavepack[22m | Storing File: res://modules/shell/prototype/gallery_walk4/bake/README.md[39m[0m
[  66% ] [90m[1msavepack[22m | Storing File: res://modules/shell/prototype/gallery_walk4/bake/prepare.gdc[39m[0m
[  66% ] [90m[1msavepack[22m | Storing File: res://.godot/imported/wave-24.png-deeb1a931552e66421d005f91b41d6a6.ctex[39m[0m
[  66% ] [90m[1msavepack[22m | Storing File: res://modules/shell/prototype/gallery_walk4/visitor/wave-24.png.import[39m[0m
[  67% ] [90m[1msavepack[22m | Storing File: res://modules/shell/prototype/gallery_walk4/bake/white_prepare.gdc[39m[0m
[  67% ] [90m[1msavepack[22m | Storing File: res://modules/shell/prototype/gallery_walk4/bake/prepare.gd.uid[39m[0m
[  67% ] [90m[1msavepack[22m | Storing File: res://.godot/imported/walk-05.png-0a543fc513a0f91e11f45ea38bce3cfc.ctex[39m[0m
[  67% ] [90m[1msavepack[22m | Storing File: res://modules/shell/prototype/gallery_walk4/visitor/walk-05.png.import[39m[0m
[  67% ] [90m[1msavepack[22m | Storing File: res://.godot/imported/walk-06.png-5ae89b8e2f89e28a7d0b9892fd041f15.ctex[39m[0m
[  67% ] [90m[1msavepack[22m | Storing File: res://modules/shell/prototype/gallery_walk4/visitor/walk-06.png.import[39m[0m
[  68% ] [90m[1msavepack[22m | Storing File: res://modules/shell/prototype/gallery_walk4/bake/plugin.gd.uid[39m[0m
[  68% ] [90m[1msavepack[22m | Storing File: res://modules/shell/prototype/gallery_walk4/bake/plugin.gdc[39m[0m
[  68% ] [90m[1msavepack[22m | Storing File: res://modules/shell/prototype/gallery_walk4/identity/native_render_check.gd.uid[39m[0m
[  69% ] [90m[1msavepack[22m | Storing File: res://.godot/imported/07.png-4526216d2af1350dc27850028774a9e5.ctex[39m[0m
[  69% ] [90m[1msavepack[22m | Storing File: res://modules/shell/prototype/gallery_walk4/kid/07.png.import[39m[0m
[  69% ] [90m[1msavepack[22m | Storing File: res://.godot/imported/visitor_identity_preview.png-c834ddb31d3a5d32e8a176308633adff.ctex[39m[0m
[  69% ] [90m[1msavepack[22m | Storing File: res://modules/shell/prototype/gallery_walk4/identity/visitor_identity_preview.png.import[39m[0m
[  69% ] [90m[1msavepack[22m | Storing File: res://.godot/imported/visitor_identity_walk_preview.png-448db079bf754840cc76a3160d1dd72a.ctex[39m[0m
[  69% ] [90m[1msavepack[22m | Storing File: res://modules/shell/prototype/gallery_walk4/identity/visitor_identity_walk_preview.png.import[39m[0m
[  70% ] [90m[1msavepack[22m | Storing File: res://.godot/imported/walk-09.png-cda4b209ec468548a37ed3ffd9547ef3.ctex[39m[0m
[  70% ] [90m[1msavepack[22m | Storing File: res://modules/shell/prototype/gallery_walk4/visitor/walk-09.png.import[39m[0m
[  70% ] [90m[1msavepack[22m | Storing File: res://.godot/imported/walk-16.png-7401871aab8f28a429b0b062e21bfcc5.ctex[39m[0m
[  70% ] [90m[1msavepack[22m | Storing File: res://modules/shell/prototype/gallery_walk4/visitor/walk-16.png.import[39m[0m
[  70% ] [90m[1msavepack[22m | Storing File: res://.godot/imported/26.png-891e1ce560a72637814b14cdb7cbf4dc.ctex[39m[0m
[  70% ] [90m[1msavepack[22m | Storing File: res://modules/shell/prototype/gallery_walk4/kid/26.png.import[39m[0m
[  70% ] [90m[1msavepack[22m | Storing File: res://.godot/imported/wave-03.png-707b92264b948253ab4c6bd7fc731bca.ctex[39m[0m
[  70% ] [90m[1msavepack[22m | Storing File: res://modules/shell/prototype/gallery_walk4/visitor/wave-03.png.import[39m[0m
[  71% ] [90m[1msavepack[22m | Storing File: res://.godot/imported/wave-16.png-3e6b6d62cdde00caf4306d60bd3694fb.ctex[39m[0m
[  71% ] [90m[1msavepack[22m | Storing File: res://modules/shell/prototype/gallery_walk4/visitor/wave-16.png.import[39m[0m
[  71% ] [90m[1msavepack[22m | Storing File: res://.godot/imported/31.png-360bf7b43d06dec17ce762fc2f28cc79.ctex[39m[0m
[  71% ] [90m[1msavepack[22m | Storing File: res://modules/shell/prototype/gallery_walk4/kid/31.png.import[39m[0m
[  71% ] [90m[1msavepack[22m | Storing File: res://.godot/imported/look-04.png-142a2a1dcd67c72c60a1557a26693766.ctex[39m[0m
[  71% ] [90m[1msavepack[22m | Storing File: res://modules/shell/prototype/gallery_walk4/visitor/look-04.png.import[39m[0m
[  72% ] [90m[1msavepack[22m | Storing File: res://.godot/imported/walk-08.png-93638f109fd230798e1311ad99be79ea.ctex[39m[0m
[  72% ] [90m[1msavepack[22m | Storing File: res://modules/shell/prototype/gallery_walk4/visitor/walk-08.png.import[39m[0m
[  72% ] [90m[1msavepack[22m | Storing File: res://.godot/imported/45.png-3e7388e190ba1e2b9380898b43e44193.ctex[39m[0m
[  72% ] [90m[1msavepack[22m | Storing File: res://modules/shell/prototype/gallery_walk4/kid/45.png.import[39m[0m
[  72% ] [90m[1msavepack[22m | Storing File: res://.godot/imported/Rogue_rogue_texture.png-b17264e072ad6c4ae08ca525fd30d31b.ctex[39m[0m
[  72% ] [90m[1msavepack[22m | Storing File: res://modules/shell/prototype/gallery_walk4/identity/Rogue_rogue_texture.png.import[39m[0m
[  72% ] [90m[1msavepack[22m | Storing File: res://.godot/imported/41.png-012441ba0358cde2fe9a61b7bfd2b75d.ctex[39m[0m
[  72% ] [90m[1msavepack[22m | Storing File: res://modules/shell/prototype/gallery_walk4/kid/41.png.import[39m[0m
[  73% ] [90m[1msavepack[22m | Storing File: res://.godot/imported/idle.webp-3e6327bb5cb626c3086e9c0749e5a3eb.ctex[39m[0m
[  73% ] [90m[1msavepack[22m | Storing File: res://modules/shell/prototype/gallery_walk4/visitor/idle.webp.import[39m[0m
[  73% ] [90m[1msavepack[22m | Storing File: res://.godot/imported/wave-12.png-e987853342c0bc612f618ab35f5ca7cd.ctex[39m[0m
[  73% ] [90m[1msavepack[22m | Storing File: res://modules/shell/prototype/gallery_walk4/visitor/wave-12.png.import[39m[0m
[  73% ] [90m[1msavepack[22m | Storing File: res://.godot/imported/walk-11.png-06732ee3526c171e068ac3f2f1165e60.ctex[39m[0m
[  73% ] [90m[1msavepack[22m | Storing File: res://modules/shell/prototype/gallery_walk4/visitor/walk-11.png.import[39m[0m
[  74% ] [90m[1msavepack[22m | Storing File: res://.godot/imported/25.png-e60521f523e9e41e752586d6640859a6.ctex[39m[0m
[  74% ] [90m[1msavepack[22m | Storing File: res://modules/shell/prototype/gallery_walk4/kid/25.png.import[39m[0m
[  74% ] [90m[1msavepack[22m | Storing File: res://.godot/imported/14.png-5d453e1f0f9253f8e8de98422b236fcf.ctex[39m[0m
[  74% ] [90m[1msavepack[22m | Storing File: res://modules/shell/prototype/gallery_walk4/kid/14.png.import[39m[0m
[  74% ] [90m[1msavepack[22m | Storing File: res://.godot/imported/look-09.png-2fd56f2a38110d57ad1794c784128cbd.ctex[39m[0m
[  74% ] [90m[1msavepack[22m | Storing File: res://modules/shell/prototype/gallery_walk4/visitor/look-09.png.import[39m[0m
[  74% ] [90m[1msavepack[22m | Storing File: res://.godot/imported/15.png-e6b911354e5fa0acce64001cebf82557.ctex[39m[0m
[  74% ] [90m[1msavepack[22m | Storing File: res://modules/shell/prototype/gallery_walk4/kid/15.png.import[39m[0m
[  75% ] [90m[1msavepack[22m | Storing File: res://.godot/imported/wave-09.png-2faf367881ea7553a65230c6593fa800.ctex[39m[0m
[  75% ] [90m[1msavepack[22m | Storing File: res://modules/shell/prototype/gallery_walk4/visitor/wave-09.png.import[39m[0m
[  75% ] [90m[1msavepack[22m | Storing File: res://.godot/imported/21.png-bba1a181b8cceaccc7d49102937d646b.ctex[39m[0m
[  75% ] [90m[1msavepack[22m | Storing File: res://modules/shell/prototype/gallery_walk4/kid/21.png.import[39m[0m
[  75% ] [90m[1msavepack[22m | Storing File: res://.godot/imported/wave-10.png-79cc67aa0ecf104efa4729c546caacf9.ctex[39m[0m
[  75% ] [90m[1msavepack[22m | Storing File: res://modules/shell/prototype/gallery_walk4/visitor/wave-10.png.import[39m[0m
[  76% ] [90m[1msavepack[22m | Storing File: res://.godot/imported/look-16.png-bcdfd95cce412f394f15ccc668e76a0f.ctex[39m[0m
[  76% ] [90m[1msavepack[22m | Storing File: res://modules/shell/prototype/gallery_walk4/visitor/look-16.png.import[39m[0m
[  76% ] [90m[1msavepack[22m | Storing File: res://.godot/imported/look-02.png-5f3c3c3e46190a70b77af87c4d773737.ctex[39m[0m
[  76% ] [90m[1msavepack[22m | Storing File: res://modules/shell/prototype/gallery_walk4/visitor/look-02.png.import[39m[0m
[  76% ] [90m[1msavepack[22m | Storing File: res://.godot/imported/23.png-aac6d127a78d5211ad810deca7b84d7d.ctex[39m[0m
[  76% ] [90m[1msavepack[22m | Storing File: res://modules/shell/prototype/gallery_walk4/kid/23.png.import[39m[0m
[  76% ] [90m[1msavepack[22m | Storing File: res://.godot/imported/look-18.png-53d7ca0efdd498e1a10943c7327aad79.ctex[39m[0m
[  76% ] [90m[1msavepack[22m | Storing File: res://modules/shell/prototype/gallery_walk4/visitor/look-18.png.import[39m[0m
[  77% ] [90m[1msavepack[22m | Storing File: res://.godot/imported/walk-10.png-2409fa9a1e516f289c82ff26e2876edf.ctex[39m[0m
[  77% ] [90m[1msavepack[22m | Storing File: res://modules/shell/prototype/gallery_walk4/visitor/walk-10.png.import[39m[0m
[  77% ] [90m[1msavepack[22m | Storing File: res://.godot/imported/wave-19.png-fa95d1122f19c826ccbe40f7f81f30ad.ctex[39m[0m
[  77% ] [90m[1msavepack[22m | Storing File: res://modules/shell/prototype/gallery_walk4/visitor/wave-19.png.import[39m[0m
[  77% ] [90m[1msavepack[22m | Storing File: res://.godot/imported/10.png-5152e2bd507f97132a93627f9ef4841f.ctex[39m[0m
[  77% ] [90m[1msavepack[22m | Storing File: res://modules/shell/prototype/gallery_walk4/kid/10.png.import[39m[0m
[  78% ] [90m[1msavepack[22m | Storing File: res://.godot/imported/29.png-95b32eca2506ee7155c0795a838621d2.ctex[39m[0m
[  78% ] [90m[1msavepack[22m | Storing File: res://modules/shell/prototype/gallery_walk4/kid/29.png.import[39m[0m
[  78% ] [90m[1msavepack[22m | Storing File: res://.godot/imported/wave-04.png-670fb2eddf72f8bd3de5b6c010131d58.ctex[39m[0m
[  78% ] [90m[1msavepack[22m | Storing File: res://modules/shell/prototype/gallery_walk4/visitor/wave-04.png.import[39m[0m
[  78% ] [90m[1msavepack[22m | Storing File: res://.godot/imported/19.png-c602c7e24a64a5f02afd0bf478317b8e.ctex[39m[0m
[  78% ] [90m[1msavepack[22m | Storing File: res://modules/shell/prototype/gallery_walk4/kid/19.png.import[39m[0m
[  79% ] [90m[1msavepack[22m | Storing File: res://modules/shell/prototype/gallery_walk4/identity/native_render_check.gdc[39m[0m
[  79% ] [90m[1msavepack[22m | Storing File: res://.godot/imported/wave-13.png-35acfb8c07a72a55c11ac5a103d47e01.ctex[39m[0m
[  79% ] [90m[1msavepack[22m | Storing File: res://modules/shell/prototype/gallery_walk4/visitor/wave-13.png.import[39m[0m
[  79% ] [90m[1msavepack[22m | Storing File: res://.godot/imported/wave-05.png-e3a396e25ba1c92d32cd46d81b625aec.ctex[39m[0m
[  79% ] [90m[1msavepack[22m | Storing File: res://modules/shell/prototype/gallery_walk4/visitor/wave-05.png.import[39m[0m
[  79% ] [90m[1msavepack[22m | Storing File: res://.godot/imported/walk-20.png-b31ee722e13260c81980eabb920bd85b.ctex[39m[0m
[  79% ] [90m[1msavepack[22m | Storing File: res://modules/shell/prototype/gallery_walk4/visitor/walk-20.png.import[39m[0m
[  80% ] [90m[1msavepack[22m | Storing File: res://.godot/imported/look-15.png-69d43356ab6706182dd6e0e7fc8315af.ctex[39m[0m
[  80% ] [90m[1msavepack[22m | Storing File: res://modules/shell/prototype/gallery_walk4/visitor/look-15.png.import[39m[0m
[  80% ] [90m[1msavepack[22m | Storing File: res://.godot/imported/look-07.png-d0911b40d783c7c1211c69496245cbaf.ctex[39m[0m
[  80% ] [90m[1msavepack[22m | Storing File: res://modules/shell/prototype/gallery_walk4/visitor/look-07.png.import[39m[0m
[  80% ] [90m[1msavepack[22m | Storing File: res://.godot/imported/04.png-6f71fdcf8447d905822f6592a980331c.ctex[39m[0m
[  80% ] [90m[1msavepack[22m | Storing File: res://modules/shell/prototype/gallery_walk4/kid/04.png.import[39m[0m
[  81% ] [90m[1msavepack[22m | Storing File: res://modules/shell/prototype/gallery_walk4/identity/render_check.py[39m[0m
[  81% ] [90m[1msavepack[22m | Storing File: res://.godot/imported/look-10.png-1f2150154acd26a1e152826e0bb5adbc.ctex[39m[0m
[  81% ] [90m[1msavepack[22m | Storing File: res://modules/shell/prototype/gallery_walk4/visitor/look-10.png.import[39m[0m
[  81% ] [90m[1msavepack[22m | Storing File: res://.godot/imported/38.png-4ed2b8587130eb1d5494b3b654a3c0ae.ctex[39m[0m
[  81% ] [90m[1msavepack[22m | Storing File: res://modules/shell/prototype/gallery_walk4/kid/38.png.import[39m[0m
[  81% ] [90m[1msavepack[22m | Storing File: res://.godot/imported/17.png-b14ac9fee58bf870a7123b99e4b4064a.ctex[39m[0m
[  81% ] [90m[1msavepack[22m | Storing File: res://modules/shell/prototype/gallery_walk4/kid/17.png.import[39m[0m
[  82% ] [90m[1msavepack[22m | Storing File: res://.godot/imported/wave-21.png-55992faa32a3d47b3c2da241990206dc.ctex[39m[0m
[  82% ] [90m[1msavepack[22m | Storing File: res://modules/shell/prototype/gallery_walk4/visitor/wave-21.png.import[39m[0m
[  82% ] [90m[1msavepack[22m | Storing File: res://.godot/imported/35.png-5986491d32f241b586ede3da0fbb445c.ctex[39m[0m
[  82% ] [90m[1msavepack[22m | Storing File: res://modules/shell/prototype/gallery_walk4/kid/35.png.import[39m[0m
[  82% ] [90m[1msavepack[22m | Storing File: res://.godot/imported/wave-20.png-9628dce0fc4f250106bd9128da0ae56c.ctex[39m[0m
[  82% ] [90m[1msavepack[22m | Storing File: res://modules/shell/prototype/gallery_walk4/visitor/wave-20.png.import[39m[0m
[  83% ] [90m[1msavepack[22m | Storing File: res://.godot/imported/W6.jpg-98f866b9e5c12611c48f2dc90b7d2db2.ctex[39m[0m
[  83% ] [90m[1msavepack[22m | Storing File: res://modules/shell/prototype/gallery_walk4/canvas/W6.jpg.import[39m[0m
[  83% ] [90m[1msavepack[22m | Storing File: res://.godot/imported/walk-04.png-32b614ca819990d9f7a7725da15aa80b.ctex[39m[0m
[  83% ] [90m[1msavepack[22m | Storing File: res://modules/shell/prototype/gallery_walk4/visitor/walk-04.png.import[39m[0m
[  83% ] [90m[1msavepack[22m | Storing File: res://.godot/imported/white.exr-9f370a679bdf4f524e882d28edf2c601.bptc.ctexarray[39m[0m
[  83% ] [90m[1msavepack[22m | Storing File: res://.godot/imported/white.exr-9f370a679bdf4f524e882d28edf2c601.astc.ctexarray[39m[0m
[  83% ] [90m[1msavepack[22m | Storing File: res://modules/shell/prototype/gallery_walk4/baked/white.exr.import[39m[0m
[  83% ] [90m[1msavepack[22m | Storing File: res://.godot/imported/look-13.png-6610ca8def665182d708bc99f2e512ec.ctex[39m[0m
[  83% ] [90m[1msavepack[22m | Storing File: res://modules/shell/prototype/gallery_walk4/visitor/look-13.png.import[39m[0m
[  84% ] [90m[1msavepack[22m | Storing File: res://modules/shell/prototype/gallery_walk4/baked/white.lmbake[39m[0m
[  84% ] [90m[1msavepack[22m | Storing File: res://.godot/imported/06.png-6e5de403333fab69934b88c6aa3e61b9.ctex[39m[0m
[  84% ] [90m[1msavepack[22m | Storing File: res://modules/shell/prototype/gallery_walk4/kid/06.png.import[39m[0m
[  84% ] [90m[1msavepack[22m | Storing File: res://.godot/imported/walk-01.png-f1293844e75787787fce6548c0bd31e1.ctex[39m[0m
[  84% ] [90m[1msavepack[22m | Storing File: res://modules/shell/prototype/gallery_walk4/visitor/walk-01.png.import[39m[0m
[  85% ] [90m[1msavepack[22m | Storing File: res://.godot/imported/wave-18.png-b7178c9928695723a9e39b6036a327d9.ctex[39m[0m
[  85% ] [90m[1msavepack[22m | Storing File: res://modules/shell/prototype/gallery_walk4/visitor/wave-18.png.import[39m[0m
[  85% ] [90m[1msavepack[22m | Storing File: res://.godot/imported/look-08.png-eab17d16844fa9b468d7bfaba23a2bfa.ctex[39m[0m
[  85% ] [90m[1msavepack[22m | Storing File: res://modules/shell/prototype/gallery_walk4/visitor/look-08.png.import[39m[0m
[  85% ] [90m[1msavepack[22m | Storing File: res://.godot/imported/37.png-11b1604bce22ba38c9f365190e3bd296.ctex[39m[0m
[  85% ] [90m[1msavepack[22m | Storing File: res://modules/shell/prototype/gallery_walk4/kid/37.png.import[39m[0m
[  85% ] [90m[1msavepack[22m | Storing File: res://.godot/imported/walk-12.png-d022389701c855aee3733240f0192a6b.ctex[39m[0m
[  85% ] [90m[1msavepack[22m | Storing File: res://modules/shell/prototype/gallery_walk4/visitor/walk-12.png.import[39m[0m
[  86% ] [90m[1msavepack[22m | Storing File: res://.godot/exported/133200997/export-ad86e771563b062ad6cb90d755ce6ce4-white.scn[39m[0m
[  86% ] [90m[1msavepack[22m | Storing File: res://.godot/imported/step_wood_05.ogg-548610ec0ea024f518dee45208aa8499.oggvorbisstr[39m[0m
[  86% ] [90m[1msavepack[22m | Storing File: res://modules/shell/prototype/gallery_walk4/sounds/step_wood_05.ogg.import[39m[0m
[  86% ] [90m[1msavepack[22m | Storing File: res://.godot/imported/walk-14.png-9e2d1d9e3edb14c12209024bcdc49af5.ctex[39m[0m
[  86% ] [90m[1msavepack[22m | Storing File: res://modules/shell/prototype/gallery_walk4/visitor/walk-14.png.import[39m[0m
[  87% ] [90m[1msavepack[22m | Storing File: res://.godot/imported/walk-21.png-ff4a693ab35d1249f165510dc64f360e.ctex[39m[0m
[  87% ] [90m[1msavepack[22m | Storing File: res://modules/shell/prototype/gallery_walk4/visitor/walk-21.png.import[39m[0m
[  87% ] [90m[1msavepack[22m | Storing File: res://.godot/imported/visitor_identity_godot.png-c20ee422f49f0e2d8ee5430657ebae88.ctex[39m[0m
[  87% ] [90m[1msavepack[22m | Storing File: res://modules/shell/prototype/gallery_walk4/identity/visitor_identity_godot.png.import[39m[0m
[  87% ] [90m[1msavepack[22m | Storing File: res://.godot/imported/rogue_control_godot.png-3183a6cf775399e070384436c63f6dc9.ctex[39m[0m
[  87% ] [90m[1msavepack[22m | Storing File: res://modules/shell/prototype/gallery_walk4/identity/rogue_control_godot.png.import[39m[0m
[  87% ] [90m[1msavepack[22m | Storing File: res://.godot/imported/cancel.ogg-bf7bc59f0073ef42b1b90d7b4bc6adc6.oggvorbisstr[39m[0m
[  87% ] [90m[1msavepack[22m | Storing File: res://modules/shell/prototype/gallery_walk4/sounds/cancel.ogg.import[39m[0m
[  88% ] [90m[1msavepack[22m | Storing File: res://.godot/imported/02.png-34673f1fe3fb04b816bd3e6d4433b466.ctex[39m[0m
[  88% ] [90m[1msavepack[22m | Storing File: res://modules/shell/prototype/gallery_walk4/kid/02.png.import[39m[0m
[  88% ] [90m[1msavepack[22m | Storing File: res://.godot/imported/walk-19.png-82bb5c975953545a6ff5f4a733ca23ce.ctex[39m[0m
[  88% ] [90m[1msavepack[22m | Storing File: res://modules/shell/prototype/gallery_walk4/visitor/walk-19.png.import[39m[0m
[  88% ] [90m[1msavepack[22m | Storing File: res://.godot/imported/step_ground_03.ogg-b6cc281bc9a157e4932edcafc35d14b7.oggvorbisstr[39m[0m
[  88% ] [90m[1msavepack[22m | Storing File: res://modules/shell/prototype/gallery_walk4/sounds/step_ground_03.ogg.import[39m[0m
[  89% ] [90m[1msavepack[22m | Storing File: res://.godot/imported/wave-17.png-d4c0e9d7c26190174daf8ca33f111a48.ctex[39m[0m
[  89% ] [90m[1msavepack[22m | Storing File: res://modules/shell/prototype/gallery_walk4/visitor/wave-17.png.import[39m[0m
[  89% ] [90m[1msavepack[22m | Storing File: res://.godot/imported/wave-02.png-4621d7af0ff038555ebf0122ee348cf7.ctex[39m[0m
[  89% ] [90m[1msavepack[22m | Storing File: res://modules/shell/prototype/gallery_walk4/visitor/wave-02.png.import[39m[0m
[  89% ] [90m[1msavepack[22m | Storing File: res://modules/shell/prototype/gallery_walk4/sounds/SOURCES.md[39m[0m
[  90% ] [90m[1msavepack[22m | Storing File: res://.godot/imported/look-12.png-5a8d7380e7f2137c381859610b9ce447.ctex[39m[0m
[  90% ] [90m[1msavepack[22m | Storing File: res://modules/shell/prototype/gallery_walk4/visitor/look-12.png.import[39m[0m
[  90% ] [90m[1msavepack[22m | Storing File: res://.godot/imported/menu_open.ogg-674ef102d65c29f4f489ce77ccb49be0.oggvorbisstr[39m[0m
[  90% ] [90m[1msavepack[22m | Storing File: res://modules/shell/prototype/gallery_walk4/sounds/menu_open.ogg.import[39m[0m
[  90% ] [90m[1msavepack[22m | Storing File: res://.godot/imported/look-06.png-6e266e01882cf21bd72891ad193aefed.ctex[39m[0m
[  90% ] [90m[1msavepack[22m | Storing File: res://modules/shell/prototype/gallery_walk4/visitor/look-06.png.import[39m[0m
[  90% ] [90m[1msavepack[22m | Storing File: res://modules/shell/prototype/gallery_walk4/visitor/motion.json[39m[0m
[  91% ] [90m[1msavepack[22m | Storing File: res://.godot/imported/08.png-e136d4f2f826b6c425d86ad3fc13271d.ctex[39m[0m
[  91% ] [90m[1msavepack[22m | Storing File: res://modules/shell/prototype/gallery_walk4/kid/08.png.import[39m[0m
[  91% ] [90m[1msavepack[22m | Storing File: res://.godot/imported/walk-15.png-4237ab4184bb40e268c862bd316ade8b.ctex[39m[0m
[  91% ] [90m[1msavepack[22m | Storing File: res://modules/shell/prototype/gallery_walk4/visitor/walk-15.png.import[39m[0m
[  91% ] [90m[1msavepack[22m | Storing File: res://.godot/imported/step_ground_02.ogg-5b86299c59e83f4e72216e09e3793e72.oggvorbisstr[39m[0m
[  91% ] [90m[1msavepack[22m | Storing File: res://modules/shell/prototype/gallery_walk4/sounds/step_ground_02.ogg.import[39m[0m
[  92% ] [90m[1msavepack[22m | Storing File: res://.godot/imported/wave-23.png-15c3922c8cbd95a8dcd8b6c13d73355e.ctex[39m[0m
[  92% ] [90m[1msavepack[22m | Storing File: res://modules/shell/prototype/gallery_walk4/visitor/wave-23.png.import[39m[0m
[  92% ] [90m[1msavepack[22m | Storing File: res://.godot/imported/22.png-9eac2a1f1fa0a8a8781f960c3a5f2564.ctex[39m[0m
[  92% ] [90m[1msavepack[22m | Storing File: res://modules/shell/prototype/gallery_walk4/kid/22.png.import[39m[0m
[  92% ] [90m[1msavepack[22m | Storing File: res://.godot/imported/look-17.png-1fa4b4b2c5e9e27a681dcd72b48df218.ctex[39m[0m
[  92% ] [90m[1msavepack[22m | Storing File: res://modules/shell/prototype/gallery_walk4/visitor/look-17.png.import[39m[0m
[  92% ] [90m[1msavepack[22m | Storing File: res://.godot/imported/cursor.ogg-984df9ec3f646c00143ddf27eef32810.oggvorbisstr[39m[0m
[  92% ] [90m[1msavepack[22m | Storing File: res://modules/shell/prototype/gallery_walk4/sounds/cursor.ogg.import[39m[0m
[  93% ] [90m[1msavepack[22m | Storing File: res://.godot/imported/look-05.png-336bdf2f5539cc897f0d5fefeef4026a.ctex[39m[0m
[  93% ] [90m[1msavepack[22m | Storing File: res://modules/shell/prototype/gallery_walk4/visitor/look-05.png.import[39m[0m
[  93% ] [90m[1msavepack[22m | Storing File: res://.godot/imported/24.png-4c28940929f14688cfcbdc93248a7fac.ctex[39m[0m
[  93% ] [90m[1msavepack[22m | Storing File: res://modules/shell/prototype/gallery_walk4/kid/24.png.import[39m[0m
[  93% ] [90m[1msavepack[22m | Storing File: res://.godot/imported/look-11.png-af38e9c57287fc48a78977c964a3506d.ctex[39m[0m
[  93% ] [90m[1msavepack[22m | Storing File: res://modules/shell/prototype/gallery_walk4/visitor/look-11.png.import[39m[0m
[  94% ] [90m[1msavepack[22m | Storing File: res://.godot/imported/step_ground_01.ogg-6dfcbb1ba731d0009e0735aa2352dcb8.oggvorbisstr[39m[0m
[  94% ] [90m[1msavepack[22m | Storing File: res://modules/shell/prototype/gallery_walk4/sounds/step_ground_01.ogg.import[39m[0m
[  94% ] [90m[1msavepack[22m | Storing File: res://.godot/imported/step_wood_04.ogg-346ecb499decc0c7d9990a583f7598af.oggvorbisstr[39m[0m
[  94% ] [90m[1msavepack[22m | Storing File: res://modules/shell/prototype/gallery_walk4/sounds/step_wood_04.ogg.import[39m[0m
[  94% ] [90m[1msavepack[22m | Storing File: res://.godot/imported/select.ogg-6fd49cdf33f075963b2e5cbc2a91965c.oggvorbisstr[39m[0m
[  94% ] [90m[1msavepack[22m | Storing File: res://modules/shell/prototype/gallery_walk4/sounds/select.ogg.import[39m[0m
[  94% ] [90m[1msavepack[22m | Storing File: res://.godot/imported/step_wood_02.ogg-11877fe42e5618fcd4385f77c1676608.oggvorbisstr[39m[0m
[  94% ] [90m[1msavepack[22m | Storing File: res://modules/shell/prototype/gallery_walk4/sounds/step_wood_02.ogg.import[39m[0m
[  95% ] [90m[1msavepack[22m | Storing File: res://.godot/imported/pickup.ogg-ab0d571587e75b5a002d54c5e8639ea7.oggvorbisstr[39m[0m
[  95% ] [90m[1msavepack[22m | Storing File: res://modules/shell/prototype/gallery_walk4/sounds/pickup.ogg.import[39m[0m
[  95% ] [90m[1msavepack[22m | Storing File: res://.godot/imported/39.png-0bf2ce1eb959025891a1c318eff03ce1.ctex[39m[0m
[  95% ] [90m[1msavepack[22m | Storing File: res://modules/shell/prototype/gallery_walk4/kid/39.png.import[39m[0m
[  95% ] [90m[1msavepack[22m | Storing File: res://.godot/imported/18.png-3df76565bc2e20b3b60b8a1729ac4b86.ctex[39m[0m
[  95% ] [90m[1msavepack[22m | Storing File: res://modules/shell/prototype/gallery_walk4/kid/18.png.import[39m[0m
[  96% ] [90m[1msavepack[22m | Storing File: res://.godot/imported/16.png-c8d7effb173b6da055ec4023264c3c84.ctex[39m[0m
[  96% ] [90m[1msavepack[22m | Storing File: res://modules/shell/prototype/gallery_walk4/kid/16.png.import[39m[0m
[  96% ] [90m[1msavepack[22m | Storing File: res://.godot/imported/step_wood_03.ogg-47c64144deea5eb75e770efac70f7ccc.oggvorbisstr[39m[0m
[  96% ] [90m[1msavepack[22m | Storing File: res://modules/shell/prototype/gallery_walk4/sounds/step_wood_03.ogg.import[39m[0m
[  96% ] [90m[1msavepack[22m | Storing File: res://.godot/imported/36.png-5b75d249d9cf39e0235656b1c87eca04.ctex[39m[0m
[  96% ] [90m[1msavepack[22m | Storing File: res://modules/shell/prototype/gallery_walk4/kid/36.png.import[39m[0m
[  96% ] [90m[1msavepack[22m | Storing File: res://.godot/imported/item_select.ogg-6ce27fad9cced583103aa289a95d86e4.oggvorbisstr[39m[0m
[  96% ] [90m[1msavepack[22m | Storing File: res://modules/shell/prototype/gallery_walk4/sounds/item_select.ogg.import[39m[0m
[  97% ] [90m[1msavepack[22m | Storing File: res://.godot/imported/menu_close.ogg-98c3500d3be36f77cdec001b039fd181.oggvorbisstr[39m[0m
[  97% ] [90m[1msavepack[22m | Storing File: res://modules/shell/prototype/gallery_walk4/sounds/menu_close.ogg.import[39m[0m
[  97% ] [90m[1msavepack[22m | Storing File: res://.godot/imported/09.png-f47d32756a72992adf80eb9d2ba0854a.ctex[39m[0m
[  97% ] [90m[1msavepack[22m | Storing File: res://modules/shell/prototype/gallery_walk4/kid/09.png.import[39m[0m
[  97% ] [90m[1msavepack[22m | Storing File: res://.godot/imported/00.png-5abcecaaf38528990d07b05a4f7cb584.ctex[39m[0m
[  97% ] [90m[1msavepack[22m | Storing File: res://modules/shell/prototype/gallery_walk4/kid/00.png.import[39m[0m
[  98% ] [90m[1msavepack[22m | Storing File: res://.godot/imported/46.png-2a03b47410c4a59a5e3eb48850b79ff4.ctex[39m[0m
[  98% ] [90m[1msavepack[22m | Storing File: res://modules/shell/prototype/gallery_walk4/kid/46.png.import[39m[0m
[  98% ] [90m[1msavepack[22m | Storing File: res://.godot/imported/03.png-948dccc848a2b51b7aac9b50a14d1d20.ctex[39m[0m
[  98% ] [90m[1msavepack[22m | Storing File: res://modules/shell/prototype/gallery_walk4/kid/03.png.import[39m[0m
[  98% ] [90m[1msavepack[22m | Storing File: res://.godot/imported/door.ogg-51e758746edbecf4dd83bcb20f667174.oggvorbisstr[39m[0m
[  98% ] [90m[1msavepack[22m | Storing File: res://modules/shell/prototype/gallery_walk4/sounds/door.ogg.import[39m[0m
[  98% ] [90m[1msavepack[22m | Storing File: res://modules/shell/prototype/gallery_walk4/doorway_prototype.tscn.remap[39m[0m
[  98% ] [90m[1msavepack[22m | Storing File: res://modules/shell/prototype/gallery_walk4/doorway_prototype.gd.remap[39m[0m
[  98% ] [90m[1msavepack[22m | Storing File: res://modules/shell/prototype/gallery_walk4/baked/room.tscn.remap[39m[0m
[  98% ] [90m[1msavepack[22m | Storing File: res://modules/shell/prototype/gallery_walk4/walk4.gd.remap[39m[0m
[  98% ] [90m[1msavepack[22m | Storing File: res://modules/shell/prototype/gallery_walk4/owner_repair_check.gd.remap[39m[0m
[  98% ] [90m[1msavepack[22m | Storing File: res://modules/shell/prototype/gallery_walk4/cornice_check.gd.remap[39m[0m
[  98% ] [90m[1msavepack[22m | Storing File: res://modules/shell/prototype/gallery_walk4/shot.gd.remap[39m[0m
[  98% ] [90m[1msavepack[22m | Storing File: res://modules/shell/prototype/gallery_walk4/doorway_prototype_capture.gd.remap[39m[0m
[  98% ] [90m[1msavepack[22m | Storing File: res://modules/shell/prototype/gallery_walk4/navigation_check.gd.remap[39m[0m
[  98% ] [90m[1msavepack[22m | Storing File: res://modules/shell/prototype/gallery_walk4/dbg_tmp.gd.remap[39m[0m
[  98% ] [90m[1msavepack[22m | Storing File: res://modules/shell/prototype/gallery_walk4/render_diagnostics.gd.remap[39m[0m
[  98% ] [90m[1msavepack[22m | Storing File: res://modules/shell/prototype/gallery_walk4/painting_asset.gd.remap[39m[0m
[  98% ] [90m[1msavepack[22m | Storing File: res://modules/shell/prototype/gallery_walk4/portal_traversal_check.gd.remap[39m[0m
[  98% ] [90m[1msavepack[22m | Storing File: res://modules/shell/prototype/gallery_walk4/portal_floor_probe.gd.remap[39m[0m
[  98% ] [90m[1msavepack[22m | Storing File: res://modules/shell/prototype/gallery_walk4/cutaway_floor_check.gd.remap[39m[0m
[  98% ] [90m[1msavepack[22m | Storing File: res://modules/shell/prototype/gallery_walk4/portal_167_capture.gd.remap[39m[0m
[  98% ] [90m[1msavepack[22m | Storing File: res://modules/shell/prototype/gallery_walk4/portal_sculpture_probe.gd.remap[39m[0m
[  98% ] [90m[1msavepack[22m | Storing File: res://modules/shell/prototype/gallery_walk4/dollhouse_shot.gd.remap[39m[0m
[  98% ] [90m[1msavepack[22m | Storing File: res://modules/shell/prototype/gallery_walk4/floor_prototype_capture.gd.remap[39m[0m
[  98% ] [90m[1msavepack[22m | Storing File: res://modules/shell/prototype/gallery_walk4/final_render_check.gd.remap[39m[0m
[  98% ] [90m[1msavepack[22m | Storing File: res://modules/shell/prototype/gallery_walk4/doorway_check.gd.remap[39m[0m
[  98% ] [90m[1msavepack[22m | Storing File: res://modules/shell/prototype/gallery_walk4/visitor.gd.remap[39m[0m
[  98% ] [90m[1msavepack[22m | Storing File: res://modules/shell/prototype/gallery_walk4/visitor_check.gd.remap[39m[0m
[  98% ] [90m[1msavepack[22m | Storing File: res://modules/shell/prototype/gallery_walk4/performance_probe.gd.remap[39m[0m
[  98% ] [90m[1msavepack[22m | Storing File: res://modules/shell/prototype/gallery_walk4/architecture_167_capture.gd.remap[39m[0m
[  98% ] [90m[1msavepack[22m | Storing File: res://modules/shell/prototype/gallery_walk4/portal_relief_prepare.gd.remap[39m[0m
[  98% ] [90m[1msavepack[22m | Storing File: res://modules/shell/prototype/gallery_walk4/portal_sculpt_relief_prepare.gd.remap[39m[0m
[  98% ] [90m[1msavepack[22m | Storing File: res://modules/shell/prototype/gallery_walk4/portal_check.gd.remap[39m[0m
[  98% ] [90m[1msavepack[22m | Storing File: res://modules/shell/prototype/gallery_walk4/rig/check.gd.remap[39m[0m
[  98% ] [90m[1msavepack[22m | Storing File: res://modules/shell/prototype/gallery_walk4/rig/visitor.gd.remap[39m[0m
[  98% ] [90m[1msavepack[22m | Storing File: res://modules/shell/prototype/gallery_walk4/rig/contact_check.gd.remap[39m[0m
[  98% ] [90m[1msavepack[22m | Storing File: res://modules/shell/prototype/gallery_walk4/rig/render_check.gd.remap[39m[0m
[  98% ] [90m[1msavepack[22m | Storing File: res://modules/shell/prototype/gallery_walk4/visitor159/visitor.gd.remap[39m[0m
[  98% ] [90m[1msavepack[22m | Storing File: res://modules/shell/prototype/gallery_walk4/bake/prepare.gd.remap[39m[0m
[  98% ] [90m[1msavepack[22m | Storing File: res://modules/shell/prototype/gallery_walk4/bake/white_prepare.gd.remap[39m[0m
[  98% ] [90m[1msavepack[22m | Storing File: res://modules/shell/prototype/gallery_walk4/bake/plugin.gd.remap[39m[0m
[  98% ] [90m[1msavepack[22m | Storing File: res://modules/shell/prototype/gallery_walk4/identity/native_render_check.gd.remap[39m[0m
[  98% ] [90m[1msavepack[22m | Storing File: res://modules/shell/prototype/gallery_walk4/baked/white.tscn.remap[39m[0m
[  98% ] [90m[1msavepack[22m | Storing File: res://.godot/global_script_class_cache.cfg[39m[0m
[  98% ] [90m[1msavepack[22m | Storing File: res://.godot/uid_cache.bin[39m[0m
[  98% ] [90m[1msavepack[22m | Storing File: res://project.binary[39m[0m
[92m[ DONE ][39m [1msavepack[22m
[0m
