Godot Engine v4.7.2.stable.official.ed1daf0bf - https://godotengine.org

SCRIPT ERROR: Parse Error: Preload file "res://modules/sketchbook/assets/gold-frame/frame.png" has no resource loaders (unrecognized file extension).
          at: GDScript::reload (res://modules/sketchbook/desktop.gd:22)
SCRIPT ERROR: Parse Error: Cannot infer the type of "GOLD_FRAME" constant because the value doesn't have a set type.
          at: GDScript::reload (res://modules/sketchbook/desktop.gd:22)
SCRIPT ERROR: Parse Error: Preload file "res://modules/sketchbook/assets/monet-reference.png" has no resource loaders (unrecognized file extension).
          at: GDScript::reload (res://modules/sketchbook/desktop.gd:23)
SCRIPT ERROR: Parse Error: Cannot infer the type of "REFERENCE_PAINTING" constant because the value doesn't have a set type.
          at: GDScript::reload (res://modules/sketchbook/desktop.gd:23)
SCRIPT ERROR: Compile Error: Failed to compile depended scripts.
          at: GDScript::reload (res://modules/sketchbook/interface.gd:0)
SCRIPT ERROR: Compile Error: Failed to compile depended scripts.
          at: GDScript::reload (res://modules/shell/demo.gd:0)
ERROR: Failed to load script "res://modules/shell/demo.gd" with error "Compilation failed".
   at: load (modules/gdscript/gdscript_resource_format.cpp:46)
ERROR: No loader found for resource: res://modules/tab_strip/assets/bar_stripes.png (expected type: unknown)
   at: _load (core/io/resource_loader.cpp:332)
   GDScript backtrace (most recent call first):
       [0] _load_assets (res://modules/tab_strip/tab_strip.gd:76)
       [1] create (res://modules/tab_strip/tab_strip.gd:59)
       [2] create (res://modules/tab_strip/interface.gd:43)
       [3] create (res://modules/shell/shell.gd:44)
       [4] create (res://modules/shell/interface.gd:55)
       [5] _ready (res://modules/shell/demo.gd:73)
       [6] _poll_load (res://modules/shell/boot_loader.gd:200)
       [7] _process (res://modules/shell/boot_loader.gd:105)
ERROR: shell: tab_strip.asset_missing
   at: push_error (core/variant/variant_utility.cpp:1023)
   GDScript backtrace (most recent call first):
       [0] _ready (res://modules/shell/demo.gd:76)
       [1] _poll_load (res://modules/shell/boot_loader.gd:200)
       [2] _process (res://modules/shell/boot_loader.gd:105)
WARNING: 3 RIDs of type "CanvasItem" were leaked.
   at: _free_rids (servers/rendering/renderer_canvas_cull.cpp:2735)
WARNING: 20 ObjectDB instances were leaked at exit (run with `--verbose` for details).
   at: cleanup (core/object/object.cpp:2536)
ERROR: 7 resources still in use at exit (run with --verbose for details).
   at: clear (core/io/resource.cpp:822)
Godot reported errors on import
