FAIL  room 'grey French gallery' equals the plan  -> {"got": [[3.85, 11.05, -5.8, 1.8], {"east": [-5.8, 1.8], "north": [4.55, 6.55], "south": [4.55, 6.55], "west": [-2.8, -1.2]}], "want": [[3.85, 11.05, -4.2, 1.8], {"west": [-0.34, 1.5], "east": [-4.2, 1.8], "north": [4.55, 6.55], "south": [4.55, 6.55]}]}
FAIL  room 'purple elevator-5 connector' equals the plan  -> {"got": [[1.7, 3.85, -2.8, -1.2], {"east": [-2.8, -1.2], "west": [-2.8, -1.2]}], "want": [[1.7, 3.85, -0.34, 1.5], {"west": [-0.34, 1.5], "east": [-0.34, 1.5]}]}
FAIL  room 'Rockefeller' equals the plan  -> {"got": [[-4.7, 1.7, -7.2, -0.4], {"east": [-2.8, -1.2], "south": [-3.5, -1.5]}], "want": [[-4.7, 1.7, -5.0, 1.8], {"south": [-3.5, -1.5], "east": [-0.34, 1.5]}]}
FAIL  room 'adjacent gallery' equals the plan  -> {"got": [[-5.55, 0.55, -0.4, 28.1], {"north": [-3.5, -1.5], "south": [-3.5, -1.5]}], "want": [[-5.55, 0.55, 1.8, 28.1], {"north": [-3.5, -1.5], "south": [-3.5, -1.5]}]}
FAIL  room 'Ionic marble-stair threshold study limit' equals the plan  -> {"got": [[11.05, 12.65, -5.8, 1.8], {"west": [-5.8, 1.8]}], "want": [[11.05, 12.65, -4.2, 1.8], {"west": [-4.2, 1.8]}]}
FAIL  room 'piano-stair threshold study limit' equals the plan  -> {"got": [[4.55, 6.55, -7.4, -5.8], {"south": [4.55, 6.55]}], "want": [[4.55, 6.55, -5.800000000000001, -4.2], {"south": [4.55, 6.55]}]}
PASS  room 'Grand Gallery' equals the plan
PASS  the 6 rooms outside the register change are identical to the baseline
PASS  every opening has exactly one partner on a shared wall line (26 paired openings, 13 pairs)
PASS  no two rooms overlap in plan
PASS  corner return to clear opening 0.30 m is inside the fit's range 0.15..0.45
PASS  door clear width 1.84 m is inside the fit's range 1.60..2.10
FAIL  grey west wall length 7.60 m is inside the fit's range 5.40..6.60
FAIL  grey_register flags: every metric and loop flag is false  -> {}
FAIL  every floor triangle (5748 in 1684 meshes) has an upward clockwise front and an upward stored normal  -> {"front_faces_down": 48, "meshes": 1684, "no_normals": 0, "stored_normal_down": 3316, "triangles": 5748}
PASS  negative control: the baseline floors fail that same test (48 wrong fronts, 3316 down or missing normals)
PASS  retained Main Hall: 139 meshes; frame or canvas textures for all 23 works listed in its works.json are on retained meshes; 343 of 343 non-import source files hash-equal; same attachment point
{
 "Rockefeller": {
  "wall or floor piece moved +0.00 z": 260,
  "object moved +0.00 z": 227
 },
 "European gallery": {
  "wall or floor piece moved +0.00 z": 773,
  "object moved +0.00 z": 42
 },
 "elsewhere (medieval, Renaissance, landing, modern)": {
  "wall or floor piece moved +0.00 z": 807,
  "object moved +0.00 z": 698
 },
 "connector": {
  "wall or floor piece moved +0.00 z": 61,
  "object moved +0.00 z": 3
 },
 "grey gallery and thresholds": {
  "wall or floor piece moved +0.00 z": 165,
  "object moved +0.00 z": 50
 },
 "Main Hall footprint (authored extras)": {
  "wall or floor piece moved +0.00 z": 17,
  "object moved +0.00 z": 5
 }
}
PASS  nothing outside the four changed rooms moved (1505 nodes)
PASS  authored extras inside the Hall footprint did not move (22 nodes)
FAIL  every Rockefeller object moved exactly +2.20 m with its room (0 objects); only the vent over the east door moved with the door (+2.58)  -> {"counts": {"wall or floor piece moved +0.00 z": 260, "object moved +0.00 z": 227}, "odd": [{"look": "e9e4d8ff", "tag": "", "centre": [-3.65, 3.43, -5.5], "moved_z": 0.0}, {"look": "e9e4d8ff", "tag": "", "centre": [-4.15, 3.33, -5.5], "moved_z": 0.0}, {"look": "e9e4d8ff", "tag": "", "centre": [-3.15, 3.33, -5.5], "moved_z": 0.0}, {"look": "e9e4d8ff", "tag": "", "centre": [-3.65, 3.43, -3.5], "move
FAIL  Courbet 43.571 hangs on the west wall with its centre inside the fit's range -3.40..-2.75  -> [[3.985, 1.8, -4.35]]
FAIL  Courbet centre is 1.45 m from the north-west corner (fit 1.05..1.25)
PASS  Corot 24.089 rides the moved north wall
PASS  Bertin 56.214 stays on the Hall-door wall
PASS  four black panels sit on the connector's south wall face
PASS  lift doors and the '5' sit on the connector's north wall face, as in the baseline
UNVER the '5' on the connector's north side is supported by IMG_6380 103.0 s (a large 5 on a pale surface on the purple side); the lift doors themselves are not seen in any frame reviewed here. The black south wall also carries a screen with a small 5, a black door, a fire pull and an extinguisher (101.6, 104.0, 240.3, 246.0 s), none of them built. Not part of this change.
PASS  two free columns stand in the Ionic opening, clear of both ends
UNVER column spacing: the delivery puts them at z [-4.2, 0.2] (1.6 m from each end of a 6.0 m opening). The fit did not measure it; nothing here does either.
FAIL  grey gallery door leaves: two at the piano door on the moved north wall, two at the Hall door  -> {"got": [[4.51, -5.35], [4.51, 1.35], [6.59, -5.35], [6.59, 1.35]], "want": [[4.51, -3.75], [4.51, 1.35], [6.59, -3.75], [6.59, 1.35]]}
FAIL  the barn painting is not built and is flagged as not built
PASS  a visitor walking the connector axis clears the Hall door's open west leaf (0.075 m)
PASS  European gallery west wall keeps the source order from the Rockefeller door and everything is inside the room
UNVER Fetti, both piers, Goltzius and the far door leaves keep their old z by the delivery's own choice; their distance from either end of the gallery is unmeasured in every source reviewed.
FAIL  nothing authored is left in the vacated connector slot or north of the moved Rockefeller and grey north walls  -> [["mesh", "81735cff", "", [2.77, 0.0, -2.0]], ["mesh", "81735cff", "", [5.55, 0.0, -6.6]], ["mesh", "floor_oak.gdshader", "", [-4.63, 0.0, -6.3]], ["mesh", "floor_oak.gdshader", "", [-4.49, 0.0, -6.6]], ["mesh", "floor_oak.gdshader", "", [-4.35, 0.0, -6.9]], ["mesh", "floor_oak.gdshader", "", [-4.35, 0.0, -5.7]], ["mesh", "floor_oak.gdshader", "", [-4.21, 0.0, -6.3]], ["mesh", "floor_oak.gdshader"
PASS  walk: no trial that passed on the baseline fails on the delivery (84 of 87 pass; 0 rows re-aimed)
UNVER walk trials failing on the baseline and on the delivery alike (retained-Hall portal guard and similar): ['loop_16', 'medieval_between_cases_clear', 'medieval_stairs_aisle_clear']
PASS  walk: connector, Rockefeller east door, piano door, Ionic opening, Hall door and European door pass both ways
PASS  walk: every loop leg that passed on the baseline passes (32 of 33 legs pass)
FAIL  review cameras: each of the 0 changed or new views stands inside a room, outside every solid, with a clear first half of its sight line  -> []
UNVER review cameras were placed by arithmetic here too; nothing was rendered, so framing and what each view shows are not checked
PASS  bake lights: same count of every kind as the baseline, each inside a room and below its ceiling
PASS  bake lights outside the changed rooms did not move
{"passed": 22, "failed": 16, "unverified": 5}
