Godot Engine v4.7.2.stable.official.ed1daf0bf - https://godotengine.org

[   0% ] first_scan_filesystem | Started Project initialization (5 steps)
[   0% ] first_scan_filesystem | Scanning file structure...
[  16% ] first_scan_filesystem | Loading global class names...
[  33% ] first_scan_filesystem | Verifying GDExtensions...
[  50% ] first_scan_filesystem | Creating autoload scripts...
[  66% ] first_scan_filesystem | Initializing plugins...
[  83% ] first_scan_filesystem | Starting file scan...
[ DONE ] first_scan_filesystem

[   0% ] savepack | Started Packing (102 steps)
[   1% ] savepack | Storing File: res://.godot/imported/visitor_identity.glb-fd7e95155f3c7da9163a92beee226602.scn
[   1% ] savepack | Storing File: res://modules/shell/prototype/gallery_walk4/identity/visitor_identity.glb.import
[  15% ] savepack | Storing File: res://modules/shell/prototype/gallery_walk4/rig/visitor.gdc
[  29% ] savepack | Storing File: res://doorway_walk.gdc
[  42% ] savepack | Storing File: res://.godot/exported/133200997/export-b4cde96938b070a9341cb79c22474886-doorway_walk.scn
[  57% ] savepack | Storing File: res://geometry.json
[  70% ] savepack | Storing File: res://.godot/imported/plan.png-f74e43cb756de68e861db8a22be493a5.ctex
[  70% ] savepack | Storing File: res://plan.png.import
[  84% ] savepack | Storing File: res://provenance.json
[  84% ] savepack | Storing File: res://modules/shell/prototype/gallery_walk4/rig/visitor.gd.remap
[  84% ] savepack | Storing File: res://doorway_walk.gd.remap
[  84% ] savepack | Storing File: res://doorway_walk.tscn.remap
[  84% ] savepack | Storing File: res://.godot/global_script_class_cache.cfg
[  84% ] savepack | Storing File: res://.godot/uid_cache.bin
[  84% ] savepack | Storing File: res://project.binary
[ DONE ] savepack
