Godot Engine v4.7.2.stable.official.ed1daf0bf - https://godotengine.org
Xlib:  extension "GLX" missing on display ":99".
Xlib:  extension "GLX" missing on display ":99".
Xlib:  extension "GLX" missing on display ":99".
Xlib:  extension "GLX" missing on display ":99".
Xlib:  extension "GLX" missing on display ":99".
Xlib:  extension "GLX" missing on display ":99".
Xlib:  extension "GLX" missing on display ":99".
Xlib:  extension "GLX" missing on display ":99".
Xlib:  extension "GLX" missing on display ":99".
Xlib:  extension "GLX" missing on display ":99".
Xlib:  extension "GLX" missing on display ":99".
Xlib:  extension "GLX" missing on display ":99".
Xlib:  extension "GLX" missing on display ":99".
Xlib:  extension "GLX" missing on display ":99".
Xlib:  extension "GLX" missing on display ":99".
Xlib:  extension "GLX" missing on display ":99".
Vulkan 1.4.318 - Forward+ - Using Device #0: Unknown - llvmpipe (LLVM 20.1.2, 256 bits)

REST bounds=0.18734590709209..17.0174369812012 soles=194
CLIP Idle length=1.06666672229767
CLIP Walking_A length=1.06666672229767
CLIP Interact length=1.29999995231628
FAIL source-0-window image=[P: (165.1493, 101.9688), S: (862.1766, 462.0156)] source=(480.0, 270.0)
FAIL source-0-fullscreen image=[P: (115.0, 54.0), S: (965.0, 972.0)] source=(480.0, 270.0)
FAIL source-1-window image=[P: (165.1493, 101.9688), S: (862.1766, 462.0156)] source=(480.0, 270.0)
FAIL source-1-fullscreen image=[P: (115.0, 54.0), S: (965.0, 972.0)] source=(480.0, 270.0)
FAIL source-2-window image=[P: (165.1493, 101.9688), S: (862.1766, 462.0156)] source=(480.0, 244.0)
FAIL source-2-fullscreen image=[P: (115.0, 54.0), S: (965.0, 972.0)] source=(480.0, 244.0)
FAIL source-3-window image=[P: (165.1493, 101.9688), S: (862.1766, 462.0156)] source=(480.0, 270.0)
FAIL source-3-fullscreen image=[P: (115.0, 54.0), S: (965.0, 972.0)] source=(480.0, 270.0)
FAIL source-4-window image=[P: (165.1493, 101.9688), S: (862.1766, 462.0156)] source=(480.0, 320.0)
FAIL source-4-fullscreen image=[P: (115.0, 54.0), S: (965.0, 972.0)] source=(480.0, 320.0)
FAIL fullscreen-fit-1920x1080 image=[P: (115.0, 54.0), S: (965.0, 972.0)] source=(480.0, 270.0)
FAIL fullscreen-fit-1080x1920 image=[P: (115.0, 54.0), S: (965.0, 972.0)] source=(480.0, 270.0)
FAIL fullscreen-fit-486x720 image=[P: (115.0, 54.0), S: (965.0, 972.0)] source=(480.0, 270.0)
FAIL window-return image=[P: (165.1493, 101.9688), S: (862.1766, 462.0156)] source=(480.0, 270.0)
ASPECT208 failures=14
WARNING: 4 ObjectDB instances were leaked at exit (run with `--verbose` for details).
   at: cleanup (core/object/object.cpp:2536)
ERROR: 2 resources still in use at exit (run with --verbose for details).
   at: clear (core/io/resource.cpp:822)
