I20260930 01:45:29.784996 131404096599744 feature_extraction.cc:498] === Feature extraction ===
I20260930 01:45:29.785916 131403811366592 sift.cc:758] Creating SIFT GPU feature extractor
I20260930 01:45:30.023289 131403802973888 feature_extraction.cc:270] Processed file [1/3]
I20260930 01:45:30.023342 131403802973888 feature_extraction.cc:273]   Name:            IMG_6380/grandreturn-000024.jpg
I20260930 01:45:30.023346 131403802973888 feature_extraction.cc:282]   Dimensions:      1280 x 720
I20260930 01:45:30.023351 131403802973888 feature_extraction.cc:285]   Camera:          #5 - SIMPLE_RADIAL
I20260930 01:45:30.023356 131403802973888 feature_extraction.cc:289]   Focal Length:    594.33px
I20260930 01:45:30.023368 131403802973888 feature_extraction.cc:294]   Features:        187 (SIFT)
I20260930 01:45:30.039667 131403802973888 feature_extraction.cc:270] Processed file [2/3]
I20260930 01:45:30.039704 131403802973888 feature_extraction.cc:273]   Name:            IMG_6380/grandreturn-000026.jpg
I20260930 01:45:30.039708 131403802973888 feature_extraction.cc:282]   Dimensions:      1280 x 720
I20260930 01:45:30.039711 131403802973888 feature_extraction.cc:285]   Camera:          #5 - SIMPLE_RADIAL
I20260930 01:45:30.039716 131403802973888 feature_extraction.cc:289]   Focal Length:    594.33px
I20260930 01:45:30.039727 131403802973888 feature_extraction.cc:294]   Features:        132 (SIFT)
I20260930 01:45:30.058660 131403802973888 feature_extraction.cc:270] Processed file [3/3]
I20260930 01:45:30.058695 131403802973888 feature_extraction.cc:273]   Name:            IMG_6380/grandreturn-000028.jpg
I20260930 01:45:30.058699 131403802973888 feature_extraction.cc:282]   Dimensions:      1280 x 720
I20260930 01:45:30.058702 131403802973888 feature_extraction.cc:285]   Camera:          #5 - SIMPLE_RADIAL
I20260930 01:45:30.058707 131403802973888 feature_extraction.cc:289]   Focal Length:    594.33px
I20260930 01:45:30.058714 131403802973888 feature_extraction.cc:294]   Features:        323 (SIFT)
I20260930 01:45:30.074154 131404096599744 timer.cc:90] Elapsed time: 0.005 [minutes]
I20260930 01:45:30.091803 131404096599744 feature_matching.cc:196] === Feature matching & geometric verification ===
I20260930 01:45:30.091915 131403802973888 feature_matching_utils.cc:79] Bind FeatureMatcherWorker to GPU device 0
I20260930 01:45:30.095572 131403802973888 sift.cc:1679] Creating SIFT GPU feature matcher
I20260930 01:45:30.098974 131404096599744 pairing.cc:905] Importing image pairs...
I20260930 01:45:30.100752 131404096599744 pairing.cc:938] Processing block [1/2]
I20260930 01:45:30.556714 131404096599744 feature_matching.cc:218] in 0.456s
I20260930 01:45:30.556748 131404096599744 pairing.cc:938] Processing block [2/2]
I20260930 01:45:30.607934 131404096599744 feature_matching.cc:218] in 0.051s
I20260930 01:45:30.607972 131404096599744 timer.cc:90] Elapsed time: 0.009 [minutes]
{
  "rows": [
    {
      "image": "IMG_6380/grandreturn-000024.jpg",
      "unique_tracked_points": 0,
      "supported": false,
      "rejection": "IMG_6380/grandreturn-000024.jpg: insufficient pose-fit correspondences"
    },
    {
      "image": "IMG_6380/grandreturn-000026.jpg",
      "unique_tracked_points": 0,
      "supported": false,
      "rejection": "IMG_6380/grandreturn-000026.jpg: insufficient pose-fit correspondences"
    },
    {
      "image": "IMG_6380/grandreturn-000028.jpg",
      "unique_tracked_points": 5,
      "supported": false,
      "rejection": "IMG_6380/grandreturn-000028.jpg: insufficient pose-fit correspondences"
    }
  ],
  "source_sha256": {
    "sparse/0/points3D.bin": "0502ddc1b35534da15704c18f27477305b39dba3836c821795e6dee900993662",
    "sparse/0/frames.bin": "bbd62b81f37081f98a25ca9f2e85fa18bd5cc914c410c561e0400cb32b4055c7",
    "sparse/0/images.bin": "36a32112b9e116d78d1fb7250987ab971d3d013ad174d4f9a635e18c51967884",
    "sparse/0/rigs.bin": "e24d140869bc0e26f36132b69c9dd3647443b92e1ee0bc1cc087a49c4b18502b",
    "sparse/0/cameras.bin": "3daebaaf62b9561d11d9004203079344cebff9b6b3b36ea789b971a0997a0f1c"
  },
  "annotations": {
    "picks": {
      "24": [
        312,
        1021
      ],
      "26": [
        548,
        1036
      ],
      "28": [
        0,
        0
      ]
    },
    "reserved": 26,
    "training": [
      203,
      24
    ],
    "excluded_from_triangulation": [
      28
    ],
    "caveat": "Blurred toe picks; frame 28 turns toward adjacent blue room."
  },
  "query_camera_id": 5,
  "query_camera_params": [
    594.3251305595769,
    640.0,
    360.0,
    0.002137679000087821
  ],
  "provider": "local COLMAP CUDA RTX4070SUPER; absolute pose CPU",
  "cost_usd": 0,
  "geometry_accepted": false,
  "navigation_accepted": false,
  "caveat": "Same-video reference diagnostics; frozen model/holdout unchanged. No new floor or collision."
}
