I20260930 01:43:28.827881 123961195099840 feature_extraction.cc:498] === Feature extraction ===
I20260930 01:43:28.828714 123960909870784 sift.cc:758] Creating SIFT GPU feature extractor
I20260930 01:43:29.046253 123960901478080 feature_extraction.cc:270] Processed file [1/3]
I20260930 01:43:29.046304 123960901478080 feature_extraction.cc:273]   Name:            IMG_6380/grandreturn-000024.jpg
I20260930 01:43:29.046312 123960901478080 feature_extraction.cc:282]   Dimensions:      1280 x 720
I20260930 01:43:29.046316 123960901478080 feature_extraction.cc:285]   Camera:          #9 - SIMPLE_RADIAL
I20260930 01:43:29.046321 123960901478080 feature_extraction.cc:289]   Focal Length:    1536.00px
I20260930 01:43:29.046333 123960901478080 feature_extraction.cc:294]   Features:        187 (SIFT)
I20260930 01:43:29.065466 123960901478080 feature_extraction.cc:270] Processed file [2/3]
I20260930 01:43:29.065512 123960901478080 feature_extraction.cc:273]   Name:            IMG_6380/grandreturn-000026.jpg
I20260930 01:43:29.065515 123960901478080 feature_extraction.cc:282]   Dimensions:      1280 x 720
I20260930 01:43:29.065518 123960901478080 feature_extraction.cc:285]   Camera:          #9 - SIMPLE_RADIAL
I20260930 01:43:29.065522 123960901478080 feature_extraction.cc:289]   Focal Length:    1536.00px
I20260930 01:43:29.065533 123960901478080 feature_extraction.cc:294]   Features:        132 (SIFT)
I20260930 01:43:29.085438 123960901478080 feature_extraction.cc:270] Processed file [3/3]
I20260930 01:43:29.085473 123960901478080 feature_extraction.cc:273]   Name:            IMG_6380/grandreturn-000028.jpg
I20260930 01:43:29.085476 123960901478080 feature_extraction.cc:282]   Dimensions:      1280 x 720
I20260930 01:43:29.085479 123960901478080 feature_extraction.cc:285]   Camera:          #9 - SIMPLE_RADIAL
I20260930 01:43:29.085482 123960901478080 feature_extraction.cc:289]   Focal Length:    1536.00px
I20260930 01:43:29.085489 123960901478080 feature_extraction.cc:294]   Features:        323 (SIFT)
I20260930 01:43:29.098752 123961195099840 timer.cc:90] Elapsed time: 0.005 [minutes]
I20260930 01:43:29.130511 123961195099840 feature_matching.cc:196] === Feature matching & geometric verification ===
I20260930 01:43:29.130619 123960901478080 feature_matching_utils.cc:79] Bind FeatureMatcherWorker to GPU device 0
I20260930 01:43:29.134173 123960901478080 sift.cc:1679] Creating SIFT GPU feature matcher
I20260930 01:43:29.137537 123961195099840 pairing.cc:905] Importing image pairs...
I20260930 01:43:29.139282 123961195099840 pairing.cc:938] Processing block [1/2]
I20260930 01:43:29.557753 123961195099840 feature_matching.cc:218] in 0.418s
I20260930 01:43:29.557792 123961195099840 pairing.cc:938] Processing block [2/2]
I20260930 01:43:29.611774 123961195099840 feature_matching.cc:218] in 0.054s
I20260930 01:43:29.611807 123961195099840 timer.cc:90] Elapsed time: 0.008 [minutes]
Traceback (most recent call last):
  File "/home/reidsurmeier/orca/workspaces/risd-godot/collection-reconstruction/modules/shell/prototype/collection_reconstruction/grand_return.py", line 70, in <module>
    assert all(records[q].camera_id == camera.camera_id for q in queries)
           ~~~^^^^^^^^^^^^^^^^^^^^^^^^^^^^^^^^^^^^^^^^^^^^^^^^^^^^^^^^^^^
AssertionError
