16:23:12 | INFO: Data are loaded, start creating Blender stuff
16:23:12 | INFO: Blender create Mesh node char1
16:23:12 | INFO: glTF import finished in 0.03s
16:23:12 | INFO: Data are loaded, start creating Blender stuff
16:23:12 | INFO: Blender create Mesh node char1
16:23:12 | INFO: glTF import finished in 0.03s
16:23:12 | INFO: Data are loaded, start creating Blender stuff
16:23:12 | INFO: Blender create Mesh node Armature_meshData
16:23:12 | INFO: glTF import finished in 0.01s
16:23:12 | INFO: Data are loaded, start creating Blender stuff
16:23:12 | INFO: Blender create Mesh node Armature_meshData
16:23:12 | INFO: glTF import finished in 0.01s
Blender 4.3.2 (hash 32f5fdce0a0a built 2024-12-17 01:31:14)
Fra:1 Mem:44.71M (Peak 44.71M) | Time:497444:23:12.32 | Mem:0.00M, Peak:0.00M | Scene | Synchronizing object | char1
Fra:1 Mem:45.27M (Peak 45.71M) | Time:497444:23:12.32 | Mem:0.00M, Peak:0.00M | Scene | Initializing
Fra:1 Mem:45.27M (Peak 45.71M) | Time:497444:23:12.32 | Mem:0.00M, Peak:0.00M | Scene | Updating Images | Loading target color bake512
Fra:1 Mem:46.28M (Peak 47.27M) | Time:497444:23:12.32 | Mem:1.00M, Peak:1.00M | Scene | Updating Images | Loading texture_0
Info: Baking map saved to internal image, save it externally or pack it
INFO Draco mesh compression is available, use library at /home/reidsurmeier/.local/opt/blender-4.3.2/4.3/python/lib/python3.11/site-packages/libextern_draco.so
16:23:12 | INFO: Starting glTF 2.0 export
16:23:12 | INFO: Extracting primitive: char1
16:23:12 | INFO: Primitives created: 1
16:23:12 | INFO: Finished glTF 2.0 export in 0.13925409317016602 s
Fra:0 Mem:31.10M (Peak 31.10M) | Time:00:00.00 | Mem:0.00M, Peak:0.00M | Scene, ViewLayer | Synchronizing object | char1
Fra:0 Mem:31.66M (Peak 32.10M) | Time:00:00.00 | Mem:0.00M, Peak:0.00M | Scene, ViewLayer | Initializing
Fra:0 Mem:31.45M (Peak 32.10M) | Time:00:00.00 | Mem:0.00M, Peak:0.00M | Scene, ViewLayer | Updating Images | Loading texture_0
Fra:0 Mem:45.73M (Peak 79.46M) | Time:00:00.06 | Mem:16.00M, Peak:16.00M | Scene, ViewLayer | Waiting for render to start
Fra:0 Mem:45.73M (Peak 79.46M) | Time:00:00.06 | Mem:16.00M, Peak:16.00M | Scene, ViewLayer | Loading render kernels (may take a few minutes the first time)
Fra:0 Mem:45.73M (Peak 79.46M) | Time:00:00.06 | Mem:16.00M, Peak:16.00M | Scene, ViewLayer | Updating Scene
Fra:0 Mem:45.73M (Peak 79.46M) | Time:00:00.06 | Mem:16.00M, Peak:16.00M | Scene, ViewLayer | Updating Shaders
Fra:0 Mem:45.82M (Peak 79.46M) | Time:00:00.06 | Mem:16.00M, Peak:16.00M | Scene, ViewLayer | Updating Procedurals
Fra:0 Mem:45.82M (Peak 79.46M) | Time:00:00.06 | Mem:16.00M, Peak:16.00M | Scene, ViewLayer | Updating Background
Fra:0 Mem:45.82M (Peak 79.46M) | Time:00:00.06 | Mem:16.00M, Peak:16.00M | Scene, ViewLayer | Updating Camera
Fra:0 Mem:45.82M (Peak 79.46M) | Time:00:00.06 | Mem:16.00M, Peak:16.00M | Scene, ViewLayer | Updating Meshes Flags
Fra:0 Mem:45.82M (Peak 79.46M) | Time:00:00.06 | Mem:16.00M, Peak:16.00M | Scene, ViewLayer | Updating Objects
Fra:0 Mem:45.82M (Peak 79.46M) | Time:00:00.06 | Mem:16.00M, Peak:16.00M | Scene, ViewLayer | Updating Objects | Copying Transformations to device
Fra:0 Mem:45.82M (Peak 79.46M) | Time:00:00.06 | Mem:16.00M, Peak:16.00M | Scene, ViewLayer | Updating Objects | Applying Static Transformations
Fra:0 Mem:45.82M (Peak 79.46M) | Time:00:00.06 | Mem:16.00M, Peak:16.00M | Scene, ViewLayer | Updating Particle Systems
Fra:0 Mem:45.82M (Peak 79.46M) | Time:00:00.06 | Mem:16.00M, Peak:16.00M | Scene, ViewLayer | Updating Particle Systems | Copying Particles to device
Fra:0 Mem:45.82M (Peak 79.46M) | Time:00:00.06 | Mem:16.00M, Peak:16.00M | Scene, ViewLayer | Updating Meshes
Fra:0 Mem:45.93M (Peak 79.46M) | Time:00:00.06 | Mem:16.00M, Peak:16.00M | Scene, ViewLayer | Updating Mesh | Computing attributes
Fra:0 Mem:46.18M (Peak 79.46M) | Time:00:00.06 | Mem:16.00M, Peak:16.00M | Scene, ViewLayer | Updating Mesh | Copying Attributes to device
Fra:0 Mem:46.18M (Peak 79.46M) | Time:00:00.06 | Mem:16.24M, Peak:16.24M | Scene, ViewLayer | Updating Scene BVH | Building
Fra:0 Mem:46.18M (Peak 79.46M) | Time:00:00.06 | Mem:16.24M, Peak:16.24M | Scene, ViewLayer | Updating Scene BVH | Building BVH
Fra:0 Mem:46.18M (Peak 79.46M) | Time:00:00.06 | Mem:16.48M, Peak:16.48M | Scene, ViewLayer | Updating Scene BVH | Building BVH 0%
Fra:0 Mem:46.18M (Peak 79.46M) | Time:00:00.06 | Mem:16.76M, Peak:17.00M | Scene, ViewLayer | Updating Scene BVH | Copying BVH to device
Fra:0 Mem:46.18M (Peak 79.46M) | Time:00:00.06 | Mem:16.76M, Peak:17.00M | Scene, ViewLayer | Updating Mesh | Computing normals
Fra:0 Mem:46.50M (Peak 79.46M) | Time:00:00.06 | Mem:16.76M, Peak:17.00M | Scene, ViewLayer | Updating Mesh | Copying Mesh to device
Fra:0 Mem:46.50M (Peak 79.46M) | Time:00:00.06 | Mem:17.08M, Peak:17.08M | Scene, ViewLayer | Updating Objects Flags
Fra:0 Mem:46.50M (Peak 79.46M) | Time:00:00.06 | Mem:17.08M, Peak:17.08M | Scene, ViewLayer | Updating Primitive Offsets
Fra:0 Mem:46.50M (Peak 79.46M) | Time:00:00.06 | Mem:17.08M, Peak:17.08M | Scene, ViewLayer | Updating Images
Fra:0 Mem:30.50M (Peak 79.46M) | Time:00:00.06 | Mem:1.08M, Peak:17.08M | Scene, ViewLayer | Updating Images | Loading target-albedo512.png
Fra:0 Mem:31.50M (Peak 79.46M) | Time:00:00.07 | Mem:2.08M, Peak:17.08M | Scene, ViewLayer | Updating Camera Volume
Fra:0 Mem:31.50M (Peak 79.46M) | Time:00:00.07 | Mem:2.08M, Peak:17.08M | Scene, ViewLayer | Updating Lookup Tables
Fra:0 Mem:31.50M (Peak 79.46M) | Time:00:00.07 | Mem:2.16M, Peak:17.08M | Scene, ViewLayer | Updating Lights
Fra:0 Mem:31.50M (Peak 79.46M) | Time:00:00.07 | Mem:2.16M, Peak:17.08M | Scene, ViewLayer | Updating Lights | Computing tree
Fra:0 Mem:31.50M (Peak 79.46M) | Time:00:00.07 | Mem:2.16M, Peak:17.08M | Scene, ViewLayer | Updating Integrator
Fra:0 Mem:31.50M (Peak 79.46M) | Time:00:00.07 | Mem:2.16M, Peak:17.08M | Scene, ViewLayer | Updating Film
Fra:0 Mem:31.50M (Peak 79.46M) | Time:00:00.07 | Mem:2.08M, Peak:17.08M | Scene, ViewLayer | Updating Lookup Tables
Fra:0 Mem:31.50M (Peak 79.46M) | Time:00:00.07 | Mem:2.17M, Peak:17.08M | Scene, ViewLayer | Updating Baking
Fra:0 Mem:31.50M (Peak 79.46M) | Time:00:00.07 | Mem:2.17M, Peak:17.08M | Scene, ViewLayer | Updating Device | Writing constant memory
Fra:0 Mem:31.50M (Peak 79.46M) | Time:00:00.07 | Mem:2.17M, Peak:17.08M | Scene, ViewLayer | Sample 0/8
Fra:0 Mem:40.50M (Peak 79.46M) | Time:00:00.16 | Remaining:00:00.64 | Mem:11.18M, Peak:17.08M | Scene, ViewLayer | Sample 1/8
Fra:0 Mem:44.51M (Peak 79.46M) | Time:00:00.84 | Mem:11.18M, Peak:17.08M | Scene, ViewLayer | Sample 8/8
Fra:0 Mem:44.51M (Peak 79.46M) | Time:00:00.84 | Mem:11.18M, Peak:17.08M | Scene, ViewLayer | Finished
Saved: '/home/reidsurmeier/orca/workspaces/risd-godot/character-asset-prototype/image-work/character-pilot/baked-rest.png'
Time: 00:00.90 (Saving: 00:00.06)

Fra:8 Mem:31.03M (Peak 31.03M) | Time:00:00.00 | Mem:0.00M, Peak:0.00M | Scene, ViewLayer | Synchronizing object | char1
Fra:8 Mem:31.59M (Peak 32.03M) | Time:00:00.00 | Mem:0.00M, Peak:0.00M | Scene, ViewLayer | Initializing
Fra:8 Mem:31.38M (Peak 32.03M) | Time:00:00.00 | Mem:0.00M, Peak:0.00M | Scene, ViewLayer | Updating Images | Loading texture_0
Fra:8 Mem:45.67M (Peak 79.39M) | Time:00:00.06 | Mem:16.00M, Peak:16.00M | Scene, ViewLayer | Waiting for render to start
Fra:8 Mem:45.67M (Peak 79.39M) | Time:00:00.06 | Mem:16.00M, Peak:16.00M | Scene, ViewLayer | Loading render kernels (may take a few minutes the first time)
Fra:8 Mem:45.67M (Peak 79.39M) | Time:00:00.06 | Mem:16.00M, Peak:16.00M | Scene, ViewLayer | Updating Scene
Fra:8 Mem:45.67M (Peak 79.39M) | Time:00:00.06 | Mem:16.00M, Peak:16.00M | Scene, ViewLayer | Updating Shaders
Fra:8 Mem:45.75M (Peak 79.39M) | Time:00:00.06 | Mem:16.00M, Peak:16.00M | Scene, ViewLayer | Updating Procedurals
Fra:8 Mem:45.75M (Peak 79.39M) | Time:00:00.06 | Mem:16.00M, Peak:16.00M | Scene, ViewLayer | Updating Background
Fra:8 Mem:45.75M (Peak 79.39M) | Time:00:00.06 | Mem:16.00M, Peak:16.00M | Scene, ViewLayer | Updating Camera
Fra:8 Mem:45.75M (Peak 79.39M) | Time:00:00.06 | Mem:16.00M, Peak:16.00M | Scene, ViewLayer | Updating Meshes Flags
Fra:8 Mem:45.75M (Peak 79.39M) | Time:00:00.06 | Mem:16.00M, Peak:16.00M | Scene, ViewLayer | Updating Objects
Fra:8 Mem:45.75M (Peak 79.39M) | Time:00:00.06 | Mem:16.00M, Peak:16.00M | Scene, ViewLayer | Updating Objects | Copying Transformations to device
Fra:8 Mem:45.75M (Peak 79.39M) | Time:00:00.06 | Mem:16.00M, Peak:16.00M | Scene, ViewLayer | Updating Objects | Applying Static Transformations
Fra:8 Mem:45.75M (Peak 79.39M) | Time:00:00.06 | Mem:16.00M, Peak:16.00M | Scene, ViewLayer | Updating Particle Systems
Fra:8 Mem:45.75M (Peak 79.39M) | Time:00:00.06 | Mem:16.00M, Peak:16.00M | Scene, ViewLayer | Updating Particle Systems | Copying Particles to device
Fra:8 Mem:45.75M (Peak 79.39M) | Time:00:00.06 | Mem:16.00M, Peak:16.00M | Scene, ViewLayer | Updating Meshes
Fra:8 Mem:45.87M (Peak 79.39M) | Time:00:00.06 | Mem:16.00M, Peak:16.00M | Scene, ViewLayer | Updating Mesh | Computing attributes
Fra:8 Mem:46.11M (Peak 79.39M) | Time:00:00.06 | Mem:16.00M, Peak:16.00M | Scene, ViewLayer | Updating Mesh | Copying Attributes to device
Fra:8 Mem:46.11M (Peak 79.39M) | Time:00:00.06 | Mem:16.24M, Peak:16.24M | Scene, ViewLayer | Updating Scene BVH | Building
Fra:8 Mem:46.11M (Peak 79.39M) | Time:00:00.06 | Mem:16.24M, Peak:16.24M | Scene, ViewLayer | Updating Scene BVH | Building BVH
Fra:8 Mem:46.11M (Peak 79.39M) | Time:00:00.06 | Mem:16.48M, Peak:16.48M | Scene, ViewLayer | Updating Scene BVH | Building BVH 0%
Fra:8 Mem:46.11M (Peak 79.39M) | Time:00:00.06 | Mem:16.76M, Peak:17.00M | Scene, ViewLayer | Updating Scene BVH | Copying BVH to device
Fra:8 Mem:46.11M (Peak 79.39M) | Time:00:00.06 | Mem:16.76M, Peak:17.00M | Scene, ViewLayer | Updating Mesh | Computing normals
Fra:8 Mem:46.43M (Peak 79.39M) | Time:00:00.06 | Mem:16.76M, Peak:17.00M | Scene, ViewLayer | Updating Mesh | Copying Mesh to device
Fra:8 Mem:46.43M (Peak 79.39M) | Time:00:00.06 | Mem:17.08M, Peak:17.08M | Scene, ViewLayer | Updating Objects Flags
Fra:8 Mem:46.43M (Peak 79.39M) | Time:00:00.06 | Mem:17.08M, Peak:17.08M | Scene, ViewLayer | Updating Primitive Offsets
Fra:8 Mem:46.43M (Peak 79.39M) | Time:00:00.06 | Mem:17.08M, Peak:17.08M | Scene, ViewLayer | Updating Images
Fra:8 Mem:30.43M (Peak 79.39M) | Time:00:00.06 | Mem:1.08M, Peak:17.08M | Scene, ViewLayer | Updating Images | Loading target-albedo512.png
Fra:8 Mem:31.43M (Peak 79.39M) | Time:00:00.07 | Mem:2.08M, Peak:17.08M | Scene, ViewLayer | Updating Camera Volume
Fra:8 Mem:31.43M (Peak 79.39M) | Time:00:00.07 | Mem:2.08M, Peak:17.08M | Scene, ViewLayer | Updating Lookup Tables
Fra:8 Mem:31.43M (Peak 79.39M) | Time:00:00.07 | Mem:2.16M, Peak:17.08M | Scene, ViewLayer | Updating Lights
Fra:8 Mem:31.43M (Peak 79.39M) | Time:00:00.07 | Mem:2.16M, Peak:17.08M | Scene, ViewLayer | Updating Lights | Computing tree
Fra:8 Mem:31.43M (Peak 79.39M) | Time:00:00.07 | Mem:2.16M, Peak:17.08M | Scene, ViewLayer | Updating Integrator
Fra:8 Mem:31.43M (Peak 79.39M) | Time:00:00.07 | Mem:2.16M, Peak:17.08M | Scene, ViewLayer | Updating Film
Fra:8 Mem:31.44M (Peak 79.39M) | Time:00:00.07 | Mem:2.08M, Peak:17.08M | Scene, ViewLayer | Updating Lookup Tables
Fra:8 Mem:31.44M (Peak 79.39M) | Time:00:00.07 | Mem:2.17M, Peak:17.08M | Scene, ViewLayer | Updating Baking
Fra:8 Mem:31.44M (Peak 79.39M) | Time:00:00.07 | Mem:2.17M, Peak:17.08M | Scene, ViewLayer | Updating Device | Writing constant memory
Fra:8 Mem:31.44M (Peak 79.39M) | Time:00:00.07 | Mem:2.17M, Peak:17.08M | Scene, ViewLayer | Sample 0/8
Fra:8 Mem:40.44M (Peak 79.39M) | Time:00:00.16 | Remaining:00:00.67 | Mem:11.18M, Peak:17.08M | Scene, ViewLayer | Sample 1/8
Fra:8 Mem:44.44M (Peak 79.39M) | Time:00:00.86 | Mem:11.18M, Peak:17.08M | Scene, ViewLayer | Sample 8/8
Fra:8 Mem:44.44M (Peak 79.39M) | Time:00:00.86 | Mem:11.18M, Peak:17.08M | Scene, ViewLayer | Finished
Saved: '/home/reidsurmeier/orca/workspaces/risd-godot/character-asset-prototype/image-work/character-pilot/baked-walk.png'
Time: 00:00.89 (Saving: 00:00.02)


Info: Saved "target-baked.blend"
TARGET_BAKE_COMPLETED

Blender quit
