16:23:49 | INFO: Data are loaded, start creating Blender stuff
16:23:49 | INFO: Blender create Mesh node char1
16:23:49 | INFO: glTF import finished in 0.03s
Blender 4.3.2 (hash 32f5fdce0a0a built 2024-12-17 01:31:14)
Fra:0 Mem:16.66M (Peak 16.66M) | Time:00:00.00 | Mem:0.00M, Peak:0.00M | Scene, ViewLayer | Synchronizing object | char1
Fra:0 Mem:19.42M (Peak 19.74M) | Time:00:00.00 | Mem:0.00M, Peak:0.00M | Scene, ViewLayer | Initializing
Fra:0 Mem:19.21M (Peak 19.74M) | Time:00:00.00 | Mem:0.00M, Peak:0.00M | Scene, ViewLayer | Updating Images | Loading target-albedo512
Fra:0 Mem:18.52M (Peak 21.22M) | Time:00:00.01 | Mem:1.00M, Peak:1.00M | Scene, ViewLayer | Waiting for render to start
Fra:0 Mem:18.52M (Peak 21.22M) | Time:00:00.01 | Mem:1.00M, Peak:1.00M | Scene, ViewLayer | Loading render kernels (may take a few minutes the first time)
Fra:0 Mem:18.52M (Peak 21.22M) | Time:00:00.01 | Mem:1.00M, Peak:1.00M | Scene, ViewLayer | Updating Scene
Fra:0 Mem:18.52M (Peak 21.22M) | Time:00:00.01 | Mem:1.00M, Peak:1.00M | Scene, ViewLayer | Updating Shaders
Fra:0 Mem:18.60M (Peak 21.22M) | Time:00:00.01 | Mem:1.00M, Peak:1.00M | Scene, ViewLayer | Updating Procedurals
Fra:0 Mem:18.60M (Peak 21.22M) | Time:00:00.01 | Mem:1.00M, Peak:1.00M | Scene, ViewLayer | Updating Background
Fra:0 Mem:18.60M (Peak 21.22M) | Time:00:00.01 | Mem:1.00M, Peak:1.00M | Scene, ViewLayer | Updating Camera
Fra:0 Mem:18.60M (Peak 21.22M) | Time:00:00.01 | Mem:1.00M, Peak:1.00M | Scene, ViewLayer | Updating Meshes Flags
Fra:0 Mem:18.60M (Peak 21.22M) | Time:00:00.01 | Mem:1.00M, Peak:1.00M | Scene, ViewLayer | Updating Objects
Fra:0 Mem:18.60M (Peak 21.22M) | Time:00:00.01 | Mem:1.00M, Peak:1.00M | Scene, ViewLayer | Updating Objects | Copying Transformations to device
Fra:0 Mem:18.60M (Peak 21.22M) | Time:00:00.01 | Mem:1.00M, Peak:1.00M | Scene, ViewLayer | Updating Objects | Applying Static Transformations
Fra:0 Mem:18.60M (Peak 21.22M) | Time:00:00.01 | Mem:1.00M, Peak:1.00M | Scene, ViewLayer | Updating Particle Systems
Fra:0 Mem:18.60M (Peak 21.22M) | Time:00:00.01 | Mem:1.00M, Peak:1.00M | Scene, ViewLayer | Updating Particle Systems | Copying Particles to device
Fra:0 Mem:18.60M (Peak 21.22M) | Time:00:00.01 | Mem:1.00M, Peak:1.00M | Scene, ViewLayer | Updating Meshes
Fra:0 Mem:18.72M (Peak 21.22M) | Time:00:00.01 | Mem:1.00M, Peak:1.00M | Scene, ViewLayer | Updating Mesh | Computing attributes
Fra:0 Mem:18.96M (Peak 21.22M) | Time:00:00.01 | Mem:1.00M, Peak:1.00M | Scene, ViewLayer | Updating Mesh | Copying Attributes to device
Fra:0 Mem:18.96M (Peak 21.22M) | Time:00:00.01 | Mem:1.24M, Peak:1.24M | Scene, ViewLayer | Updating Scene BVH | Building
Fra:0 Mem:18.96M (Peak 21.22M) | Time:00:00.01 | Mem:1.24M, Peak:1.24M | Scene, ViewLayer | Updating Scene BVH | Building BVH
Fra:0 Mem:18.96M (Peak 21.22M) | Time:00:00.01 | Mem:1.48M, Peak:1.48M | Scene, ViewLayer | Updating Scene BVH | Building BVH 0%
Fra:0 Mem:18.96M (Peak 21.22M) | Time:00:00.01 | Mem:1.76M, Peak:2.00M | Scene, ViewLayer | Updating Scene BVH | Copying BVH to device
Fra:0 Mem:18.96M (Peak 21.22M) | Time:00:00.01 | Mem:1.76M, Peak:2.00M | Scene, ViewLayer | Updating Mesh | Computing normals
Fra:0 Mem:19.28M (Peak 21.22M) | Time:00:00.01 | Mem:1.76M, Peak:2.00M | Scene, ViewLayer | Updating Mesh | Copying Mesh to device
Fra:0 Mem:19.28M (Peak 21.22M) | Time:00:00.01 | Mem:2.08M, Peak:2.08M | Scene, ViewLayer | Updating Objects Flags
Fra:0 Mem:19.28M (Peak 21.22M) | Time:00:00.01 | Mem:2.08M, Peak:2.08M | Scene, ViewLayer | Updating Primitive Offsets
Fra:0 Mem:19.28M (Peak 21.22M) | Time:00:00.01 | Mem:2.08M, Peak:2.08M | Scene, ViewLayer | Updating Images
Fra:0 Mem:19.28M (Peak 21.22M) | Time:00:00.01 | Mem:2.08M, Peak:2.08M | Scene, ViewLayer | Updating Camera Volume
Fra:0 Mem:19.28M (Peak 21.22M) | Time:00:00.01 | Mem:2.08M, Peak:2.08M | Scene, ViewLayer | Updating Lookup Tables
Fra:0 Mem:19.28M (Peak 21.22M) | Time:00:00.01 | Mem:2.16M, Peak:2.16M | Scene, ViewLayer | Updating Lights
Fra:0 Mem:19.28M (Peak 21.22M) | Time:00:00.01 | Mem:2.16M, Peak:2.16M | Scene, ViewLayer | Updating Lights | Computing tree
Fra:0 Mem:19.28M (Peak 21.22M) | Time:00:00.01 | Mem:2.16M, Peak:2.16M | Scene, ViewLayer | Updating Integrator
Fra:0 Mem:19.28M (Peak 21.22M) | Time:00:00.01 | Mem:2.16M, Peak:2.16M | Scene, ViewLayer | Updating Film
Fra:0 Mem:19.29M (Peak 21.22M) | Time:00:00.01 | Mem:2.08M, Peak:2.16M | Scene, ViewLayer | Updating Lookup Tables
Fra:0 Mem:19.29M (Peak 21.22M) | Time:00:00.01 | Mem:2.17M, Peak:2.17M | Scene, ViewLayer | Updating Baking
Fra:0 Mem:19.29M (Peak 21.22M) | Time:00:00.01 | Mem:2.17M, Peak:2.17M | Scene, ViewLayer | Updating Device | Writing constant memory
Fra:0 Mem:19.29M (Peak 21.22M) | Time:00:00.01 | Mem:2.17M, Peak:2.17M | Scene, ViewLayer | Sample 0/8
Fra:0 Mem:28.29M (Peak 28.29M) | Time:00:00.11 | Remaining:00:00.66 | Mem:11.18M, Peak:11.18M | Scene, ViewLayer | Sample 1/8
Fra:0 Mem:32.29M (Peak 40.29M) | Time:00:00.79 | Mem:11.18M, Peak:11.18M | Scene, ViewLayer | Sample 8/8
Fra:0 Mem:32.29M (Peak 40.29M) | Time:00:00.79 | Mem:11.18M, Peak:11.18M | Scene, ViewLayer | Finished
Saved: '/home/reidsurmeier/orca/workspaces/risd-godot/character-asset-prototype/image-work/character-pilot/baked-idle-raw.png'
Time: 00:00.86 (Saving: 00:00.07)

Fra:0 Mem:18.86M (Peak 18.86M) | Time:00:00.00 | Mem:0.00M, Peak:0.00M | Scene, ViewLayer | Synchronizing object | char1
Fra:0 Mem:19.42M (Peak 19.86M) | Time:00:00.00 | Mem:0.00M, Peak:0.00M | Scene, ViewLayer | Initializing
Fra:0 Mem:19.21M (Peak 19.86M) | Time:00:00.00 | Mem:0.00M, Peak:0.00M | Scene, ViewLayer | Updating Images | Loading target-albedo512
Fra:0 Mem:18.52M (Peak 21.22M) | Time:00:00.00 | Mem:1.00M, Peak:1.00M | Scene, ViewLayer | Waiting for render to start
Fra:0 Mem:18.52M (Peak 21.22M) | Time:00:00.00 | Mem:1.00M, Peak:1.00M | Scene, ViewLayer | Loading render kernels (may take a few minutes the first time)
Fra:0 Mem:18.52M (Peak 21.22M) | Time:00:00.00 | Mem:1.00M, Peak:1.00M | Scene, ViewLayer | Updating Scene
Fra:0 Mem:18.52M (Peak 21.22M) | Time:00:00.00 | Mem:1.00M, Peak:1.00M | Scene, ViewLayer | Updating Shaders
Fra:0 Mem:18.60M (Peak 21.22M) | Time:00:00.01 | Mem:1.00M, Peak:1.00M | Scene, ViewLayer | Updating Procedurals
Fra:0 Mem:18.60M (Peak 21.22M) | Time:00:00.01 | Mem:1.00M, Peak:1.00M | Scene, ViewLayer | Updating Background
Fra:0 Mem:18.60M (Peak 21.22M) | Time:00:00.01 | Mem:1.00M, Peak:1.00M | Scene, ViewLayer | Updating Camera
Fra:0 Mem:18.60M (Peak 21.22M) | Time:00:00.01 | Mem:1.00M, Peak:1.00M | Scene, ViewLayer | Updating Meshes Flags
Fra:0 Mem:18.60M (Peak 21.22M) | Time:00:00.01 | Mem:1.00M, Peak:1.00M | Scene, ViewLayer | Updating Objects
Fra:0 Mem:18.60M (Peak 21.22M) | Time:00:00.01 | Mem:1.00M, Peak:1.00M | Scene, ViewLayer | Updating Objects | Copying Transformations to device
Fra:0 Mem:18.60M (Peak 21.22M) | Time:00:00.01 | Mem:1.00M, Peak:1.00M | Scene, ViewLayer | Updating Objects | Applying Static Transformations
Fra:0 Mem:18.60M (Peak 21.22M) | Time:00:00.01 | Mem:1.00M, Peak:1.00M | Scene, ViewLayer | Updating Particle Systems
Fra:0 Mem:18.60M (Peak 21.22M) | Time:00:00.01 | Mem:1.00M, Peak:1.00M | Scene, ViewLayer | Updating Particle Systems | Copying Particles to device
Fra:0 Mem:18.60M (Peak 21.22M) | Time:00:00.01 | Mem:1.00M, Peak:1.00M | Scene, ViewLayer | Updating Meshes
Fra:0 Mem:18.72M (Peak 21.22M) | Time:00:00.01 | Mem:1.00M, Peak:1.00M | Scene, ViewLayer | Updating Mesh | Computing attributes
Fra:0 Mem:18.96M (Peak 21.22M) | Time:00:00.01 | Mem:1.00M, Peak:1.00M | Scene, ViewLayer | Updating Mesh | Copying Attributes to device
Fra:0 Mem:18.96M (Peak 21.22M) | Time:00:00.01 | Mem:1.24M, Peak:1.24M | Scene, ViewLayer | Updating Scene BVH | Building
Fra:0 Mem:18.96M (Peak 21.22M) | Time:00:00.01 | Mem:1.24M, Peak:1.24M | Scene, ViewLayer | Updating Scene BVH | Building BVH
Fra:0 Mem:18.96M (Peak 21.22M) | Time:00:00.01 | Mem:1.48M, Peak:1.48M | Scene, ViewLayer | Updating Scene BVH | Building BVH 0%
Fra:0 Mem:18.96M (Peak 21.22M) | Time:00:00.01 | Mem:1.76M, Peak:2.00M | Scene, ViewLayer | Updating Scene BVH | Copying BVH to device
Fra:0 Mem:18.96M (Peak 21.22M) | Time:00:00.01 | Mem:1.76M, Peak:2.00M | Scene, ViewLayer | Updating Mesh | Computing normals
Fra:0 Mem:19.28M (Peak 21.22M) | Time:00:00.01 | Mem:1.76M, Peak:2.00M | Scene, ViewLayer | Updating Mesh | Copying Mesh to device
Fra:0 Mem:19.28M (Peak 21.22M) | Time:00:00.01 | Mem:2.08M, Peak:2.08M | Scene, ViewLayer | Updating Objects Flags
Fra:0 Mem:19.28M (Peak 21.22M) | Time:00:00.01 | Mem:2.08M, Peak:2.08M | Scene, ViewLayer | Updating Primitive Offsets
Fra:0 Mem:19.28M (Peak 21.22M) | Time:00:00.01 | Mem:2.08M, Peak:2.08M | Scene, ViewLayer | Updating Images
Fra:0 Mem:19.28M (Peak 21.22M) | Time:00:00.01 | Mem:2.08M, Peak:2.08M | Scene, ViewLayer | Updating Camera Volume
Fra:0 Mem:19.28M (Peak 21.22M) | Time:00:00.01 | Mem:2.08M, Peak:2.08M | Scene, ViewLayer | Updating Lookup Tables
Fra:0 Mem:19.28M (Peak 21.22M) | Time:00:00.01 | Mem:2.16M, Peak:2.16M | Scene, ViewLayer | Updating Lights
Fra:0 Mem:19.28M (Peak 21.22M) | Time:00:00.01 | Mem:2.16M, Peak:2.16M | Scene, ViewLayer | Updating Lights | Computing tree
Fra:0 Mem:19.28M (Peak 21.22M) | Time:00:00.01 | Mem:2.16M, Peak:2.16M | Scene, ViewLayer | Updating Integrator
Fra:0 Mem:19.28M (Peak 21.22M) | Time:00:00.01 | Mem:2.16M, Peak:2.16M | Scene, ViewLayer | Updating Film
Fra:0 Mem:19.29M (Peak 21.22M) | Time:00:00.01 | Mem:2.08M, Peak:2.16M | Scene, ViewLayer | Updating Lookup Tables
Fra:0 Mem:19.29M (Peak 21.22M) | Time:00:00.01 | Mem:2.17M, Peak:2.17M | Scene, ViewLayer | Updating Baking
Fra:0 Mem:19.29M (Peak 21.22M) | Time:00:00.01 | Mem:2.17M, Peak:2.17M | Scene, ViewLayer | Updating Device | Writing constant memory
Fra:0 Mem:19.29M (Peak 21.22M) | Time:00:00.01 | Mem:2.17M, Peak:2.17M | Scene, ViewLayer | Sample 0/8
Fra:0 Mem:28.29M (Peak 28.29M) | Time:00:00.08 | Remaining:00:00.52 | Mem:11.18M, Peak:11.18M | Scene, ViewLayer | Sample 1/8
Fra:0 Mem:32.29M (Peak 40.29M) | Time:00:00.63 | Mem:11.18M, Peak:11.18M | Scene, ViewLayer | Sample 8/8
Fra:0 Mem:32.29M (Peak 40.29M) | Time:00:00.63 | Mem:11.18M, Peak:11.18M | Scene, ViewLayer | Finished
Saved: '/home/reidsurmeier/orca/workspaces/risd-godot/character-asset-prototype/image-work/character-pilot/baked-idle-normalized.png'
Time: 00:00.65 (Saving: 00:00.02)

INFO Draco mesh compression is available, use library at /home/reidsurmeier/.local/opt/blender-4.3.2/4.3/python/lib/python3.11/site-packages/libextern_draco.so
16:23:51 | INFO: Starting glTF 2.0 export
16:23:51 | INFO: Extracting primitive: char1
16:23:51 | INFO: Primitives created: 1
16:23:51 | INFO: Finished glTF 2.0 export in 0.14585614204406738 s

IDLE_NORMALIZED

Blender quit
