Godot Engine v4.7.2.stable.official.ed1daf0bf - https://godotengine.org
WARNING: Your video card drivers seem not to support the required OpenGL version, switching to OpenGLES.
     at: DisplayServerX11 (platform/linuxbsd/x11/display_server_x11.cpp:7201)
OpenGL API OpenGL ES 3.2 Mesa 25.2.8-0ubuntu0.24.04.2 - Compatibility - Using Device: Mesa - llvmpipe (LLVM 20.1.2, 256 bits)

GAMECUBE_GPU mode=0 filter=0.0 pixels=1600 max_error=0.00235298275948
GAMECUBE_GPU mode=0 filter=0.5 pixels=1600 max_error=0.00274509936571
GAMECUBE_GPU mode=0 filter=1.0 pixels=1600 max_error=0.00239215791225
GAMECUBE_GPU mode=1 filter=0.0 pixels=1600 max_error=0.00224091112614
GAMECUBE_GPU mode=1 filter=0.5 pixels=1600 max_error=0.00287115573883
GAMECUBE_GPU mode=1 filter=1.0 pixels=1600 max_error=0.0023809671402
GAMECUBE_GPU mode=2 filter=0.0 pixels=1600 max_error=0.00239026546478
GAMECUBE_GPU mode=2 filter=0.5 pixels=1600 max_error=0.00287115573883
GAMECUBE_GPU mode=2 filter=1.0 pixels=1600 max_error=0.00277310609818
COLOR_3D backend=gl_compatibility viewport=160x80 msaa=2x max_paint_error=0.01372548937798 max_engine_oracle_error=0.00392157447104 samples=[[0.0,0.0,0.0],[1.0,1.0,1.0],[0.250980406999588,0.250980406999588,0.250980406999588],[0.501960813999176,0.501960813999176,0.501960813999176],[0.749019622802734,0.749019622802734,0.749019622802734],[0.901960790157318,0.800000011920929,0.600000023841858],[0.800000011920929,0.0862745121121407,0.0862745121121407],[0.0862745121121407,0.196078434586525,0.800000011920929],[0.0,0.0,0.0],[1.0,1.0,1.0],[0.250980406999588,0.250980406999588,0.250980406999588],[0.501960813999176,0.501960813999176,0.501960813999176],[0.749019622802734,0.749019622802734,0.749019622802734],[0.901960790157318,0.800000011920929,0.600000023841858],[0.800000011920929,0.0862745121121407,0.0862745121121407],[0.0862745121121407,0.196078434586525,0.800000011920929]]
COLOR_3D_FINISH mode=0 max_error=0.0
COLOR_3D_FINISH mode=1 max_error=0.00186741352081
COLOR_3D_FINISH mode=2 max_error=0.00191408395767
QUIET_GPU CRT_and_HAZE pixels=1600 max_error=0.0
QUIET_GPU outside_region_effect_delta=0.12156862020493
FAIL resized/moved exclusion stayed stale
MAPPING_REFRESH production_callbacks=3 elapsed=0.05s qa_timer=0.05
FINAL_RENDER_GPU_FAILURES 1
