Godot Engine v4.7.2.stable.official.ed1daf0bf - https://godotengine.org
WARNING: Your video card drivers seem not to support the required OpenGL version, switching to OpenGLES.
     at: DisplayServerX11 (platform/linuxbsd/x11/display_server_x11.cpp:7201)
OpenGL API OpenGL ES 3.2 Mesa 25.2.8-0ubuntu0.24.04.2 - Compatibility - Using Device: Mesa - llvmpipe (LLVM 20.1.2, 256 bits)
PASS screenshots_present ['01-desktop.png', '02-trade-moved.png', '03-hidden.png', '04-resumed.png', '05-page-1920x1000.png', '06-page-1440x820.png', '07-window-1440x900.png', '08-restored.png']
PASS picture_is_the_owners_layout (2186, 1362), desktop (2171, 1185)
PASS six_fixed_tabs_no_phone ['map', 'sketchbook', '3d_viewer', 'video_player', 'collection', 'playground']
PASS no_tenant_at_launch
PASS click_creates_and_shows_the_desktop {'frozen': False, 'key': 'playground', 'page_visible': True, 'rect': {'h': 56.4976196289062, 'w': 174.545471191406, 'x': 838.73681640625, 'y': 1021.20574951172}, 'tenant': 'ok'}
PASS shown_desktop_process_runs 40 -> 59
PASS six_windows_in_stacking_order ['postpet', 'options', 'filters', 'trade', 'chat', 'phone']
PASS empty_saved_collection_is_ready []
PASS factor_is_min_of_both_axes 0.8490 vs 0.8490
PASS postpet_at_reference_place {'h': 965.296508789062, 'w': 1109.21911621094, 'x': 20.3756523132324, 'y': 20.3756523132324} vs (20.4, 20.4, 1109.2, 965.3)
PASS options_at_reference_place {'h': 182.371078491211, 'w': 423.637084960938, 'x': 1140.63122558594, 'y': 20.3756523132324} vs (1140.6, 20.4, 423.6, 182.5)
PASS filters_at_reference_place {'h': 190.117492675781, 'w': 415.154541015625, 'x': 1140.63122558594, 'y': 202.058563232422} vs (1140.6, 202.1, 415.2, 190.2)
PASS trade_at_reference_place {'h': 182.526641845703, 'w': 420.25439453125, 'x': 1135.53735351562, 'y': 431.284637451172} vs (1135.5, 431.3, 420.2, 182.5)
PASS chat_at_reference_place {'h': 221.761596679688, 'w': 477.984741210938, 'x': 1151.66809082031, 'y': 762.388977050781} vs (1151.7, 762.4, 478.0, 221.6)
PASS phone_at_reference_place {'h': 644.029968261719, 'w': 322.614624023438, 'x': 1577.00988769531, 'y': 21.2246379852295} vs (1577.0, 21.2, 322.6, 644.4)
PASS postpet_decorations_cleared_inside_frame white body fraction 0.901
PASS options_decorations_cleared_inside_frame white body fraction 1.000
PASS filters_decorations_cleared_inside_frame white body fraction 0.933
PASS trade_decorations_cleared_inside_frame white body fraction 0.958
PASS chat_decorations_cleared_inside_frame white body fraction 0.971
PASS phone_pixels_match_the_picture mean abs diff 3.4
PASS title_drag_moves_trade {'h': 182.526641845703, 'w': 420.25439453125, 'x': 1135.53735351562, 'y': 431.284637451172} -> {'h': 182.526641845703, 'w': 420.25439453125, 'x': 1063.53735351562, 'y': 491.284637451172}
PASS dragged_window_raised ['postpet', 'options', 'filters', 'chat', 'phone', 'trade']
PASS others_stay_put
PASS moved_trade_keeps_cleared_body
PASS body_drag_moves_nothing
PASS hidden_page_frozen
PASS frozen_process_stops 99 -> 99
PASS frozen_gets_no_input 18 -> 18
PASS hidden_drag_changed_nothing
PASS hidden_shows_white_map_page
PASS resumes_with_state_intact frozen 99, at the click 100, settled 142 -> 162
PASS resumed_pixels_identical
PASS page_1920x1000_page_size [1920.0, 1000.0478515625]
PASS page_1920x1000_windows_at_rule_places {'postpet': {'h': 959.53955078125, 'w': 1114.05456542969, 'x': 20.2541351318359, 'y': 20.2541351318359}, 'options': {'h': 181.283432006836, 'w': 421.110473632812, 'x': 1145.27941894531, 'y': 20.2541332244873}, 'filters': {'h': 188.983673095703, 'w': 412.678588867188, 'x': 1145.27941894531, 'y': 200.853485107422}, 'trade': {'h': 181.438018798828, 'w': 417.748046875, 'x': 1140.2158203125, 'y': 428.712493896484}, 'chat': {'h': 220.439025878906, 'w': 475.134033203125, 'x': 1156.25036621094, 'y': 757.842163085938}, 'phone': {'h': 640.189025878906, 'w': 320.690551757812, 'x': 1579.05541992188, 'y': 21.0980567932129}}
PASS page_1920x1000_desktop_spans_the_page box (20,20)-(1900,980) in [1920.0, 1000.0478515625], margin 21.8
PASS page_1920x1000_main_window_never_below_native {'h': 959.53955078125, 'w': 1114.05456542969, 'x': 20.2541351318359, 'y': 20.2541351318359} vs 1026x960
PASS page_1920x1000_retains_frames_with_cleared_bodies {'postpet': 0.903, 'options': 0.999, 'filters': 0.926, 'trade': 0.952, 'chat': 0.967}
PASS page_1440x820_page_size [1440.0, 820.535888671875]
PASS page_1440x820_windows_at_rule_places {'postpet': {'h': 788.697998046875, 'w': 806.559448242188, 'x': 15.9189319610596, 'y': 15.9189319610596}, 'options': {'h': 142.481460571289, 'w': 330.975769042969, 'x': 831.100891113281, 'y': 15.9189310073853}, 'filters': {'h': 148.533508300781, 'w': 324.348693847656, 'x': 831.100891113281, 'y': 157.862731933594}, 'trade': {'h': 142.602996826172, 'w': 328.333190917969, 'x': 827.121154785156, 'y': 336.950714111328}, 'chat': {'h': 173.256225585938, 'w': 373.436157226562, 'x': 839.7236328125, 'y': 630.171997070312}, 'phone': {'h': 503.162719726562, 'w': 252.0498046875, 'x': 1172.03137207031, 'y': 16.5822200775146}}
PASS page_1440x820_desktop_spans_the_page box (16,16)-(1424,805) in [1440.0, 820.535888671875], margin 17.4
PASS page_1440x820_main_window_never_below_native {'h': 788.697998046875, 'w': 806.559448242188, 'x': 15.9189319610596, 'y': 15.9189319610596} vs 807x754
PASS page_1440x820_retains_frames_with_cleared_bodies {'postpet': 0.905, 'options': 0.992, 'filters': 0.888, 'trade': 0.924, 'chat': 0.976}
PASS window_1440x900_windows_at_rule_places {'postpet': {'h': 812.697998046875, 'w': 806.559448242188, 'x': 15.9189319610596, 'y': 15.9189319610596}, 'options': {'h': 142.481460571289, 'w': 330.975769042969, 'x': 831.100891113281, 'y': 15.9189310073853}, 'filters': {'h': 148.533508300781, 'w': 324.348693847656, 'x': 831.100891113281, 'y': 157.862731933594}, 'trade': {'h': 142.602996826172, 'w': 328.333190917969, 'x': 827.121154785156, 'y': 336.950714111328}, 'chat': {'h': 173.256225585938, 'w': 373.436157226562, 'x': 839.7236328125, 'y': 654.171997070312}, 'phone': {'h': 503.162719726562, 'w': 252.0498046875, 'x': 1172.03137207031, 'y': 16.5822200775146}}
PASS window_1440x900_desktop_spans_the_page box (16,16)-(1424,829) in [1440.0, 844.535888671875], margin 17.4
PASS window_1440x900_main_window_never_below_native {'h': 812.697998046875, 'w': 806.559448242188, 'x': 15.9189319610596, 'y': 15.9189319610596} vs 807x754
PASS window_1440x900_retains_frames_with_cleared_bodies {'postpet': 0.908, 'options': 0.992, 'filters': 0.888, 'trade': 0.924, 'chat': 0.976}
PASS restored_windows_at_rule_places {'postpet': {'h': 965.296508789062, 'w': 1109.21911621094, 'x': 20.3756523132324, 'y': 20.3756523132324}, 'options': {'h': 182.371078491211, 'w': 423.637084960938, 'x': 1140.63122558594, 'y': 20.3756523132324}, 'filters': {'h': 190.117492675781, 'w': 415.154541015625, 'x': 1140.63122558594, 'y': 202.058563232422}, 'trade': {'h': 182.526641845703, 'w': 420.25439453125, 'x': 1135.53735351562, 'y': 431.284637451172}, 'chat': {'h': 221.761596679688, 'w': 477.984741210938, 'x': 1151.66809082031, 'y': 762.388977050781}, 'phone': {'h': 644.029968261719, 'w': 322.614624023438, 'x': 1577.00988769531, 'y': 21.2246379852295}}
PASS restored_desktop_spans_the_page box (20,20)-(1900,986) in [1920.0, 1006.0478515625], margin 21.9
PASS restored_main_window_never_below_native {'h': 965.296508789062, 'w': 1109.21911621094, 'x': 20.3756523132324, 'y': 20.3756523132324} vs 1032x965
PASS restored_retains_frames_with_cleared_bodies {'postpet': 0.901, 'options': 1.0, 'filters': 0.933, 'trade': 0.958, 'chat': 0.971}
PASS both_axes_exercised 1920x1000 is height-limited (leftover width), 1440x820 width-limited (leftover height)
VERDICT PASS (52/52)
evidence: /tmp/playground-proof-regression-v2
