Run 1
HALL_LAUNCH_281B _build_floor 38.896
HALL_LAUNCH_281B _far_end 528.622
HALL_LAUNCH_281B _build_room 4898.434
HALL_LAUNCH_281B _build_paintings 418.321
HALL_LAUNCH_281B _merge_static 1700.499
HALL_LAUNCH_281B _build_test_room 10888.7
HALL_LAUNCH_281B _build_kid 1862.323
HALL_LAUNCH_281B _set_lighting 991.738
HALL_LAUNCH_281B finished
Run 2
HALL_LAUNCH_281B _build_floor 30.67
HALL_LAUNCH_281B _far_end 558.221
HALL_LAUNCH_281B _build_room 4789.251
HALL_LAUNCH_281B _build_paintings 399.015
HALL_LAUNCH_281B _merge_static 1719.617
HALL_LAUNCH_281B _build_test_room 10292.981
HALL_LAUNCH_281B _build_kid 1472.185
HALL_LAUNCH_281B _set_lighting 1022.661
HALL_LAUNCH_281B finished
Run 3
HALL_LAUNCH_281B _build_floor 60.734
HALL_LAUNCH_281B _far_end 581.351
HALL_LAUNCH_281B _build_room 5551.44
HALL_LAUNCH_281B _build_paintings 413.248
HALL_LAUNCH_281B _merge_static 1715.633
HALL_LAUNCH_281B _build_test_room 11202.144
HALL_LAUNCH_281B _build_kid 2002.227
HALL_LAUNCH_281B _set_lighting 1132.547
HALL_LAUNCH_281B finished
