Run 1
HALL_LAUNCH_281B _build_floor 26.759
HALL_LAUNCH_281B _far_end 251.057
HALL_LAUNCH_281B _build_room 4150.346
HALL_LAUNCH_281B _build_paintings 300.251
HALL_LAUNCH_281B _merge_static 177.696
HALL_LAUNCH_281B _build_test_room 8818.88
HALL_LAUNCH_281B _build_kid 250.379
HALL_LAUNCH_281B _set_lighting 2142.568
HALL_LAUNCH_281B finished
Run 2
HALL_LAUNCH_281B _build_floor 26.52
HALL_LAUNCH_281B _far_end 253.189
HALL_LAUNCH_281B _build_room 3954.558
HALL_LAUNCH_281B _build_paintings 389.184
HALL_LAUNCH_281B _merge_static 209.348
HALL_LAUNCH_281B _build_test_room 9045.504
HALL_LAUNCH_281B _build_kid 249.136
HALL_LAUNCH_281B _set_lighting 2033.082
HALL_LAUNCH_281B finished
Run 3
HALL_LAUNCH_281B _build_floor 32.869
HALL_LAUNCH_281B _far_end 253.427
HALL_LAUNCH_281B _build_room 4131.778
HALL_LAUNCH_281B _build_paintings 293.815
HALL_LAUNCH_281B _merge_static 185.446
HALL_LAUNCH_281B _build_test_room 9750.571
HALL_LAUNCH_281B _build_kid 1268.304
HALL_LAUNCH_281B _set_lighting 923.806
HALL_LAUNCH_281B finished
