reformatted /tmp/risd-format-210-probe/docs/evidence/display-161-current/capture-native.gd
reformatted /tmp/risd-format-210-probe/docs/evidence/floor-selection-186/native_capture.gd
reformatted /tmp/risd-format-210-probe/docs/evidence/floor-selection-186/restore.gd
reformatted /tmp/risd-format-210-probe/docs/evidence/gallery-camera-pitch/corner_pose.gd
reformatted /tmp/risd-format-210-probe/docs/evidence/gallery-cutaway-diagnosis/background_trial.gd
reformatted /tmp/risd-format-210-probe/docs/evidence/keyboard-focus-206/focus_check.gd
reformatted /tmp/risd-format-210-probe/docs/evidence/owner-world-177/passage-current/edges.gd
reformatted /tmp/risd-format-210-probe/docs/evidence/owner-world-177/passage-current/native.gd
reformatted /tmp/risd-format-210-probe/docs/evidence/owner-world-177/passage-current/probe.gd
reformatted /tmp/risd-format-210-probe/docs/evidence/owner-world-177/passage-current/repair.gd
reformatted /tmp/risd-format-210-probe/docs/evidence/room-transition-185/probe.gd
reformatted /tmp/risd-format-210-probe/docs/evidence/warm-room-187/check.gd
reformatted /tmp/risd-format-210-probe/docs/evidence/window-effects-193/input_check.gd
reformatted /tmp/risd-format-210-probe/modules/atlas/atlas.gd
reformatted /tmp/risd-format-210-probe/modules/atlas/atlas_window.gd
reformatted /tmp/risd-format-210-probe/modules/atlas/playtest/harness.gd
reformatted /tmp/risd-format-210-probe/modules/collection_data/data.gd
reformatted /tmp/risd-format-210-probe/modules/collection_data/http_adapter.gd
reformatted /tmp/risd-format-210-probe/modules/collection_data/playtest/probe.gd
reformatted /tmp/risd-format-210-probe/modules/collection_data/storage_adapter.gd
reformatted /tmp/risd-format-210-probe/modules/flowers_page/flowers_page.gd
reformatted /tmp/risd-format-210-probe/modules/playground_page/embedded_check.gd
reformatted /tmp/risd-format-210-probe/modules/playground_page/journal_paper_turn.gd
reformatted /tmp/risd-format-210-probe/modules/playground_page/journal_window.gd
reformatted /tmp/risd-format-210-probe/modules/playground_page/playground_page.gd
reformatted /tmp/risd-format-210-probe/modules/playground_page/playtest/harness.gd
reformatted /tmp/risd-format-210-probe/modules/playground_page/playtest/square_harness.gd
reformatted /tmp/risd-format-210-probe/modules/playground_page/square_pages.gd
reformatted /tmp/risd-format-210-probe/modules/playground_page/websurfer_window.gd
reformatted /tmp/risd-format-210-probe/modules/sculpture_viewer/catalogue.gd
reformatted /tmp/risd-format-210-probe/modules/sculpture_viewer/desktop.gd
reformatted /tmp/risd-format-210-probe/modules/sculpture_viewer/playtest/hover_turn.gd
reformatted /tmp/risd-format-210-probe/modules/sculpture_viewer/playtest/record_selection.gd
reformatted /tmp/risd-format-210-probe/modules/sculpture_viewer/playtest/window_resize_check.gd
reformatted /tmp/risd-format-210-probe/modules/sculpture_viewer/viewer.gd
reformatted /tmp/risd-format-210-probe/modules/shell/boot_loader.gd
reformatted /tmp/risd-format-210-probe/modules/shell/crt_display.gd
reformatted /tmp/risd-format-210-probe/modules/shell/demo.gd
reformatted /tmp/risd-format-210-probe/modules/shell/desktop_icons.gd
reformatted /tmp/risd-format-210-probe/modules/shell/hover_glow.gd
reformatted /tmp/risd-format-210-probe/modules/shell/interface.gd
reformatted /tmp/risd-format-210-probe/modules/shell/playtest/collection_fit_check.gd
reformatted /tmp/risd-format-210-probe/modules/shell/playtest/collection_preview_check.gd
reformatted /tmp/risd-format-210-probe/modules/shell/playtest/containment.gd
reformatted /tmp/risd-format-210-probe/modules/shell/playtest/dummy_tenant.gd
reformatted /tmp/risd-format-210-probe/modules/shell/playtest/harness.gd
reformatted /tmp/risd-format-210-probe/modules/shell/playtest/icon_rail_capture.gd
reformatted /tmp/risd-format-210-probe/modules/shell/playtest/visitor174_capture.gd
reformatted /tmp/risd-format-210-probe/modules/shell/playtest/visitor174_check.gd
reformatted /tmp/risd-format-210-probe/modules/shell/prototype/gallery_walk4/architecture_167_capture.gd
reformatted /tmp/risd-format-210-probe/modules/shell/prototype/gallery_walk4/bake/plugin.gd
reformatted /tmp/risd-format-210-probe/modules/shell/prototype/gallery_walk4/bake/prepare.gd
reformatted /tmp/risd-format-210-probe/modules/shell/prototype/gallery_walk4/cornice_check.gd
reformatted /tmp/risd-format-210-probe/modules/shell/prototype/gallery_walk4/cutaway_floor_check.gd
reformatted /tmp/risd-format-210-probe/modules/shell/prototype/gallery_walk4/dbg_tmp.gd
reformatted /tmp/risd-format-210-probe/modules/shell/prototype/gallery_walk4/dollhouse_shot.gd
reformatted /tmp/risd-format-210-probe/modules/shell/prototype/gallery_walk4/doorway_check.gd
reformatted /tmp/risd-format-210-probe/modules/shell/prototype/gallery_walk4/doorway_prototype.gd
reformatted /tmp/risd-format-210-probe/modules/shell/prototype/gallery_walk4/doorway_prototype_capture.gd
reformatted /tmp/risd-format-210-probe/modules/shell/prototype/gallery_walk4/final_render_check.gd
reformatted /tmp/risd-format-210-probe/modules/shell/prototype/gallery_walk4/floor_edges_check.gd
reformatted /tmp/risd-format-210-probe/modules/shell/prototype/gallery_walk4/floor_prototype_capture.gd
reformatted /tmp/risd-format-210-probe/modules/shell/prototype/gallery_walk4/identity/native_render_check.gd
reformatted /tmp/risd-format-210-probe/modules/shell/prototype/gallery_walk4/navigation_check.gd
reformatted /tmp/risd-format-210-probe/modules/shell/prototype/gallery_walk4/owner_repair_check.gd
reformatted /tmp/risd-format-210-probe/modules/shell/prototype/gallery_walk4/painting_asset.gd
reformatted /tmp/risd-format-210-probe/modules/shell/prototype/gallery_walk4/performance_probe.gd
reformatted /tmp/risd-format-210-probe/modules/shell/prototype/gallery_walk4/portal_167_capture.gd
reformatted /tmp/risd-format-210-probe/modules/shell/prototype/gallery_walk4/portal_check.gd
reformatted /tmp/risd-format-210-probe/modules/shell/prototype/gallery_walk4/portal_floor_probe.gd
reformatted /tmp/risd-format-210-probe/modules/shell/prototype/gallery_walk4/portal_relief_prepare.gd
reformatted /tmp/risd-format-210-probe/modules/shell/prototype/gallery_walk4/portal_sculpt_relief_prepare.gd
reformatted /tmp/risd-format-210-probe/modules/shell/prototype/gallery_walk4/portal_sculpture_probe.gd
reformatted /tmp/risd-format-210-probe/modules/shell/prototype/gallery_walk4/portal_traversal_check.gd
reformatted /tmp/risd-format-210-probe/modules/shell/prototype/gallery_walk4/render_diagnostics.gd
reformatted /tmp/risd-format-210-probe/modules/shell/prototype/gallery_walk4/render_diagnostics_check.gd
reformatted /tmp/risd-format-210-probe/modules/shell/prototype/gallery_walk4/rig/check.gd
reformatted /tmp/risd-format-210-probe/modules/shell/prototype/gallery_walk4/rig/contact_check.gd
reformatted /tmp/risd-format-210-probe/modules/shell/prototype/gallery_walk4/rig/render_check.gd
reformatted /tmp/risd-format-210-probe/modules/shell/prototype/gallery_walk4/rig/visitor.gd
reformatted /tmp/risd-format-210-probe/modules/shell/prototype/gallery_walk4/shot.gd
reformatted /tmp/risd-format-210-probe/modules/shell/prototype/gallery_walk4/visitor159/visitor.gd
reformatted /tmp/risd-format-210-probe/modules/shell/prototype/gallery_walk4/visitor_check.gd
reformatted /tmp/risd-format-210-probe/modules/shell/prototype/gallery_walk4/walk4.gd
reformatted /tmp/risd-format-210-probe/modules/shell/prototype/gallery_walk4/world_176_capture.gd
reformatted /tmp/risd-format-210-probe/modules/shell/prototype/gallery_walk4/world_176_check.gd
reformatted /tmp/risd-format-210-probe/modules/shell/shell.gd
reformatted /tmp/risd-format-210-probe/modules/shell/square_chrome.gd
reformatted /tmp/risd-format-210-probe/modules/shell/window_shadows.gd
reformatted /tmp/risd-format-210-probe/modules/sketchbook/desktop.gd
reformatted /tmp/risd-format-210-probe/modules/sketchbook/drawing_surface.gd
reformatted /tmp/risd-format-210-probe/modules/sketchbook/freehand.gd
reformatted /tmp/risd-format-210-probe/modules/sketchbook/global_chatroom.gd
reformatted /tmp/risd-format-210-probe/modules/sketchbook/paintbox.gd
reformatted /tmp/risd-format-210-probe/modules/sketchbook/painting_flow.gd
reformatted /tmp/risd-format-210-probe/modules/sketchbook/paper_turn.gd
reformatted /tmp/risd-format-210-probe/modules/sketchbook/playtest/anri_palette_check.gd
reformatted /tmp/risd-format-210-probe/modules/sketchbook/playtest/harness.gd
reformatted /tmp/risd-format-210-probe/modules/sketchbook/playtest/tldraw_controls_check.gd
reformatted /tmp/risd-format-210-probe/modules/sketchbook/sketchbook_window.gd
reformatted /tmp/risd-format-210-probe/modules/sketchbook/tldraw_controls_prototype.gd
reformatted /tmp/risd-format-210-probe/modules/sound_cues/playtest/check.gd
reformatted /tmp/risd-format-210-probe/modules/tab_strip/interface.gd
reformatted /tmp/risd-format-210-probe/modules/tab_strip/playtest/harness.gd
reformatted /tmp/risd-format-210-probe/modules/tab_strip/tab_strip.gd
reformatted /tmp/risd-format-210-probe/modules/video_player/playtest/harness.gd
reformatted /tmp/risd-format-210-probe/modules/video_player/video_player.gd
reformatted /tmp/risd-format-210-probe/prototype/mr-baby-paint-audio/main.gd
reformatted /tmp/risd-format-210-probe/testing/collection_data_test.gd
reformatted /tmp/risd-format-210-probe/testing/collection_page_adapter.gd
reformatted /tmp/risd-format-210-probe/testing/harness_base.gd
reformatted /tmp/risd-format-210-probe/testing/saved_destinations_test.gd
112 files reformatted, 10 files left unchanged.
