./prototype/mr-baby-paint-audio/main.gd:262: Error: Function "_group_for" has more than 6 return statements (max-returns)
./prototype/mr-baby-paint-audio/main.gd:64: Error: Max allowed line length (100) exceeded (max-line-length)
./modules/sketchbook/painting_flow.gd:71: Error: Max allowed line length (100) exceeded (max-line-length)
./modules/sketchbook/painting_flow.gd:89: Error: Max allowed line length (100) exceeded (max-line-length)
./modules/sketchbook/desktop.gd:4: Error: Max allowed line length (100) exceeded (max-line-length)
./modules/sketchbook/desktop.gd:8: Error: Max allowed line length (100) exceeded (max-line-length)
./modules/sketchbook/desktop.gd:25: Error: Max allowed line length (100) exceeded (max-line-length)
./modules/sketchbook/desktop.gd:26: Error: Max allowed line length (100) exceeded (max-line-length)
./modules/sketchbook/desktop.gd:27: Error: Max allowed line length (100) exceeded (max-line-length)
./modules/sketchbook/desktop.gd:30: Error: Max allowed line length (100) exceeded (max-line-length)
./modules/sketchbook/desktop.gd:212: Error: Max allowed line length (100) exceeded (max-line-length)
./modules/sketchbook/desktop.gd:253: Error: Max allowed line length (100) exceeded (max-line-length)
./modules/sketchbook/desktop.gd:460: Error: Max allowed line length (100) exceeded (max-line-length)
./modules/sketchbook/desktop.gd:506: Error: Max allowed line length (100) exceeded (max-line-length)
./modules/sketchbook/desktop.gd:70: Error: Definition out of order in global scope (class-definitions-order)
./modules/sketchbook/desktop.gd:71: Error: Definition out of order in global scope (class-definitions-order)
./modules/sketchbook/desktop.gd:72: Error: Definition out of order in global scope (class-definitions-order)
./modules/sketchbook/desktop.gd:73: Error: Definition out of order in global scope (class-definitions-order)
./modules/sketchbook/desktop.gd:74: Error: Definition out of order in global scope (class-definitions-order)
./modules/sketchbook/desktop.gd:75: Error: Definition out of order in global scope (class-definitions-order)
./modules/sketchbook/desktop.gd:76: Error: Definition out of order in global scope (class-definitions-order)
./modules/sketchbook/desktop.gd:77: Error: Definition out of order in global scope (class-definitions-order)
./modules/sketchbook/desktop.gd:78: Error: Definition out of order in global scope (class-definitions-order)
./modules/sketchbook/desktop.gd:79: Error: Definition out of order in global scope (class-definitions-order)
./modules/sketchbook/desktop.gd:80: Error: Definition out of order in global scope (class-definitions-order)
./modules/sketchbook/desktop.gd:81: Error: Definition out of order in global scope (class-definitions-order)
./modules/sketchbook/desktop.gd:82: Error: Definition out of order in global scope (class-definitions-order)
./modules/sketchbook/desktop.gd:83: Error: Definition out of order in global scope (class-definitions-order)
./modules/sketchbook/paintbox.gd:5: Error: Max allowed line length (100) exceeded (max-line-length)
./modules/sketchbook/paintbox.gd:6: Error: Max allowed line length (100) exceeded (max-line-length)
./modules/sketchbook/paintbox.gd:78: Error: Definition out of order in global scope (class-definitions-order)
./modules/sketchbook/paintbox.gd:80: Error: Definition out of order in global scope (class-definitions-order)
./modules/sketchbook/paintbox.gd:81: Error: Definition out of order in global scope (class-definitions-order)
./modules/sketchbook/paintbox.gd:82: Error: Definition out of order in global scope (class-definitions-order)
./modules/sketchbook/paintbox.gd:83: Error: Definition out of order in global scope (class-definitions-order)
./modules/sketchbook/paintbox.gd:84: Error: Definition out of order in global scope (class-definitions-order)
./modules/sketchbook/paintbox.gd:85: Error: Definition out of order in global scope (class-definitions-order)
./modules/sketchbook/paintbox.gd:86: Error: Definition out of order in global scope (class-definitions-order)
./modules/sketchbook/sketchbook_window.gd:230: Error: Max allowed line length (100) exceeded (max-line-length)
./modules/sketchbook/sketchbook_window.gd:8: Error: Definition out of order in global scope (class-definitions-order)
./modules/sketchbook/interface.gd:4: Error: Max allowed line length (100) exceeded (max-line-length)
./modules/sketchbook/interface.gd:6: Error: Max allowed line length (100) exceeded (max-line-length)
./modules/sketchbook/interface.gd:9: Error: Max allowed line length (100) exceeded (max-line-length)
./modules/sketchbook/interface.gd:10: Error: Max allowed line length (100) exceeded (max-line-length)
./modules/sketchbook/interface.gd:11: Error: Max allowed line length (100) exceeded (max-line-length)
./modules/sketchbook/interface.gd:12: Error: Max allowed line length (100) exceeded (max-line-length)
./modules/sketchbook/interface.gd:14: Error: Max allowed line length (100) exceeded (max-line-length)
./modules/sketchbook/interface.gd:38: Error: Max allowed line length (100) exceeded (max-line-length)
./modules/sketchbook/interface.gd:39: Error: Max allowed line length (100) exceeded (max-line-length)
./modules/sketchbook/interface.gd:40: Error: Max allowed line length (100) exceeded (max-line-length)
./modules/sketchbook/interface.gd:41: Error: Max allowed line length (100) exceeded (max-line-length)
./modules/sketchbook/interface.gd:22: Error: Constant (load/preload) name "_Impl" is not valid (load-constant-name)
./modules/sketchbook/errors.gd:7: Error: Max allowed line length (100) exceeded (max-line-length)
./modules/sketchbook/mixbox/mixbox.gd:117: Error: Max allowed line length (100) exceeded (max-line-length)
./modules/sketchbook/mixbox/mixbox.gd:118: Error: Max allowed line length (100) exceeded (max-line-length)
./modules/sketchbook/mixbox/mixbox.gd:119: Error: Max allowed line length (100) exceeded (max-line-length)
./modules/sketchbook/mixbox/mixbox.gd:120: Error: Max allowed line length (100) exceeded (max-line-length)
./modules/sketchbook/mixbox/mixbox.gd:121: Error: Max allowed line length (100) exceeded (max-line-length)
./modules/sketchbook/mixbox/mixbox.gd:122: Error: Max allowed line length (100) exceeded (max-line-length)
./modules/sketchbook/mixbox/mixbox.gd:123: Error: Max allowed line length (100) exceeded (max-line-length)
./modules/sketchbook/mixbox/mixbox.gd:124: Error: Max allowed line length (100) exceeded (max-line-length)
./modules/sketchbook/mixbox/mixbox.gd:49: Error: Constant name "lut" is not valid (constant-name)
./modules/sketchbook/global_chatroom.gd:158: Error: Max allowed line length (100) exceeded (max-line-length)
./modules/sketchbook/paper_turn.gd:8: Error: Max allowed line length (100) exceeded (max-line-length)
./modules/sketchbook/paper_turn.gd:9: Error: Max allowed line length (100) exceeded (max-line-length)
./modules/sketchbook/drawing_surface.gd:5: Error: Max allowed line length (100) exceeded (max-line-length)
./modules/sketchbook/drawing_surface.gd:6: Error: Max allowed line length (100) exceeded (max-line-length)
./modules/sketchbook/drawing_surface.gd:10: Error: Definition out of order in global scope (class-definitions-order)
./modules/sketchbook/drawing_surface.gd:11: Error: Definition out of order in global scope (class-definitions-order)
./modules/sketchbook/drawing_surface.gd:52: Error: Definition out of order in global scope (class-definitions-order)
./modules/sketchbook/drawing_surface.gd:53: Error: Definition out of order in global scope (class-definitions-order)
./modules/sketchbook/drawing_surface.gd:54: Error: Definition out of order in global scope (class-definitions-order)
./modules/sketchbook/drawing_surface.gd:55: Error: Definition out of order in global scope (class-definitions-order)
./modules/sketchbook/playtest/harness.gd:40: Error: Max allowed line length (100) exceeded (max-line-length)
./modules/sketchbook/playtest/harness.gd:52: Error: Max allowed line length (100) exceeded (max-line-length)
./modules/sketchbook/playtest/harness.gd:53: Error: Max allowed line length (100) exceeded (max-line-length)
./modules/sketchbook/playtest/harness.gd:61: Error: Max allowed line length (100) exceeded (max-line-length)
./modules/sketchbook/playtest/harness.gd:70: Error: Max allowed line length (100) exceeded (max-line-length)
./modules/sketchbook/playtest/harness.gd:72: Error: Max allowed line length (100) exceeded (max-line-length)
./modules/sketchbook/playtest/harness.gd:73: Error: Max allowed line length (100) exceeded (max-line-length)
./modules/sketchbook/playtest/harness.gd:74: Error: Max allowed line length (100) exceeded (max-line-length)
./modules/sketchbook/playtest/harness.gd:76: Error: Max allowed line length (100) exceeded (max-line-length)
./modules/sketchbook/playtest/harness.gd:84: Error: Max allowed line length (100) exceeded (max-line-length)
./modules/sketchbook/playtest/harness.gd:86: Error: Max allowed line length (100) exceeded (max-line-length)
./modules/sketchbook/playtest/harness.gd:111: Error: Max allowed line length (100) exceeded (max-line-length)
./modules/sketchbook/playtest/harness.gd:123: Error: Max allowed line length (100) exceeded (max-line-length)
./modules/sketchbook/playtest/harness.gd:124: Error: Max allowed line length (100) exceeded (max-line-length)
./modules/sketchbook/playtest/harness.gd:129: Error: Max allowed line length (100) exceeded (max-line-length)
./modules/sketchbook/playtest/harness.gd:141: Error: Max allowed line length (100) exceeded (max-line-length)
./modules/sketchbook/playtest/harness.gd:164: Error: Max allowed line length (100) exceeded (max-line-length)
./modules/sketchbook/playtest/harness.gd:174: Error: Max allowed line length (100) exceeded (max-line-length)
./modules/sketchbook/freehand.gd:7: Error: Max allowed line length (100) exceeded (max-line-length)
./modules/sketchbook/freehand.gd:8: Error: Max allowed line length (100) exceeded (max-line-length)
./modules/collection_data/storage_adapter.gd:18: Error: Max allowed line length (100) exceeded (max-line-length)
./modules/collection_data/storage_adapter.gd:31: Error: Max allowed line length (100) exceeded (max-line-length)
./modules/collection_data/storage_adapter.gd:38: Error: Max allowed line length (100) exceeded (max-line-length)
./modules/collection_data/storage_adapter.gd:40: Error: Max allowed line length (100) exceeded (max-line-length)
./modules/collection_data/storage_adapter.gd:41: Error: Max allowed line length (100) exceeded (max-line-length)
./modules/collection_data/storage_adapter.gd:42: Error: Max allowed line length (100) exceeded (max-line-length)
./modules/collection_data/storage_adapter.gd:46: Error: Max allowed line length (100) exceeded (max-line-length)
./modules/collection_data/storage_adapter.gd:47: Error: Max allowed line length (100) exceeded (max-line-length)
./modules/collection_data/storage_adapter.gd:50: Error: Max allowed line length (100) exceeded (max-line-length)
./modules/collection_data/storage_adapter.gd:57: Error: Max allowed line length (100) exceeded (max-line-length)
./modules/collection_data/storage_adapter.gd:60: Error: Max allowed line length (100) exceeded (max-line-length)
./modules/collection_data/storage_adapter.gd:62: Error: Max allowed line length (100) exceeded (max-line-length)
./modules/collection_data/storage_adapter.gd:76: Error: Max allowed line length (100) exceeded (max-line-length)
./modules/collection_data/storage_adapter.gd:77: Error: Max allowed line length (100) exceeded (max-line-length)
./modules/collection_data/storage_adapter.gd:82: Error: Max allowed line length (100) exceeded (max-line-length)
./modules/collection_data/storage_adapter.gd:96: Error: Max allowed line length (100) exceeded (max-line-length)
./modules/collection_data/storage_adapter.gd:99: Error: Max allowed line length (100) exceeded (max-line-length)
./modules/collection_data/storage_adapter.gd:101: Error: Max allowed line length (100) exceeded (max-line-length)
./modules/collection_data/storage_adapter.gd:105: Error: Max allowed line length (100) exceeded (max-line-length)
./modules/collection_data/storage_adapter.gd:110: Error: Max allowed line length (100) exceeded (max-line-length)
./modules/collection_data/storage_adapter.gd:112: Error: Max allowed line length (100) exceeded (max-line-length)
./modules/collection_data/storage_adapter.gd:113: Error: Max allowed line length (100) exceeded (max-line-length)
./modules/collection_data/storage_adapter.gd:114: Error: Max allowed line length (100) exceeded (max-line-length)
./modules/flowers_page/interface.gd:5: Error: Max allowed line length (100) exceeded (max-line-length)
./modules/flowers_page/interface.gd:21: Error: Constant (load/preload) name "_Impl" is not valid (load-constant-name)
./modules/flowers_page/errors.gd:5: Error: Max allowed line length (100) exceeded (max-line-length)
./modules/flowers_page/flowers_page.gd:5: Error: Max allowed line length (100) exceeded (max-line-length)
./modules/flowers_page/flowers_embed.gd:10: Error: Max allowed line length (100) exceeded (max-line-length)
./modules/flowers_page/flowers_embed.gd:24: Error: Max allowed line length (100) exceeded (max-line-length)
./modules/flowers_page/flowers_embed.gd:29: Error: Max allowed line length (100) exceeded (max-line-length)
./modules/flowers_page/flowers_embed.gd:44: Error: Max allowed line length (100) exceeded (max-line-length)
./modules/flowers_page/flowers_embed.gd:62: Error: Max allowed line length (100) exceeded (max-line-length)
./modules/flowers_page/flowers_embed.gd:63: Error: Max allowed line length (100) exceeded (max-line-length)
./modules/flowers_page/flowers_embed.gd:79: Error: Max allowed line length (100) exceeded (max-line-length)
./modules/flowers_page/flowers_embed.gd:101: Error: Max allowed line length (100) exceeded (max-line-length)
./modules/flowers_page/flowers_embed.gd:103: Error: Max allowed line length (100) exceeded (max-line-length)
./modules/flowers_page/flowers_embed.gd:107: Error: Max allowed line length (100) exceeded (max-line-length)
./modules/shell/crt_display.gd:34: Error: Max allowed line length (100) exceeded (max-line-length)
./modules/shell/crt_display.gd:221: Error: Max allowed line length (100) exceeded (max-line-length)
./modules/shell/crt_display.gd:12: Error: Definition out of order in global scope (class-definitions-order)
./modules/shell/crt_display.gd:13: Error: Definition out of order in global scope (class-definitions-order)
./modules/shell/crt_display.gd:14: Error: Definition out of order in global scope (class-definitions-order)
./modules/shell/crt_display.gd:15: Error: Definition out of order in global scope (class-definitions-order)
./modules/shell/crt_display.gd:16: Error: Definition out of order in global scope (class-definitions-order)
./modules/shell/prototype/gallery_walk4/shot.gd:1: Error: Max allowed line length (100) exceeded (max-line-length)
./modules/shell/prototype/gallery_walk4/shot.gd:3: Error: Max allowed line length (100) exceeded (max-line-length)
./modules/shell/prototype/gallery_walk4/navigation_check.gd:2: Error: Max allowed line length (100) exceeded (max-line-length)
./modules/shell/prototype/gallery_walk4/render_diagnostics.gd:18: Error: Definition out of order in global scope (class-definitions-order)
./modules/shell/prototype/gallery_walk4/painting_asset.gd:1: Error: Max allowed line length (100) exceeded (max-line-length)
./modules/shell/prototype/gallery_walk4/painting_asset.gd:2: Error: Max allowed line length (100) exceeded (max-line-length)
./modules/shell/prototype/gallery_walk4/painting_asset.gd:3: Error: Max allowed line length (100) exceeded (max-line-length)
./modules/shell/prototype/gallery_walk4/painting_asset.gd:15: Error: Max allowed line length (100) exceeded (max-line-length)
./modules/shell/prototype/gallery_walk4/painting_asset.gd:48: Error: Max allowed line length (100) exceeded (max-line-length)
./modules/shell/prototype/gallery_walk4/painting_asset.gd:218: Error: Max allowed line length (100) exceeded (max-line-length)
./modules/shell/prototype/gallery_walk4/painting_asset.gd:237: Error: Max allowed line length (100) exceeded (max-line-length)
./modules/shell/prototype/gallery_walk4/painting_asset.gd:94: Error: Function-scope variable name "X0" is not valid (function-variable-name)
./modules/shell/prototype/gallery_walk4/painting_asset.gd:95: Error: Function-scope variable name "X1" is not valid (function-variable-name)
./modules/shell/prototype/gallery_walk4/painting_asset.gd:96: Error: Function-scope variable name "Y0" is not valid (function-variable-name)
./modules/shell/prototype/gallery_walk4/painting_asset.gd:97: Error: Function-scope variable name "Y1" is not valid (function-variable-name)
./modules/shell/prototype/gallery_walk4/painting_asset.gd:12: Error: Definition out of order in global scope (class-definitions-order)
./modules/shell/prototype/gallery_walk4/identity/native_render_check.gd:3: Error: Max allowed line length (100) exceeded (max-line-length)
./modules/shell/prototype/gallery_walk4/dollhouse_shot.gd:2: Error: Max allowed line length (100) exceeded (max-line-length)
./modules/shell/prototype/gallery_walk4/final_render_check.gd:177: Error: duplicated loading of "res://modules/shell/crt_luminance.gdshader" (duplicated-load)
./modules/shell/prototype/gallery_walk4/final_render_check.gd:295: Error: duplicated loading of "res://modules/shell/prototype/gallery_walk4/gamecube.gdshader" (duplicated-load)
./modules/shell/prototype/gallery_walk4/visitor_check.gd:2: Error: Max allowed line length (100) exceeded (max-line-length)
./modules/shell/prototype/gallery_walk4/walk4.gd:3322: Error: Function "_unhandled_key_input" has more than 6 return statements (max-returns)
./modules/shell/prototype/gallery_walk4/walk4.gd:1: Error: Max allowed line length (100) exceeded (max-line-length)
./modules/shell/prototype/gallery_walk4/walk4.gd:2: Error: Max allowed line length (100) exceeded (max-line-length)
./modules/shell/prototype/gallery_walk4/walk4.gd:3: Error: Max allowed line length (100) exceeded (max-line-length)
./modules/shell/prototype/gallery_walk4/walk4.gd:4: Error: Max allowed line length (100) exceeded (max-line-length)
./modules/shell/prototype/gallery_walk4/walk4.gd:6: Error: Max allowed line length (100) exceeded (max-line-length)
./modules/shell/prototype/gallery_walk4/walk4.gd:7: Error: Max allowed line length (100) exceeded (max-line-length)
./modules/shell/prototype/gallery_walk4/walk4.gd:16: Error: Max allowed line length (100) exceeded (max-line-length)
./modules/shell/prototype/gallery_walk4/walk4.gd:25: Error: Max allowed line length (100) exceeded (max-line-length)
./modules/shell/prototype/gallery_walk4/walk4.gd:26: Error: Max allowed line length (100) exceeded (max-line-length)
./modules/shell/prototype/gallery_walk4/walk4.gd:48: Error: Max allowed line length (100) exceeded (max-line-length)
./modules/shell/prototype/gallery_walk4/walk4.gd:127: Error: Max allowed line length (100) exceeded (max-line-length)
./modules/shell/prototype/gallery_walk4/walk4.gd:129: Error: Max allowed line length (100) exceeded (max-line-length)
./modules/shell/prototype/gallery_walk4/walk4.gd:235: Error: Max allowed line length (100) exceeded (max-line-length)
./modules/shell/prototype/gallery_walk4/walk4.gd:255: Error: Max allowed line length (100) exceeded (max-line-length)
./modules/shell/prototype/gallery_walk4/walk4.gd:290: Error: Max allowed line length (100) exceeded (max-line-length)
./modules/shell/prototype/gallery_walk4/walk4.gd:301: Error: Max allowed line length (100) exceeded (max-line-length)
./modules/shell/prototype/gallery_walk4/walk4.gd:451: Error: Max allowed line length (100) exceeded (max-line-length)
./modules/shell/prototype/gallery_walk4/walk4.gd:525: Error: Max allowed line length (100) exceeded (max-line-length)
./modules/shell/prototype/gallery_walk4/walk4.gd:771: Error: Max allowed line length (100) exceeded (max-line-length)
./modules/shell/prototype/gallery_walk4/walk4.gd:772: Error: Max allowed line length (100) exceeded (max-line-length)
./modules/shell/prototype/gallery_walk4/walk4.gd:862: Error: Max allowed line length (100) exceeded (max-line-length)
./modules/shell/prototype/gallery_walk4/walk4.gd:997: Error: Max allowed line length (100) exceeded (max-line-length)
./modules/shell/prototype/gallery_walk4/walk4.gd:998: Error: Max allowed line length (100) exceeded (max-line-length)
./modules/shell/prototype/gallery_walk4/walk4.gd:1628: Error: Max allowed line length (100) exceeded (max-line-length)
./modules/shell/prototype/gallery_walk4/walk4.gd:1933: Error: Max allowed line length (100) exceeded (max-line-length)
./modules/shell/prototype/gallery_walk4/walk4.gd:2339: Error: Max allowed line length (100) exceeded (max-line-length)
./modules/shell/prototype/gallery_walk4/walk4.gd:2364: Error: Max allowed line length (100) exceeded (max-line-length)
./modules/shell/prototype/gallery_walk4/walk4.gd:2408: Error: Max allowed line length (100) exceeded (max-line-length)
./modules/shell/prototype/gallery_walk4/walk4.gd:2813: Error: Max allowed line length (100) exceeded (max-line-length)
./modules/shell/prototype/gallery_walk4/walk4.gd:2938: Error: Max allowed line length (100) exceeded (max-line-length)
./modules/shell/prototype/gallery_walk4/walk4.gd:2945: Error: Max allowed line length (100) exceeded (max-line-length)
./modules/shell/prototype/gallery_walk4/walk4.gd:2957: Error: Max allowed line length (100) exceeded (max-line-length)
./modules/shell/prototype/gallery_walk4/walk4.gd:2958: Error: Max allowed line length (100) exceeded (max-line-length)
./modules/shell/prototype/gallery_walk4/walk4.gd:3042: Error: Max allowed line length (100) exceeded (max-line-length)
./modules/shell/prototype/gallery_walk4/walk4.gd:3233: Error: Max allowed line length (100) exceeded (max-line-length)
./modules/shell/prototype/gallery_walk4/walk4.gd:3331: Error: Max allowed file lines num (1000) exceeded (max-file-lines)
./modules/shell/prototype/gallery_walk4/walk4.gd:364: Error: Function-scope variable name "X" is not valid (function-variable-name)
./modules/shell/prototype/gallery_walk4/walk4.gd:1004: Error: Function-scope variable name "X" is not valid (function-variable-name)
./modules/shell/prototype/gallery_walk4/walk4.gd:1702: Error: Function-scope variable name "X" is not valid (function-variable-name)
./modules/shell/prototype/gallery_walk4/walk4.gd:1932: Error: Function-scope variable name "X" is not valid (function-variable-name)
./modules/shell/prototype/gallery_walk4/walk4.gd:58: Error: Definition out of order in global scope (class-definitions-order)
./modules/shell/prototype/gallery_walk4/walk4.gd:59: Error: Definition out of order in global scope (class-definitions-order)
./modules/shell/prototype/gallery_walk4/walk4.gd:109: Error: Definition out of order in global scope (class-definitions-order)
./modules/shell/prototype/gallery_walk4/walk4.gd:110: Error: Definition out of order in global scope (class-definitions-order)
./modules/shell/prototype/gallery_walk4/walk4.gd:205: Error: Definition out of order in global scope (class-definitions-order)
./modules/shell/prototype/gallery_walk4/walk4.gd:206: Error: Definition out of order in global scope (class-definitions-order)
./modules/shell/prototype/gallery_walk4/walk4.gd:207: Error: Definition out of order in global scope (class-definitions-order)
./modules/shell/prototype/gallery_walk4/walk4.gd:349: Error: Definition out of order in global scope (class-definitions-order)
./modules/shell/prototype/gallery_walk4/walk4.gd:350: Error: Definition out of order in global scope (class-definitions-order)
./modules/shell/prototype/gallery_walk4/walk4.gd:351: Error: Definition out of order in global scope (class-definitions-order)
./modules/shell/prototype/gallery_walk4/walk4.gd:1000: Error: Definition out of order in global scope (class-definitions-order)
./modules/shell/prototype/gallery_walk4/bake/prepare.gd:170: Error: Max allowed line length (100) exceeded (max-line-length)
./modules/shell/prototype/gallery_walk4/bake/prepare.gd:232: Error: Max allowed line length (100) exceeded (max-line-length)
./modules/shell/demo.gd:3: Error: Max allowed line length (100) exceeded (max-line-length)
./modules/shell/demo.gd:4: Error: Max allowed line length (100) exceeded (max-line-length)
./modules/shell/demo.gd:17: Error: Max allowed line length (100) exceeded (max-line-length)
./modules/shell/demo.gd:47: Error: Max allowed line length (100) exceeded (max-line-length)
./modules/shell/demo.gd:59: Error: Max allowed line length (100) exceeded (max-line-length)
./modules/shell/shell.gd:46: Error: Max allowed line length (100) exceeded (max-line-length)
./modules/shell/shell.gd:85: Error: Max allowed line length (100) exceeded (max-line-length)
./modules/shell/shell.gd:120: Error: Max allowed line length (100) exceeded (max-line-length)
./modules/shell/shell.gd:160: Error: Max allowed line length (100) exceeded (max-line-length)
./modules/shell/shell.gd:17: Error: Definition out of order in global scope (class-definitions-order)
./modules/shell/shell.gd:18: Error: Definition out of order in global scope (class-definitions-order)
./modules/shell/interface.gd:67: Error: Max allowed line length (100) exceeded (max-line-length)
./modules/shell/interface.gd:92: Error: Max allowed line length (100) exceeded (max-line-length)
./modules/shell/interface.gd:39: Error: Constant (load/preload) name "_Impl" is not valid (load-constant-name)
./modules/shell/hover_glow.gd:2: Error: Max allowed line length (100) exceeded (max-line-length)
./modules/shell/hover_glow.gd:3: Error: Max allowed line length (100) exceeded (max-line-length)
./modules/shell/hover_glow.gd:4: Error: Max allowed line length (100) exceeded (max-line-length)
./modules/shell/hover_glow.gd:5: Error: Max allowed line length (100) exceeded (max-line-length)
./modules/shell/hover_glow.gd:10: Error: Max allowed line length (100) exceeded (max-line-length)
./modules/shell/hover_glow.gd:20: Error: Max allowed line length (100) exceeded (max-line-length)
./modules/shell/hover_glow.gd:21: Error: Max allowed line length (100) exceeded (max-line-length)
./modules/shell/hover_glow.gd:182: Error: Max allowed line length (100) exceeded (max-line-length)
./modules/shell/desktop_icons.gd:18: Error: Max allowed line length (100) exceeded (max-line-length)
./modules/shell/desktop_icons.gd:25: Error: Max allowed line length (100) exceeded (max-line-length)
./modules/shell/desktop_icons.gd:65: Error: Max allowed line length (100) exceeded (max-line-length)
./modules/shell/desktop_icons.gd:75: Error: Max allowed line length (100) exceeded (max-line-length)
./modules/shell/desktop_icons.gd:94: Error: Max allowed line length (100) exceeded (max-line-length)
./modules/shell/desktop_icons.gd:111: Error: Max allowed line length (100) exceeded (max-line-length)
./modules/shell/desktop_icons.gd:114: Error: Max allowed line length (100) exceeded (max-line-length)
./modules/shell/boot_loader.gd:12: Error: Max allowed line length (100) exceeded (max-line-length)
./modules/shell/boot_loader.gd:27: Error: Max allowed line length (100) exceeded (max-line-length)
./modules/shell/boot_loader.gd:55: Error: Max allowed line length (100) exceeded (max-line-length)
./modules/shell/boot_loader.gd:143: Error: Max allowed line length (100) exceeded (max-line-length)
./modules/shell/boot_loader.gd:228: Error: Max allowed line length (100) exceeded (max-line-length)
./modules/shell/playtest/visitor174_check.gd:109: Error: Max allowed line length (100) exceeded (max-line-length)
./modules/shell/playtest/visitor174_capture.gd:49: Error: Max allowed line length (100) exceeded (max-line-length)
./modules/shell/playtest/harness.gd:3: Error: Max allowed line length (100) exceeded (max-line-length)
./modules/shell/playtest/harness.gd:4: Error: Max allowed line length (100) exceeded (max-line-length)
./modules/shell/playtest/harness.gd:136: Error: Max allowed line length (100) exceeded (max-line-length)
./modules/shell/playtest/harness.gd:144: Error: Max allowed line length (100) exceeded (max-line-length)
./modules/shell/playtest/harness.gd:154: Error: Max allowed line length (100) exceeded (max-line-length)
./modules/shell/playtest/harness.gd:228: Error: Max allowed line length (100) exceeded (max-line-length)
./modules/shell/square_chrome.gd:244: Error: Max allowed line length (100) exceeded (max-line-length)
./modules/shell/window_shadows.gd:5: Error: Max allowed line length (100) exceeded (max-line-length)
./modules/shell/window_shadows.gd:25: Error: Max allowed line length (100) exceeded (max-line-length)
./modules/shell/window_shadows.gd:50: Error: Max allowed line length (100) exceeded (max-line-length)
./modules/shell/window_shadows.gd:118: Error: Max allowed line length (100) exceeded (max-line-length)
./modules/shell/window_shadows.gd:205: Error: Max allowed line length (100) exceeded (max-line-length)
./modules/shell/window_shadows.gd:26: Error: Definition out of order in global scope (class-definitions-order)
./modules/shell/window_shadows.gd:206: Error: Definition out of order in global scope (class-definitions-order)
./modules/sound_cues/interface.gd:11: Error: Constant (load/preload) name "_Impl" is not valid (load-constant-name)
./modules/video_player/interface.gd:25: Error: Constant (load/preload) name "_Impl" is not valid (load-constant-name)
./modules/video_player/errors.gd:5: Error: Max allowed line length (100) exceeded (max-line-length)
./modules/video_player/video_player.gd:10: Error: Max allowed line length (100) exceeded (max-line-length)
./modules/video_player/video_player.gd:21: Error: Max allowed line length (100) exceeded (max-line-length)
./modules/video_player/video_player.gd:111: Error: Max allowed line length (100) exceeded (max-line-length)
./modules/video_player/video_player.gd:570: Error: Max allowed line length (100) exceeded (max-line-length)
./modules/video_player/video_player.gd:808: Error: Max allowed line length (100) exceeded (max-line-length)
./modules/playground_page/websurfer_window.gd:58: Error: Max allowed line length (100) exceeded (max-line-length)
./modules/playground_page/websurfer_window.gd:59: Error: Max allowed line length (100) exceeded (max-line-length)
./modules/playground_page/websurfer_window.gd:61: Error: Max allowed line length (100) exceeded (max-line-length)
./modules/playground_page/websurfer_window.gd:63: Error: Max allowed line length (100) exceeded (max-line-length)
./modules/playground_page/websurfer_window.gd:65: Error: Max allowed line length (100) exceeded (max-line-length)
./modules/playground_page/websurfer_window.gd:68: Error: Max allowed line length (100) exceeded (max-line-length)
./modules/playground_page/arena_embed.gd:8: Error: Max allowed line length (100) exceeded (max-line-length)
./modules/playground_page/arena_embed.gd:28: Error: Max allowed line length (100) exceeded (max-line-length)
./modules/playground_page/arena_embed.gd:29: Error: Max allowed line length (100) exceeded (max-line-length)
./modules/playground_page/arena_embed.gd:56: Error: Max allowed line length (100) exceeded (max-line-length)
./modules/playground_page/arena_embed.gd:58: Error: Max allowed line length (100) exceeded (max-line-length)
./modules/playground_page/arena_embed.gd:65: Error: Max allowed line length (100) exceeded (max-line-length)
./modules/playground_page/arena_embed.gd:66: Error: Max allowed line length (100) exceeded (max-line-length)
./modules/playground_page/arena_embed.gd:68: Error: Max allowed line length (100) exceeded (max-line-length)
./modules/playground_page/arena_embed.gd:70: Error: Max allowed line length (100) exceeded (max-line-length)
./modules/playground_page/arena_embed.gd:72: Error: Max allowed line length (100) exceeded (max-line-length)
./modules/playground_page/arena_embed.gd:76: Error: Max allowed line length (100) exceeded (max-line-length)
./modules/playground_page/arena_embed.gd:77: Error: Max allowed line length (100) exceeded (max-line-length)
./modules/playground_page/arena_embed.gd:81: Error: Max allowed line length (100) exceeded (max-line-length)
./modules/playground_page/arena_embed.gd:83: Error: Max allowed line length (100) exceeded (max-line-length)
./modules/playground_page/arena_embed.gd:86: Error: Max allowed line length (100) exceeded (max-line-length)
./modules/playground_page/arena_embed.gd:87: Error: Max allowed line length (100) exceeded (max-line-length)
./modules/playground_page/arena_embed.gd:88: Error: Max allowed line length (100) exceeded (max-line-length)
./modules/playground_page/arena_embed.gd:98: Error: Max allowed line length (100) exceeded (max-line-length)
./modules/playground_page/arena_embed.gd:114: Error: Max allowed line length (100) exceeded (max-line-length)
./modules/playground_page/arena_embed.gd:122: Error: Max allowed line length (100) exceeded (max-line-length)
./modules/playground_page/arena_embed.gd:132: Error: Max allowed line length (100) exceeded (max-line-length)
./modules/playground_page/arena_embed.gd:133: Error: Max allowed line length (100) exceeded (max-line-length)
./modules/playground_page/interface.gd:14: Error: Max allowed line length (100) exceeded (max-line-length)
./modules/playground_page/interface.gd:15: Error: Max allowed line length (100) exceeded (max-line-length)
./modules/playground_page/interface.gd:58: Error: Max allowed line length (100) exceeded (max-line-length)
./modules/playground_page/interface.gd:30: Error: Constant (load/preload) name "_Impl" is not valid (load-constant-name)
./modules/playground_page/playground_page.gd:5: Error: Max allowed line length (100) exceeded (max-line-length)
./modules/playground_page/playground_page.gd:11: Error: Max allowed line length (100) exceeded (max-line-length)
./modules/playground_page/playground_page.gd:13: Error: Max allowed line length (100) exceeded (max-line-length)
./modules/playground_page/playground_page.gd:23: Error: Max allowed line length (100) exceeded (max-line-length)
./modules/playground_page/playground_page.gd:34: Error: Max allowed line length (100) exceeded (max-line-length)
./modules/playground_page/playground_page.gd:45: Error: Max allowed line length (100) exceeded (max-line-length)
./modules/playground_page/playground_page.gd:220: Error: Max allowed line length (100) exceeded (max-line-length)
./modules/playground_page/playground_page.gd:221: Error: Max allowed line length (100) exceeded (max-line-length)
./modules/playground_page/playground_page.gd:241: Error: Max allowed line length (100) exceeded (max-line-length)
./modules/playground_page/playground_page.gd:251: Error: Max allowed line length (100) exceeded (max-line-length)
./modules/playground_page/playground_page.gd:269: Error: Max allowed line length (100) exceeded (max-line-length)
./modules/playground_page/playground_page.gd:273: Error: Max allowed line length (100) exceeded (max-line-length)
./modules/playground_page/playground_page.gd:297: Error: Max allowed line length (100) exceeded (max-line-length)
./modules/playground_page/playground_page.gd:318: Error: Max allowed line length (100) exceeded (max-line-length)
./modules/playground_page/playground_page.gd:425: Error: Max allowed line length (100) exceeded (max-line-length)
./modules/playground_page/playground_page.gd:442: Error: Max allowed line length (100) exceeded (max-line-length)
./modules/playground_page/playground_page.gd:480: Error: Max allowed line length (100) exceeded (max-line-length)
./modules/playground_page/playground_page.gd:506: Error: Max allowed line length (100) exceeded (max-line-length)
./modules/playground_page/playground_page.gd:547: Error: Max allowed line length (100) exceeded (max-line-length)
./modules/playground_page/playground_page.gd:549: Error: Max allowed line length (100) exceeded (max-line-length)
./modules/playground_page/playground_page.gd:575: Error: Max allowed line length (100) exceeded (max-line-length)
./modules/playground_page/playground_page.gd:679: Error: Max allowed line length (100) exceeded (max-line-length)
./modules/playground_page/playground_page.gd:693: Error: Max allowed line length (100) exceeded (max-line-length)
./modules/playground_page/playground_page.gd:700: Error: Max allowed line length (100) exceeded (max-line-length)
./modules/playground_page/playground_page.gd:715: Error: Max allowed line length (100) exceeded (max-line-length)
./modules/playground_page/playground_page.gd:727: Error: Max allowed line length (100) exceeded (max-line-length)
./modules/playground_page/playground_page.gd:728: Error: Max allowed line length (100) exceeded (max-line-length)
./modules/playground_page/playground_page.gd:729: Error: Max allowed line length (100) exceeded (max-line-length)
./modules/playground_page/playground_page.gd:730: Error: Max allowed line length (100) exceeded (max-line-length)
./modules/playground_page/playground_page.gd:732: Error: Max allowed line length (100) exceeded (max-line-length)
./modules/playground_page/playground_page.gd:743: Error: Max allowed line length (100) exceeded (max-line-length)
./modules/playground_page/playground_page.gd:755: Error: Max allowed line length (100) exceeded (max-line-length)
./modules/playground_page/playground_page.gd:760: Error: Max allowed line length (100) exceeded (max-line-length)
./modules/playground_page/playground_page.gd:770: Error: Max allowed line length (100) exceeded (max-line-length)
./modules/playground_page/playground_page.gd:851: Error: Max allowed line length (100) exceeded (max-line-length)
./modules/playground_page/playground_page.gd:75: Error: Definition out of order in global scope (class-definitions-order)
./modules/playground_page/playground_page.gd:76: Error: Definition out of order in global scope (class-definitions-order)
./modules/playground_page/playground_page.gd:77: Error: Definition out of order in global scope (class-definitions-order)
./modules/playground_page/playground_page.gd:78: Error: Definition out of order in global scope (class-definitions-order)
./modules/playground_page/playground_page.gd:79: Error: Definition out of order in global scope (class-definitions-order)
./modules/playground_page/playground_page.gd:80: Error: Definition out of order in global scope (class-definitions-order)
./modules/playground_page/playground_page.gd:81: Error: Definition out of order in global scope (class-definitions-order)
./modules/playground_page/playground_page.gd:82: Error: Definition out of order in global scope (class-definitions-order)
./modules/playground_page/playground_page.gd:83: Error: Definition out of order in global scope (class-definitions-order)
./modules/playground_page/playground_page.gd:84: Error: Definition out of order in global scope (class-definitions-order)
./modules/playground_page/playground_page.gd:85: Error: Definition out of order in global scope (class-definitions-order)
./modules/playground_page/playground_page.gd:86: Error: Definition out of order in global scope (class-definitions-order)
./modules/playground_page/playground_page.gd:87: Error: Definition out of order in global scope (class-definitions-order)
./modules/playground_page/playground_page.gd:88: Error: Definition out of order in global scope (class-definitions-order)
./modules/playground_page/playground_page.gd:89: Error: Definition out of order in global scope (class-definitions-order)
./modules/playground_page/playground_page.gd:90: Error: Definition out of order in global scope (class-definitions-order)
./modules/playground_page/playground_page.gd:91: Error: Definition out of order in global scope (class-definitions-order)
./modules/playground_page/playground_page.gd:92: Error: Definition out of order in global scope (class-definitions-order)
./modules/playground_page/playground_page.gd:93: Error: Definition out of order in global scope (class-definitions-order)
./modules/playground_page/playground_page.gd:94: Error: Definition out of order in global scope (class-definitions-order)
./modules/playground_page/playground_page.gd:95: Error: Definition out of order in global scope (class-definitions-order)
./modules/playground_page/playground_page.gd:96: Error: Definition out of order in global scope (class-definitions-order)
./modules/playground_page/journal_window.gd:12: Error: Max allowed line length (100) exceeded (max-line-length)
./modules/playground_page/journal_paper_turn.gd:9: Error: Max allowed line length (100) exceeded (max-line-length)
./modules/playground_page/playtest/harness.gd:1: Error: Max allowed line length (100) exceeded (max-line-length)
./modules/playground_page/playtest/harness.gd:2: Error: Max allowed line length (100) exceeded (max-line-length)
./modules/playground_page/playtest/harness.gd:3: Error: Max allowed line length (100) exceeded (max-line-length)
./modules/playground_page/playtest/harness.gd:4: Error: Max allowed line length (100) exceeded (max-line-length)
./modules/playground_page/playtest/harness.gd:5: Error: Max allowed line length (100) exceeded (max-line-length)
./modules/playground_page/playtest/harness.gd:29: Error: Max allowed line length (100) exceeded (max-line-length)
./modules/playground_page/playtest/harness.gd:37: Error: Max allowed line length (100) exceeded (max-line-length)
./modules/playground_page/playtest/harness.gd:38: Error: Max allowed line length (100) exceeded (max-line-length)
./modules/playground_page/playtest/harness.gd:39: Error: Max allowed line length (100) exceeded (max-line-length)
./modules/playground_page/playtest/harness.gd:46: Error: Max allowed line length (100) exceeded (max-line-length)
./modules/playground_page/playtest/harness.gd:51: Error: Max allowed line length (100) exceeded (max-line-length)
./modules/playground_page/playtest/harness.gd:53: Error: Max allowed line length (100) exceeded (max-line-length)
./modules/playground_page/playtest/harness.gd:54: Error: Max allowed line length (100) exceeded (max-line-length)
./modules/playground_page/playtest/harness.gd:79: Error: Max allowed line length (100) exceeded (max-line-length)
./modules/playground_page/playtest/harness.gd:80: Error: Max allowed line length (100) exceeded (max-line-length)
./modules/playground_page/playtest/harness.gd:85: Error: Max allowed line length (100) exceeded (max-line-length)
./modules/playground_page/playtest/harness.gd:95: Error: Max allowed line length (100) exceeded (max-line-length)
./modules/playground_page/playtest/harness.gd:107: Error: Max allowed line length (100) exceeded (max-line-length)
./modules/playground_page/playtest/harness.gd:115: Error: Max allowed line length (100) exceeded (max-line-length)
./modules/playground_page/playtest/harness.gd:127: Error: Max allowed line length (100) exceeded (max-line-length)
./modules/playground_page/playtest/harness.gd:145: Error: Max allowed line length (100) exceeded (max-line-length)
./modules/playground_page/square_pages.gd:7: Error: Max allowed line length (100) exceeded (max-line-length)
./modules/playground_page/square_pages.gd:42: Error: Max allowed line length (100) exceeded (max-line-length)
./modules/playground_page/square_pages.gd:62: Error: Max allowed line length (100) exceeded (max-line-length)
./modules/playground_page/square_pages.gd:63: Error: Max allowed line length (100) exceeded (max-line-length)
./modules/playground_page/square_pages.gd:174: Error: Max allowed line length (100) exceeded (max-line-length)
./modules/playground_page/square_pages.gd:175: Error: Max allowed line length (100) exceeded (max-line-length)
./modules/playground_page/square_pages.gd:234: Error: Max allowed line length (100) exceeded (max-line-length)
./modules/playground_page/square_pages.gd:237: Error: Max allowed line length (100) exceeded (max-line-length)
./modules/playground_page/square_pages.gd:244: Error: Max allowed line length (100) exceeded (max-line-length)
./modules/playground_page/square_pages.gd:246: Error: Max allowed line length (100) exceeded (max-line-length)
./modules/playground_page/square_pages.gd:250: Error: Max allowed line length (100) exceeded (max-line-length)
./modules/playground_page/square_pages.gd:258: Error: Max allowed line length (100) exceeded (max-line-length)
./modules/playground_page/square_pages.gd:262: Error: Max allowed line length (100) exceeded (max-line-length)
./modules/playground_page/square_pages.gd:277: Error: Max allowed line length (100) exceeded (max-line-length)
./modules/playground_page/square_pages.gd:295: Error: Max allowed line length (100) exceeded (max-line-length)
./modules/playground_page/square_pages.gd:301: Error: Max allowed line length (100) exceeded (max-line-length)
./modules/playground_page/square_pages.gd:310: Error: Max allowed line length (100) exceeded (max-line-length)
./modules/playground_page/square_pages.gd:328: Error: Max allowed line length (100) exceeded (max-line-length)
./modules/playground_page/square_pages.gd:333: Error: Max allowed line length (100) exceeded (max-line-length)
./modules/playground_page/square_pages.gd:348: Error: Max allowed line length (100) exceeded (max-line-length)
./modules/playground_page/square_pages.gd:375: Error: Max allowed line length (100) exceeded (max-line-length)
./modules/playground_page/square_pages.gd:404: Error: Max allowed line length (100) exceeded (max-line-length)
./modules/playground_page/square_pages.gd:405: Error: Max allowed line length (100) exceeded (max-line-length)
./modules/playground_page/square_pages.gd:431: Error: Max allowed line length (100) exceeded (max-line-length)
./modules/playground_page/square_pages.gd:433: Error: Max allowed line length (100) exceeded (max-line-length)
./modules/tab_strip/interface.gd:13: Error: Max allowed line length (100) exceeded (max-line-length)
./modules/tab_strip/interface.gd:14: Error: Max allowed line length (100) exceeded (max-line-length)
./modules/tab_strip/interface.gd:15: Error: Max allowed line length (100) exceeded (max-line-length)
./modules/tab_strip/interface.gd:16: Error: Max allowed line length (100) exceeded (max-line-length)
./modules/tab_strip/interface.gd:41: Error: Max allowed line length (100) exceeded (max-line-length)
./modules/tab_strip/interface.gd:56: Error: Max allowed line length (100) exceeded (max-line-length)
./modules/tab_strip/interface.gd:68: Error: Max allowed line length (100) exceeded (max-line-length)
./modules/tab_strip/interface.gd:70: Error: Max allowed line length (100) exceeded (max-line-length)
./modules/tab_strip/interface.gd:90: Error: Max allowed line length (100) exceeded (max-line-length)
./modules/tab_strip/interface.gd:91: Error: Max allowed line length (100) exceeded (max-line-length)
./modules/tab_strip/interface.gd:94: Error: Max allowed line length (100) exceeded (max-line-length)
./modules/tab_strip/interface.gd:100: Error: Max allowed line length (100) exceeded (max-line-length)
./modules/tab_strip/interface.gd:105: Error: Max allowed line length (100) exceeded (max-line-length)
./modules/tab_strip/interface.gd:24: Error: Constant (load/preload) name "_Impl" is not valid (load-constant-name)
./modules/tab_strip/tab_strip.gd:25: Error: Max allowed line length (100) exceeded (max-line-length)
./modules/tab_strip/tab_strip.gd:33: Error: Max allowed line length (100) exceeded (max-line-length)
./modules/tab_strip/tab_strip.gd:34: Error: Max allowed line length (100) exceeded (max-line-length)
./modules/tab_strip/tab_strip.gd:39: Error: Max allowed line length (100) exceeded (max-line-length)
./modules/tab_strip/tab_strip.gd:106: Error: Max allowed line length (100) exceeded (max-line-length)
./modules/tab_strip/tab_strip.gd:260: Error: Max allowed line length (100) exceeded (max-line-length)
./modules/tab_strip/tab_strip.gd:277: Error: Max allowed line length (100) exceeded (max-line-length)
./modules/tab_strip/tab_strip.gd:278: Error: Max allowed line length (100) exceeded (max-line-length)
./modules/tab_strip/tab_strip.gd:279: Error: Max allowed line length (100) exceeded (max-line-length)
./modules/tab_strip/tab_strip.gd:280: Error: Max allowed line length (100) exceeded (max-line-length)
./modules/tab_strip/tab_strip.gd:281: Error: Max allowed line length (100) exceeded (max-line-length)
./modules/tab_strip/tab_strip.gd:282: Error: Max allowed line length (100) exceeded (max-line-length)
./modules/tab_strip/tab_strip.gd:289: Error: Max allowed line length (100) exceeded (max-line-length)
./modules/tab_strip/tab_strip.gd:400: Error: Max allowed line length (100) exceeded (max-line-length)
./modules/tab_strip/tab_strip.gd:401: Error: Max allowed line length (100) exceeded (max-line-length)
./modules/tab_strip/tab_strip.gd:578: Error: Max allowed line length (100) exceeded (max-line-length)
./modules/tab_strip/tab_strip.gd:579: Error: Max allowed line length (100) exceeded (max-line-length)
./modules/tab_strip/tab_strip.gd:593: Error: Max allowed line length (100) exceeded (max-line-length)
./modules/tab_strip/tab_strip.gd:595: Error: Max allowed line length (100) exceeded (max-line-length)
./modules/tab_strip/tab_strip.gd:664: Error: Max allowed line length (100) exceeded (max-line-length)
./modules/tab_strip/tab_strip.gd:13: Error: Definition out of order in global scope (class-definitions-order)
./modules/tab_strip/tab_strip.gd:14: Error: Definition out of order in global scope (class-definitions-order)
./modules/tab_strip/tab_strip.gd:15: Error: Definition out of order in global scope (class-definitions-order)
./modules/tab_strip/tab_strip.gd:16: Error: Definition out of order in global scope (class-definitions-order)
./modules/tab_strip/tab_strip.gd:17: Error: Definition out of order in global scope (class-definitions-order)
./modules/tab_strip/playtest/harness.gd:224: Error: Max allowed line length (100) exceeded (max-line-length)
./modules/atlas/interface.gd:39: Error: Max allowed line length (100) exceeded (max-line-length)
./modules/atlas/interface.gd:43: Error: Max allowed line length (100) exceeded (max-line-length)
./modules/atlas/interface.gd:44: Error: Max allowed line length (100) exceeded (max-line-length)
./modules/atlas/interface.gd:47: Error: Max allowed line length (100) exceeded (max-line-length)
./modules/atlas/interface.gd:27: Error: Constant (load/preload) name "_Impl" is not valid (load-constant-name)
./modules/atlas/errors.gd:5: Error: Max allowed line length (100) exceeded (max-line-length)
./modules/atlas/atlas.gd:44: Error: Max allowed line length (100) exceeded (max-line-length)
./modules/atlas/playtest/harness.gd:3: Error: Max allowed line length (100) exceeded (max-line-length)
./modules/atlas/playtest/harness.gd:140: Error: Max allowed line length (100) exceeded (max-line-length)
./modules/atlas/playtest/harness.gd:256: Error: Max allowed line length (100) exceeded (max-line-length)
./modules/atlas/playtest/harness.gd:286: Error: Max allowed line length (100) exceeded (max-line-length)
./modules/atlas/playtest/harness.gd:321: Error: Max allowed line length (100) exceeded (max-line-length)
./modules/atlas/atlas_window.gd:386: Error: Function "_input" has more than 6 return statements (max-returns)
./modules/atlas/atlas_window.gd:48: Error: Definition out of order in global scope (class-definitions-order)
./modules/atlas/atlas_window.gd:49: Error: Definition out of order in global scope (class-definitions-order)
./modules/sculpture_viewer/desktop.gd:2: Error: Max allowed line length (100) exceeded (max-line-length)
./modules/sculpture_viewer/desktop.gd:4: Error: Max allowed line length (100) exceeded (max-line-length)
./modules/sculpture_viewer/desktop.gd:5: Error: Max allowed line length (100) exceeded (max-line-length)
./modules/sculpture_viewer/desktop.gd:24: Error: Max allowed line length (100) exceeded (max-line-length)
./modules/sculpture_viewer/desktop.gd:28: Error: Max allowed line length (100) exceeded (max-line-length)
./modules/sculpture_viewer/interface.gd:9: Error: Constant (load/preload) name "_Impl" is not valid (load-constant-name)
./modules/sculpture_viewer/viewer.gd:2: Error: Max allowed line length (100) exceeded (max-line-length)
./modules/sculpture_viewer/viewer.gd:478: Error: Max allowed line length (100) exceeded (max-line-length)
./modules/sculpture_viewer/viewer.gd:57: Error: Definition out of order in global scope (class-definitions-order)
./modules/sculpture_viewer/viewer.gd:65: Error: Definition out of order in global scope (class-definitions-order)
./modules/sculpture_viewer/viewer.gd:66: Error: Definition out of order in global scope (class-definitions-order)
./modules/sculpture_viewer/viewer.gd:67: Error: Definition out of order in global scope (class-definitions-order)
./modules/sculpture_viewer/viewer.gd:108: Error: Definition out of order in global scope (class-definitions-order)
./modules/sculpture_viewer/viewer.gd:378: Error: duplicated loading of "res://modules/sculpture_viewer/shaders/control_face.gdshader" (duplicated-load)
./modules/sculpture_viewer/viewer.gd:432: Error: duplicated loading of "res://modules/sculpture_viewer/shaders/control_face.gdshader" (duplicated-load)
./modules/sculpture_viewer/catalogue.gd:76: Error: Max allowed line length (100) exceeded (max-line-length)
./modules/sculpture_viewer/playtest/record_selection.gd:39: Error: Max allowed line length (100) exceeded (max-line-length)
./modules/sculpture_viewer/playtest/record_selection.gd:121: Error: Max allowed line length (100) exceeded (max-line-length)
./modules/sculpture_viewer/playtest/window_resize_check.gd:74: Error: Max allowed line length (100) exceeded (max-line-length)
./modules/sculpture_viewer/playtest/hover_turn.gd:1: Error: Max allowed line length (100) exceeded (max-line-length)
./modules/sculpture_viewer/playtest/hover_turn.gd:2: Error: Max allowed line length (100) exceeded (max-line-length)
./docs/evidence/floor-selection-186/restore.gd:43: Error: Max allowed line length (100) exceeded (max-line-length)
./docs/evidence/owner-world-177/passage-current/repair.gd:48: Error: Max allowed line length (100) exceeded (max-line-length)
./docs/evidence/proportional-windows-pending/windows_check.gd:34: Error: Max allowed line length (100) exceeded (max-line-length)
./docs/evidence/proportional-windows-pending/windows_check.gd:42: Error: Max allowed line length (100) exceeded (max-line-length)
./docs/evidence/proportional-windows-pending/windows_check.gd:44: Error: Max allowed line length (100) exceeded (max-line-length)
Failure: 488 problems found
