Godot Engine v4.7.2.stable.official.ed1daf0bf - https://godotengine.org

WARNING: Nodes with non-equal opposite anchors will have their size overridden after _ready(). 
If you want to set size, change the anchors or consider using set_deferred().
     at: _set_size (scene/gui/control.cpp:1519)
     GDScript backtrace (most recent call first):
         [0] _initialize (res://testing/saved_destinations_test.gd:58)
WARNING: Nodes with non-equal opposite anchors will have their size overridden after _ready(). 
If you want to set size, change the anchors or consider using set_deferred().
     at: _set_size (scene/gui/control.cpp:1519)
     GDScript backtrace (most recent call first):
         [0] _initialize (res://testing/saved_destinations_test.gd:59)
WARNING: Nodes with non-equal opposite anchors will have their size overridden after _ready(). 
If you want to set size, change the anchors or consider using set_deferred().
     at: _set_size (scene/gui/control.cpp:1519)
     GDScript backtrace (most recent call first):
         [0] _initialize (res://testing/saved_destinations_test.gd:121)
WARNING: Nodes with non-equal opposite anchors will have their size overridden after _ready(). 
If you want to set size, change the anchors or consider using set_deferred().
     at: _set_size (scene/gui/control.cpp:1519)
     GDScript backtrace (most recent call first):
         [0] _initialize (res://testing/saved_destinations_test.gd:122)
saved destinations: passed
WARNING: 4 ObjectDB instances were leaked at exit (run with `--verbose` for details).
   at: cleanup (core/object/object.cpp:2536)
ERROR: 2 resources still in use at exit (run with --verbose for details).
   at: clear (core/io/resource.cpp:822)
