docs/evidence/floor-selection-186/restore.gd:43: Error: Max allowed line length (100) exceeded (max-line-length)
docs/evidence/owner-world-177/passage-current/repair.gd:48: Error: Max allowed line length (100) exceeded (max-line-length)
modules/atlas/atlas_window.gd:386: Error: Function "_input" has more than 6 return statements (max-returns)
modules/atlas/atlas_window.gd:48: Error: Definition out of order in global scope (class-definitions-order)
modules/atlas/atlas_window.gd:49: Error: Definition out of order in global scope (class-definitions-order)
modules/atlas/interface.gd:27: Error: Constant (load/preload) name "_Impl" is not valid (load-constant-name)
modules/collection_data/storage_adapter.gd:18: Error: Max allowed line length (100) exceeded (max-line-length)
modules/collection_data/storage_adapter.gd:31: Error: Max allowed line length (100) exceeded (max-line-length)
modules/collection_data/storage_adapter.gd:38: Error: Max allowed line length (100) exceeded (max-line-length)
modules/collection_data/storage_adapter.gd:40: Error: Max allowed line length (100) exceeded (max-line-length)
modules/collection_data/storage_adapter.gd:41: Error: Max allowed line length (100) exceeded (max-line-length)
modules/collection_data/storage_adapter.gd:42: Error: Max allowed line length (100) exceeded (max-line-length)
modules/collection_data/storage_adapter.gd:46: Error: Max allowed line length (100) exceeded (max-line-length)
modules/collection_data/storage_adapter.gd:47: Error: Max allowed line length (100) exceeded (max-line-length)
modules/collection_data/storage_adapter.gd:50: Error: Max allowed line length (100) exceeded (max-line-length)
modules/collection_data/storage_adapter.gd:57: Error: Max allowed line length (100) exceeded (max-line-length)
modules/collection_data/storage_adapter.gd:60: Error: Max allowed line length (100) exceeded (max-line-length)
modules/collection_data/storage_adapter.gd:62: Error: Max allowed line length (100) exceeded (max-line-length)
modules/collection_data/storage_adapter.gd:76: Error: Max allowed line length (100) exceeded (max-line-length)
modules/collection_data/storage_adapter.gd:77: Error: Max allowed line length (100) exceeded (max-line-length)
modules/collection_data/storage_adapter.gd:82: Error: Max allowed line length (100) exceeded (max-line-length)
modules/collection_data/storage_adapter.gd:96: Error: Max allowed line length (100) exceeded (max-line-length)
modules/collection_data/storage_adapter.gd:99: Error: Max allowed line length (100) exceeded (max-line-length)
modules/collection_data/storage_adapter.gd:101: Error: Max allowed line length (100) exceeded (max-line-length)
modules/collection_data/storage_adapter.gd:105: Error: Max allowed line length (100) exceeded (max-line-length)
modules/collection_data/storage_adapter.gd:110: Error: Max allowed line length (100) exceeded (max-line-length)
modules/collection_data/storage_adapter.gd:112: Error: Max allowed line length (100) exceeded (max-line-length)
modules/collection_data/storage_adapter.gd:113: Error: Max allowed line length (100) exceeded (max-line-length)
modules/collection_data/storage_adapter.gd:114: Error: Max allowed line length (100) exceeded (max-line-length)
modules/flowers_page/flowers_embed.gd:24: Error: Max allowed line length (100) exceeded (max-line-length)
modules/flowers_page/flowers_embed.gd:29: Error: Max allowed line length (100) exceeded (max-line-length)
modules/flowers_page/flowers_embed.gd:44: Error: Max allowed line length (100) exceeded (max-line-length)
modules/flowers_page/flowers_embed.gd:62: Error: Max allowed line length (100) exceeded (max-line-length)
modules/flowers_page/flowers_embed.gd:63: Error: Max allowed line length (100) exceeded (max-line-length)
modules/flowers_page/flowers_embed.gd:79: Error: Max allowed line length (100) exceeded (max-line-length)
modules/flowers_page/flowers_embed.gd:101: Error: Max allowed line length (100) exceeded (max-line-length)
modules/flowers_page/flowers_embed.gd:103: Error: Max allowed line length (100) exceeded (max-line-length)
modules/flowers_page/flowers_embed.gd:107: Error: Max allowed line length (100) exceeded (max-line-length)
modules/flowers_page/interface.gd:22: Error: Constant (load/preload) name "_Impl" is not valid (load-constant-name)
modules/playground_page/arena_embed.gd:29: Error: Max allowed line length (100) exceeded (max-line-length)
modules/playground_page/arena_embed.gd:30: Error: Max allowed line length (100) exceeded (max-line-length)
modules/playground_page/arena_embed.gd:57: Error: Max allowed line length (100) exceeded (max-line-length)
modules/playground_page/arena_embed.gd:59: Error: Max allowed line length (100) exceeded (max-line-length)
modules/playground_page/arena_embed.gd:66: Error: Max allowed line length (100) exceeded (max-line-length)
modules/playground_page/arena_embed.gd:67: Error: Max allowed line length (100) exceeded (max-line-length)
modules/playground_page/arena_embed.gd:69: Error: Max allowed line length (100) exceeded (max-line-length)
modules/playground_page/arena_embed.gd:71: Error: Max allowed line length (100) exceeded (max-line-length)
modules/playground_page/arena_embed.gd:73: Error: Max allowed line length (100) exceeded (max-line-length)
modules/playground_page/arena_embed.gd:77: Error: Max allowed line length (100) exceeded (max-line-length)
modules/playground_page/arena_embed.gd:78: Error: Max allowed line length (100) exceeded (max-line-length)
modules/playground_page/arena_embed.gd:82: Error: Max allowed line length (100) exceeded (max-line-length)
modules/playground_page/arena_embed.gd:84: Error: Max allowed line length (100) exceeded (max-line-length)
modules/playground_page/arena_embed.gd:87: Error: Max allowed line length (100) exceeded (max-line-length)
modules/playground_page/arena_embed.gd:88: Error: Max allowed line length (100) exceeded (max-line-length)
modules/playground_page/arena_embed.gd:89: Error: Max allowed line length (100) exceeded (max-line-length)
modules/playground_page/arena_embed.gd:99: Error: Max allowed line length (100) exceeded (max-line-length)
modules/playground_page/arena_embed.gd:115: Error: Max allowed line length (100) exceeded (max-line-length)
modules/playground_page/arena_embed.gd:123: Error: Max allowed line length (100) exceeded (max-line-length)
modules/playground_page/arena_embed.gd:133: Error: Max allowed line length (100) exceeded (max-line-length)
modules/playground_page/arena_embed.gd:134: Error: Max allowed line length (100) exceeded (max-line-length)
modules/playground_page/interface.gd:32: Error: Constant (load/preload) name "_Impl" is not valid (load-constant-name)
modules/playground_page/journal_window.gd:12: Error: Max allowed line length (100) exceeded (max-line-length)
modules/playground_page/playground_page.gd:81: Error: Definition out of order in global scope (class-definitions-order)
modules/playground_page/playground_page.gd:82: Error: Definition out of order in global scope (class-definitions-order)
modules/playground_page/playground_page.gd:83: Error: Definition out of order in global scope (class-definitions-order)
modules/playground_page/playground_page.gd:84: Error: Definition out of order in global scope (class-definitions-order)
modules/playground_page/playground_page.gd:85: Error: Definition out of order in global scope (class-definitions-order)
modules/playground_page/playground_page.gd:86: Error: Definition out of order in global scope (class-definitions-order)
modules/playground_page/playground_page.gd:87: Error: Definition out of order in global scope (class-definitions-order)
modules/playground_page/playground_page.gd:88: Error: Definition out of order in global scope (class-definitions-order)
modules/playground_page/playground_page.gd:89: Error: Definition out of order in global scope (class-definitions-order)
modules/playground_page/playground_page.gd:90: Error: Definition out of order in global scope (class-definitions-order)
modules/playground_page/playground_page.gd:91: Error: Definition out of order in global scope (class-definitions-order)
modules/playground_page/playground_page.gd:92: Error: Definition out of order in global scope (class-definitions-order)
modules/playground_page/playground_page.gd:93: Error: Definition out of order in global scope (class-definitions-order)
modules/playground_page/playground_page.gd:94: Error: Definition out of order in global scope (class-definitions-order)
modules/playground_page/playground_page.gd:95: Error: Definition out of order in global scope (class-definitions-order)
modules/playground_page/playground_page.gd:96: Error: Definition out of order in global scope (class-definitions-order)
modules/playground_page/playground_page.gd:97: Error: Definition out of order in global scope (class-definitions-order)
modules/playground_page/playground_page.gd:98: Error: Definition out of order in global scope (class-definitions-order)
modules/playground_page/playground_page.gd:99: Error: Definition out of order in global scope (class-definitions-order)
modules/playground_page/playground_page.gd:100: Error: Definition out of order in global scope (class-definitions-order)
modules/playground_page/playground_page.gd:101: Error: Definition out of order in global scope (class-definitions-order)
modules/playground_page/playground_page.gd:102: Error: Definition out of order in global scope (class-definitions-order)
modules/playground_page/websurfer_window.gd:58: Error: Max allowed line length (100) exceeded (max-line-length)
modules/playground_page/websurfer_window.gd:59: Error: Max allowed line length (100) exceeded (max-line-length)
modules/playground_page/websurfer_window.gd:61: Error: Max allowed line length (100) exceeded (max-line-length)
modules/playground_page/websurfer_window.gd:63: Error: Max allowed line length (100) exceeded (max-line-length)
modules/playground_page/websurfer_window.gd:65: Error: Max allowed line length (100) exceeded (max-line-length)
modules/playground_page/websurfer_window.gd:68: Error: Max allowed line length (100) exceeded (max-line-length)
modules/sculpture_viewer/catalogue.gd:76: Error: Max allowed line length (100) exceeded (max-line-length)
modules/sculpture_viewer/interface.gd:9: Error: Constant (load/preload) name "_Impl" is not valid (load-constant-name)
modules/sculpture_viewer/playtest/record_selection.gd:39: Error: Max allowed line length (100) exceeded (max-line-length)
modules/sculpture_viewer/playtest/record_selection.gd:121: Error: Max allowed line length (100) exceeded (max-line-length)
modules/sculpture_viewer/playtest/window_resize_check.gd:74: Error: Max allowed line length (100) exceeded (max-line-length)
modules/sculpture_viewer/viewer.gd:58: Error: Definition out of order in global scope (class-definitions-order)
modules/sculpture_viewer/viewer.gd:66: Error: Definition out of order in global scope (class-definitions-order)
modules/sculpture_viewer/viewer.gd:67: Error: Definition out of order in global scope (class-definitions-order)
modules/sculpture_viewer/viewer.gd:68: Error: Definition out of order in global scope (class-definitions-order)
modules/sculpture_viewer/viewer.gd:109: Error: Definition out of order in global scope (class-definitions-order)
modules/sculpture_viewer/viewer.gd:379: Error: duplicated loading of "res://modules/sculpture_viewer/shaders/control_face.gdshader" (duplicated-load)
modules/sculpture_viewer/viewer.gd:433: Error: duplicated loading of "res://modules/sculpture_viewer/shaders/control_face.gdshader" (duplicated-load)
modules/shell/crt_display.gd:34: Error: Max allowed line length (100) exceeded (max-line-length)
modules/shell/crt_display.gd:12: Error: Definition out of order in global scope (class-definitions-order)
modules/shell/crt_display.gd:13: Error: Definition out of order in global scope (class-definitions-order)
modules/shell/crt_display.gd:14: Error: Definition out of order in global scope (class-definitions-order)
modules/shell/crt_display.gd:15: Error: Definition out of order in global scope (class-definitions-order)
modules/shell/crt_display.gd:16: Error: Definition out of order in global scope (class-definitions-order)
modules/shell/interface.gd:39: Error: Constant (load/preload) name "_Impl" is not valid (load-constant-name)
modules/shell/playtest/visitor174_capture.gd:49: Error: Max allowed line length (100) exceeded (max-line-length)
modules/shell/playtest/visitor174_check.gd:109: Error: Max allowed line length (100) exceeded (max-line-length)
modules/shell/prototype/gallery_walk4/final_render_check.gd:177: Error: duplicated loading of "res://modules/shell/crt_luminance.gdshader" (duplicated-load)
modules/shell/prototype/gallery_walk4/final_render_check.gd:295: Error: duplicated loading of "res://modules/shell/prototype/gallery_walk4/gamecube.gdshader" (duplicated-load)
modules/shell/prototype/gallery_walk4/painting_asset.gd:99: Error: Function-scope variable name "X0" is not valid (function-variable-name)
modules/shell/prototype/gallery_walk4/painting_asset.gd:100: Error: Function-scope variable name "X1" is not valid (function-variable-name)
modules/shell/prototype/gallery_walk4/painting_asset.gd:101: Error: Function-scope variable name "Y0" is not valid (function-variable-name)
modules/shell/prototype/gallery_walk4/painting_asset.gd:102: Error: Function-scope variable name "Y1" is not valid (function-variable-name)
modules/shell/prototype/gallery_walk4/painting_asset.gd:15: Error: Definition out of order in global scope (class-definitions-order)
modules/shell/prototype/gallery_walk4/render_diagnostics.gd:18: Error: Definition out of order in global scope (class-definitions-order)
modules/shell/prototype/gallery_walk4/walk4.gd:3356: Error: Function "_unhandled_key_input" has more than 6 return statements (max-returns)
modules/shell/prototype/gallery_walk4/walk4.gd:2365: Error: Max allowed line length (100) exceeded (max-line-length)
modules/shell/prototype/gallery_walk4/walk4.gd:2390: Error: Max allowed line length (100) exceeded (max-line-length)
modules/shell/prototype/gallery_walk4/walk4.gd:3365: Error: Max allowed file lines num (1000) exceeded (max-file-lines)
modules/shell/prototype/gallery_walk4/walk4.gd:381: Error: Function-scope variable name "X" is not valid (function-variable-name)
modules/shell/prototype/gallery_walk4/walk4.gd:1028: Error: Function-scope variable name "X" is not valid (function-variable-name)
modules/shell/prototype/gallery_walk4/walk4.gd:1727: Error: Function-scope variable name "X" is not valid (function-variable-name)
modules/shell/prototype/gallery_walk4/walk4.gd:1957: Error: Function-scope variable name "X" is not valid (function-variable-name)
modules/shell/prototype/gallery_walk4/walk4.gd:69: Error: Definition out of order in global scope (class-definitions-order)
modules/shell/prototype/gallery_walk4/walk4.gd:70: Error: Definition out of order in global scope (class-definitions-order)
modules/shell/prototype/gallery_walk4/walk4.gd:120: Error: Definition out of order in global scope (class-definitions-order)
modules/shell/prototype/gallery_walk4/walk4.gd:121: Error: Definition out of order in global scope (class-definitions-order)
modules/shell/prototype/gallery_walk4/walk4.gd:218: Error: Definition out of order in global scope (class-definitions-order)
modules/shell/prototype/gallery_walk4/walk4.gd:219: Error: Definition out of order in global scope (class-definitions-order)
modules/shell/prototype/gallery_walk4/walk4.gd:220: Error: Definition out of order in global scope (class-definitions-order)
modules/shell/prototype/gallery_walk4/walk4.gd:366: Error: Definition out of order in global scope (class-definitions-order)
modules/shell/prototype/gallery_walk4/walk4.gd:367: Error: Definition out of order in global scope (class-definitions-order)
modules/shell/prototype/gallery_walk4/walk4.gd:368: Error: Definition out of order in global scope (class-definitions-order)
modules/shell/prototype/gallery_walk4/walk4.gd:1024: Error: Definition out of order in global scope (class-definitions-order)
modules/shell/shell.gd:17: Error: Definition out of order in global scope (class-definitions-order)
modules/shell/shell.gd:18: Error: Definition out of order in global scope (class-definitions-order)
modules/shell/square_chrome.gd:244: Error: Max allowed line length (100) exceeded (max-line-length)
modules/shell/window_shadows.gd:28: Error: Definition out of order in global scope (class-definitions-order)
modules/shell/window_shadows.gd:211: Error: Definition out of order in global scope (class-definitions-order)
modules/sketchbook/desktop.gd:76: Error: Definition out of order in global scope (class-definitions-order)
modules/sketchbook/desktop.gd:77: Error: Definition out of order in global scope (class-definitions-order)
modules/sketchbook/desktop.gd:78: Error: Definition out of order in global scope (class-definitions-order)
modules/sketchbook/desktop.gd:79: Error: Definition out of order in global scope (class-definitions-order)
modules/sketchbook/desktop.gd:80: Error: Definition out of order in global scope (class-definitions-order)
modules/sketchbook/desktop.gd:81: Error: Definition out of order in global scope (class-definitions-order)
modules/sketchbook/desktop.gd:82: Error: Definition out of order in global scope (class-definitions-order)
modules/sketchbook/desktop.gd:83: Error: Definition out of order in global scope (class-definitions-order)
modules/sketchbook/desktop.gd:84: Error: Definition out of order in global scope (class-definitions-order)
modules/sketchbook/desktop.gd:85: Error: Definition out of order in global scope (class-definitions-order)
modules/sketchbook/desktop.gd:86: Error: Definition out of order in global scope (class-definitions-order)
modules/sketchbook/desktop.gd:87: Error: Definition out of order in global scope (class-definitions-order)
modules/sketchbook/desktop.gd:88: Error: Definition out of order in global scope (class-definitions-order)
modules/sketchbook/desktop.gd:89: Error: Definition out of order in global scope (class-definitions-order)
modules/sketchbook/drawing_surface.gd:12: Error: Definition out of order in global scope (class-definitions-order)
modules/sketchbook/drawing_surface.gd:13: Error: Definition out of order in global scope (class-definitions-order)
modules/sketchbook/drawing_surface.gd:54: Error: Definition out of order in global scope (class-definitions-order)
modules/sketchbook/drawing_surface.gd:55: Error: Definition out of order in global scope (class-definitions-order)
modules/sketchbook/drawing_surface.gd:56: Error: Definition out of order in global scope (class-definitions-order)
modules/sketchbook/drawing_surface.gd:57: Error: Definition out of order in global scope (class-definitions-order)
modules/sketchbook/global_chatroom.gd:158: Error: Max allowed line length (100) exceeded (max-line-length)
modules/sketchbook/interface.gd:29: Error: Constant (load/preload) name "_Impl" is not valid (load-constant-name)
modules/sketchbook/mixbox/mixbox.gd:117: Error: Max allowed line length (100) exceeded (max-line-length)
modules/sketchbook/mixbox/mixbox.gd:118: Error: Max allowed line length (100) exceeded (max-line-length)
modules/sketchbook/mixbox/mixbox.gd:119: Error: Max allowed line length (100) exceeded (max-line-length)
modules/sketchbook/mixbox/mixbox.gd:120: Error: Max allowed line length (100) exceeded (max-line-length)
modules/sketchbook/mixbox/mixbox.gd:121: Error: Max allowed line length (100) exceeded (max-line-length)
modules/sketchbook/mixbox/mixbox.gd:122: Error: Max allowed line length (100) exceeded (max-line-length)
modules/sketchbook/mixbox/mixbox.gd:123: Error: Max allowed line length (100) exceeded (max-line-length)
modules/sketchbook/mixbox/mixbox.gd:124: Error: Max allowed line length (100) exceeded (max-line-length)
modules/sketchbook/mixbox/mixbox.gd:49: Error: Constant name "lut" is not valid (constant-name)
modules/sketchbook/paintbox.gd:80: Error: Definition out of order in global scope (class-definitions-order)
modules/sketchbook/paintbox.gd:82: Error: Definition out of order in global scope (class-definitions-order)
modules/sketchbook/paintbox.gd:83: Error: Definition out of order in global scope (class-definitions-order)
modules/sketchbook/paintbox.gd:84: Error: Definition out of order in global scope (class-definitions-order)
modules/sketchbook/paintbox.gd:85: Error: Definition out of order in global scope (class-definitions-order)
modules/sketchbook/paintbox.gd:86: Error: Definition out of order in global scope (class-definitions-order)
modules/sketchbook/paintbox.gd:87: Error: Definition out of order in global scope (class-definitions-order)
modules/sketchbook/paintbox.gd:88: Error: Definition out of order in global scope (class-definitions-order)
modules/sketchbook/painting_flow.gd:90: Error: Max allowed line length (100) exceeded (max-line-length)
modules/sketchbook/sketchbook_window.gd:8: Error: Definition out of order in global scope (class-definitions-order)
modules/sound_cues/interface.gd:11: Error: Constant (load/preload) name "_Impl" is not valid (load-constant-name)
modules/tab_strip/interface.gd:28: Error: Constant (load/preload) name "_Impl" is not valid (load-constant-name)
modules/tab_strip/tab_strip.gd:13: Error: Definition out of order in global scope (class-definitions-order)
modules/tab_strip/tab_strip.gd:14: Error: Definition out of order in global scope (class-definitions-order)
modules/tab_strip/tab_strip.gd:15: Error: Definition out of order in global scope (class-definitions-order)
modules/tab_strip/tab_strip.gd:16: Error: Definition out of order in global scope (class-definitions-order)
modules/tab_strip/tab_strip.gd:17: Error: Definition out of order in global scope (class-definitions-order)
modules/video_player/interface.gd:25: Error: Constant (load/preload) name "_Impl" is not valid (load-constant-name)
prototype/mr-baby-paint-audio/main.gd:263: Error: Function "_group_for" has more than 6 return statements (max-returns)
Failure: 193 problems found
