I20260930 04:43:45.453985 134148046030656 images.cc:124]  => Reconstruction with 473 images and 43042 points
I20260930 04:43:45.454506 134148046030656 undistorters.cc:166] === Image undistortion ===
I20260930 04:43:45.463189 134148046030656 undistorters.cc:208] Undistorting image [1/6]
I20260930 04:43:45.511064 134148046030656 undistorters.cc:208] Undistorting image [2/6]
I20260930 04:43:45.511090 134148046030656 undistorters.cc:208] Undistorting image [3/6]
I20260930 04:43:45.511404 134148046030656 undistorters.cc:208] Undistorting image [4/6]
I20260930 04:43:45.512126 134148046030656 undistorters.cc:208] Undistorting image [5/6]
I20260930 04:43:45.512136 134148046030656 undistorters.cc:208] Undistorting image [6/6]
I20260930 04:43:45.512140 134148046030656 undistorters.cc:222] Writing reconstruction...
I20260930 04:43:45.630428 134148046030656 undistorters.cc:227] Writing configuration...
I20260930 04:43:45.630527 134148046030656 undistorters.cc:231] Writing scripts...
I20260930 04:43:45.630632 134148046030656 timer.cc:90] Elapsed time: 0.003 [minutes]
I20260930 04:43:45.689240 134145669715648 patch_match.cc:210] Reading workspace...
I20260930 04:43:45.690391 134145669715648 patch_match.cc:240] Reading configuration...
I20260930 04:43:45.691170 134145669715648 patch_match.cc:371] Configuration has 6 problems...
I20260930 04:43:45.691805 134145678108352 patch_match.cc:416] === Processing view 1 / 6 for IMG_6380/000244.jpg ===
I20260930 04:43:45.691821 134145678108352 patch_match.cc:466] Reading inputs...
I20260930 04:43:45.704603 134145678108352 patch_match.cc:56] --- PatchMatch::Problem ---
I20260930 04:43:45.704622 134145678108352 patch_match.cc:57] ref_image_idx: 0
I20260930 04:43:45.704626 134145678108352 patch_match.cc:64] src_image_idxs: 2 3 5 1 4
I20260930 04:43:45.704628 134145678108352 patch_match_options.cc:46] --- PatchMatchOptions ---
I20260930 04:43:45.704631 134145678108352 patch_match_options.cc:47] max_image_size: 640
I20260930 04:43:45.704633 134145678108352 patch_match_options.cc:48] gpu_index: 0
I20260930 04:43:45.704634 134145678108352 patch_match_options.cc:49] depth_min: 0.582168
I20260930 04:43:45.704642 134145678108352 patch_match_options.cc:50] depth_max: 5.66585
I20260930 04:43:45.704645 134145678108352 patch_match_options.cc:51] window_radius: 5
I20260930 04:43:45.704647 134145678108352 patch_match_options.cc:52] window_step: 1
I20260930 04:43:45.704648 134145678108352 patch_match_options.cc:53] sigma_spatial: 5
I20260930 04:43:45.704651 134145678108352 patch_match_options.cc:54] sigma_color: 0.2
I20260930 04:43:45.704653 134145678108352 patch_match_options.cc:55] num_samples: 10
I20260930 04:43:45.704655 134145678108352 patch_match_options.cc:56] ncc_sigma: 0.6
I20260930 04:43:45.704657 134145678108352 patch_match_options.cc:57] min_triangulation_angle: 1
I20260930 04:43:45.704659 134145678108352 patch_match_options.cc:58] incident_angle_sigma: 0.9
I20260930 04:43:45.704661 134145678108352 patch_match_options.cc:59] num_iterations: 3
I20260930 04:43:45.704663 134145678108352 patch_match_options.cc:60] geom_consistency: 0
I20260930 04:43:45.704665 134145678108352 patch_match_options.cc:61] geom_consistency_regularizer: 0.3
I20260930 04:43:45.704667 134145678108352 patch_match_options.cc:62] geom_consistency_max_cost: 3
I20260930 04:43:45.704669 134145678108352 patch_match_options.cc:63] filter: 0
I20260930 04:43:45.704671 134145678108352 patch_match_options.cc:64] filter_min_ncc: 0.1
I20260930 04:43:45.704673 134145678108352 patch_match_options.cc:65] filter_min_triangulation_angle: 3
I20260930 04:43:45.704675 134145678108352 patch_match_options.cc:66] filter_min_num_consistent: 2
I20260930 04:43:45.704677 134145678108352 patch_match_options.cc:67] filter_geom_consistency_max_cost: 1
I20260930 04:43:45.704679 134145678108352 patch_match_options.cc:68] write_consistency_graph: 0
I20260930 04:43:45.704681 134145678108352 patch_match_options.cc:69] allow_missing_files: 0
I20260930 04:43:45.704683 134145678108352 patch_match_options.cc:70] num_threads: 8
I20260930 04:43:45.704685 134145678108352 patch_match.cc:129] --- PatchMatch::Run ---
I20260930 04:43:45.905101 134145678108352 cudacc.cc:52] Initialization: 0.0076s
I20260930 04:43:45.961956 134145678108352 cudacc.cc:52]  Sweep 1: 0.0567s
I20260930 04:43:46.053343 134145678108352 cudacc.cc:52]  Sweep 2: 0.0913s
I20260930 04:43:46.103509 134145678108352 cudacc.cc:52]  Sweep 3: 0.0501s
I20260930 04:43:46.184207 134145678108352 cudacc.cc:52]  Sweep 4: 0.0807s
I20260930 04:43:46.184237 134145678108352 cudacc.cc:52] Iteration 1: 0.2790s
I20260930 04:43:46.231380 134145678108352 cudacc.cc:52]  Sweep 1: 0.0471s
I20260930 04:43:46.308347 134145678108352 cudacc.cc:52]  Sweep 2: 0.0769s
I20260930 04:43:46.355072 134145678108352 cudacc.cc:52]  Sweep 3: 0.0467s
I20260930 04:43:46.432370 134145678108352 cudacc.cc:52]  Sweep 4: 0.0773s
I20260930 04:43:46.432429 134145678108352 cudacc.cc:52] Iteration 2: 0.2482s
I20260930 04:43:46.479533 134145678108352 cudacc.cc:52]  Sweep 1: 0.0471s
I20260930 04:43:46.555879 134145678108352 cudacc.cc:52]  Sweep 2: 0.0763s
I20260930 04:43:46.602284 134145678108352 cudacc.cc:52]  Sweep 3: 0.0463s
I20260930 04:43:46.679647 134145678108352 cudacc.cc:52]  Sweep 4: 0.0773s
I20260930 04:43:46.679703 134145678108352 cudacc.cc:52] Iteration 3: 0.2473s
I20260930 04:43:46.679729 134145678108352 cudacc.cc:52] Total: 0.7823s
I20260930 04:43:46.679732 134145678108352 patch_match.cc:525]
Writing photometric output for IMG_6380/000244.jpg
I20260930 04:43:46.697991 134145678108352 patch_match.cc:416] === Processing view 2 / 6 for IMG_6380/000245.jpg ===
I20260930 04:43:46.698015 134145678108352 patch_match.cc:466] Reading inputs...
I20260930 04:43:46.698309 134145678108352 patch_match.cc:56] --- PatchMatch::Problem ---
I20260930 04:43:46.698320 134145678108352 patch_match.cc:57] ref_image_idx: 1
I20260930 04:43:46.698324 134145678108352 patch_match.cc:64] src_image_idxs: 0 5 3 2 4
I20260930 04:43:46.698327 134145678108352 patch_match_options.cc:46] --- PatchMatchOptions ---
I20260930 04:43:46.698329 134145678108352 patch_match_options.cc:47] max_image_size: 640
I20260930 04:43:46.698331 134145678108352 patch_match_options.cc:48] gpu_index: 0
I20260930 04:43:46.698333 134145678108352 patch_match_options.cc:49] depth_min: 0.534496
I20260930 04:43:46.698340 134145678108352 patch_match_options.cc:50] depth_max: 5.50242
I20260930 04:43:46.698342 134145678108352 patch_match_options.cc:51] window_radius: 5
I20260930 04:43:46.698344 134145678108352 patch_match_options.cc:52] window_step: 1
I20260930 04:43:46.698346 134145678108352 patch_match_options.cc:53] sigma_spatial: 5
I20260930 04:43:46.698348 134145678108352 patch_match_options.cc:54] sigma_color: 0.2
I20260930 04:43:46.698350 134145678108352 patch_match_options.cc:55] num_samples: 10
I20260930 04:43:46.698352 134145678108352 patch_match_options.cc:56] ncc_sigma: 0.6
I20260930 04:43:46.698354 134145678108352 patch_match_options.cc:57] min_triangulation_angle: 1
I20260930 04:43:46.698356 134145678108352 patch_match_options.cc:58] incident_angle_sigma: 0.9
I20260930 04:43:46.698358 134145678108352 patch_match_options.cc:59] num_iterations: 3
I20260930 04:43:46.698360 134145678108352 patch_match_options.cc:60] geom_consistency: 0
I20260930 04:43:46.698362 134145678108352 patch_match_options.cc:61] geom_consistency_regularizer: 0.3
I20260930 04:43:46.698364 134145678108352 patch_match_options.cc:62] geom_consistency_max_cost: 3
I20260930 04:43:46.698366 134145678108352 patch_match_options.cc:63] filter: 0
I20260930 04:43:46.698368 134145678108352 patch_match_options.cc:64] filter_min_ncc: 0.1
I20260930 04:43:46.698370 134145678108352 patch_match_options.cc:65] filter_min_triangulation_angle: 3
I20260930 04:43:46.698372 134145678108352 patch_match_options.cc:66] filter_min_num_consistent: 2
I20260930 04:43:46.698374 134145678108352 patch_match_options.cc:67] filter_geom_consistency_max_cost: 1
I20260930 04:43:46.698376 134145678108352 patch_match_options.cc:68] write_consistency_graph: 0
I20260930 04:43:46.698378 134145678108352 patch_match_options.cc:69] allow_missing_files: 0
I20260930 04:43:46.698380 134145678108352 patch_match_options.cc:70] num_threads: 8
I20260930 04:43:46.698387 134145678108352 patch_match.cc:129] --- PatchMatch::Run ---
I20260930 04:43:46.709405 134145678108352 cudacc.cc:52] Initialization: 0.0073s
I20260930 04:43:46.760254 134145678108352 cudacc.cc:52]  Sweep 1: 0.0508s
I20260930 04:43:46.847891 134145678108352 cudacc.cc:52]  Sweep 2: 0.0876s
I20260930 04:43:46.900298 134145678108352 cudacc.cc:52]  Sweep 3: 0.0523s
I20260930 04:43:46.981446 134145678108352 cudacc.cc:52]  Sweep 4: 0.0811s
I20260930 04:43:46.981514 134145678108352 cudacc.cc:52] Iteration 1: 0.2721s
I20260930 04:43:47.030692 134145678108352 cudacc.cc:52]  Sweep 1: 0.0491s
I20260930 04:43:47.115642 134145678108352 cudacc.cc:52]  Sweep 2: 0.0849s
I20260930 04:43:47.165584 134145678108352 cudacc.cc:52]  Sweep 3: 0.0499s
I20260930 04:43:47.246707 134145678108352 cudacc.cc:52]  Sweep 4: 0.0811s
I20260930 04:43:47.246769 134145678108352 cudacc.cc:52] Iteration 2: 0.2652s
I20260930 04:43:47.294450 134145678108352 cudacc.cc:52]  Sweep 1: 0.0476s
I20260930 04:43:47.380508 134145678108352 cudacc.cc:52]  Sweep 2: 0.0860s
I20260930 04:43:47.427958 134145678108352 cudacc.cc:52]  Sweep 3: 0.0474s
I20260930 04:43:47.509536 134145678108352 cudacc.cc:52]  Sweep 4: 0.0815s
I20260930 04:43:47.509598 134145678108352 cudacc.cc:52] Iteration 3: 0.2628s
I20260930 04:43:47.509627 134145678108352 cudacc.cc:52] Total: 0.8075s
I20260930 04:43:47.509631 134145678108352 patch_match.cc:525]
Writing photometric output for IMG_6380/000245.jpg
I20260930 04:43:47.524560 134145678108352 patch_match.cc:416] === Processing view 3 / 6 for IMG_6380/000505.jpg ===
I20260930 04:43:47.524582 134145678108352 patch_match.cc:466] Reading inputs...
I20260930 04:43:47.524775 134145678108352 patch_match.cc:56] --- PatchMatch::Problem ---
I20260930 04:43:47.524785 134145678108352 patch_match.cc:57] ref_image_idx: 2
I20260930 04:43:47.524789 134145678108352 patch_match.cc:64] src_image_idxs: 5 0 1 4
I20260930 04:43:47.524792 134145678108352 patch_match_options.cc:46] --- PatchMatchOptions ---
I20260930 04:43:47.524794 134145678108352 patch_match_options.cc:47] max_image_size: 640
I20260930 04:43:47.524796 134145678108352 patch_match_options.cc:48] gpu_index: 0
I20260930 04:43:47.524798 134145678108352 patch_match_options.cc:49] depth_min: 0.705462
I20260930 04:43:47.524805 134145678108352 patch_match_options.cc:50] depth_max: 6.00173
I20260930 04:43:47.524807 134145678108352 patch_match_options.cc:51] window_radius: 5
I20260930 04:43:47.524809 134145678108352 patch_match_options.cc:52] window_step: 1
I20260930 04:43:47.524811 134145678108352 patch_match_options.cc:53] sigma_spatial: 5
I20260930 04:43:47.524813 134145678108352 patch_match_options.cc:54] sigma_color: 0.2
I20260930 04:43:47.524816 134145678108352 patch_match_options.cc:55] num_samples: 10
I20260930 04:43:47.524817 134145678108352 patch_match_options.cc:56] ncc_sigma: 0.6
I20260930 04:43:47.524820 134145678108352 patch_match_options.cc:57] min_triangulation_angle: 1
I20260930 04:43:47.524822 134145678108352 patch_match_options.cc:58] incident_angle_sigma: 0.9
I20260930 04:43:47.524824 134145678108352 patch_match_options.cc:59] num_iterations: 3
I20260930 04:43:47.524826 134145678108352 patch_match_options.cc:60] geom_consistency: 0
I20260930 04:43:47.524828 134145678108352 patch_match_options.cc:61] geom_consistency_regularizer: 0.3
I20260930 04:43:47.524830 134145678108352 patch_match_options.cc:62] geom_consistency_max_cost: 3
I20260930 04:43:47.524832 134145678108352 patch_match_options.cc:63] filter: 0
I20260930 04:43:47.524834 134145678108352 patch_match_options.cc:64] filter_min_ncc: 0.1
I20260930 04:43:47.524836 134145678108352 patch_match_options.cc:65] filter_min_triangulation_angle: 3
I20260930 04:43:47.524838 134145678108352 patch_match_options.cc:66] filter_min_num_consistent: 2
I20260930 04:43:47.524840 134145678108352 patch_match_options.cc:67] filter_geom_consistency_max_cost: 1
I20260930 04:43:47.524842 134145678108352 patch_match_options.cc:68] write_consistency_graph: 0
I20260930 04:43:47.524844 134145678108352 patch_match_options.cc:69] allow_missing_files: 0
I20260930 04:43:47.524851 134145678108352 patch_match_options.cc:70] num_threads: 8
I20260930 04:43:47.524862 134145678108352 patch_match.cc:129] --- PatchMatch::Run ---
I20260930 04:43:47.536073 134145678108352 cudacc.cc:52] Initialization: 0.0066s
I20260930 04:43:47.590371 134145678108352 cudacc.cc:52]  Sweep 1: 0.0542s
I20260930 04:43:47.677754 134145678108352 cudacc.cc:52]  Sweep 2: 0.0873s
I20260930 04:43:47.729868 134145678108352 cudacc.cc:52]  Sweep 3: 0.0520s
I20260930 04:43:47.817029 134145678108352 cudacc.cc:52]  Sweep 4: 0.0871s
I20260930 04:43:47.817085 134145678108352 cudacc.cc:52] Iteration 1: 0.2810s
I20260930 04:43:47.869600 134145678108352 cudacc.cc:52]  Sweep 1: 0.0525s
I20260930 04:43:47.957639 134145678108352 cudacc.cc:52]  Sweep 2: 0.0880s
I20260930 04:43:48.007988 134145678108352 cudacc.cc:52]  Sweep 3: 0.0503s
I20260930 04:43:48.095797 134145678108352 cudacc.cc:52]  Sweep 4: 0.0877s
I20260930 04:43:48.095854 134145678108352 cudacc.cc:52] Iteration 2: 0.2787s
I20260930 04:43:48.146749 134145678108352 cudacc.cc:52]  Sweep 1: 0.0509s
I20260930 04:43:48.230997 134145678108352 cudacc.cc:52]  Sweep 2: 0.0842s
I20260930 04:43:48.281342 134145678108352 cudacc.cc:52]  Sweep 3: 0.0503s
I20260930 04:43:48.366147 134145678108352 cudacc.cc:52]  Sweep 4: 0.0847s
I20260930 04:43:48.366208 134145678108352 cudacc.cc:52] Iteration 3: 0.2703s
I20260930 04:43:48.366237 134145678108352 cudacc.cc:52] Total: 0.8368s
I20260930 04:43:48.366242 134145678108352 patch_match.cc:525]
Writing photometric output for IMG_6380/000505.jpg
I20260930 04:43:48.383522 134145678108352 patch_match.cc:416] === Processing view 4 / 6 for IMG_6380_exit6fps/000013.jpg ===
I20260930 04:43:48.383545 134145678108352 patch_match.cc:466] Reading inputs...
I20260930 04:43:48.383739 134145678108352 patch_match.cc:56] --- PatchMatch::Problem ---
I20260930 04:43:48.383751 134145678108352 patch_match.cc:57] ref_image_idx: 3
I20260930 04:43:48.383756 134145678108352 patch_match.cc:64] src_image_idxs: 5 0 1 4
I20260930 04:43:48.383760 134145678108352 patch_match_options.cc:46] --- PatchMatchOptions ---
I20260930 04:43:48.383763 134145678108352 patch_match_options.cc:47] max_image_size: 640
I20260930 04:43:48.383765 134145678108352 patch_match_options.cc:48] gpu_index: 0
I20260930 04:43:48.383768 134145678108352 patch_match_options.cc:49] depth_min: 0.768599
I20260930 04:43:48.383775 134145678108352 patch_match_options.cc:50] depth_max: 6.08557
I20260930 04:43:48.383779 134145678108352 patch_match_options.cc:51] window_radius: 5
I20260930 04:43:48.383781 134145678108352 patch_match_options.cc:52] window_step: 1
I20260930 04:43:48.383784 134145678108352 patch_match_options.cc:53] sigma_spatial: 5
I20260930 04:43:48.383787 134145678108352 patch_match_options.cc:54] sigma_color: 0.2
I20260930 04:43:48.383790 134145678108352 patch_match_options.cc:55] num_samples: 10
I20260930 04:43:48.383793 134145678108352 patch_match_options.cc:56] ncc_sigma: 0.6
I20260930 04:43:48.383796 134145678108352 patch_match_options.cc:57] min_triangulation_angle: 1
I20260930 04:43:48.383799 134145678108352 patch_match_options.cc:58] incident_angle_sigma: 0.9
I20260930 04:43:48.383802 134145678108352 patch_match_options.cc:59] num_iterations: 3
I20260930 04:43:48.383805 134145678108352 patch_match_options.cc:60] geom_consistency: 0
I20260930 04:43:48.383808 134145678108352 patch_match_options.cc:61] geom_consistency_regularizer: 0.3
I20260930 04:43:48.383811 134145678108352 patch_match_options.cc:62] geom_consistency_max_cost: 3
I20260930 04:43:48.383814 134145678108352 patch_match_options.cc:63] filter: 0
I20260930 04:43:48.383816 134145678108352 patch_match_options.cc:64] filter_min_ncc: 0.1
I20260930 04:43:48.383819 134145678108352 patch_match_options.cc:65] filter_min_triangulation_angle: 3
I20260930 04:43:48.383822 134145678108352 patch_match_options.cc:66] filter_min_num_consistent: 2
I20260930 04:43:48.383825 134145678108352 patch_match_options.cc:67] filter_geom_consistency_max_cost: 1
I20260930 04:43:48.383828 134145678108352 patch_match_options.cc:68] write_consistency_graph: 0
I20260930 04:43:48.383836 134145678108352 patch_match_options.cc:69] allow_missing_files: 0
I20260930 04:43:48.383846 134145678108352 patch_match_options.cc:70] num_threads: 8
I20260930 04:43:48.383849 134145678108352 patch_match.cc:129] --- PatchMatch::Run ---
I20260930 04:43:48.395889 134145678108352 cudacc.cc:52] Initialization: 0.0083s
I20260930 04:43:48.448892 134145678108352 cudacc.cc:52]  Sweep 1: 0.0529s
I20260930 04:43:48.539585 134145678108352 cudacc.cc:52]  Sweep 2: 0.0906s
I20260930 04:43:48.594246 134145678108352 cudacc.cc:52]  Sweep 3: 0.0546s
I20260930 04:43:48.682192 134145678108352 cudacc.cc:52]  Sweep 4: 0.0879s
I20260930 04:43:48.682249 134145678108352 cudacc.cc:52] Iteration 1: 0.2863s
I20260930 04:43:48.736540 134145678108352 cudacc.cc:52]  Sweep 1: 0.0543s
I20260930 04:43:48.826979 134145678108352 cudacc.cc:52]  Sweep 2: 0.0904s
I20260930 04:43:48.878858 134145678108352 cudacc.cc:52]  Sweep 3: 0.0518s
I20260930 04:43:48.967885 134145678108352 cudacc.cc:52]  Sweep 4: 0.0890s
I20260930 04:43:48.967943 134145678108352 cudacc.cc:52] Iteration 2: 0.2857s
I20260930 04:43:49.022016 134145678108352 cudacc.cc:52]  Sweep 1: 0.0540s
I20260930 04:43:49.110627 134145678108352 cudacc.cc:52]  Sweep 2: 0.0885s
I20260930 04:43:49.162325 134145678108352 cudacc.cc:52]  Sweep 3: 0.0516s
I20260930 04:43:49.251248 134145678108352 cudacc.cc:52]  Sweep 4: 0.0889s
I20260930 04:43:49.251304 134145678108352 cudacc.cc:52] Iteration 3: 0.2833s
I20260930 04:43:49.251325 134145678108352 cudacc.cc:52] Total: 0.8637s
I20260930 04:43:49.251330 134145678108352 patch_match.cc:525]
Writing photometric output for IMG_6380_exit6fps/000013.jpg
I20260930 04:43:49.265432 134145678108352 patch_match.cc:416] === Processing view 5 / 6 for IMG_6380_exit6fps/000019.jpg ===
I20260930 04:43:49.265454 134145678108352 patch_match.cc:466] Reading inputs...
I20260930 04:43:49.265624 134145678108352 patch_match.cc:56] --- PatchMatch::Problem ---
I20260930 04:43:49.265631 134145678108352 patch_match.cc:57] ref_image_idx: 4
I20260930 04:43:49.265635 134145678108352 patch_match.cc:64] src_image_idxs: 0 3 2 1
I20260930 04:43:49.265637 134145678108352 patch_match_options.cc:46] --- PatchMatchOptions ---
I20260930 04:43:49.265640 134145678108352 patch_match_options.cc:47] max_image_size: 640
I20260930 04:43:49.265642 134145678108352 patch_match_options.cc:48] gpu_index: 0
I20260930 04:43:49.265644 134145678108352 patch_match_options.cc:49] depth_min: 0.59513
I20260930 04:43:49.265650 134145678108352 patch_match_options.cc:50] depth_max: 4.1464
I20260930 04:43:49.265652 134145678108352 patch_match_options.cc:51] window_radius: 5
I20260930 04:43:49.265654 134145678108352 patch_match_options.cc:52] window_step: 1
I20260930 04:43:49.265656 134145678108352 patch_match_options.cc:53] sigma_spatial: 5
I20260930 04:43:49.265658 134145678108352 patch_match_options.cc:54] sigma_color: 0.2
I20260930 04:43:49.265661 134145678108352 patch_match_options.cc:55] num_samples: 10
I20260930 04:43:49.265663 134145678108352 patch_match_options.cc:56] ncc_sigma: 0.6
I20260930 04:43:49.265665 134145678108352 patch_match_options.cc:57] min_triangulation_angle: 1
I20260930 04:43:49.265667 134145678108352 patch_match_options.cc:58] incident_angle_sigma: 0.9
I20260930 04:43:49.265669 134145678108352 patch_match_options.cc:59] num_iterations: 3
I20260930 04:43:49.265671 134145678108352 patch_match_options.cc:60] geom_consistency: 0
I20260930 04:43:49.265673 134145678108352 patch_match_options.cc:61] geom_consistency_regularizer: 0.3
I20260930 04:43:49.265675 134145678108352 patch_match_options.cc:62] geom_consistency_max_cost: 3
I20260930 04:43:49.265677 134145678108352 patch_match_options.cc:63] filter: 0
I20260930 04:43:49.265679 134145678108352 patch_match_options.cc:64] filter_min_ncc: 0.1
I20260930 04:43:49.265681 134145678108352 patch_match_options.cc:65] filter_min_triangulation_angle: 3
I20260930 04:43:49.265683 134145678108352 patch_match_options.cc:66] filter_min_num_consistent: 2
I20260930 04:43:49.265685 134145678108352 patch_match_options.cc:67] filter_geom_consistency_max_cost: 1
I20260930 04:43:49.265693 134145678108352 patch_match_options.cc:68] write_consistency_graph: 0
I20260930 04:43:49.265702 134145678108352 patch_match_options.cc:69] allow_missing_files: 0
I20260930 04:43:49.265704 134145678108352 patch_match_options.cc:70] num_threads: 8
I20260930 04:43:49.265706 134145678108352 patch_match.cc:129] --- PatchMatch::Run ---
I20260930 04:43:49.275269 134145678108352 cudacc.cc:52] Initialization: 0.0055s
I20260930 04:43:49.324581 134145678108352 cudacc.cc:52]  Sweep 1: 0.0493s
I20260930 04:43:49.405089 134145678108352 cudacc.cc:52]  Sweep 2: 0.0804s
I20260930 04:43:49.459442 134145678108352 cudacc.cc:52]  Sweep 3: 0.0543s
I20260930 04:43:49.551420 134145678108352 cudacc.cc:52]  Sweep 4: 0.0919s
I20260930 04:43:49.551481 134145678108352 cudacc.cc:52] Iteration 1: 0.2762s
I20260930 04:43:49.596196 134145678108352 cudacc.cc:52]  Sweep 1: 0.0447s
I20260930 04:43:49.679074 134145678108352 cudacc.cc:52]  Sweep 2: 0.0828s
I20260930 04:43:49.738018 134145678108352 cudacc.cc:52]  Sweep 3: 0.0589s
I20260930 04:43:49.835881 134145678108352 cudacc.cc:52]  Sweep 4: 0.0978s
I20260930 04:43:49.835969 134145678108352 cudacc.cc:52] Iteration 2: 0.2845s
I20260930 04:43:49.895886 134145678108352 cudacc.cc:52]  Sweep 1: 0.0599s
I20260930 04:43:49.993157 134145678108352 cudacc.cc:52]  Sweep 2: 0.0972s
I20260930 04:43:50.052815 134145678108352 cudacc.cc:52]  Sweep 3: 0.0594s
I20260930 04:43:50.148901 134145678108352 cudacc.cc:52]  Sweep 4: 0.0960s
I20260930 04:43:50.149212 134145678108352 cudacc.cc:52] Iteration 3: 0.3132s
I20260930 04:43:50.149355 134145678108352 cudacc.cc:52] Total: 0.8796s
I20260930 04:43:50.149365 134145678108352 patch_match.cc:525]
Writing photometric output for IMG_6380_exit6fps/000019.jpg
I20260930 04:43:50.165334 134145678108352 patch_match.cc:416] === Processing view 6 / 6 for IMG_6380_exit6fps/000020.jpg ===
I20260930 04:43:50.165365 134145678108352 patch_match.cc:466] Reading inputs...
I20260930 04:43:50.165510 134145678108352 patch_match.cc:56] --- PatchMatch::Problem ---
I20260930 04:43:50.165521 134145678108352 patch_match.cc:57] ref_image_idx: 5
I20260930 04:43:50.165524 134145678108352 patch_match.cc:64] src_image_idxs: 3 2 0 1
I20260930 04:43:50.165527 134145678108352 patch_match_options.cc:46] --- PatchMatchOptions ---
I20260930 04:43:50.165530 134145678108352 patch_match_options.cc:47] max_image_size: 640
I20260930 04:43:50.165531 134145678108352 patch_match_options.cc:48] gpu_index: 0
I20260930 04:43:50.165533 134145678108352 patch_match_options.cc:49] depth_min: 0.564303
I20260930 04:43:50.165542 134145678108352 patch_match_options.cc:50] depth_max: 5.62135
I20260930 04:43:50.165544 134145678108352 patch_match_options.cc:51] window_radius: 5
I20260930 04:43:50.165546 134145678108352 patch_match_options.cc:52] window_step: 1
I20260930 04:43:50.165548 134145678108352 patch_match_options.cc:53] sigma_spatial: 5
I20260930 04:43:50.165550 134145678108352 patch_match_options.cc:54] sigma_color: 0.2
I20260930 04:43:50.165552 134145678108352 patch_match_options.cc:55] num_samples: 10
I20260930 04:43:50.165554 134145678108352 patch_match_options.cc:56] ncc_sigma: 0.6
I20260930 04:43:50.165556 134145678108352 patch_match_options.cc:57] min_triangulation_angle: 1
I20260930 04:43:50.165558 134145678108352 patch_match_options.cc:58] incident_angle_sigma: 0.9
I20260930 04:43:50.165560 134145678108352 patch_match_options.cc:59] num_iterations: 3
I20260930 04:43:50.165562 134145678108352 patch_match_options.cc:60] geom_consistency: 0
I20260930 04:43:50.165564 134145678108352 patch_match_options.cc:61] geom_consistency_regularizer: 0.3
I20260930 04:43:50.165566 134145678108352 patch_match_options.cc:62] geom_consistency_max_cost: 3
I20260930 04:43:50.165568 134145678108352 patch_match_options.cc:63] filter: 0
I20260930 04:43:50.165570 134145678108352 patch_match_options.cc:64] filter_min_ncc: 0.1
I20260930 04:43:50.165572 134145678108352 patch_match_options.cc:65] filter_min_triangulation_angle: 3
I20260930 04:43:50.165574 134145678108352 patch_match_options.cc:66] filter_min_num_consistent: 2
I20260930 04:43:50.165586 134145678108352 patch_match_options.cc:67] filter_geom_consistency_max_cost: 1
I20260930 04:43:50.165597 134145678108352 patch_match_options.cc:68] write_consistency_graph: 0
I20260930 04:43:50.165599 134145678108352 patch_match_options.cc:69] allow_missing_files: 0
I20260930 04:43:50.165601 134145678108352 patch_match_options.cc:70] num_threads: 8
I20260930 04:43:50.165603 134145678108352 patch_match.cc:129] --- PatchMatch::Run ---
I20260930 04:43:50.177191 134145678108352 cudacc.cc:52] Initialization: 0.0068s
I20260930 04:43:50.231576 134145678108352 cudacc.cc:52]  Sweep 1: 0.0543s
I20260930 04:43:50.324882 134145678108352 cudacc.cc:52]  Sweep 2: 0.0932s
I20260930 04:43:50.385532 134145678108352 cudacc.cc:52]  Sweep 3: 0.0606s
I20260930 04:43:50.486270 134145678108352 cudacc.cc:52]  Sweep 4: 0.1007s
I20260930 04:43:50.486332 134145678108352 cudacc.cc:52] Iteration 1: 0.3091s
I20260930 04:43:50.546156 134145678108352 cudacc.cc:52]  Sweep 1: 0.0598s
I20260930 04:43:50.644053 134145678108352 cudacc.cc:52]  Sweep 2: 0.0978s
I20260930 04:43:50.703118 134145678108352 cudacc.cc:52]  Sweep 3: 0.0587s
I20260930 04:43:50.801064 134145678108352 cudacc.cc:52]  Sweep 4: 0.0979s
I20260930 04:43:50.801133 134145678108352 cudacc.cc:52] Iteration 2: 0.3148s
I20260930 04:43:50.859505 134145678108352 cudacc.cc:52]  Sweep 1: 0.0583s
I20260930 04:43:50.956678 134145678108352 cudacc.cc:52]  Sweep 2: 0.0971s
I20260930 04:43:51.015250 134145678108352 cudacc.cc:52]  Sweep 3: 0.0585s
I20260930 04:43:51.114138 134145678108352 cudacc.cc:52]  Sweep 4: 0.0988s
I20260930 04:43:51.114227 134145678108352 cudacc.cc:52] Iteration 3: 0.3130s
I20260930 04:43:51.114254 134145678108352 cudacc.cc:52] Total: 0.9439s
I20260930 04:43:51.114259 134145678108352 patch_match.cc:525]
Writing photometric output for IMG_6380_exit6fps/000020.jpg
I20260930 04:43:51.129305 134145678108352 patch_match.cc:416] === Processing view 1 / 6 for IMG_6380/000244.jpg ===
I20260930 04:43:51.129337 134145678108352 patch_match.cc:466] Reading inputs...
I20260930 04:43:51.143936 134145678108352 patch_match.cc:56] --- PatchMatch::Problem ---
I20260930 04:43:51.143962 134145678108352 patch_match.cc:57] ref_image_idx: 0
I20260930 04:43:51.143966 134145678108352 patch_match.cc:64] src_image_idxs: 4 1 5 3 2
I20260930 04:43:51.143969 134145678108352 patch_match_options.cc:46] --- PatchMatchOptions ---
I20260930 04:43:51.143971 134145678108352 patch_match_options.cc:47] max_image_size: 640
I20260930 04:43:51.143973 134145678108352 patch_match_options.cc:48] gpu_index: 0
I20260930 04:43:51.143975 134145678108352 patch_match_options.cc:49] depth_min: 0.582168
I20260930 04:43:51.143985 134145678108352 patch_match_options.cc:50] depth_max: 5.66585
I20260930 04:43:51.143987 134145678108352 patch_match_options.cc:51] window_radius: 5
I20260930 04:43:51.143989 134145678108352 patch_match_options.cc:52] window_step: 1
I20260930 04:43:51.143991 134145678108352 patch_match_options.cc:53] sigma_spatial: 5
I20260930 04:43:51.143993 134145678108352 patch_match_options.cc:54] sigma_color: 0.2
I20260930 04:43:51.143995 134145678108352 patch_match_options.cc:55] num_samples: 10
I20260930 04:43:51.143997 134145678108352 patch_match_options.cc:56] ncc_sigma: 0.6
I20260930 04:43:51.143999 134145678108352 patch_match_options.cc:57] min_triangulation_angle: 1
I20260930 04:43:51.144001 134145678108352 patch_match_options.cc:58] incident_angle_sigma: 0.9
I20260930 04:43:51.144003 134145678108352 patch_match_options.cc:59] num_iterations: 3
I20260930 04:43:51.144005 134145678108352 patch_match_options.cc:60] geom_consistency: 1
I20260930 04:43:51.144007 134145678108352 patch_match_options.cc:61] geom_consistency_regularizer: 0.3
I20260930 04:43:51.144009 134145678108352 patch_match_options.cc:62] geom_consistency_max_cost: 3
I20260930 04:43:51.144011 134145678108352 patch_match_options.cc:63] filter: 1
I20260930 04:43:51.144013 134145678108352 patch_match_options.cc:64] filter_min_ncc: 0.1
I20260930 04:43:51.144015 134145678108352 patch_match_options.cc:65] filter_min_triangulation_angle: 3
I20260930 04:43:51.144058 134145678108352 patch_match_options.cc:66] filter_min_num_consistent: 2
I20260930 04:43:51.144071 134145678108352 patch_match_options.cc:67] filter_geom_consistency_max_cost: 1
I20260930 04:43:51.144075 134145678108352 patch_match_options.cc:68] write_consistency_graph: 0
I20260930 04:43:51.144077 134145678108352 patch_match_options.cc:69] allow_missing_files: 0
I20260930 04:43:51.144079 134145678108352 patch_match_options.cc:70] num_threads: 8
I20260930 04:43:51.144081 134145678108352 patch_match.cc:129] --- PatchMatch::Run ---
I20260930 04:43:51.159708 134145678108352 cudacc.cc:52] Initialization: 0.0091s
I20260930 04:43:51.281807 134145678108352 cudacc.cc:52]  Sweep 1: 0.1220s
I20260930 04:43:51.469545 134145678108352 cudacc.cc:52]  Sweep 2: 0.1877s
I20260930 04:43:51.583918 134145678108352 cudacc.cc:52]  Sweep 3: 0.1143s
I20260930 04:43:51.762534 134145678108352 cudacc.cc:52]  Sweep 4: 0.1785s
I20260930 04:43:51.762596 134145678108352 cudacc.cc:52] Iteration 1: 0.6028s
I20260930 04:43:51.853597 134145678108352 cudacc.cc:52]  Sweep 1: 0.0910s
I20260930 04:43:52.025127 134145678108352 cudacc.cc:52]  Sweep 2: 0.1714s
I20260930 04:43:52.125782 134145678108352 cudacc.cc:52]  Sweep 3: 0.1005s
I20260930 04:43:52.296620 134145678108352 cudacc.cc:52]  Sweep 4: 0.1708s
I20260930 04:43:52.296689 134145678108352 cudacc.cc:52] Iteration 2: 0.5341s
I20260930 04:43:52.396893 134145678108352 cudacc.cc:52]  Sweep 1: 0.1002s
I20260930 04:43:52.563832 134145678108352 cudacc.cc:52]  Sweep 2: 0.1669s
I20260930 04:43:52.660619 134145678108352 cudacc.cc:52]  Sweep 3: 0.0967s
I20260930 04:43:52.811521 134145678108352 cudacc.cc:52]  Sweep 4: 0.1508s
I20260930 04:43:52.811587 134145678108352 cudacc.cc:52] Iteration 3: 0.5149s
I20260930 04:43:52.811610 134145678108352 cudacc.cc:52] Total: 1.6610s
I20260930 04:43:52.811613 134145678108352 patch_match.cc:525]
Writing geometric output for IMG_6380/000244.jpg
I20260930 04:43:52.825974 134145678108352 patch_match.cc:416] === Processing view 2 / 6 for IMG_6380/000245.jpg ===
I20260930 04:43:52.826015 134145678108352 patch_match.cc:466] Reading inputs...
I20260930 04:43:52.829065 134145678108352 patch_match.cc:56] --- PatchMatch::Problem ---
I20260930 04:43:52.829082 134145678108352 patch_match.cc:57] ref_image_idx: 1
I20260930 04:43:52.829086 134145678108352 patch_match.cc:64] src_image_idxs: 4 2 3 5 0
I20260930 04:43:52.829089 134145678108352 patch_match_options.cc:46] --- PatchMatchOptions ---
I20260930 04:43:52.829091 134145678108352 patch_match_options.cc:47] max_image_size: 640
I20260930 04:43:52.829093 134145678108352 patch_match_options.cc:48] gpu_index: 0
I20260930 04:43:52.829094 134145678108352 patch_match_options.cc:49] depth_min: 0.534496
I20260930 04:43:52.829103 134145678108352 patch_match_options.cc:50] depth_max: 5.50242
I20260930 04:43:52.829106 134145678108352 patch_match_options.cc:51] window_radius: 5
I20260930 04:43:52.829107 134145678108352 patch_match_options.cc:52] window_step: 1
I20260930 04:43:52.829109 134145678108352 patch_match_options.cc:53] sigma_spatial: 5
I20260930 04:43:52.829111 134145678108352 patch_match_options.cc:54] sigma_color: 0.2
I20260930 04:43:52.829114 134145678108352 patch_match_options.cc:55] num_samples: 10
I20260930 04:43:52.829116 134145678108352 patch_match_options.cc:56] ncc_sigma: 0.6
I20260930 04:43:52.829118 134145678108352 patch_match_options.cc:57] min_triangulation_angle: 1
I20260930 04:43:52.829120 134145678108352 patch_match_options.cc:58] incident_angle_sigma: 0.9
I20260930 04:43:52.829122 134145678108352 patch_match_options.cc:59] num_iterations: 3
I20260930 04:43:52.829124 134145678108352 patch_match_options.cc:60] geom_consistency: 1
I20260930 04:43:52.829126 134145678108352 patch_match_options.cc:61] geom_consistency_regularizer: 0.3
I20260930 04:43:52.829128 134145678108352 patch_match_options.cc:62] geom_consistency_max_cost: 3
I20260930 04:43:52.829130 134145678108352 patch_match_options.cc:63] filter: 1
I20260930 04:43:52.829132 134145678108352 patch_match_options.cc:64] filter_min_ncc: 0.1
I20260930 04:43:52.829152 134145678108352 patch_match_options.cc:65] filter_min_triangulation_angle: 3
I20260930 04:43:52.829166 134145678108352 patch_match_options.cc:66] filter_min_num_consistent: 2
I20260930 04:43:52.829168 134145678108352 patch_match_options.cc:67] filter_geom_consistency_max_cost: 1
I20260930 04:43:52.829171 134145678108352 patch_match_options.cc:68] write_consistency_graph: 0
I20260930 04:43:52.829172 134145678108352 patch_match_options.cc:69] allow_missing_files: 0
I20260930 04:43:52.829174 134145678108352 patch_match_options.cc:70] num_threads: 8
I20260930 04:43:52.829177 134145678108352 patch_match.cc:129] --- PatchMatch::Run ---
I20260930 04:43:52.843918 134145678108352 cudacc.cc:52] Initialization: 0.0089s
I20260930 04:43:52.960917 134145678108352 cudacc.cc:52]  Sweep 1: 0.1169s
I20260930 04:43:53.166872 134145678108352 cudacc.cc:52]  Sweep 2: 0.2058s
I20260930 04:43:53.279797 134145678108352 cudacc.cc:52]  Sweep 3: 0.1127s
I20260930 04:43:53.460223 134145678108352 cudacc.cc:52]  Sweep 4: 0.1802s
I20260930 04:43:53.460297 134145678108352 cudacc.cc:52] Iteration 1: 0.6163s
I20260930 04:43:53.568154 134145678108352 cudacc.cc:52]  Sweep 1: 0.1078s
I20260930 04:43:53.748177 134145678108352 cudacc.cc:52]  Sweep 2: 0.1799s
I20260930 04:43:53.854040 134145678108352 cudacc.cc:52]  Sweep 3: 0.1058s
I20260930 04:43:54.025352 134145678108352 cudacc.cc:52]  Sweep 4: 0.1712s
I20260930 04:43:54.025415 134145678108352 cudacc.cc:52] Iteration 2: 0.5651s
I20260930 04:43:54.129444 134145678108352 cudacc.cc:52]  Sweep 1: 0.1040s
I20260930 04:43:54.323095 134145678108352 cudacc.cc:52]  Sweep 2: 0.1936s
I20260930 04:43:54.427552 134145678108352 cudacc.cc:52]  Sweep 3: 0.1044s
I20260930 04:43:54.579660 134145678108352 cudacc.cc:52]  Sweep 4: 0.1520s
I20260930 04:43:54.579739 134145678108352 cudacc.cc:52] Iteration 3: 0.5543s
I20260930 04:43:54.579761 134145678108352 cudacc.cc:52] Total: 1.7448s
I20260930 04:43:54.579765 134145678108352 patch_match.cc:525]
Writing geometric output for IMG_6380/000245.jpg
I20260930 04:43:54.594519 134145678108352 patch_match.cc:416] === Processing view 3 / 6 for IMG_6380/000505.jpg ===
I20260930 04:43:54.594550 134145678108352 patch_match.cc:466] Reading inputs...
I20260930 04:43:54.595603 134145678108352 patch_match.cc:56] --- PatchMatch::Problem ---
I20260930 04:43:54.595619 134145678108352 patch_match.cc:57] ref_image_idx: 2
I20260930 04:43:54.595623 134145678108352 patch_match.cc:64] src_image_idxs: 4 1 0 5
I20260930 04:43:54.595626 134145678108352 patch_match_options.cc:46] --- PatchMatchOptions ---
I20260930 04:43:54.595628 134145678108352 patch_match_options.cc:47] max_image_size: 640
I20260930 04:43:54.595630 134145678108352 patch_match_options.cc:48] gpu_index: 0
I20260930 04:43:54.595632 134145678108352 patch_match_options.cc:49] depth_min: 0.705462
I20260930 04:43:54.595641 134145678108352 patch_match_options.cc:50] depth_max: 6.00173
I20260930 04:43:54.595644 134145678108352 patch_match_options.cc:51] window_radius: 5
I20260930 04:43:54.595646 134145678108352 patch_match_options.cc:52] window_step: 1
I20260930 04:43:54.595647 134145678108352 patch_match_options.cc:53] sigma_spatial: 5
I20260930 04:43:54.595650 134145678108352 patch_match_options.cc:54] sigma_color: 0.2
I20260930 04:43:54.595652 134145678108352 patch_match_options.cc:55] num_samples: 10
I20260930 04:43:54.595654 134145678108352 patch_match_options.cc:56] ncc_sigma: 0.6
I20260930 04:43:54.595656 134145678108352 patch_match_options.cc:57] min_triangulation_angle: 1
I20260930 04:43:54.595659 134145678108352 patch_match_options.cc:58] incident_angle_sigma: 0.9
I20260930 04:43:54.595661 134145678108352 patch_match_options.cc:59] num_iterations: 3
I20260930 04:43:54.595663 134145678108352 patch_match_options.cc:60] geom_consistency: 1
I20260930 04:43:54.595665 134145678108352 patch_match_options.cc:61] geom_consistency_regularizer: 0.3
I20260930 04:43:54.595667 134145678108352 patch_match_options.cc:62] geom_consistency_max_cost: 3
I20260930 04:43:54.595669 134145678108352 patch_match_options.cc:63] filter: 1
I20260930 04:43:54.595678 134145678108352 patch_match_options.cc:64] filter_min_ncc: 0.1
I20260930 04:43:54.595691 134145678108352 patch_match_options.cc:65] filter_min_triangulation_angle: 3
I20260930 04:43:54.595693 134145678108352 patch_match_options.cc:66] filter_min_num_consistent: 2
I20260930 04:43:54.595695 134145678108352 patch_match_options.cc:67] filter_geom_consistency_max_cost: 1
I20260930 04:43:54.595697 134145678108352 patch_match_options.cc:68] write_consistency_graph: 0
I20260930 04:43:54.595699 134145678108352 patch_match_options.cc:69] allow_missing_files: 0
I20260930 04:43:54.595701 134145678108352 patch_match_options.cc:70] num_threads: 8
I20260930 04:43:54.595703 134145678108352 patch_match.cc:129] --- PatchMatch::Run ---
I20260930 04:43:54.609574 134145678108352 cudacc.cc:52] Initialization: 0.0064s
I20260930 04:43:54.710833 134145678108352 cudacc.cc:52]  Sweep 1: 0.1012s
I20260930 04:43:54.873459 134145678108352 cudacc.cc:52]  Sweep 2: 0.1626s
I20260930 04:43:54.967597 134145678108352 cudacc.cc:52]  Sweep 3: 0.0941s
I20260930 04:43:55.133268 134145678108352 cudacc.cc:52]  Sweep 4: 0.1656s
I20260930 04:43:55.133324 134145678108352 cudacc.cc:52] Iteration 1: 0.5237s
I20260930 04:43:55.250064 134145678108352 cudacc.cc:52]  Sweep 1: 0.1167s
I20260930 04:43:55.448682 134145678108352 cudacc.cc:52]  Sweep 2: 0.1985s
I20260930 04:43:55.563849 134145678108352 cudacc.cc:52]  Sweep 3: 0.1151s
I20260930 04:43:55.749384 134145678108352 cudacc.cc:52]  Sweep 4: 0.1854s
I20260930 04:43:55.749482 134145678108352 cudacc.cc:52] Iteration 2: 0.6161s
I20260930 04:43:55.865457 134145678108352 cudacc.cc:52]  Sweep 1: 0.1159s
I20260930 04:43:56.058896 134145678108352 cudacc.cc:52]  Sweep 2: 0.1934s
I20260930 04:43:56.156102 134145678108352 cudacc.cc:52]  Sweep 3: 0.0971s
I20260930 04:43:56.286535 134145678108352 cudacc.cc:52]  Sweep 4: 0.1304s
I20260930 04:43:56.286586 134145678108352 cudacc.cc:52] Iteration 3: 0.5371s
I20260930 04:43:56.286605 134145678108352 cudacc.cc:52] Total: 1.6834s
I20260930 04:43:56.286609 134145678108352 patch_match.cc:525]
Writing geometric output for IMG_6380/000505.jpg
I20260930 04:43:56.303613 134145678108352 patch_match.cc:416] === Processing view 4 / 6 for IMG_6380_exit6fps/000013.jpg ===
I20260930 04:43:56.303633 134145678108352 patch_match.cc:466] Reading inputs...
I20260930 04:43:56.304818 134145678108352 patch_match.cc:56] --- PatchMatch::Problem ---
I20260930 04:43:56.304831 134145678108352 patch_match.cc:57] ref_image_idx: 3
I20260930 04:43:56.304834 134145678108352 patch_match.cc:64] src_image_idxs: 4 1 0 5
I20260930 04:43:56.304837 134145678108352 patch_match_options.cc:46] --- PatchMatchOptions ---
I20260930 04:43:56.304840 134145678108352 patch_match_options.cc:47] max_image_size: 640
I20260930 04:43:56.304842 134145678108352 patch_match_options.cc:48] gpu_index: 0
I20260930 04:43:56.304844 134145678108352 patch_match_options.cc:49] depth_min: 0.768599
I20260930 04:43:56.304851 134145678108352 patch_match_options.cc:50] depth_max: 6.08557
I20260930 04:43:56.304853 134145678108352 patch_match_options.cc:51] window_radius: 5
I20260930 04:43:56.304855 134145678108352 patch_match_options.cc:52] window_step: 1
I20260930 04:43:56.304857 134145678108352 patch_match_options.cc:53] sigma_spatial: 5
I20260930 04:43:56.304860 134145678108352 patch_match_options.cc:54] sigma_color: 0.2
I20260930 04:43:56.304862 134145678108352 patch_match_options.cc:55] num_samples: 10
I20260930 04:43:56.304864 134145678108352 patch_match_options.cc:56] ncc_sigma: 0.6
I20260930 04:43:56.304866 134145678108352 patch_match_options.cc:57] min_triangulation_angle: 1
I20260930 04:43:56.304868 134145678108352 patch_match_options.cc:58] incident_angle_sigma: 0.9
I20260930 04:43:56.304870 134145678108352 patch_match_options.cc:59] num_iterations: 3
I20260930 04:43:56.304872 134145678108352 patch_match_options.cc:60] geom_consistency: 1
I20260930 04:43:56.304874 134145678108352 patch_match_options.cc:61] geom_consistency_regularizer: 0.3
I20260930 04:43:56.304876 134145678108352 patch_match_options.cc:62] geom_consistency_max_cost: 3
I20260930 04:43:56.304891 134145678108352 patch_match_options.cc:63] filter: 1
I20260930 04:43:56.304907 134145678108352 patch_match_options.cc:64] filter_min_ncc: 0.1
I20260930 04:43:56.304909 134145678108352 patch_match_options.cc:65] filter_min_triangulation_angle: 3
I20260930 04:43:56.304911 134145678108352 patch_match_options.cc:66] filter_min_num_consistent: 2
I20260930 04:43:56.304913 134145678108352 patch_match_options.cc:67] filter_geom_consistency_max_cost: 1
I20260930 04:43:56.304915 134145678108352 patch_match_options.cc:68] write_consistency_graph: 0
I20260930 04:43:56.304917 134145678108352 patch_match_options.cc:69] allow_missing_files: 0
I20260930 04:43:56.304919 134145678108352 patch_match_options.cc:70] num_threads: 8
I20260930 04:43:56.304921 134145678108352 patch_match.cc:129] --- PatchMatch::Run ---
I20260930 04:43:56.316059 134145678108352 cudacc.cc:52] Initialization: 0.0064s
I20260930 04:43:56.412375 134145678108352 cudacc.cc:52]  Sweep 1: 0.0963s
I20260930 04:43:56.574246 134145678108352 cudacc.cc:52]  Sweep 2: 0.1618s
I20260930 04:43:56.671569 134145678108352 cudacc.cc:52]  Sweep 3: 0.0973s
I20260930 04:43:56.832636 134145678108352 cudacc.cc:52]  Sweep 4: 0.1610s
I20260930 04:43:56.832675 134145678108352 cudacc.cc:52] Iteration 1: 0.5166s
I20260930 04:43:56.926212 134145678108352 cudacc.cc:52]  Sweep 1: 0.0935s
I20260930 04:43:57.078006 134145678108352 cudacc.cc:52]  Sweep 2: 0.1517s
I20260930 04:43:57.167132 134145678108352 cudacc.cc:52]  Sweep 3: 0.0891s
I20260930 04:43:57.329456 134145678108352 cudacc.cc:52]  Sweep 4: 0.1622s
I20260930 04:43:57.329519 134145678108352 cudacc.cc:52] Iteration 2: 0.4968s
I20260930 04:43:57.421302 134145678108352 cudacc.cc:52]  Sweep 1: 0.0918s
I20260930 04:43:57.570051 134145678108352 cudacc.cc:52]  Sweep 2: 0.1487s
I20260930 04:43:57.654024 134145678108352 cudacc.cc:52]  Sweep 3: 0.0839s
I20260930 04:43:57.788645 134145678108352 cudacc.cc:52]  Sweep 4: 0.1346s
I20260930 04:43:57.788709 134145678108352 cudacc.cc:52] Iteration 3: 0.4592s
I20260930 04:43:57.788732 134145678108352 cudacc.cc:52] Total: 1.4791s
I20260930 04:43:57.788737 134145678108352 patch_match.cc:525]
Writing geometric output for IMG_6380_exit6fps/000013.jpg
I20260930 04:43:57.803189 134145678108352 patch_match.cc:416] === Processing view 5 / 6 for IMG_6380_exit6fps/000019.jpg ===
I20260930 04:43:57.803262 134145678108352 patch_match.cc:466] Reading inputs...
I20260930 04:43:57.804435 134145678108352 patch_match.cc:56] --- PatchMatch::Problem ---
I20260930 04:43:57.804450 134145678108352 patch_match.cc:57] ref_image_idx: 4
I20260930 04:43:57.804454 134145678108352 patch_match.cc:64] src_image_idxs: 1 2 3 0
I20260930 04:43:57.804457 134145678108352 patch_match_options.cc:46] --- PatchMatchOptions ---
I20260930 04:43:57.804459 134145678108352 patch_match_options.cc:47] max_image_size: 640
I20260930 04:43:57.804461 134145678108352 patch_match_options.cc:48] gpu_index: 0
I20260930 04:43:57.804463 134145678108352 patch_match_options.cc:49] depth_min: 0.59513
I20260930 04:43:57.804473 134145678108352 patch_match_options.cc:50] depth_max: 4.1464
I20260930 04:43:57.804476 134145678108352 patch_match_options.cc:51] window_radius: 5
I20260930 04:43:57.804478 134145678108352 patch_match_options.cc:52] window_step: 1
I20260930 04:43:57.804480 134145678108352 patch_match_options.cc:53] sigma_spatial: 5
I20260930 04:43:57.804482 134145678108352 patch_match_options.cc:54] sigma_color: 0.2
I20260930 04:43:57.804485 134145678108352 patch_match_options.cc:55] num_samples: 10
I20260930 04:43:57.804486 134145678108352 patch_match_options.cc:56] ncc_sigma: 0.6
I20260930 04:43:57.804489 134145678108352 patch_match_options.cc:57] min_triangulation_angle: 1
I20260930 04:43:57.804491 134145678108352 patch_match_options.cc:58] incident_angle_sigma: 0.9
I20260930 04:43:57.804493 134145678108352 patch_match_options.cc:59] num_iterations: 3
I20260930 04:43:57.804495 134145678108352 patch_match_options.cc:60] geom_consistency: 1
I20260930 04:43:57.804497 134145678108352 patch_match_options.cc:61] geom_consistency_regularizer: 0.3
I20260930 04:43:57.804508 134145678108352 patch_match_options.cc:62] geom_consistency_max_cost: 3
I20260930 04:43:57.804521 134145678108352 patch_match_options.cc:63] filter: 1
I20260930 04:43:57.804523 134145678108352 patch_match_options.cc:64] filter_min_ncc: 0.1
I20260930 04:43:57.804525 134145678108352 patch_match_options.cc:65] filter_min_triangulation_angle: 3
I20260930 04:43:57.804527 134145678108352 patch_match_options.cc:66] filter_min_num_consistent: 2
I20260930 04:43:57.804529 134145678108352 patch_match_options.cc:67] filter_geom_consistency_max_cost: 1
I20260930 04:43:57.804531 134145678108352 patch_match_options.cc:68] write_consistency_graph: 0
I20260930 04:43:57.804533 134145678108352 patch_match_options.cc:69] allow_missing_files: 0
I20260930 04:43:57.804535 134145678108352 patch_match_options.cc:70] num_threads: 8
I20260930 04:43:57.804537 134145678108352 patch_match.cc:129] --- PatchMatch::Run ---
I20260930 04:43:57.814947 134145678108352 cudacc.cc:52] Initialization: 0.0055s
I20260930 04:43:57.900947 134145678108352 cudacc.cc:52]  Sweep 1: 0.0859s
I20260930 04:43:58.036991 134145678108352 cudacc.cc:52]  Sweep 2: 0.1360s
I20260930 04:43:58.117854 134145678108352 cudacc.cc:52]  Sweep 3: 0.0808s
I20260930 04:43:58.248581 134145678108352 cudacc.cc:52]  Sweep 4: 0.1306s
I20260930 04:43:58.248646 134145678108352 cudacc.cc:52] Iteration 1: 0.4336s
I20260930 04:43:58.325701 134145678108352 cudacc.cc:52]  Sweep 1: 0.0770s
I20260930 04:43:58.446907 134145678108352 cudacc.cc:52]  Sweep 2: 0.1211s
I20260930 04:43:58.520606 134145678108352 cudacc.cc:52]  Sweep 3: 0.0736s
I20260930 04:43:58.639174 134145678108352 cudacc.cc:52]  Sweep 4: 0.1185s
I20260930 04:43:58.639241 134145678108352 cudacc.cc:52] Iteration 2: 0.3906s
I20260930 04:43:58.711332 134145678108352 cudacc.cc:52]  Sweep 1: 0.0721s
I20260930 04:43:58.827139 134145678108352 cudacc.cc:52]  Sweep 2: 0.1157s
I20260930 04:43:58.896431 134145678108352 cudacc.cc:52]  Sweep 3: 0.0693s
I20260930 04:43:58.999401 134145678108352 cudacc.cc:52]  Sweep 4: 0.1029s
I20260930 04:43:58.999467 134145678108352 cudacc.cc:52] Iteration 3: 0.3602s
I20260930 04:43:58.999487 134145678108352 cudacc.cc:52] Total: 1.1900s
I20260930 04:43:58.999492 134145678108352 patch_match.cc:525]
Writing geometric output for IMG_6380_exit6fps/000019.jpg
I20260930 04:43:59.013330 134145678108352 patch_match.cc:416] === Processing view 6 / 6 for IMG_6380_exit6fps/000020.jpg ===
I20260930 04:43:59.013352 134145678108352 patch_match.cc:466] Reading inputs...
I20260930 04:43:59.014406 134145678108352 patch_match.cc:56] --- PatchMatch::Problem ---
I20260930 04:43:59.014425 134145678108352 patch_match.cc:57] ref_image_idx: 5
I20260930 04:43:59.014430 134145678108352 patch_match.cc:64] src_image_idxs: 1 0 2 3
I20260930 04:43:59.014434 134145678108352 patch_match_options.cc:46] --- PatchMatchOptions ---
I20260930 04:43:59.014437 134145678108352 patch_match_options.cc:47] max_image_size: 640
I20260930 04:43:59.014440 134145678108352 patch_match_options.cc:48] gpu_index: 0
I20260930 04:43:59.014443 134145678108352 patch_match_options.cc:49] depth_min: 0.564303
I20260930 04:43:59.014452 134145678108352 patch_match_options.cc:50] depth_max: 5.62135
I20260930 04:43:59.014456 134145678108352 patch_match_options.cc:51] window_radius: 5
I20260930 04:43:59.014458 134145678108352 patch_match_options.cc:52] window_step: 1
I20260930 04:43:59.014461 134145678108352 patch_match_options.cc:53] sigma_spatial: 5
I20260930 04:43:59.014465 134145678108352 patch_match_options.cc:54] sigma_color: 0.2
I20260930 04:43:59.014468 134145678108352 patch_match_options.cc:55] num_samples: 10
I20260930 04:43:59.014471 134145678108352 patch_match_options.cc:56] ncc_sigma: 0.6
I20260930 04:43:59.014474 134145678108352 patch_match_options.cc:57] min_triangulation_angle: 1
I20260930 04:43:59.014477 134145678108352 patch_match_options.cc:58] incident_angle_sigma: 0.9
I20260930 04:43:59.014480 134145678108352 patch_match_options.cc:59] num_iterations: 3
I20260930 04:43:59.014490 134145678108352 patch_match_options.cc:60] geom_consistency: 1
I20260930 04:43:59.014493 134145678108352 patch_match_options.cc:61] geom_consistency_regularizer: 0.3
I20260930 04:43:59.014508 134145678108352 patch_match_options.cc:62] geom_consistency_max_cost: 3
I20260930 04:43:59.014510 134145678108352 patch_match_options.cc:63] filter: 1
I20260930 04:43:59.014513 134145678108352 patch_match_options.cc:64] filter_min_ncc: 0.1
I20260930 04:43:59.014516 134145678108352 patch_match_options.cc:65] filter_min_triangulation_angle: 3
I20260930 04:43:59.014518 134145678108352 patch_match_options.cc:66] filter_min_num_consistent: 2
I20260930 04:43:59.014520 134145678108352 patch_match_options.cc:67] filter_geom_consistency_max_cost: 1
I20260930 04:43:59.014522 134145678108352 patch_match_options.cc:68] write_consistency_graph: 0
I20260930 04:43:59.014524 134145678108352 patch_match_options.cc:69] allow_missing_files: 0
I20260930 04:43:59.014526 134145678108352 patch_match_options.cc:70] num_threads: 8
I20260930 04:43:59.014528 134145678108352 patch_match.cc:129] --- PatchMatch::Run ---
I20260930 04:43:59.024534 134145678108352 cudacc.cc:52] Initialization: 0.0054s
I20260930 04:43:59.107881 134145678108352 cudacc.cc:52]  Sweep 1: 0.0833s
I20260930 04:43:59.241125 134145678108352 cudacc.cc:52]  Sweep 2: 0.1332s
I20260930 04:43:59.319449 134145678108352 cudacc.cc:52]  Sweep 3: 0.0782s
I20260930 04:43:59.450145 134145678108352 cudacc.cc:52]  Sweep 4: 0.1306s
I20260930 04:43:59.450203 134145678108352 cudacc.cc:52] Iteration 1: 0.4256s
I20260930 04:43:59.525699 134145678108352 cudacc.cc:52]  Sweep 1: 0.0755s
I20260930 04:43:59.646298 134145678108352 cudacc.cc:52]  Sweep 2: 0.1205s
I20260930 04:43:59.719675 134145678108352 cudacc.cc:52]  Sweep 3: 0.0733s
I20260930 04:43:59.839523 134145678108352 cudacc.cc:52]  Sweep 4: 0.1198s
I20260930 04:43:59.839564 134145678108352 cudacc.cc:52] Iteration 2: 0.3893s
I20260930 04:43:59.910636 134145678108352 cudacc.cc:52]  Sweep 1: 0.0710s
I20260930 04:44:00.027837 134145678108352 cudacc.cc:52]  Sweep 2: 0.1171s
I20260930 04:44:00.098111 134145678108352 cudacc.cc:52]  Sweep 3: 0.0702s
I20260930 04:44:00.201538 134145678108352 cudacc.cc:52]  Sweep 4: 0.1034s
I20260930 04:44:00.201571 134145678108352 cudacc.cc:52] Iteration 3: 0.3620s
I20260930 04:44:00.201592 134145678108352 cudacc.cc:52] Total: 1.1825s
I20260930 04:44:00.201596 134145678108352 patch_match.cc:525]
Writing geometric output for IMG_6380_exit6fps/000020.jpg
I20260930 04:44:00.215350 134145669715648 timer.cc:90] Elapsed time: 0.242 [minutes]
I20260930 04:44:00.221995 134148046030656 fusion.cc:79] --- StereoFusion::Options ---
I20260930 04:44:00.222006 134148046030656 fusion.cc:80] mask_path: ""
I20260930 04:44:00.222010 134148046030656 fusion.cc:81] max_image_size: -1
I20260930 04:44:00.222012 134148046030656 fusion.cc:82] min_num_pixels: 5
I20260930 04:44:00.222014 134148046030656 fusion.cc:83] max_num_pixels: 10000
I20260930 04:44:00.222016 134148046030656 fusion.cc:84] max_traversal_depth: 100
I20260930 04:44:00.222018 134148046030656 fusion.cc:85] max_reproj_error: 2
I20260930 04:44:00.222023 134148046030656 fusion.cc:86] max_depth_error: 0.01
I20260930 04:44:00.222026 134148046030656 fusion.cc:87] max_normal_error: 10
I20260930 04:44:00.222029 134148046030656 fusion.cc:88] check_num_images: 50
I20260930 04:44:00.222031 134148046030656 fusion.cc:89] use_cache: 0
I20260930 04:44:00.222033 134148046030656 fusion.cc:90] cache_size: 2
I20260930 04:44:00.222035 134148046030656 fusion.cc:93] bbox_min: -3.40282e+38 -3.40282e+38 -3.40282e+38
I20260930 04:44:00.222040 134148046030656 fusion.cc:94] bbox_max: 3.40282e+38 3.40282e+38 3.40282e+38
I20260930 04:44:00.222044 134148046030656 fusion.cc:144] Reading workspace...
I20260930 04:44:00.223035 134148046030656 workspace.cc:103] Loading workspace data with 8 threads...
I20260930 04:44:00.235563 134148046030656 timer.cc:90] Elapsed time: 0.000 [minutes]
I20260930 04:44:00.235892 134148046030656 fusion.cc:179] Reading configuration...
I20260930 04:44:00.236307 134148046030656 fusion.cc:247] Starting fusion with 8 threads
I20260930 04:44:00.236785 134148046030656 fusion.cc:283] Fusing image [1/6] with index 0
I20260930 04:44:00.266846 134148046030656 fusion.cc:310]  in 0.030s (1874 points)
I20260930 04:44:00.266863 134148046030656 fusion.cc:283] Fusing image [2/6] with index 4
I20260930 04:44:00.294222 134148046030656 fusion.cc:310]  in 0.027s (2433 points)
I20260930 04:44:00.294237 134148046030656 fusion.cc:283] Fusing image [3/6] with index 1
I20260930 04:44:00.321770 134148046030656 fusion.cc:310]  in 0.028s (2548 points)
I20260930 04:44:00.321784 134148046030656 fusion.cc:283] Fusing image [4/6] with index 2
I20260930 04:44:00.346963 134148046030656 fusion.cc:310]  in 0.025s (2567 points)
I20260930 04:44:00.346977 134148046030656 fusion.cc:283] Fusing image [5/6] with index 3
I20260930 04:44:00.371330 134148046030656 fusion.cc:310]  in 0.024s (2568 points)
I20260930 04:44:00.371344 134148046030656 fusion.cc:283] Fusing image [6/6] with index 5
I20260930 04:44:00.399926 134148046030656 fusion.cc:310]  in 0.029s (2568 points)
I20260930 04:44:00.400057 134148046030656 fusion.cc:337] Number of fused points: 2568
I20260930 04:44:00.400060 134148046030656 timer.cc:90] Elapsed time: 0.003 [minutes]
I20260930 04:44:00.400866 134148046030656 mvs.cc:395] Writing output: "/home/reidsurmeier/risd-godot-ingestion/collection-expansion/dense-strict-floor-v1/fused.ply"
DENSE COMPLETE
