{
  "rows": [
    {
      "image": "IMG_6380/grandreturn-000012.jpg",
      "unique_tracked_points": 159,
      "supported": true,
      "pose_inliers": 36,
      "camera": {
        "model": "SIMPLE_RADIAL",
        "camera_id": 5,
        "width": 1280,
        "height": 720,
        "params": [
          594.3251305595769,
          640.0,
          360.0,
          0.002137679000087821
        ]
      },
      "pose": [
        [
          0.9013904927398941,
          -0.08744682153082999,
          0.4240851718726866,
          -0.836862535513367
        ],
        [
          0.03597648951942077,
          -0.9608843683259289,
          -0.27460320993888654,
          2.655027759535066
        ],
        [
          0.4315099903825982,
          0.262781818455989,
          -0.8629860045730606,
          2.533386294849827
        ]
      ],
      "unused_point_audit": {
        "test_features": 63,
        "below4px": 39,
        "fraction": 0.6190476190476191,
        "supported": true,
        "caveat": "Even 3D points excluded from odd-point pose fit; shared frozen geometry."
      }
    },
    {
      "image": "IMG_6380/grandreturn-000014.jpg",
      "unique_tracked_points": 274,
      "supported": true,
      "pose_inliers": 79,
      "camera": {
        "model": "SIMPLE_RADIAL",
        "camera_id": 5,
        "width": 1280,
        "height": 720,
        "params": [
          594.3251305595769,
          640.0,
          360.0,
          0.002137679000087821
        ]
      },
      "pose": [
        [
          0.8903260602978634,
          -0.09516358133688327,
          0.4452677836332018,
          -0.8824472026729893
        ],
        [
          0.03480036212730691,
          -0.9608326470199868,
          -0.27493555466031505,
          2.712051033825139
        ],
        [
          0.45399167519932976,
          0.2602777693305849,
          -0.8521426181350176,
          2.4559246467753795
        ]
      ],
      "unused_point_audit": {
        "test_features": 103,
        "below4px": 67,
        "fraction": 0.6504854368932039,
        "supported": true,
        "caveat": "Even 3D points excluded from odd-point pose fit; shared frozen geometry."
      }
    }
  ],
  "source_sha256": {
    "sparse/0/points3D.bin": "0502ddc1b35534da15704c18f27477305b39dba3836c821795e6dee900993662",
    "sparse/0/frames.bin": "bbd62b81f37081f98a25ca9f2e85fa18bd5cc914c410c561e0400cb32b4055c7",
    "sparse/0/images.bin": "36a32112b9e116d78d1fb7250987ab971d3d013ad174d4f9a635e18c51967884",
    "sparse/0/rigs.bin": "e24d140869bc0e26f36132b69c9dd3647443b92e1ee0bc1cc087a49c4b18502b",
    "sparse/0/cameras.bin": "3daebaaf62b9561d11d9004203079344cebff9b6b3b36ea789b971a0997a0f1c"
  },
  "annotations": {
    "picks": {
      "12": [
        578,
        1008
      ],
      "14": [
        553,
        1044
      ]
    },
    "reserved": "IMG_6380/000206.jpg",
    "reserved_pixel": [
      646,
      995
    ],
    "training": [
      12,
      14
    ],
    "caveat": "New front-right rib/plinth shoulder above floor; blurred photographs. Cached poses/matches only, unchanged withheld time and pixel diagnostic. Same-video evidence; not an aperture or independent survey."
  },
  "query_camera_id": 5,
  "query_camera_params": [
    594.3251305595769,
    640.0,
    360.0,
    0.002137679000087821
  ],
  "provider": "local COLMAP CUDA RTX4070SUPER; absolute pose CPU",
  "cost_usd": 0,
  "geometry_accepted": false,
  "navigation_accepted": false,
  "caveat": "Same-video reference diagnostics; frozen model/holdout unchanged. No new floor or collision.",
  "plinth": {
    "point_world": [
      0.19257665917924288,
      2.177854383080156,
      2.9549009225545286
    ],
    "ray_angle_degrees": 4.4037893207329635,
    "reserved_pose_inliers": 88,
    "reserved_error_px": 10.118343112367311,
    "diagnostic_pass": false,
    "provisional_m_per_unit": 2.6266704457139363,
    "exterior_toe_distance_m": 2.03280696563443,
    "pick_sensitivity_p95_displacement_m": 0.15050956805217014,
    "caveat": "Exterior plinth shoulder separation, not opening width. Blur and same-video pose errors remain; pick sensitivity excludes pose/scale. No floor/collision extension or navigation acceptance."
  }
}
