Godot Engine v4.7.2.stable.official.ed1daf0bf - https://godotengine.org

[   0% ] [90m[1mfirst_scan_filesystem[22m | Started Project initialization (5 steps)[39m[0m
[   0% ] [90m[1mfirst_scan_filesystem[22m | Scanning file structure...[39m[0m
[  16% ] [90m[1mfirst_scan_filesystem[22m | Loading global class names...[39m[0m
[  33% ] [90m[1mfirst_scan_filesystem[22m | Verifying GDExtensions...[39m[0m
[  50% ] [90m[1mfirst_scan_filesystem[22m | Creating autoload scripts...[39m[0m
[  66% ] [90m[1mfirst_scan_filesystem[22m | Initializing plugins...[39m[0m
[  83% ] [90m[1mfirst_scan_filesystem[22m | Starting file scan...[39m[0m
[92m[ DONE ][39m [1mfirst_scan_filesystem[22m
[0m
[   0% ] [90m[1m_update_scan_actions[22m | Started Scanning actions... (17 steps)[39m[0m
[   0% ] [90m[1m_update_scan_actions[22m | bookcase-detail.png[39m[0m
[   5% ] [90m[1m_update_scan_actions[22m | bookcase-oblique.png[39m[0m
[  11% ] [90m[1m_update_scan_actions[22m | bust-detail.png[39m[0m
[  16% ] [90m[1m_update_scan_actions[22m | door-sconce-detail.png[39m[0m
[  22% ] [90m[1m_update_scan_actions[22m | entrance-chair-detail.png[39m[0m
[  27% ] [90m[1m_update_scan_actions[22m | gallery.png[39m[0m
[  33% ] [90m[1m_update_scan_actions[22m | gold-service-detail.png[39m[0m
[  38% ] [90m[1m_update_scan_actions[22m | grey-walk.png[39m[0m
[  44% ] [90m[1m_update_scan_actions[22m | hall-portal-walk.png[39m[0m
[  50% ] [90m[1m_update_scan_actions[22m | hall-walk.png[39m[0m
[  55% ] [90m[1m_update_scan_actions[22m | medieval-walk.png[39m[0m
[  61% ] [90m[1m_update_scan_actions[22m | mirror-detail.png[39m[0m
[  66% ] [90m[1m_update_scan_actions[22m | perugino-walking.png[39m[0m
[  72% ] [90m[1m_update_scan_actions[22m | pink-service-detail.png[39m[0m
[  77% ] [90m[1m_update_scan_actions[22m | renaissance-walk.png[39m[0m
[  83% ] [90m[1m_update_scan_actions[22m | room.png[39m[0m
[  88% ] [90m[1m_update_scan_actions[22m | settee-detail.png[39m[0m
[92m[ DONE ][39m [1m_update_scan_actions[22m
[0m
[   0% ] [90m[1mreimport[22m | Started (Re)Importing Assets (17 steps)[39m[0m
[   0% ] [90m[1mreimport[22m | Preparing files to reimport...[39m[0m
[   5% ] [90m[1mreimport[22m | Preparing files to reimport...[39m[0m
[  11% ] [90m[1mreimport[22m | Preparing files to reimport...[39m[0m
[  16% ] [90m[1mreimport[22m | Preparing files to reimport...[39m[0m
[  22% ] [90m[1mreimport[22m | Preparing files to reimport...[39m[0m
[  27% ] [90m[1mreimport[22m | Preparing files to reimport...[39m[0m
[  33% ] [90m[1mreimport[22m | Preparing files to reimport...[39m[0m
[  38% ] [90m[1mreimport[22m | Preparing files to reimport...[39m[0m
[  44% ] [90m[1mreimport[22m | Preparing files to reimport...[39m[0m
[  50% ] [90m[1mreimport[22m | Preparing files to reimport...[39m[0m
[  55% ] [90m[1mreimport[22m | Preparing files to reimport...[39m[0m
[  61% ] [90m[1mreimport[22m | Preparing files to reimport...[39m[0m
[  66% ] [90m[1mreimport[22m | Preparing files to reimport...[39m[0m
[  72% ] [90m[1mreimport[22m | Preparing files to reimport...[39m[0m
[  77% ] [90m[1mreimport[22m | Preparing files to reimport...[39m[0m
[  83% ] [90m[1mreimport[22m | Preparing files to reimport...[39m[0m
[  88% ] [90m[1mreimport[22m | Preparing files to reimport...[39m[0m
[   0% ] [90m[1mreimport[22m | Executing pre-reimport operations...[39m[0m
[   0% ] [90m[1mreimport[22m | settee-detail.png[39m[0m
[   5% ] [90m[1mreimport[22m | room.png[39m[0m
[  11% ] [90m[1mreimport[22m | renaissance-walk.png[39m[0m
[  16% ] [90m[1mreimport[22m | pink-service-detail.png[39m[0m
[  22% ] [90m[1mreimport[22m | perugino-walking.png[39m[0m
[  27% ] [90m[1mreimport[22m | mirror-detail.png[39m[0m
[  33% ] [90m[1mreimport[22m | medieval-walk.png[39m[0m
[  38% ] [90m[1mreimport[22m | hall-walk.png[39m[0m
[  44% ] [90m[1mreimport[22m | hall-portal-walk.png[39m[0m
[  50% ] [90m[1mreimport[22m | grey-walk.png[39m[0m
[  55% ] [90m[1mreimport[22m | gold-service-detail.png[39m[0m
[  61% ] [90m[1mreimport[22m | gallery.png[39m[0m
[  66% ] [90m[1mreimport[22m | entrance-chair-detail.png[39m[0m
[  72% ] [90m[1mreimport[22m | door-sconce-detail.png[39m[0m
[  77% ] [90m[1mreimport[22m | bust-detail.png[39m[0m
[  83% ] [90m[1mreimport[22m | bookcase-oblique.png[39m[0m
[  88% ] [90m[1mreimport[22m | bookcase-detail.png[39m[0m
[  94% ] [90m[1mreimport[22m | Finalizing Asset Import...[39m[0m
[92m[ DONE ][39m [1mreimport[22m
[0m
[   0% ] [90m[1mreimport[22m | Started (Re)Importing Assets (17 steps)[39m[0m
[   0% ] [90m[1mreimport[22m | Executing post-reimport operations...[39m[0m
[92m[ DONE ][39m [1mreimport[22m
[0m
[   0% ] [90m[1mloading_editor_layout[22m | Started Loading editor (5 steps)[39m[0m
[   0% ] [90m[1mloading_editor_layout[22m | Loading editor layout...[39m[0m
[  16% ] [90m[1mloading_editor_layout[22m | Loading docks...[39m[0m
[92m[ DONE ][39m [1mloading_editor_layout[22m
[0m
