Godot Engine v4.7.2.stable.official.ed1daf0bf - https://godotengine.org
WARNING: Your video card drivers seem not to support the required OpenGL version, switching to OpenGLES.
     at: DisplayServerX11 (platform/linuxbsd/x11/display_server_x11.cpp:7201)
OpenGL API OpenGL ES 3.2 Mesa 25.2.8-0ubuntu0.24.04.2 - Compatibility - Using Device: Mesa - llvmpipe (LLVM 20.1.2, 256 bits)

REST bounds=0.18734590709209..17.0174369812012 soles=194
CLIP Idle length=1.06666672229767
CLIP Walking_A length=1.06666672229767
CLIP Interact length=1.29999995231628
ENTRY_COMPLETE (0.0, 0.0, -2.6)
DOLLHOUSE_RENDER texture_bytes=201630642 draw_calls=92
ERROR: bench has no sloped upholstery faces
   at: push_error (core/variant/variant_utility.cpp:1023)
   GDScript backtrace (most recent call first):
       [0] _require (res://docs/evidence/collection-interaction-189/baseline-private/check.gd:11)
       [1] _initialize (res://docs/evidence/collection-interaction-189/baseline-private/check.gd:120)
       [2] _shot (res://testing/harness_base.gd:44)
DOLLHOUSE_BENCH_BEVEL faces=0
VIEW gallery yaw 90.0
VIEW dollhouse yaw 90.0
VIEW dollhouse yaw -90.0
OTHER_WALL east
VIEW dollhouse yaw 90.0
OTHER_WALL west
DOLLHOUSE_OTHER_WALL both directions
ERROR: two-second walking cadence outside 6–9 audible contacts: 10
   at: push_error (core/variant/variant_utility.cpp:1023)
   GDScript backtrace (most recent call first):
       [0] _require (res://docs/evidence/collection-interaction-189/baseline-private/check.gd:11)
       [1] _initialize (res://docs/evidence/collection-interaction-189/baseline-private/check.gd:146)
       [2] _observe_steps (res://docs/evidence/collection-interaction-189/baseline-private/check.gd:81)
DOLLHOUSE_FOOTSTEPS contacts_2s=10 blocked=0
BASELINE bench/cadence failures=2
