BAKE_RECOVERY editor failure and preflight refusal preserve working files
Godot Engine v4.7.2.stable.official.ed1daf0bf - https://godotengine.org
WARNING: Your video card drivers seem not to support the required OpenGL version, switching to OpenGLES.
     at: DisplayServerX11 (platform/linuxbsd/x11/display_server_x11.cpp:7201)
OpenGL API OpenGL ES 3.1 Mesa 25.2.8-0ubuntu0.24.04.2 - Compatibility - Using Device: Microsoft - D3D12 (NVIDIA GeForce RTX 4070 SUPER)

GAMECUBE_GPU mode=0 filter=0.0 pixels=1600 max_error=0.00250989198685
GAMECUBE_GPU mode=0 filter=0.5 pixels=1600 max_error=0.00245094299316
GAMECUBE_GPU mode=0 filter=1.0 pixels=1600 max_error=0.00235295295715
GAMECUBE_GPU mode=1 filter=0.0 pixels=1600 max_error=0.00224095582962
GAMECUBE_GPU mode=1 filter=0.5 pixels=1600 max_error=0.0023809671402
GAMECUBE_GPU mode=1 filter=1.0 pixels=1600 max_error=0.00254899263382
GAMECUBE_GPU mode=2 filter=0.0 pixels=1600 max_error=0.00246500968933
GAMECUBE_GPU mode=2 filter=0.5 pixels=1600 max_error=0.00261443853378
GAMECUBE_GPU mode=2 filter=1.0 pixels=1600 max_error=0.00248366594315
COLOR_3D backend=gl_compatibility viewport=160x80 msaa=2x max_paint_error=0.00980392098427 max_engine_oracle_error=0.00000002968545 samples=[[0.0,0.0,0.0],[1.0,1.0,1.0],[0.250980406999588,0.250980406999588,0.250980406999588],[0.501960813999176,0.501960813999176,0.501960813999176],[0.749019622802734,0.749019622802734,0.749019622802734],[0.898039221763611,0.800000011920929,0.600000023841858],[0.800000011920929,0.0901960805058479,0.0901960805058479],[0.0901960805058479,0.196078434586525,0.800000011920929],[0.0,0.0,0.0],[1.0,1.0,1.0],[0.250980406999588,0.250980406999588,0.250980406999588],[0.501960813999176,0.501960813999176,0.501960813999176],[0.749019622802734,0.749019622802734,0.749019622802734],[0.898039221763611,0.800000011920929,0.600000023841858],[0.800000011920929,0.0901960805058479,0.0901960805058479],[0.0901960805058479,0.196078434586525,0.800000011920929]]
COLOR_3D_FINISH mode=0 max_error=0.0
COLOR_3D_FINISH mode=1 max_error=0.00186741352081
COLOR_3D_FINISH mode=2 max_error=0.00191408395767
QUIET_GPU CRT_and_HAZE pixels=1600 max_error=0.0
QUIET_GPU outside_region_effect_delta=0.11764705181122
MAPPING_REFRESH production_callbacks=3 elapsed=0.05s qa_timer=0.05
FINAL_RENDER_GPU_FAILURES 0
Godot Engine v4.7.2.stable.official.ed1daf0bf - https://godotengine.org
WARNING: Your video card drivers seem not to support the required OpenGL version, switching to OpenGLES.
     at: DisplayServerX11 (platform/linuxbsd/x11/display_server_x11.cpp:7201)
OpenGL API OpenGL ES 3.1 Mesa 25.2.8-0ubuntu0.24.04.2 - Compatibility - Using Device: Microsoft - D3D12 (NVIDIA GeForce RTX 4070 SUPER)

VISITOR_MOTION walk=21 look=18 greeting=24 empty_rejected=true static_rejected=true failures=0
Godot Engine v4.7.2.stable.official.ed1daf0bf - https://godotengine.org
WARNING: Your video card drivers seem not to support the required OpenGL version, switching to OpenGLES.
     at: DisplayServerX11 (platform/linuxbsd/x11/display_server_x11.cpp:7201)
OpenGL API OpenGL ES 3.1 Mesa 25.2.8-0ubuntu0.24.04.2 - Compatibility - Using Device: Microsoft - D3D12 (NVIDIA GeForce RTX 4070 SUPER)

WARNING: res://modules/shell/prototype/gallery_walk4/baked/room.tscn:10 - ext_resource, invalid UID: uid://dyfgcq5lcw6kj - using text path instead: res://modules/shell/prototype/gallery_walk4/frames/W1.png
     at: load (scene/resources/resource_format_text.cpp:501)
     GDScript backtrace (most recent call first):
         [0] _set_lighting (res://modules/shell/prototype/gallery_walk4/walk4.gd:929)
         [1] _build_view_controls (res://modules/shell/prototype/gallery_walk4/walk4.gd:835)
         [2] _ready (res://modules/shell/prototype/gallery_walk4/walk4.gd:118)
         [3] _mount (res://testing/harness_base.gd:30)
         [4] _run (res://modules/shell/prototype/gallery_walk4/navigation_check.gd:42)
WARNING: res://modules/shell/prototype/gallery_walk4/baked/room.tscn:12 - ext_resource, invalid UID: uid://cvqyexp2x7jeq - using text path instead: res://modules/shell/prototype/gallery_walk4/frames/W2.png
     at: load (scene/resources/resource_format_text.cpp:501)
     GDScript backtrace (most recent call first):
         [0] _set_lighting (res://modules/shell/prototype/gallery_walk4/walk4.gd:929)
         [1] _build_view_controls (res://modules/shell/prototype/gallery_walk4/walk4.gd:835)
         [2] _ready (res://modules/shell/prototype/gallery_walk4/walk4.gd:118)
         [3] _mount (res://testing/harness_base.gd:30)
         [4] _run (res://modules/shell/prototype/gallery_walk4/navigation_check.gd:42)
WARNING: res://modules/shell/prototype/gallery_walk4/baked/room.tscn:14 - ext_resource, invalid UID: uid://c1heyk2h2mdsi - using text path instead: res://modules/shell/prototype/gallery_walk4/frames/W3.png
     at: load (scene/resources/resource_format_text.cpp:501)
     GDScript backtrace (most recent call first):
         [0] _set_lighting (res://modules/shell/prototype/gallery_walk4/walk4.gd:929)
         [1] _build_view_controls (res://modules/shell/prototype/gallery_walk4/walk4.gd:835)
         [2] _ready (res://modules/shell/prototype/gallery_walk4/walk4.gd:118)
         [3] _mount (res://testing/harness_base.gd:30)
         [4] _run (res://modules/shell/prototype/gallery_walk4/navigation_check.gd:42)
WARNING: res://modules/shell/prototype/gallery_walk4/baked/room.tscn:16 - ext_resource, invalid UID: uid://cygpnjkdolb2d - using text path instead: res://modules/shell/prototype/gallery_walk4/frames/W4.png
     at: load (scene/resources/resource_format_text.cpp:501)
     GDScript backtrace (most recent call first):
         [0] _set_lighting (res://modules/shell/prototype/gallery_walk4/walk4.gd:929)
         [1] _build_view_controls (res://modules/shell/prototype/gallery_walk4/walk4.gd:835)
         [2] _ready (res://modules/shell/prototype/gallery_walk4/walk4.gd:118)
         [3] _mount (res://testing/harness_base.gd:30)
         [4] _run (res://modules/shell/prototype/gallery_walk4/navigation_check.gd:42)
WARNING: res://modules/shell/prototype/gallery_walk4/baked/room.tscn:18 - ext_resource, invalid UID: uid://dfdpotkfeg62q - using text path instead: res://modules/shell/prototype/gallery_walk4/frames/W5.png
     at: load (scene/resources/resource_format_text.cpp:501)
     GDScript backtrace (most recent call first):
         [0] _set_lighting (res://modules/shell/prototype/gallery_walk4/walk4.gd:929)
         [1] _build_view_controls (res://modules/shell/prototype/gallery_walk4/walk4.gd:835)
         [2] _ready (res://modules/shell/prototype/gallery_walk4/walk4.gd:118)
         [3] _mount (res://testing/harness_base.gd:30)
         [4] _run (res://modules/shell/prototype/gallery_walk4/navigation_check.gd:42)
WARNING: res://modules/shell/prototype/gallery_walk4/baked/room.tscn:20 - ext_resource, invalid UID: uid://dxlrxxx4bu27v - using text path instead: res://modules/shell/prototype/gallery_walk4/frames/W6-shaped.png
     at: load (scene/resources/resource_format_text.cpp:501)
     GDScript backtrace (most recent call first):
         [0] _set_lighting (res://modules/shell/prototype/gallery_walk4/walk4.gd:929)
         [1] _build_view_controls (res://modules/shell/prototype/gallery_walk4/walk4.gd:835)
         [2] _ready (res://modules/shell/prototype/gallery_walk4/walk4.gd:118)
         [3] _mount (res://testing/harness_base.gd:30)
         [4] _run (res://modules/shell/prototype/gallery_walk4/navigation_check.gd:42)
WARNING: res://modules/shell/prototype/gallery_walk4/baked/room.tscn:21 - ext_resource, invalid UID: uid://b3iunr62b18l0 - using text path instead: res://modules/shell/prototype/gallery_walk4/frames/W7.png
     at: load (scene/resources/resource_format_text.cpp:501)
     GDScript backtrace (most recent call first):
         [0] _set_lighting (res://modules/shell/prototype/gallery_walk4/walk4.gd:929)
         [1] _build_view_controls (res://modules/shell/prototype/gallery_walk4/walk4.gd:835)
         [2] _ready (res://modules/shell/prototype/gallery_walk4/walk4.gd:118)
         [3] _mount (res://testing/harness_base.gd:30)
         [4] _run (res://modules/shell/prototype/gallery_walk4/navigation_check.gd:42)
WARNING: res://modules/shell/prototype/gallery_walk4/baked/room.tscn:23 - ext_resource, invalid UID: uid://bc7uq7jfrtisd - using text path instead: res://modules/shell/prototype/gallery_walk4/frames/W8.png
     at: load (scene/resources/resource_format_text.cpp:501)
     GDScript backtrace (most recent call first):
         [0] _set_lighting (res://modules/shell/prototype/gallery_walk4/walk4.gd:929)
         [1] _build_view_controls (res://modules/shell/prototype/gallery_walk4/walk4.gd:835)
         [2] _ready (res://modules/shell/prototype/gallery_walk4/walk4.gd:118)
         [3] _mount (res://testing/harness_base.gd:30)
         [4] _run (res://modules/shell/prototype/gallery_walk4/navigation_check.gd:42)
WARNING: res://modules/shell/prototype/gallery_walk4/baked/room.tscn:25 - ext_resource, invalid UID: uid://bv0quokvyykok - using text path instead: res://modules/shell/prototype/gallery_walk4/frames/W9.png
     at: load (scene/resources/resource_format_text.cpp:501)
     GDScript backtrace (most recent call first):
         [0] _set_lighting (res://modules/shell/prototype/gallery_walk4/walk4.gd:929)
         [1] _build_view_controls (res://modules/shell/prototype/gallery_walk4/walk4.gd:835)
         [2] _ready (res://modules/shell/prototype/gallery_walk4/walk4.gd:118)
         [3] _mount (res://testing/harness_base.gd:30)
         [4] _run (res://modules/shell/prototype/gallery_walk4/navigation_check.gd:42)
WARNING: res://modules/shell/prototype/gallery_walk4/baked/room.tscn:27 - ext_resource, invalid UID: uid://dpe1afssd06gk - using text path instead: res://modules/shell/prototype/gallery_walk4/frames/W10.png
     at: load (scene/resources/resource_format_text.cpp:501)
     GDScript backtrace (most recent call first):
         [0] _set_lighting (res://modules/shell/prototype/gallery_walk4/walk4.gd:929)
         [1] _build_view_controls (res://modules/shell/prototype/gallery_walk4/walk4.gd:835)
         [2] _ready (res://modules/shell/prototype/gallery_walk4/walk4.gd:118)
         [3] _mount (res://testing/harness_base.gd:30)
         [4] _run (res://modules/shell/prototype/gallery_walk4/navigation_check.gd:42)
WARNING: res://modules/shell/prototype/gallery_walk4/baked/room.tscn:29 - ext_resource, invalid UID: uid://cbx3nrtsnlpwh - using text path instead: res://modules/shell/prototype/gallery_walk4/frames/E1.png
     at: load (scene/resources/resource_format_text.cpp:501)
     GDScript backtrace (most recent call first):
         [0] _set_lighting (res://modules/shell/prototype/gallery_walk4/walk4.gd:929)
         [1] _build_view_controls (res://modules/shell/prototype/gallery_walk4/walk4.gd:835)
         [2] _ready (res://modules/shell/prototype/gallery_walk4/walk4.gd:118)
         [3] _mount (res://testing/harness_base.gd:30)
         [4] _run (res://modules/shell/prototype/gallery_walk4/navigation_check.gd:42)
WARNING: res://modules/shell/prototype/gallery_walk4/baked/room.tscn:31 - ext_resource, invalid UID: uid://m5jyfkhb8tix - using text path instead: res://modules/shell/prototype/gallery_walk4/frames/E2.png
     at: load (scene/resources/resource_format_text.cpp:501)
     GDScript backtrace (most recent call first):
         [0] _set_lighting (res://modules/shell/prototype/gallery_walk4/walk4.gd:929)
         [1] _build_view_controls (res://modules/shell/prototype/gallery_walk4/walk4.gd:835)
         [2] _ready (res://modules/shell/prototype/gallery_walk4/walk4.gd:118)
         [3] _mount (res://testing/harness_base.gd:30)
         [4] _run (res://modules/shell/prototype/gallery_walk4/navigation_check.gd:42)
WARNING: res://modules/shell/prototype/gallery_walk4/baked/room.tscn:33 - ext_resource, invalid UID: uid://uew7thvsm3jv - using text path instead: res://modules/shell/prototype/gallery_walk4/frames/E3.png
     at: load (scene/resources/resource_format_text.cpp:501)
     GDScript backtrace (most recent call first):
         [0] _set_lighting (res://modules/shell/prototype/gallery_walk4/walk4.gd:929)
         [1] _build_view_controls (res://modules/shell/prototype/gallery_walk4/walk4.gd:835)
         [2] _ready (res://modules/shell/prototype/gallery_walk4/walk4.gd:118)
         [3] _mount (res://testing/harness_base.gd:30)
         [4] _run (res://modules/shell/prototype/gallery_walk4/navigation_check.gd:42)
WARNING: res://modules/shell/prototype/gallery_walk4/baked/room.tscn:35 - ext_resource, invalid UID: uid://dy3bcgpy588tl - using text path instead: res://modules/shell/prototype/gallery_walk4/frames/E4.png
     at: load (scene/resources/resource_format_text.cpp:501)
     GDScript backtrace (most recent call first):
         [0] _set_lighting (res://modules/shell/prototype/gallery_walk4/walk4.gd:929)
         [1] _build_view_controls (res://modules/shell/prototype/gallery_walk4/walk4.gd:835)
         [2] _ready (res://modules/shell/prototype/gallery_walk4/walk4.gd:118)
         [3] _mount (res://testing/harness_base.gd:30)
         [4] _run (res://modules/shell/prototype/gallery_walk4/navigation_check.gd:42)
WARNING: res://modules/shell/prototype/gallery_walk4/baked/room.tscn:37 - ext_resource, invalid UID: uid://owr36eg48rcl - using text path instead: res://modules/shell/prototype/gallery_walk4/frames/E5.png
     at: load (scene/resources/resource_format_text.cpp:501)
     GDScript backtrace (most recent call first):
         [0] _set_lighting (res://modules/shell/prototype/gallery_walk4/walk4.gd:929)
         [1] _build_view_controls (res://modules/shell/prototype/gallery_walk4/walk4.gd:835)
         [2] _ready (res://modules/shell/prototype/gallery_walk4/walk4.gd:118)
         [3] _mount (res://testing/harness_base.gd:30)
         [4] _run (res://modules/shell/prototype/gallery_walk4/navigation_check.gd:42)
WARNING: res://modules/shell/prototype/gallery_walk4/baked/room.tscn:39 - ext_resource, invalid UID: uid://dkeok8l8ge5lg - using text path instead: res://modules/shell/prototype/gallery_walk4/frames/E6.png
     at: load (scene/resources/resource_format_text.cpp:501)
     GDScript backtrace (most recent call first):
         [0] _set_lighting (res://modules/shell/prototype/gallery_walk4/walk4.gd:929)
         [1] _build_view_controls (res://modules/shell/prototype/gallery_walk4/walk4.gd:835)
         [2] _ready (res://modules/shell/prototype/gallery_walk4/walk4.gd:118)
         [3] _mount (res://testing/harness_base.gd:30)
         [4] _run (res://modules/shell/prototype/gallery_walk4/navigation_check.gd:42)
WARNING: res://modules/shell/prototype/gallery_walk4/baked/room.tscn:41 - ext_resource, invalid UID: uid://c6xt83oaphxx5 - using text path instead: res://modules/shell/prototype/gallery_walk4/frames/E7.png
     at: load (scene/resources/resource_format_text.cpp:501)
     GDScript backtrace (most recent call first):
         [0] _set_lighting (res://modules/shell/prototype/gallery_walk4/walk4.gd:929)
         [1] _build_view_controls (res://modules/shell/prototype/gallery_walk4/walk4.gd:835)
         [2] _ready (res://modules/shell/prototype/gallery_walk4/walk4.gd:118)
         [3] _mount (res://testing/harness_base.gd:30)
         [4] _run (res://modules/shell/prototype/gallery_walk4/navigation_check.gd:42)
WARNING: res://modules/shell/prototype/gallery_walk4/baked/room.tscn:43 - ext_resource, invalid UID: uid://3t874ihhjdsk - using text path instead: res://modules/shell/prototype/gallery_walk4/frames/E8.png
     at: load (scene/resources/resource_format_text.cpp:501)
     GDScript backtrace (most recent call first):
         [0] _set_lighting (res://modules/shell/prototype/gallery_walk4/walk4.gd:929)
         [1] _build_view_controls (res://modules/shell/prototype/gallery_walk4/walk4.gd:835)
         [2] _ready (res://modules/shell/prototype/gallery_walk4/walk4.gd:118)
         [3] _mount (res://testing/harness_base.gd:30)
         [4] _run (res://modules/shell/prototype/gallery_walk4/navigation_check.gd:42)
WARNING: res://modules/shell/prototype/gallery_walk4/baked/room.tscn:45 - ext_resource, invalid UID: uid://bv1nxq4g6k2ef - using text path instead: res://modules/shell/prototype/gallery_walk4/frames/E9.png
     at: load (scene/resources/resource_format_text.cpp:501)
     GDScript backtrace (most recent call first):
         [0] _set_lighting (res://modules/shell/prototype/gallery_walk4/walk4.gd:929)
         [1] _build_view_controls (res://modules/shell/prototype/gallery_walk4/walk4.gd:835)
         [2] _ready (res://modules/shell/prototype/gallery_walk4/walk4.gd:118)
         [3] _mount (res://testing/harness_base.gd:30)
         [4] _run (res://modules/shell/prototype/gallery_walk4/navigation_check.gd:42)
WARNING: res://modules/shell/prototype/gallery_walk4/baked/room.tscn:47 - ext_resource, invalid UID: uid://dtpyehhkeik0v - using text path instead: res://modules/shell/prototype/gallery_walk4/frames/S1.png
     at: load (scene/resources/resource_format_text.cpp:501)
     GDScript backtrace (most recent call first):
         [0] _set_lighting (res://modules/shell/prototype/gallery_walk4/walk4.gd:929)
         [1] _build_view_controls (res://modules/shell/prototype/gallery_walk4/walk4.gd:835)
         [2] _ready (res://modules/shell/prototype/gallery_walk4/walk4.gd:118)
         [3] _mount (res://testing/harness_base.gd:30)
         [4] _run (res://modules/shell/prototype/gallery_walk4/navigation_check.gd:42)
WARNING: res://modules/shell/prototype/gallery_walk4/baked/room.tscn:49 - ext_resource, invalid UID: uid://2kfufsapwudp - using text path instead: res://modules/shell/prototype/gallery_walk4/frames/S2.png
     at: load (scene/resources/resource_format_text.cpp:501)
     GDScript backtrace (most recent call first):
         [0] _set_lighting (res://modules/shell/prototype/gallery_walk4/walk4.gd:929)
         [1] _build_view_controls (res://modules/shell/prototype/gallery_walk4/walk4.gd:835)
         [2] _ready (res://modules/shell/prototype/gallery_walk4/walk4.gd:118)
         [3] _mount (res://testing/harness_base.gd:30)
         [4] _run (res://modules/shell/prototype/gallery_walk4/navigation_check.gd:42)
WARNING: res://modules/shell/prototype/gallery_walk4/baked/room.tscn:51 - ext_resource, invalid UID: uid://de70xncgshsav - using text path instead: res://modules/shell/prototype/gallery_walk4/frames/N1.png
     at: load (scene/resources/resource_format_text.cpp:501)
     GDScript backtrace (most recent call first):
         [0] _set_lighting (res://modules/shell/prototype/gallery_walk4/walk4.gd:929)
         [1] _build_view_controls (res://modules/shell/prototype/gallery_walk4/walk4.gd:835)
         [2] _ready (res://modules/shell/prototype/gallery_walk4/walk4.gd:118)
         [3] _mount (res://testing/harness_base.gd:30)
         [4] _run (res://modules/shell/prototype/gallery_walk4/navigation_check.gd:42)
WARNING: res://modules/shell/prototype/gallery_walk4/baked/room.tscn:53 - ext_resource, invalid UID: uid://0c23sp5r31or - using text path instead: res://modules/shell/prototype/gallery_walk4/frames/N2.png
     at: load (scene/resources/resource_format_text.cpp:501)
     GDScript backtrace (most recent call first):
         [0] _set_lighting (res://modules/shell/prototype/gallery_walk4/walk4.gd:929)
         [1] _build_view_controls (res://modules/shell/prototype/gallery_walk4/walk4.gd:835)
         [2] _ready (res://modules/shell/prototype/gallery_walk4/walk4.gd:118)
         [3] _mount (res://testing/harness_base.gd:30)
         [4] _run (res://modules/shell/prototype/gallery_walk4/navigation_check.gd:42)
ENTRY_COMPLETE (0.0, 0.0, -2.569998)
NAV_SPACE gallery -> arch
NAV_SPACE arch -> gallery
NAV_ROUNDTRIP arch passed
NAV_SPACE gallery -> far
NAV_SPACE far -> gallery
NAV_ROUNDTRIP far passed
NAV_SPACE gallery -> arch
NAV_SPACE arch -> gallery
NAV_KEY_ROUNDTRIP arch passed
NAV_SPACE gallery -> far
NAV_SPACE far -> gallery
NAV_KEY_ROUNDTRIP far passed
NAV_PICK floor
NAV_SPACE gallery -> arch
NAV_PICK floor
NAV_SPACE arch -> gallery
NAV_CLICK_ROUNDTRIP arch passed
NAV_PICK floor
NAV_SPACE gallery -> far
NAV_PICK floor
NAV_SPACE far -> gallery
NAV_CLICK_ROUNDTRIP far passed
VIEW_ORBIT {"position":[-2.59999990463257,-12.0],"space":"gallery","yaw":2.4699756330259}
VIEW_ORBIT {"position":[-2.59999990463257,-12.0],"space":"gallery","yaw":2.07178781644324}
VIEW_ORBIT {"position":[-2.59999990463257,-12.0],"space":"gallery","yaw":2.16997337231589}
NAV_PICK floor
NAV_INPUT drag/easing/pan/wheel/click/cancel passed; paintings=23
NAV_FAILURES 0
Godot Engine v4.7.2.stable.official.ed1daf0bf - https://godotengine.org
WARNING: Your video card drivers seem not to support the required OpenGL version, switching to OpenGLES.
     at: DisplayServerX11 (platform/linuxbsd/x11/display_server_x11.cpp:7201)
OpenGL API OpenGL ES 3.1 Mesa 25.2.8-0ubuntu0.24.04.2 - Compatibility - Using Device: Microsoft - D3D12 (NVIDIA GeForce RTX 4070 SUPER)

WARNING: res://modules/shell/prototype/gallery_walk4/baked/room.tscn:10 - ext_resource, invalid UID: uid://dyfgcq5lcw6kj - using text path instead: res://modules/shell/prototype/gallery_walk4/frames/W1.png
     at: load (scene/resources/resource_format_text.cpp:501)
     GDScript backtrace (most recent call first):
         [0] _set_lighting (res://modules/shell/prototype/gallery_walk4/walk4.gd:929)
         [1] _build_view_controls (res://modules/shell/prototype/gallery_walk4/walk4.gd:835)
         [2] _ready (res://modules/shell/prototype/gallery_walk4/walk4.gd:118)
         [3] _create_tenant (res://modules/shell/shell.gd:172)
         [4] _on_tab_selected (res://modules/shell/shell.gd:117)
         [5] select_tab (res://modules/tab_strip/tab_strip.gd:556)
         [6] select_tab (res://modules/tab_strip/interface.gd:64)
         [7] select_tab (res://modules/shell/shell.gd:183)
         [8] <anonymous lambda> (res://modules/shell/shell.gd:95)
         [9] <anonymous lambda> (res://modules/tab_strip/tab_strip.gd:528)
WARNING: res://modules/shell/prototype/gallery_walk4/baked/room.tscn:12 - ext_resource, invalid UID: uid://cvqyexp2x7jeq - using text path instead: res://modules/shell/prototype/gallery_walk4/frames/W2.png
     at: load (scene/resources/resource_format_text.cpp:501)
     GDScript backtrace (most recent call first):
         [0] _set_lighting (res://modules/shell/prototype/gallery_walk4/walk4.gd:929)
         [1] _build_view_controls (res://modules/shell/prototype/gallery_walk4/walk4.gd:835)
         [2] _ready (res://modules/shell/prototype/gallery_walk4/walk4.gd:118)
         [3] _create_tenant (res://modules/shell/shell.gd:172)
         [4] _on_tab_selected (res://modules/shell/shell.gd:117)
         [5] select_tab (res://modules/tab_strip/tab_strip.gd:556)
         [6] select_tab (res://modules/tab_strip/interface.gd:64)
         [7] select_tab (res://modules/shell/shell.gd:183)
         [8] <anonymous lambda> (res://modules/shell/shell.gd:95)
         [9] <anonymous lambda> (res://modules/tab_strip/tab_strip.gd:528)
WARNING: res://modules/shell/prototype/gallery_walk4/baked/room.tscn:14 - ext_resource, invalid UID: uid://c1heyk2h2mdsi - using text path instead: res://modules/shell/prototype/gallery_walk4/frames/W3.png
     at: load (scene/resources/resource_format_text.cpp:501)
     GDScript backtrace (most recent call first):
         [0] _set_lighting (res://modules/shell/prototype/gallery_walk4/walk4.gd:929)
         [1] _build_view_controls (res://modules/shell/prototype/gallery_walk4/walk4.gd:835)
         [2] _ready (res://modules/shell/prototype/gallery_walk4/walk4.gd:118)
         [3] _create_tenant (res://modules/shell/shell.gd:172)
         [4] _on_tab_selected (res://modules/shell/shell.gd:117)
         [5] select_tab (res://modules/tab_strip/tab_strip.gd:556)
         [6] select_tab (res://modules/tab_strip/interface.gd:64)
         [7] select_tab (res://modules/shell/shell.gd:183)
         [8] <anonymous lambda> (res://modules/shell/shell.gd:95)
         [9] <anonymous lambda> (res://modules/tab_strip/tab_strip.gd:528)
WARNING: res://modules/shell/prototype/gallery_walk4/baked/room.tscn:16 - ext_resource, invalid UID: uid://cygpnjkdolb2d - using text path instead: res://modules/shell/prototype/gallery_walk4/frames/W4.png
     at: load (scene/resources/resource_format_text.cpp:501)
     GDScript backtrace (most recent call first):
         [0] _set_lighting (res://modules/shell/prototype/gallery_walk4/walk4.gd:929)
         [1] _build_view_controls (res://modules/shell/prototype/gallery_walk4/walk4.gd:835)
         [2] _ready (res://modules/shell/prototype/gallery_walk4/walk4.gd:118)
         [3] _create_tenant (res://modules/shell/shell.gd:172)
         [4] _on_tab_selected (res://modules/shell/shell.gd:117)
         [5] select_tab (res://modules/tab_strip/tab_strip.gd:556)
         [6] select_tab (res://modules/tab_strip/interface.gd:64)
         [7] select_tab (res://modules/shell/shell.gd:183)
         [8] <anonymous lambda> (res://modules/shell/shell.gd:95)
         [9] <anonymous lambda> (res://modules/tab_strip/tab_strip.gd:528)
WARNING: res://modules/shell/prototype/gallery_walk4/baked/room.tscn:18 - ext_resource, invalid UID: uid://dfdpotkfeg62q - using text path instead: res://modules/shell/prototype/gallery_walk4/frames/W5.png
     at: load (scene/resources/resource_format_text.cpp:501)
     GDScript backtrace (most recent call first):
         [0] _set_lighting (res://modules/shell/prototype/gallery_walk4/walk4.gd:929)
         [1] _build_view_controls (res://modules/shell/prototype/gallery_walk4/walk4.gd:835)
         [2] _ready (res://modules/shell/prototype/gallery_walk4/walk4.gd:118)
         [3] _create_tenant (res://modules/shell/shell.gd:172)
         [4] _on_tab_selected (res://modules/shell/shell.gd:117)
         [5] select_tab (res://modules/tab_strip/tab_strip.gd:556)
         [6] select_tab (res://modules/tab_strip/interface.gd:64)
         [7] select_tab (res://modules/shell/shell.gd:183)
         [8] <anonymous lambda> (res://modules/shell/shell.gd:95)
         [9] <anonymous lambda> (res://modules/tab_strip/tab_strip.gd:528)
WARNING: res://modules/shell/prototype/gallery_walk4/baked/room.tscn:20 - ext_resource, invalid UID: uid://dxlrxxx4bu27v - using text path instead: res://modules/shell/prototype/gallery_walk4/frames/W6-shaped.png
     at: load (scene/resources/resource_format_text.cpp:501)
     GDScript backtrace (most recent call first):
         [0] _set_lighting (res://modules/shell/prototype/gallery_walk4/walk4.gd:929)
         [1] _build_view_controls (res://modules/shell/prototype/gallery_walk4/walk4.gd:835)
         [2] _ready (res://modules/shell/prototype/gallery_walk4/walk4.gd:118)
         [3] _create_tenant (res://modules/shell/shell.gd:172)
         [4] _on_tab_selected (res://modules/shell/shell.gd:117)
         [5] select_tab (res://modules/tab_strip/tab_strip.gd:556)
         [6] select_tab (res://modules/tab_strip/interface.gd:64)
         [7] select_tab (res://modules/shell/shell.gd:183)
         [8] <anonymous lambda> (res://modules/shell/shell.gd:95)
         [9] <anonymous lambda> (res://modules/tab_strip/tab_strip.gd:528)
WARNING: res://modules/shell/prototype/gallery_walk4/baked/room.tscn:21 - ext_resource, invalid UID: uid://b3iunr62b18l0 - using text path instead: res://modules/shell/prototype/gallery_walk4/frames/W7.png
     at: load (scene/resources/resource_format_text.cpp:501)
     GDScript backtrace (most recent call first):
         [0] _set_lighting (res://modules/shell/prototype/gallery_walk4/walk4.gd:929)
         [1] _build_view_controls (res://modules/shell/prototype/gallery_walk4/walk4.gd:835)
         [2] _ready (res://modules/shell/prototype/gallery_walk4/walk4.gd:118)
         [3] _create_tenant (res://modules/shell/shell.gd:172)
         [4] _on_tab_selected (res://modules/shell/shell.gd:117)
         [5] select_tab (res://modules/tab_strip/tab_strip.gd:556)
         [6] select_tab (res://modules/tab_strip/interface.gd:64)
         [7] select_tab (res://modules/shell/shell.gd:183)
         [8] <anonymous lambda> (res://modules/shell/shell.gd:95)
         [9] <anonymous lambda> (res://modules/tab_strip/tab_strip.gd:528)
WARNING: res://modules/shell/prototype/gallery_walk4/baked/room.tscn:23 - ext_resource, invalid UID: uid://bc7uq7jfrtisd - using text path instead: res://modules/shell/prototype/gallery_walk4/frames/W8.png
     at: load (scene/resources/resource_format_text.cpp:501)
     GDScript backtrace (most recent call first):
         [0] _set_lighting (res://modules/shell/prototype/gallery_walk4/walk4.gd:929)
         [1] _build_view_controls (res://modules/shell/prototype/gallery_walk4/walk4.gd:835)
         [2] _ready (res://modules/shell/prototype/gallery_walk4/walk4.gd:118)
         [3] _create_tenant (res://modules/shell/shell.gd:172)
         [4] _on_tab_selected (res://modules/shell/shell.gd:117)
         [5] select_tab (res://modules/tab_strip/tab_strip.gd:556)
         [6] select_tab (res://modules/tab_strip/interface.gd:64)
         [7] select_tab (res://modules/shell/shell.gd:183)
         [8] <anonymous lambda> (res://modules/shell/shell.gd:95)
         [9] <anonymous lambda> (res://modules/tab_strip/tab_strip.gd:528)
WARNING: res://modules/shell/prototype/gallery_walk4/baked/room.tscn:25 - ext_resource, invalid UID: uid://bv0quokvyykok - using text path instead: res://modules/shell/prototype/gallery_walk4/frames/W9.png
     at: load (scene/resources/resource_format_text.cpp:501)
     GDScript backtrace (most recent call first):
         [0] _set_lighting (res://modules/shell/prototype/gallery_walk4/walk4.gd:929)
         [1] _build_view_controls (res://modules/shell/prototype/gallery_walk4/walk4.gd:835)
         [2] _ready (res://modules/shell/prototype/gallery_walk4/walk4.gd:118)
         [3] _create_tenant (res://modules/shell/shell.gd:172)
         [4] _on_tab_selected (res://modules/shell/shell.gd:117)
         [5] select_tab (res://modules/tab_strip/tab_strip.gd:556)
         [6] select_tab (res://modules/tab_strip/interface.gd:64)
         [7] select_tab (res://modules/shell/shell.gd:183)
         [8] <anonymous lambda> (res://modules/shell/shell.gd:95)
         [9] <anonymous lambda> (res://modules/tab_strip/tab_strip.gd:528)
WARNING: res://modules/shell/prototype/gallery_walk4/baked/room.tscn:27 - ext_resource, invalid UID: uid://dpe1afssd06gk - using text path instead: res://modules/shell/prototype/gallery_walk4/frames/W10.png
     at: load (scene/resources/resource_format_text.cpp:501)
     GDScript backtrace (most recent call first):
         [0] _set_lighting (res://modules/shell/prototype/gallery_walk4/walk4.gd:929)
         [1] _build_view_controls (res://modules/shell/prototype/gallery_walk4/walk4.gd:835)
         [2] _ready (res://modules/shell/prototype/gallery_walk4/walk4.gd:118)
         [3] _create_tenant (res://modules/shell/shell.gd:172)
         [4] _on_tab_selected (res://modules/shell/shell.gd:117)
         [5] select_tab (res://modules/tab_strip/tab_strip.gd:556)
         [6] select_tab (res://modules/tab_strip/interface.gd:64)
         [7] select_tab (res://modules/shell/shell.gd:183)
         [8] <anonymous lambda> (res://modules/shell/shell.gd:95)
         [9] <anonymous lambda> (res://modules/tab_strip/tab_strip.gd:528)
WARNING: res://modules/shell/prototype/gallery_walk4/baked/room.tscn:29 - ext_resource, invalid UID: uid://cbx3nrtsnlpwh - using text path instead: res://modules/shell/prototype/gallery_walk4/frames/E1.png
     at: load (scene/resources/resource_format_text.cpp:501)
     GDScript backtrace (most recent call first):
         [0] _set_lighting (res://modules/shell/prototype/gallery_walk4/walk4.gd:929)
         [1] _build_view_controls (res://modules/shell/prototype/gallery_walk4/walk4.gd:835)
         [2] _ready (res://modules/shell/prototype/gallery_walk4/walk4.gd:118)
         [3] _create_tenant (res://modules/shell/shell.gd:172)
         [4] _on_tab_selected (res://modules/shell/shell.gd:117)
         [5] select_tab (res://modules/tab_strip/tab_strip.gd:556)
         [6] select_tab (res://modules/tab_strip/interface.gd:64)
         [7] select_tab (res://modules/shell/shell.gd:183)
         [8] <anonymous lambda> (res://modules/shell/shell.gd:95)
         [9] <anonymous lambda> (res://modules/tab_strip/tab_strip.gd:528)
WARNING: res://modules/shell/prototype/gallery_walk4/baked/room.tscn:31 - ext_resource, invalid UID: uid://m5jyfkhb8tix - using text path instead: res://modules/shell/prototype/gallery_walk4/frames/E2.png
     at: load (scene/resources/resource_format_text.cpp:501)
     GDScript backtrace (most recent call first):
         [0] _set_lighting (res://modules/shell/prototype/gallery_walk4/walk4.gd:929)
         [1] _build_view_controls (res://modules/shell/prototype/gallery_walk4/walk4.gd:835)
         [2] _ready (res://modules/shell/prototype/gallery_walk4/walk4.gd:118)
         [3] _create_tenant (res://modules/shell/shell.gd:172)
         [4] _on_tab_selected (res://modules/shell/shell.gd:117)
         [5] select_tab (res://modules/tab_strip/tab_strip.gd:556)
         [6] select_tab (res://modules/tab_strip/interface.gd:64)
         [7] select_tab (res://modules/shell/shell.gd:183)
         [8] <anonymous lambda> (res://modules/shell/shell.gd:95)
         [9] <anonymous lambda> (res://modules/tab_strip/tab_strip.gd:528)
WARNING: res://modules/shell/prototype/gallery_walk4/baked/room.tscn:33 - ext_resource, invalid UID: uid://uew7thvsm3jv - using text path instead: res://modules/shell/prototype/gallery_walk4/frames/E3.png
     at: load (scene/resources/resource_format_text.cpp:501)
     GDScript backtrace (most recent call first):
         [0] _set_lighting (res://modules/shell/prototype/gallery_walk4/walk4.gd:929)
         [1] _build_view_controls (res://modules/shell/prototype/gallery_walk4/walk4.gd:835)
         [2] _ready (res://modules/shell/prototype/gallery_walk4/walk4.gd:118)
         [3] _create_tenant (res://modules/shell/shell.gd:172)
         [4] _on_tab_selected (res://modules/shell/shell.gd:117)
         [5] select_tab (res://modules/tab_strip/tab_strip.gd:556)
         [6] select_tab (res://modules/tab_strip/interface.gd:64)
         [7] select_tab (res://modules/shell/shell.gd:183)
         [8] <anonymous lambda> (res://modules/shell/shell.gd:95)
         [9] <anonymous lambda> (res://modules/tab_strip/tab_strip.gd:528)
WARNING: res://modules/shell/prototype/gallery_walk4/baked/room.tscn:35 - ext_resource, invalid UID: uid://dy3bcgpy588tl - using text path instead: res://modules/shell/prototype/gallery_walk4/frames/E4.png
     at: load (scene/resources/resource_format_text.cpp:501)
     GDScript backtrace (most recent call first):
         [0] _set_lighting (res://modules/shell/prototype/gallery_walk4/walk4.gd:929)
         [1] _build_view_controls (res://modules/shell/prototype/gallery_walk4/walk4.gd:835)
         [2] _ready (res://modules/shell/prototype/gallery_walk4/walk4.gd:118)
         [3] _create_tenant (res://modules/shell/shell.gd:172)
         [4] _on_tab_selected (res://modules/shell/shell.gd:117)
         [5] select_tab (res://modules/tab_strip/tab_strip.gd:556)
         [6] select_tab (res://modules/tab_strip/interface.gd:64)
         [7] select_tab (res://modules/shell/shell.gd:183)
         [8] <anonymous lambda> (res://modules/shell/shell.gd:95)
         [9] <anonymous lambda> (res://modules/tab_strip/tab_strip.gd:528)
WARNING: res://modules/shell/prototype/gallery_walk4/baked/room.tscn:37 - ext_resource, invalid UID: uid://owr36eg48rcl - using text path instead: res://modules/shell/prototype/gallery_walk4/frames/E5.png
     at: load (scene/resources/resource_format_text.cpp:501)
     GDScript backtrace (most recent call first):
         [0] _set_lighting (res://modules/shell/prototype/gallery_walk4/walk4.gd:929)
         [1] _build_view_controls (res://modules/shell/prototype/gallery_walk4/walk4.gd:835)
         [2] _ready (res://modules/shell/prototype/gallery_walk4/walk4.gd:118)
         [3] _create_tenant (res://modules/shell/shell.gd:172)
         [4] _on_tab_selected (res://modules/shell/shell.gd:117)
         [5] select_tab (res://modules/tab_strip/tab_strip.gd:556)
         [6] select_tab (res://modules/tab_strip/interface.gd:64)
         [7] select_tab (res://modules/shell/shell.gd:183)
         [8] <anonymous lambda> (res://modules/shell/shell.gd:95)
         [9] <anonymous lambda> (res://modules/tab_strip/tab_strip.gd:528)
WARNING: res://modules/shell/prototype/gallery_walk4/baked/room.tscn:39 - ext_resource, invalid UID: uid://dkeok8l8ge5lg - using text path instead: res://modules/shell/prototype/gallery_walk4/frames/E6.png
     at: load (scene/resources/resource_format_text.cpp:501)
     GDScript backtrace (most recent call first):
         [0] _set_lighting (res://modules/shell/prototype/gallery_walk4/walk4.gd:929)
         [1] _build_view_controls (res://modules/shell/prototype/gallery_walk4/walk4.gd:835)
         [2] _ready (res://modules/shell/prototype/gallery_walk4/walk4.gd:118)
         [3] _create_tenant (res://modules/shell/shell.gd:172)
         [4] _on_tab_selected (res://modules/shell/shell.gd:117)
         [5] select_tab (res://modules/tab_strip/tab_strip.gd:556)
         [6] select_tab (res://modules/tab_strip/interface.gd:64)
         [7] select_tab (res://modules/shell/shell.gd:183)
         [8] <anonymous lambda> (res://modules/shell/shell.gd:95)
         [9] <anonymous lambda> (res://modules/tab_strip/tab_strip.gd:528)
WARNING: res://modules/shell/prototype/gallery_walk4/baked/room.tscn:41 - ext_resource, invalid UID: uid://c6xt83oaphxx5 - using text path instead: res://modules/shell/prototype/gallery_walk4/frames/E7.png
     at: load (scene/resources/resource_format_text.cpp:501)
     GDScript backtrace (most recent call first):
         [0] _set_lighting (res://modules/shell/prototype/gallery_walk4/walk4.gd:929)
         [1] _build_view_controls (res://modules/shell/prototype/gallery_walk4/walk4.gd:835)
         [2] _ready (res://modules/shell/prototype/gallery_walk4/walk4.gd:118)
         [3] _create_tenant (res://modules/shell/shell.gd:172)
         [4] _on_tab_selected (res://modules/shell/shell.gd:117)
         [5] select_tab (res://modules/tab_strip/tab_strip.gd:556)
         [6] select_tab (res://modules/tab_strip/interface.gd:64)
         [7] select_tab (res://modules/shell/shell.gd:183)
         [8] <anonymous lambda> (res://modules/shell/shell.gd:95)
         [9] <anonymous lambda> (res://modules/tab_strip/tab_strip.gd:528)
WARNING: res://modules/shell/prototype/gallery_walk4/baked/room.tscn:43 - ext_resource, invalid UID: uid://3t874ihhjdsk - using text path instead: res://modules/shell/prototype/gallery_walk4/frames/E8.png
     at: load (scene/resources/resource_format_text.cpp:501)
     GDScript backtrace (most recent call first):
         [0] _set_lighting (res://modules/shell/prototype/gallery_walk4/walk4.gd:929)
         [1] _build_view_controls (res://modules/shell/prototype/gallery_walk4/walk4.gd:835)
         [2] _ready (res://modules/shell/prototype/gallery_walk4/walk4.gd:118)
         [3] _create_tenant (res://modules/shell/shell.gd:172)
         [4] _on_tab_selected (res://modules/shell/shell.gd:117)
         [5] select_tab (res://modules/tab_strip/tab_strip.gd:556)
         [6] select_tab (res://modules/tab_strip/interface.gd:64)
         [7] select_tab (res://modules/shell/shell.gd:183)
         [8] <anonymous lambda> (res://modules/shell/shell.gd:95)
         [9] <anonymous lambda> (res://modules/tab_strip/tab_strip.gd:528)
WARNING: res://modules/shell/prototype/gallery_walk4/baked/room.tscn:45 - ext_resource, invalid UID: uid://bv1nxq4g6k2ef - using text path instead: res://modules/shell/prototype/gallery_walk4/frames/E9.png
     at: load (scene/resources/resource_format_text.cpp:501)
     GDScript backtrace (most recent call first):
         [0] _set_lighting (res://modules/shell/prototype/gallery_walk4/walk4.gd:929)
         [1] _build_view_controls (res://modules/shell/prototype/gallery_walk4/walk4.gd:835)
         [2] _ready (res://modules/shell/prototype/gallery_walk4/walk4.gd:118)
         [3] _create_tenant (res://modules/shell/shell.gd:172)
         [4] _on_tab_selected (res://modules/shell/shell.gd:117)
         [5] select_tab (res://modules/tab_strip/tab_strip.gd:556)
         [6] select_tab (res://modules/tab_strip/interface.gd:64)
         [7] select_tab (res://modules/shell/shell.gd:183)
         [8] <anonymous lambda> (res://modules/shell/shell.gd:95)
         [9] <anonymous lambda> (res://modules/tab_strip/tab_strip.gd:528)
WARNING: res://modules/shell/prototype/gallery_walk4/baked/room.tscn:47 - ext_resource, invalid UID: uid://dtpyehhkeik0v - using text path instead: res://modules/shell/prototype/gallery_walk4/frames/S1.png
     at: load (scene/resources/resource_format_text.cpp:501)
     GDScript backtrace (most recent call first):
         [0] _set_lighting (res://modules/shell/prototype/gallery_walk4/walk4.gd:929)
         [1] _build_view_controls (res://modules/shell/prototype/gallery_walk4/walk4.gd:835)
         [2] _ready (res://modules/shell/prototype/gallery_walk4/walk4.gd:118)
         [3] _create_tenant (res://modules/shell/shell.gd:172)
         [4] _on_tab_selected (res://modules/shell/shell.gd:117)
         [5] select_tab (res://modules/tab_strip/tab_strip.gd:556)
         [6] select_tab (res://modules/tab_strip/interface.gd:64)
         [7] select_tab (res://modules/shell/shell.gd:183)
         [8] <anonymous lambda> (res://modules/shell/shell.gd:95)
         [9] <anonymous lambda> (res://modules/tab_strip/tab_strip.gd:528)
WARNING: res://modules/shell/prototype/gallery_walk4/baked/room.tscn:49 - ext_resource, invalid UID: uid://2kfufsapwudp - using text path instead: res://modules/shell/prototype/gallery_walk4/frames/S2.png
     at: load (scene/resources/resource_format_text.cpp:501)
     GDScript backtrace (most recent call first):
         [0] _set_lighting (res://modules/shell/prototype/gallery_walk4/walk4.gd:929)
         [1] _build_view_controls (res://modules/shell/prototype/gallery_walk4/walk4.gd:835)
         [2] _ready (res://modules/shell/prototype/gallery_walk4/walk4.gd:118)
         [3] _create_tenant (res://modules/shell/shell.gd:172)
         [4] _on_tab_selected (res://modules/shell/shell.gd:117)
         [5] select_tab (res://modules/tab_strip/tab_strip.gd:556)
         [6] select_tab (res://modules/tab_strip/interface.gd:64)
         [7] select_tab (res://modules/shell/shell.gd:183)
         [8] <anonymous lambda> (res://modules/shell/shell.gd:95)
         [9] <anonymous lambda> (res://modules/tab_strip/tab_strip.gd:528)
WARNING: res://modules/shell/prototype/gallery_walk4/baked/room.tscn:51 - ext_resource, invalid UID: uid://de70xncgshsav - using text path instead: res://modules/shell/prototype/gallery_walk4/frames/N1.png
     at: load (scene/resources/resource_format_text.cpp:501)
     GDScript backtrace (most recent call first):
         [0] _set_lighting (res://modules/shell/prototype/gallery_walk4/walk4.gd:929)
         [1] _build_view_controls (res://modules/shell/prototype/gallery_walk4/walk4.gd:835)
         [2] _ready (res://modules/shell/prototype/gallery_walk4/walk4.gd:118)
         [3] _create_tenant (res://modules/shell/shell.gd:172)
         [4] _on_tab_selected (res://modules/shell/shell.gd:117)
         [5] select_tab (res://modules/tab_strip/tab_strip.gd:556)
         [6] select_tab (res://modules/tab_strip/interface.gd:64)
         [7] select_tab (res://modules/shell/shell.gd:183)
         [8] <anonymous lambda> (res://modules/shell/shell.gd:95)
         [9] <anonymous lambda> (res://modules/tab_strip/tab_strip.gd:528)
WARNING: res://modules/shell/prototype/gallery_walk4/baked/room.tscn:53 - ext_resource, invalid UID: uid://0c23sp5r31or - using text path instead: res://modules/shell/prototype/gallery_walk4/frames/N2.png
     at: load (scene/resources/resource_format_text.cpp:501)
     GDScript backtrace (most recent call first):
         [0] _set_lighting (res://modules/shell/prototype/gallery_walk4/walk4.gd:929)
         [1] _build_view_controls (res://modules/shell/prototype/gallery_walk4/walk4.gd:835)
         [2] _ready (res://modules/shell/prototype/gallery_walk4/walk4.gd:118)
         [3] _create_tenant (res://modules/shell/shell.gd:172)
         [4] _on_tab_selected (res://modules/shell/shell.gd:117)
         [5] select_tab (res://modules/tab_strip/tab_strip.gd:556)
         [6] select_tab (res://modules/tab_strip/interface.gd:64)
         [7] select_tab (res://modules/shell/shell.gd:183)
         [8] <anonymous lambda> (res://modules/shell/shell.gd:95)
         [9] <anonymous lambda> (res://modules/tab_strip/tab_strip.gd:528)
ENTRY_COMPLETE (0.0, 0.0, -2.572045)
DOLLHOUSE_RENDER texture_bytes=418900069 draw_calls=75
DOLLHOUSE_BENCH_BEVEL faces=32
VIEW gallery yaw 90.0
VIEW dollhouse yaw 90.0
VIEW dollhouse yaw -90.0
OTHER_WALL east
VIEW dollhouse yaw 90.0
OTHER_WALL west
DOLLHOUSE_OTHER_WALL both directions
DOLLHOUSE_FOOTSTEPS contacts_2s=7 blocked=0
VIEW_ORBIT {"position":[-2.38866114616394,-13.082314491272],"space":"gallery","yaw":0.00087295133411086}
VIEW_ORBIT {"position":[4.0,-12.0],"space":"gallery","yaw":-1.57028863999768}
VIEW_ORBIT {"position":[4.0,-12.0],"space":"gallery","yaw":-3.14106735939463}
VIEW_ORBIT {"position":[4.0,-12.0],"space":"gallery","yaw":1.57156992593768}
NAV_PICK floor
DOLLHOUSE_HIDDEN_WALL 1
NAV_PICK W1
NAV_PICK W2
NAV_PICK W3
NAV_PICK W4
NAV_PICK W5
NAV_PICK W6
NAV_PICK W7
NAV_PICK W8
NAV_PICK W9
NAV_PICK W10
VIEW_ORBIT {"position":[2.40000009536743,-23.0603446960449],"space":"gallery","yaw":0.000941819142698403}
VIEW_ORBIT {"position":[2.40000009536743,-23.0603446960449],"space":"gallery","yaw":-1.56997846636819}
NAV_PICK E1
NAV_PICK E2
NAV_PICK E3
NAV_PICK E4
NAV_PICK E5
NAV_PICK E6
NAV_PICK E7
NAV_PICK E8
NAV_PICK E9
VIEW_ORBIT {"position":[3.11499977111816,-2.59999990463257],"space":"gallery","yaw":-3.14099554841906}
NAV_PICK S1
NAV_PICK S2
VIEW_ORBIT {"position":[-3.11500000953674,-23.6999988555908],"space":"gallery","yaw":1.57147293559543}
VIEW_ORBIT {"position":[-3.11500000953674,-23.6999988555908],"space":"gallery","yaw":0.000893654199712055}
NAV_PICK N1
NAV_PICK N2
DOLLHOUSE_ARTWORKS 23/23
DOLLHOUSE_FAILURES 0
Godot Engine v4.7.2.stable.official.ed1daf0bf - https://godotengine.org
WARNING: Your video card drivers seem not to support the required OpenGL version, switching to OpenGLES.
     at: DisplayServerX11 (platform/linuxbsd/x11/display_server_x11.cpp:7201)
OpenGL API OpenGL ES 3.1 Mesa 25.2.8-0ubuntu0.24.04.2 - Compatibility - Using Device: Microsoft - D3D12 (NVIDIA GeForce RTX 4070 SUPER)

WARNING: res://modules/shell/prototype/gallery_walk4/baked/room.tscn:10 - ext_resource, invalid UID: uid://dyfgcq5lcw6kj - using text path instead: res://modules/shell/prototype/gallery_walk4/frames/W1.png
     at: load (scene/resources/resource_format_text.cpp:501)
     GDScript backtrace (most recent call first):
         [0] _set_lighting (res://modules/shell/prototype/gallery_walk4/walk4.gd:929)
         [1] _build_view_controls (res://modules/shell/prototype/gallery_walk4/walk4.gd:835)
         [2] _ready (res://modules/shell/prototype/gallery_walk4/walk4.gd:118)
         [3] _create_tenant (res://modules/shell/shell.gd:172)
         [4] _on_tab_selected (res://modules/shell/shell.gd:117)
         [5] select_tab (res://modules/tab_strip/tab_strip.gd:556)
         [6] select_tab (res://modules/tab_strip/interface.gd:64)
         [7] select_tab (res://modules/shell/shell.gd:183)
         [8] <anonymous lambda> (res://modules/shell/shell.gd:95)
         [9] <anonymous lambda> (res://modules/tab_strip/tab_strip.gd:528)
WARNING: res://modules/shell/prototype/gallery_walk4/baked/room.tscn:12 - ext_resource, invalid UID: uid://cvqyexp2x7jeq - using text path instead: res://modules/shell/prototype/gallery_walk4/frames/W2.png
     at: load (scene/resources/resource_format_text.cpp:501)
     GDScript backtrace (most recent call first):
         [0] _set_lighting (res://modules/shell/prototype/gallery_walk4/walk4.gd:929)
         [1] _build_view_controls (res://modules/shell/prototype/gallery_walk4/walk4.gd:835)
         [2] _ready (res://modules/shell/prototype/gallery_walk4/walk4.gd:118)
         [3] _create_tenant (res://modules/shell/shell.gd:172)
         [4] _on_tab_selected (res://modules/shell/shell.gd:117)
         [5] select_tab (res://modules/tab_strip/tab_strip.gd:556)
         [6] select_tab (res://modules/tab_strip/interface.gd:64)
         [7] select_tab (res://modules/shell/shell.gd:183)
         [8] <anonymous lambda> (res://modules/shell/shell.gd:95)
         [9] <anonymous lambda> (res://modules/tab_strip/tab_strip.gd:528)
WARNING: res://modules/shell/prototype/gallery_walk4/baked/room.tscn:14 - ext_resource, invalid UID: uid://c1heyk2h2mdsi - using text path instead: res://modules/shell/prototype/gallery_walk4/frames/W3.png
     at: load (scene/resources/resource_format_text.cpp:501)
     GDScript backtrace (most recent call first):
         [0] _set_lighting (res://modules/shell/prototype/gallery_walk4/walk4.gd:929)
         [1] _build_view_controls (res://modules/shell/prototype/gallery_walk4/walk4.gd:835)
         [2] _ready (res://modules/shell/prototype/gallery_walk4/walk4.gd:118)
         [3] _create_tenant (res://modules/shell/shell.gd:172)
         [4] _on_tab_selected (res://modules/shell/shell.gd:117)
         [5] select_tab (res://modules/tab_strip/tab_strip.gd:556)
         [6] select_tab (res://modules/tab_strip/interface.gd:64)
         [7] select_tab (res://modules/shell/shell.gd:183)
         [8] <anonymous lambda> (res://modules/shell/shell.gd:95)
         [9] <anonymous lambda> (res://modules/tab_strip/tab_strip.gd:528)
WARNING: res://modules/shell/prototype/gallery_walk4/baked/room.tscn:16 - ext_resource, invalid UID: uid://cygpnjkdolb2d - using text path instead: res://modules/shell/prototype/gallery_walk4/frames/W4.png
     at: load (scene/resources/resource_format_text.cpp:501)
     GDScript backtrace (most recent call first):
         [0] _set_lighting (res://modules/shell/prototype/gallery_walk4/walk4.gd:929)
         [1] _build_view_controls (res://modules/shell/prototype/gallery_walk4/walk4.gd:835)
         [2] _ready (res://modules/shell/prototype/gallery_walk4/walk4.gd:118)
         [3] _create_tenant (res://modules/shell/shell.gd:172)
         [4] _on_tab_selected (res://modules/shell/shell.gd:117)
         [5] select_tab (res://modules/tab_strip/tab_strip.gd:556)
         [6] select_tab (res://modules/tab_strip/interface.gd:64)
         [7] select_tab (res://modules/shell/shell.gd:183)
         [8] <anonymous lambda> (res://modules/shell/shell.gd:95)
         [9] <anonymous lambda> (res://modules/tab_strip/tab_strip.gd:528)
WARNING: res://modules/shell/prototype/gallery_walk4/baked/room.tscn:18 - ext_resource, invalid UID: uid://dfdpotkfeg62q - using text path instead: res://modules/shell/prototype/gallery_walk4/frames/W5.png
     at: load (scene/resources/resource_format_text.cpp:501)
     GDScript backtrace (most recent call first):
         [0] _set_lighting (res://modules/shell/prototype/gallery_walk4/walk4.gd:929)
         [1] _build_view_controls (res://modules/shell/prototype/gallery_walk4/walk4.gd:835)
         [2] _ready (res://modules/shell/prototype/gallery_walk4/walk4.gd:118)
         [3] _create_tenant (res://modules/shell/shell.gd:172)
         [4] _on_tab_selected (res://modules/shell/shell.gd:117)
         [5] select_tab (res://modules/tab_strip/tab_strip.gd:556)
         [6] select_tab (res://modules/tab_strip/interface.gd:64)
         [7] select_tab (res://modules/shell/shell.gd:183)
         [8] <anonymous lambda> (res://modules/shell/shell.gd:95)
         [9] <anonymous lambda> (res://modules/tab_strip/tab_strip.gd:528)
WARNING: res://modules/shell/prototype/gallery_walk4/baked/room.tscn:20 - ext_resource, invalid UID: uid://dxlrxxx4bu27v - using text path instead: res://modules/shell/prototype/gallery_walk4/frames/W6-shaped.png
     at: load (scene/resources/resource_format_text.cpp:501)
     GDScript backtrace (most recent call first):
         [0] _set_lighting (res://modules/shell/prototype/gallery_walk4/walk4.gd:929)
         [1] _build_view_controls (res://modules/shell/prototype/gallery_walk4/walk4.gd:835)
         [2] _ready (res://modules/shell/prototype/gallery_walk4/walk4.gd:118)
         [3] _create_tenant (res://modules/shell/shell.gd:172)
         [4] _on_tab_selected (res://modules/shell/shell.gd:117)
         [5] select_tab (res://modules/tab_strip/tab_strip.gd:556)
         [6] select_tab (res://modules/tab_strip/interface.gd:64)
         [7] select_tab (res://modules/shell/shell.gd:183)
         [8] <anonymous lambda> (res://modules/shell/shell.gd:95)
         [9] <anonymous lambda> (res://modules/tab_strip/tab_strip.gd:528)
WARNING: res://modules/shell/prototype/gallery_walk4/baked/room.tscn:21 - ext_resource, invalid UID: uid://b3iunr62b18l0 - using text path instead: res://modules/shell/prototype/gallery_walk4/frames/W7.png
     at: load (scene/resources/resource_format_text.cpp:501)
     GDScript backtrace (most recent call first):
         [0] _set_lighting (res://modules/shell/prototype/gallery_walk4/walk4.gd:929)
         [1] _build_view_controls (res://modules/shell/prototype/gallery_walk4/walk4.gd:835)
         [2] _ready (res://modules/shell/prototype/gallery_walk4/walk4.gd:118)
         [3] _create_tenant (res://modules/shell/shell.gd:172)
         [4] _on_tab_selected (res://modules/shell/shell.gd:117)
         [5] select_tab (res://modules/tab_strip/tab_strip.gd:556)
         [6] select_tab (res://modules/tab_strip/interface.gd:64)
         [7] select_tab (res://modules/shell/shell.gd:183)
         [8] <anonymous lambda> (res://modules/shell/shell.gd:95)
         [9] <anonymous lambda> (res://modules/tab_strip/tab_strip.gd:528)
WARNING: res://modules/shell/prototype/gallery_walk4/baked/room.tscn:23 - ext_resource, invalid UID: uid://bc7uq7jfrtisd - using text path instead: res://modules/shell/prototype/gallery_walk4/frames/W8.png
     at: load (scene/resources/resource_format_text.cpp:501)
     GDScript backtrace (most recent call first):
         [0] _set_lighting (res://modules/shell/prototype/gallery_walk4/walk4.gd:929)
         [1] _build_view_controls (res://modules/shell/prototype/gallery_walk4/walk4.gd:835)
         [2] _ready (res://modules/shell/prototype/gallery_walk4/walk4.gd:118)
         [3] _create_tenant (res://modules/shell/shell.gd:172)
         [4] _on_tab_selected (res://modules/shell/shell.gd:117)
         [5] select_tab (res://modules/tab_strip/tab_strip.gd:556)
         [6] select_tab (res://modules/tab_strip/interface.gd:64)
         [7] select_tab (res://modules/shell/shell.gd:183)
         [8] <anonymous lambda> (res://modules/shell/shell.gd:95)
         [9] <anonymous lambda> (res://modules/tab_strip/tab_strip.gd:528)
WARNING: res://modules/shell/prototype/gallery_walk4/baked/room.tscn:25 - ext_resource, invalid UID: uid://bv0quokvyykok - using text path instead: res://modules/shell/prototype/gallery_walk4/frames/W9.png
     at: load (scene/resources/resource_format_text.cpp:501)
     GDScript backtrace (most recent call first):
         [0] _set_lighting (res://modules/shell/prototype/gallery_walk4/walk4.gd:929)
         [1] _build_view_controls (res://modules/shell/prototype/gallery_walk4/walk4.gd:835)
         [2] _ready (res://modules/shell/prototype/gallery_walk4/walk4.gd:118)
         [3] _create_tenant (res://modules/shell/shell.gd:172)
         [4] _on_tab_selected (res://modules/shell/shell.gd:117)
         [5] select_tab (res://modules/tab_strip/tab_strip.gd:556)
         [6] select_tab (res://modules/tab_strip/interface.gd:64)
         [7] select_tab (res://modules/shell/shell.gd:183)
         [8] <anonymous lambda> (res://modules/shell/shell.gd:95)
         [9] <anonymous lambda> (res://modules/tab_strip/tab_strip.gd:528)
WARNING: res://modules/shell/prototype/gallery_walk4/baked/room.tscn:27 - ext_resource, invalid UID: uid://dpe1afssd06gk - using text path instead: res://modules/shell/prototype/gallery_walk4/frames/W10.png
     at: load (scene/resources/resource_format_text.cpp:501)
     GDScript backtrace (most recent call first):
         [0] _set_lighting (res://modules/shell/prototype/gallery_walk4/walk4.gd:929)
         [1] _build_view_controls (res://modules/shell/prototype/gallery_walk4/walk4.gd:835)
         [2] _ready (res://modules/shell/prototype/gallery_walk4/walk4.gd:118)
         [3] _create_tenant (res://modules/shell/shell.gd:172)
         [4] _on_tab_selected (res://modules/shell/shell.gd:117)
         [5] select_tab (res://modules/tab_strip/tab_strip.gd:556)
         [6] select_tab (res://modules/tab_strip/interface.gd:64)
         [7] select_tab (res://modules/shell/shell.gd:183)
         [8] <anonymous lambda> (res://modules/shell/shell.gd:95)
         [9] <anonymous lambda> (res://modules/tab_strip/tab_strip.gd:528)
WARNING: res://modules/shell/prototype/gallery_walk4/baked/room.tscn:29 - ext_resource, invalid UID: uid://cbx3nrtsnlpwh - using text path instead: res://modules/shell/prototype/gallery_walk4/frames/E1.png
     at: load (scene/resources/resource_format_text.cpp:501)
     GDScript backtrace (most recent call first):
         [0] _set_lighting (res://modules/shell/prototype/gallery_walk4/walk4.gd:929)
         [1] _build_view_controls (res://modules/shell/prototype/gallery_walk4/walk4.gd:835)
         [2] _ready (res://modules/shell/prototype/gallery_walk4/walk4.gd:118)
         [3] _create_tenant (res://modules/shell/shell.gd:172)
         [4] _on_tab_selected (res://modules/shell/shell.gd:117)
         [5] select_tab (res://modules/tab_strip/tab_strip.gd:556)
         [6] select_tab (res://modules/tab_strip/interface.gd:64)
         [7] select_tab (res://modules/shell/shell.gd:183)
         [8] <anonymous lambda> (res://modules/shell/shell.gd:95)
         [9] <anonymous lambda> (res://modules/tab_strip/tab_strip.gd:528)
WARNING: res://modules/shell/prototype/gallery_walk4/baked/room.tscn:31 - ext_resource, invalid UID: uid://m5jyfkhb8tix - using text path instead: res://modules/shell/prototype/gallery_walk4/frames/E2.png
     at: load (scene/resources/resource_format_text.cpp:501)
     GDScript backtrace (most recent call first):
         [0] _set_lighting (res://modules/shell/prototype/gallery_walk4/walk4.gd:929)
         [1] _build_view_controls (res://modules/shell/prototype/gallery_walk4/walk4.gd:835)
         [2] _ready (res://modules/shell/prototype/gallery_walk4/walk4.gd:118)
         [3] _create_tenant (res://modules/shell/shell.gd:172)
         [4] _on_tab_selected (res://modules/shell/shell.gd:117)
         [5] select_tab (res://modules/tab_strip/tab_strip.gd:556)
         [6] select_tab (res://modules/tab_strip/interface.gd:64)
         [7] select_tab (res://modules/shell/shell.gd:183)
         [8] <anonymous lambda> (res://modules/shell/shell.gd:95)
         [9] <anonymous lambda> (res://modules/tab_strip/tab_strip.gd:528)
WARNING: res://modules/shell/prototype/gallery_walk4/baked/room.tscn:33 - ext_resource, invalid UID: uid://uew7thvsm3jv - using text path instead: res://modules/shell/prototype/gallery_walk4/frames/E3.png
     at: load (scene/resources/resource_format_text.cpp:501)
     GDScript backtrace (most recent call first):
         [0] _set_lighting (res://modules/shell/prototype/gallery_walk4/walk4.gd:929)
         [1] _build_view_controls (res://modules/shell/prototype/gallery_walk4/walk4.gd:835)
         [2] _ready (res://modules/shell/prototype/gallery_walk4/walk4.gd:118)
         [3] _create_tenant (res://modules/shell/shell.gd:172)
         [4] _on_tab_selected (res://modules/shell/shell.gd:117)
         [5] select_tab (res://modules/tab_strip/tab_strip.gd:556)
         [6] select_tab (res://modules/tab_strip/interface.gd:64)
         [7] select_tab (res://modules/shell/shell.gd:183)
         [8] <anonymous lambda> (res://modules/shell/shell.gd:95)
         [9] <anonymous lambda> (res://modules/tab_strip/tab_strip.gd:528)
WARNING: res://modules/shell/prototype/gallery_walk4/baked/room.tscn:35 - ext_resource, invalid UID: uid://dy3bcgpy588tl - using text path instead: res://modules/shell/prototype/gallery_walk4/frames/E4.png
     at: load (scene/resources/resource_format_text.cpp:501)
     GDScript backtrace (most recent call first):
         [0] _set_lighting (res://modules/shell/prototype/gallery_walk4/walk4.gd:929)
         [1] _build_view_controls (res://modules/shell/prototype/gallery_walk4/walk4.gd:835)
         [2] _ready (res://modules/shell/prototype/gallery_walk4/walk4.gd:118)
         [3] _create_tenant (res://modules/shell/shell.gd:172)
         [4] _on_tab_selected (res://modules/shell/shell.gd:117)
         [5] select_tab (res://modules/tab_strip/tab_strip.gd:556)
         [6] select_tab (res://modules/tab_strip/interface.gd:64)
         [7] select_tab (res://modules/shell/shell.gd:183)
         [8] <anonymous lambda> (res://modules/shell/shell.gd:95)
         [9] <anonymous lambda> (res://modules/tab_strip/tab_strip.gd:528)
WARNING: res://modules/shell/prototype/gallery_walk4/baked/room.tscn:37 - ext_resource, invalid UID: uid://owr36eg48rcl - using text path instead: res://modules/shell/prototype/gallery_walk4/frames/E5.png
     at: load (scene/resources/resource_format_text.cpp:501)
     GDScript backtrace (most recent call first):
         [0] _set_lighting (res://modules/shell/prototype/gallery_walk4/walk4.gd:929)
         [1] _build_view_controls (res://modules/shell/prototype/gallery_walk4/walk4.gd:835)
         [2] _ready (res://modules/shell/prototype/gallery_walk4/walk4.gd:118)
         [3] _create_tenant (res://modules/shell/shell.gd:172)
         [4] _on_tab_selected (res://modules/shell/shell.gd:117)
         [5] select_tab (res://modules/tab_strip/tab_strip.gd:556)
         [6] select_tab (res://modules/tab_strip/interface.gd:64)
         [7] select_tab (res://modules/shell/shell.gd:183)
         [8] <anonymous lambda> (res://modules/shell/shell.gd:95)
         [9] <anonymous lambda> (res://modules/tab_strip/tab_strip.gd:528)
WARNING: res://modules/shell/prototype/gallery_walk4/baked/room.tscn:39 - ext_resource, invalid UID: uid://dkeok8l8ge5lg - using text path instead: res://modules/shell/prototype/gallery_walk4/frames/E6.png
     at: load (scene/resources/resource_format_text.cpp:501)
     GDScript backtrace (most recent call first):
         [0] _set_lighting (res://modules/shell/prototype/gallery_walk4/walk4.gd:929)
         [1] _build_view_controls (res://modules/shell/prototype/gallery_walk4/walk4.gd:835)
         [2] _ready (res://modules/shell/prototype/gallery_walk4/walk4.gd:118)
         [3] _create_tenant (res://modules/shell/shell.gd:172)
         [4] _on_tab_selected (res://modules/shell/shell.gd:117)
         [5] select_tab (res://modules/tab_strip/tab_strip.gd:556)
         [6] select_tab (res://modules/tab_strip/interface.gd:64)
         [7] select_tab (res://modules/shell/shell.gd:183)
         [8] <anonymous lambda> (res://modules/shell/shell.gd:95)
         [9] <anonymous lambda> (res://modules/tab_strip/tab_strip.gd:528)
WARNING: res://modules/shell/prototype/gallery_walk4/baked/room.tscn:41 - ext_resource, invalid UID: uid://c6xt83oaphxx5 - using text path instead: res://modules/shell/prototype/gallery_walk4/frames/E7.png
     at: load (scene/resources/resource_format_text.cpp:501)
     GDScript backtrace (most recent call first):
         [0] _set_lighting (res://modules/shell/prototype/gallery_walk4/walk4.gd:929)
         [1] _build_view_controls (res://modules/shell/prototype/gallery_walk4/walk4.gd:835)
         [2] _ready (res://modules/shell/prototype/gallery_walk4/walk4.gd:118)
         [3] _create_tenant (res://modules/shell/shell.gd:172)
         [4] _on_tab_selected (res://modules/shell/shell.gd:117)
         [5] select_tab (res://modules/tab_strip/tab_strip.gd:556)
         [6] select_tab (res://modules/tab_strip/interface.gd:64)
         [7] select_tab (res://modules/shell/shell.gd:183)
         [8] <anonymous lambda> (res://modules/shell/shell.gd:95)
         [9] <anonymous lambda> (res://modules/tab_strip/tab_strip.gd:528)
WARNING: res://modules/shell/prototype/gallery_walk4/baked/room.tscn:43 - ext_resource, invalid UID: uid://3t874ihhjdsk - using text path instead: res://modules/shell/prototype/gallery_walk4/frames/E8.png
     at: load (scene/resources/resource_format_text.cpp:501)
     GDScript backtrace (most recent call first):
         [0] _set_lighting (res://modules/shell/prototype/gallery_walk4/walk4.gd:929)
         [1] _build_view_controls (res://modules/shell/prototype/gallery_walk4/walk4.gd:835)
         [2] _ready (res://modules/shell/prototype/gallery_walk4/walk4.gd:118)
         [3] _create_tenant (res://modules/shell/shell.gd:172)
         [4] _on_tab_selected (res://modules/shell/shell.gd:117)
         [5] select_tab (res://modules/tab_strip/tab_strip.gd:556)
         [6] select_tab (res://modules/tab_strip/interface.gd:64)
         [7] select_tab (res://modules/shell/shell.gd:183)
         [8] <anonymous lambda> (res://modules/shell/shell.gd:95)
         [9] <anonymous lambda> (res://modules/tab_strip/tab_strip.gd:528)
WARNING: res://modules/shell/prototype/gallery_walk4/baked/room.tscn:45 - ext_resource, invalid UID: uid://bv1nxq4g6k2ef - using text path instead: res://modules/shell/prototype/gallery_walk4/frames/E9.png
     at: load (scene/resources/resource_format_text.cpp:501)
     GDScript backtrace (most recent call first):
         [0] _set_lighting (res://modules/shell/prototype/gallery_walk4/walk4.gd:929)
         [1] _build_view_controls (res://modules/shell/prototype/gallery_walk4/walk4.gd:835)
         [2] _ready (res://modules/shell/prototype/gallery_walk4/walk4.gd:118)
         [3] _create_tenant (res://modules/shell/shell.gd:172)
         [4] _on_tab_selected (res://modules/shell/shell.gd:117)
         [5] select_tab (res://modules/tab_strip/tab_strip.gd:556)
         [6] select_tab (res://modules/tab_strip/interface.gd:64)
         [7] select_tab (res://modules/shell/shell.gd:183)
         [8] <anonymous lambda> (res://modules/shell/shell.gd:95)
         [9] <anonymous lambda> (res://modules/tab_strip/tab_strip.gd:528)
WARNING: res://modules/shell/prototype/gallery_walk4/baked/room.tscn:47 - ext_resource, invalid UID: uid://dtpyehhkeik0v - using text path instead: res://modules/shell/prototype/gallery_walk4/frames/S1.png
     at: load (scene/resources/resource_format_text.cpp:501)
     GDScript backtrace (most recent call first):
         [0] _set_lighting (res://modules/shell/prototype/gallery_walk4/walk4.gd:929)
         [1] _build_view_controls (res://modules/shell/prototype/gallery_walk4/walk4.gd:835)
         [2] _ready (res://modules/shell/prototype/gallery_walk4/walk4.gd:118)
         [3] _create_tenant (res://modules/shell/shell.gd:172)
         [4] _on_tab_selected (res://modules/shell/shell.gd:117)
         [5] select_tab (res://modules/tab_strip/tab_strip.gd:556)
         [6] select_tab (res://modules/tab_strip/interface.gd:64)
         [7] select_tab (res://modules/shell/shell.gd:183)
         [8] <anonymous lambda> (res://modules/shell/shell.gd:95)
         [9] <anonymous lambda> (res://modules/tab_strip/tab_strip.gd:528)
WARNING: res://modules/shell/prototype/gallery_walk4/baked/room.tscn:49 - ext_resource, invalid UID: uid://2kfufsapwudp - using text path instead: res://modules/shell/prototype/gallery_walk4/frames/S2.png
     at: load (scene/resources/resource_format_text.cpp:501)
     GDScript backtrace (most recent call first):
         [0] _set_lighting (res://modules/shell/prototype/gallery_walk4/walk4.gd:929)
         [1] _build_view_controls (res://modules/shell/prototype/gallery_walk4/walk4.gd:835)
         [2] _ready (res://modules/shell/prototype/gallery_walk4/walk4.gd:118)
         [3] _create_tenant (res://modules/shell/shell.gd:172)
         [4] _on_tab_selected (res://modules/shell/shell.gd:117)
         [5] select_tab (res://modules/tab_strip/tab_strip.gd:556)
         [6] select_tab (res://modules/tab_strip/interface.gd:64)
         [7] select_tab (res://modules/shell/shell.gd:183)
         [8] <anonymous lambda> (res://modules/shell/shell.gd:95)
         [9] <anonymous lambda> (res://modules/tab_strip/tab_strip.gd:528)
WARNING: res://modules/shell/prototype/gallery_walk4/baked/room.tscn:51 - ext_resource, invalid UID: uid://de70xncgshsav - using text path instead: res://modules/shell/prototype/gallery_walk4/frames/N1.png
     at: load (scene/resources/resource_format_text.cpp:501)
     GDScript backtrace (most recent call first):
         [0] _set_lighting (res://modules/shell/prototype/gallery_walk4/walk4.gd:929)
         [1] _build_view_controls (res://modules/shell/prototype/gallery_walk4/walk4.gd:835)
         [2] _ready (res://modules/shell/prototype/gallery_walk4/walk4.gd:118)
         [3] _create_tenant (res://modules/shell/shell.gd:172)
         [4] _on_tab_selected (res://modules/shell/shell.gd:117)
         [5] select_tab (res://modules/tab_strip/tab_strip.gd:556)
         [6] select_tab (res://modules/tab_strip/interface.gd:64)
         [7] select_tab (res://modules/shell/shell.gd:183)
         [8] <anonymous lambda> (res://modules/shell/shell.gd:95)
         [9] <anonymous lambda> (res://modules/tab_strip/tab_strip.gd:528)
WARNING: res://modules/shell/prototype/gallery_walk4/baked/room.tscn:53 - ext_resource, invalid UID: uid://0c23sp5r31or - using text path instead: res://modules/shell/prototype/gallery_walk4/frames/N2.png
     at: load (scene/resources/resource_format_text.cpp:501)
     GDScript backtrace (most recent call first):
         [0] _set_lighting (res://modules/shell/prototype/gallery_walk4/walk4.gd:929)
         [1] _build_view_controls (res://modules/shell/prototype/gallery_walk4/walk4.gd:835)
         [2] _ready (res://modules/shell/prototype/gallery_walk4/walk4.gd:118)
         [3] _create_tenant (res://modules/shell/shell.gd:172)
         [4] _on_tab_selected (res://modules/shell/shell.gd:117)
         [5] select_tab (res://modules/tab_strip/tab_strip.gd:556)
         [6] select_tab (res://modules/tab_strip/interface.gd:64)
         [7] select_tab (res://modules/shell/shell.gd:183)
         [8] <anonymous lambda> (res://modules/shell/shell.gd:95)
         [9] <anonymous lambda> (res://modules/tab_strip/tab_strip.gd:528)
ENTRY_COMPLETE (0.0, 0.0, -2.55153)
VIEW original yaw -180.0
NAV_PICK W6
NAV_PICK E4
NAV_PICK E4
NAV_PICK N1
STEP-BACK z before -5.24 after -4.27 target <null>
BOTH-BENCHES end pos (0.026901, 0.0, -5.031931) target <null>
AGAINST-BENCH path [(1.6, 0.0, -6.85), (1.6, 0.0, -11.15), (1.6, 0.0, -14.85), (1.6, 0.0, -19.15)]
AGAINST-BENCH end pos (0.028186, 0.0, -18.90368) target <null>
FUZZ 0 of 300 walks failed
HALF-VISIBLE picks E6 at (362.4364, 245.9633)
NAV_PICK E6
HALF-VISIBLE open E6
