Godot Engine v4.7.2.stable.official.ed1daf0bf - https://godotengine.org

WARNING: res://modules/shell/prototype/gallery_walk4/baked/room.tscn:10 - ext_resource, invalid UID: uid://dyfgcq5lcw6kj - using text path instead: res://modules/shell/prototype/gallery_walk4/frames/W1.png
     at: load (scene/resources/resource_format_text.cpp:501)
     GDScript backtrace (most recent call first):
         [0] _set_lighting (res://modules/shell/prototype/gallery_walk4/walk4.gd:929)
         [1] _build_view_controls (res://modules/shell/prototype/gallery_walk4/walk4.gd:835)
         [2] _ready (res://modules/shell/prototype/gallery_walk4/walk4.gd:118)
         [3] _create_tenant (res://modules/shell/shell.gd:172)
         [4] _on_tab_selected (res://modules/shell/shell.gd:117)
         [5] select_tab (res://modules/tab_strip/tab_strip.gd:556)
         [6] select_tab (res://modules/tab_strip/interface.gd:64)
         [7] select_tab (res://modules/shell/shell.gd:183)
         [8] <anonymous lambda> (res://modules/shell/shell.gd:95)
         [9] <anonymous lambda> (res://modules/tab_strip/tab_strip.gd:528)
WARNING: res://modules/shell/prototype/gallery_walk4/baked/room.tscn:12 - ext_resource, invalid UID: uid://cvqyexp2x7jeq - using text path instead: res://modules/shell/prototype/gallery_walk4/frames/W2.png
     at: load (scene/resources/resource_format_text.cpp:501)
     GDScript backtrace (most recent call first):
         [0] _set_lighting (res://modules/shell/prototype/gallery_walk4/walk4.gd:929)
         [1] _build_view_controls (res://modules/shell/prototype/gallery_walk4/walk4.gd:835)
         [2] _ready (res://modules/shell/prototype/gallery_walk4/walk4.gd:118)
         [3] _create_tenant (res://modules/shell/shell.gd:172)
         [4] _on_tab_selected (res://modules/shell/shell.gd:117)
         [5] select_tab (res://modules/tab_strip/tab_strip.gd:556)
         [6] select_tab (res://modules/tab_strip/interface.gd:64)
         [7] select_tab (res://modules/shell/shell.gd:183)
         [8] <anonymous lambda> (res://modules/shell/shell.gd:95)
         [9] <anonymous lambda> (res://modules/tab_strip/tab_strip.gd:528)
WARNING: res://modules/shell/prototype/gallery_walk4/baked/room.tscn:14 - ext_resource, invalid UID: uid://c1heyk2h2mdsi - using text path instead: res://modules/shell/prototype/gallery_walk4/frames/W3.png
     at: load (scene/resources/resource_format_text.cpp:501)
     GDScript backtrace (most recent call first):
         [0] _set_lighting (res://modules/shell/prototype/gallery_walk4/walk4.gd:929)
         [1] _build_view_controls (res://modules/shell/prototype/gallery_walk4/walk4.gd:835)
         [2] _ready (res://modules/shell/prototype/gallery_walk4/walk4.gd:118)
         [3] _create_tenant (res://modules/shell/shell.gd:172)
         [4] _on_tab_selected (res://modules/shell/shell.gd:117)
         [5] select_tab (res://modules/tab_strip/tab_strip.gd:556)
         [6] select_tab (res://modules/tab_strip/interface.gd:64)
         [7] select_tab (res://modules/shell/shell.gd:183)
         [8] <anonymous lambda> (res://modules/shell/shell.gd:95)
         [9] <anonymous lambda> (res://modules/tab_strip/tab_strip.gd:528)
WARNING: res://modules/shell/prototype/gallery_walk4/baked/room.tscn:16 - ext_resource, invalid UID: uid://cygpnjkdolb2d - using text path instead: res://modules/shell/prototype/gallery_walk4/frames/W4.png
     at: load (scene/resources/resource_format_text.cpp:501)
     GDScript backtrace (most recent call first):
         [0] _set_lighting (res://modules/shell/prototype/gallery_walk4/walk4.gd:929)
         [1] _build_view_controls (res://modules/shell/prototype/gallery_walk4/walk4.gd:835)
         [2] _ready (res://modules/shell/prototype/gallery_walk4/walk4.gd:118)
         [3] _create_tenant (res://modules/shell/shell.gd:172)
         [4] _on_tab_selected (res://modules/shell/shell.gd:117)
         [5] select_tab (res://modules/tab_strip/tab_strip.gd:556)
         [6] select_tab (res://modules/tab_strip/interface.gd:64)
         [7] select_tab (res://modules/shell/shell.gd:183)
         [8] <anonymous lambda> (res://modules/shell/shell.gd:95)
         [9] <anonymous lambda> (res://modules/tab_strip/tab_strip.gd:528)
WARNING: res://modules/shell/prototype/gallery_walk4/baked/room.tscn:18 - ext_resource, invalid UID: uid://dfdpotkfeg62q - using text path instead: res://modules/shell/prototype/gallery_walk4/frames/W5.png
     at: load (scene/resources/resource_format_text.cpp:501)
     GDScript backtrace (most recent call first):
         [0] _set_lighting (res://modules/shell/prototype/gallery_walk4/walk4.gd:929)
         [1] _build_view_controls (res://modules/shell/prototype/gallery_walk4/walk4.gd:835)
         [2] _ready (res://modules/shell/prototype/gallery_walk4/walk4.gd:118)
         [3] _create_tenant (res://modules/shell/shell.gd:172)
         [4] _on_tab_selected (res://modules/shell/shell.gd:117)
         [5] select_tab (res://modules/tab_strip/tab_strip.gd:556)
         [6] select_tab (res://modules/tab_strip/interface.gd:64)
         [7] select_tab (res://modules/shell/shell.gd:183)
         [8] <anonymous lambda> (res://modules/shell/shell.gd:95)
         [9] <anonymous lambda> (res://modules/tab_strip/tab_strip.gd:528)
WARNING: res://modules/shell/prototype/gallery_walk4/baked/room.tscn:20 - ext_resource, invalid UID: uid://dxlrxxx4bu27v - using text path instead: res://modules/shell/prototype/gallery_walk4/frames/W6-shaped.png
     at: load (scene/resources/resource_format_text.cpp:501)
     GDScript backtrace (most recent call first):
         [0] _set_lighting (res://modules/shell/prototype/gallery_walk4/walk4.gd:929)
         [1] _build_view_controls (res://modules/shell/prototype/gallery_walk4/walk4.gd:835)
         [2] _ready (res://modules/shell/prototype/gallery_walk4/walk4.gd:118)
         [3] _create_tenant (res://modules/shell/shell.gd:172)
         [4] _on_tab_selected (res://modules/shell/shell.gd:117)
         [5] select_tab (res://modules/tab_strip/tab_strip.gd:556)
         [6] select_tab (res://modules/tab_strip/interface.gd:64)
         [7] select_tab (res://modules/shell/shell.gd:183)
         [8] <anonymous lambda> (res://modules/shell/shell.gd:95)
         [9] <anonymous lambda> (res://modules/tab_strip/tab_strip.gd:528)
WARNING: res://modules/shell/prototype/gallery_walk4/baked/room.tscn:21 - ext_resource, invalid UID: uid://b3iunr62b18l0 - using text path instead: res://modules/shell/prototype/gallery_walk4/frames/W7.png
     at: load (scene/resources/resource_format_text.cpp:501)
     GDScript backtrace (most recent call first):
         [0] _set_lighting (res://modules/shell/prototype/gallery_walk4/walk4.gd:929)
         [1] _build_view_controls (res://modules/shell/prototype/gallery_walk4/walk4.gd:835)
         [2] _ready (res://modules/shell/prototype/gallery_walk4/walk4.gd:118)
         [3] _create_tenant (res://modules/shell/shell.gd:172)
         [4] _on_tab_selected (res://modules/shell/shell.gd:117)
         [5] select_tab (res://modules/tab_strip/tab_strip.gd:556)
         [6] select_tab (res://modules/tab_strip/interface.gd:64)
         [7] select_tab (res://modules/shell/shell.gd:183)
         [8] <anonymous lambda> (res://modules/shell/shell.gd:95)
         [9] <anonymous lambda> (res://modules/tab_strip/tab_strip.gd:528)
WARNING: res://modules/shell/prototype/gallery_walk4/baked/room.tscn:23 - ext_resource, invalid UID: uid://bc7uq7jfrtisd - using text path instead: res://modules/shell/prototype/gallery_walk4/frames/W8.png
     at: load (scene/resources/resource_format_text.cpp:501)
     GDScript backtrace (most recent call first):
         [0] _set_lighting (res://modules/shell/prototype/gallery_walk4/walk4.gd:929)
         [1] _build_view_controls (res://modules/shell/prototype/gallery_walk4/walk4.gd:835)
         [2] _ready (res://modules/shell/prototype/gallery_walk4/walk4.gd:118)
         [3] _create_tenant (res://modules/shell/shell.gd:172)
         [4] _on_tab_selected (res://modules/shell/shell.gd:117)
         [5] select_tab (res://modules/tab_strip/tab_strip.gd:556)
         [6] select_tab (res://modules/tab_strip/interface.gd:64)
         [7] select_tab (res://modules/shell/shell.gd:183)
         [8] <anonymous lambda> (res://modules/shell/shell.gd:95)
         [9] <anonymous lambda> (res://modules/tab_strip/tab_strip.gd:528)
WARNING: res://modules/shell/prototype/gallery_walk4/baked/room.tscn:25 - ext_resource, invalid UID: uid://bv0quokvyykok - using text path instead: res://modules/shell/prototype/gallery_walk4/frames/W9.png
     at: load (scene/resources/resource_format_text.cpp:501)
     GDScript backtrace (most recent call first):
         [0] _set_lighting (res://modules/shell/prototype/gallery_walk4/walk4.gd:929)
         [1] _build_view_controls (res://modules/shell/prototype/gallery_walk4/walk4.gd:835)
         [2] _ready (res://modules/shell/prototype/gallery_walk4/walk4.gd:118)
         [3] _create_tenant (res://modules/shell/shell.gd:172)
         [4] _on_tab_selected (res://modules/shell/shell.gd:117)
         [5] select_tab (res://modules/tab_strip/tab_strip.gd:556)
         [6] select_tab (res://modules/tab_strip/interface.gd:64)
         [7] select_tab (res://modules/shell/shell.gd:183)
         [8] <anonymous lambda> (res://modules/shell/shell.gd:95)
         [9] <anonymous lambda> (res://modules/tab_strip/tab_strip.gd:528)
WARNING: res://modules/shell/prototype/gallery_walk4/baked/room.tscn:27 - ext_resource, invalid UID: uid://dpe1afssd06gk - using text path instead: res://modules/shell/prototype/gallery_walk4/frames/W10.png
     at: load (scene/resources/resource_format_text.cpp:501)
     GDScript backtrace (most recent call first):
         [0] _set_lighting (res://modules/shell/prototype/gallery_walk4/walk4.gd:929)
         [1] _build_view_controls (res://modules/shell/prototype/gallery_walk4/walk4.gd:835)
         [2] _ready (res://modules/shell/prototype/gallery_walk4/walk4.gd:118)
         [3] _create_tenant (res://modules/shell/shell.gd:172)
         [4] _on_tab_selected (res://modules/shell/shell.gd:117)
         [5] select_tab (res://modules/tab_strip/tab_strip.gd:556)
         [6] select_tab (res://modules/tab_strip/interface.gd:64)
         [7] select_tab (res://modules/shell/shell.gd:183)
         [8] <anonymous lambda> (res://modules/shell/shell.gd:95)
         [9] <anonymous lambda> (res://modules/tab_strip/tab_strip.gd:528)
WARNING: res://modules/shell/prototype/gallery_walk4/baked/room.tscn:29 - ext_resource, invalid UID: uid://cbx3nrtsnlpwh - using text path instead: res://modules/shell/prototype/gallery_walk4/frames/E1.png
     at: load (scene/resources/resource_format_text.cpp:501)
     GDScript backtrace (most recent call first):
         [0] _set_lighting (res://modules/shell/prototype/gallery_walk4/walk4.gd:929)
         [1] _build_view_controls (res://modules/shell/prototype/gallery_walk4/walk4.gd:835)
         [2] _ready (res://modules/shell/prototype/gallery_walk4/walk4.gd:118)
         [3] _create_tenant (res://modules/shell/shell.gd:172)
         [4] _on_tab_selected (res://modules/shell/shell.gd:117)
         [5] select_tab (res://modules/tab_strip/tab_strip.gd:556)
         [6] select_tab (res://modules/tab_strip/interface.gd:64)
         [7] select_tab (res://modules/shell/shell.gd:183)
         [8] <anonymous lambda> (res://modules/shell/shell.gd:95)
         [9] <anonymous lambda> (res://modules/tab_strip/tab_strip.gd:528)
WARNING: res://modules/shell/prototype/gallery_walk4/baked/room.tscn:31 - ext_resource, invalid UID: uid://m5jyfkhb8tix - using text path instead: res://modules/shell/prototype/gallery_walk4/frames/E2.png
     at: load (scene/resources/resource_format_text.cpp:501)
     GDScript backtrace (most recent call first):
         [0] _set_lighting (res://modules/shell/prototype/gallery_walk4/walk4.gd:929)
         [1] _build_view_controls (res://modules/shell/prototype/gallery_walk4/walk4.gd:835)
         [2] _ready (res://modules/shell/prototype/gallery_walk4/walk4.gd:118)
         [3] _create_tenant (res://modules/shell/shell.gd:172)
         [4] _on_tab_selected (res://modules/shell/shell.gd:117)
         [5] select_tab (res://modules/tab_strip/tab_strip.gd:556)
         [6] select_tab (res://modules/tab_strip/interface.gd:64)
         [7] select_tab (res://modules/shell/shell.gd:183)
         [8] <anonymous lambda> (res://modules/shell/shell.gd:95)
         [9] <anonymous lambda> (res://modules/tab_strip/tab_strip.gd:528)
WARNING: res://modules/shell/prototype/gallery_walk4/baked/room.tscn:33 - ext_resource, invalid UID: uid://uew7thvsm3jv - using text path instead: res://modules/shell/prototype/gallery_walk4/frames/E3.png
     at: load (scene/resources/resource_format_text.cpp:501)
     GDScript backtrace (most recent call first):
         [0] _set_lighting (res://modules/shell/prototype/gallery_walk4/walk4.gd:929)
         [1] _build_view_controls (res://modules/shell/prototype/gallery_walk4/walk4.gd:835)
         [2] _ready (res://modules/shell/prototype/gallery_walk4/walk4.gd:118)
         [3] _create_tenant (res://modules/shell/shell.gd:172)
         [4] _on_tab_selected (res://modules/shell/shell.gd:117)
         [5] select_tab (res://modules/tab_strip/tab_strip.gd:556)
         [6] select_tab (res://modules/tab_strip/interface.gd:64)
         [7] select_tab (res://modules/shell/shell.gd:183)
         [8] <anonymous lambda> (res://modules/shell/shell.gd:95)
         [9] <anonymous lambda> (res://modules/tab_strip/tab_strip.gd:528)
WARNING: res://modules/shell/prototype/gallery_walk4/baked/room.tscn:35 - ext_resource, invalid UID: uid://dy3bcgpy588tl - using text path instead: res://modules/shell/prototype/gallery_walk4/frames/E4.png
     at: load (scene/resources/resource_format_text.cpp:501)
     GDScript backtrace (most recent call first):
         [0] _set_lighting (res://modules/shell/prototype/gallery_walk4/walk4.gd:929)
         [1] _build_view_controls (res://modules/shell/prototype/gallery_walk4/walk4.gd:835)
         [2] _ready (res://modules/shell/prototype/gallery_walk4/walk4.gd:118)
         [3] _create_tenant (res://modules/shell/shell.gd:172)
         [4] _on_tab_selected (res://modules/shell/shell.gd:117)
         [5] select_tab (res://modules/tab_strip/tab_strip.gd:556)
         [6] select_tab (res://modules/tab_strip/interface.gd:64)
         [7] select_tab (res://modules/shell/shell.gd:183)
         [8] <anonymous lambda> (res://modules/shell/shell.gd:95)
         [9] <anonymous lambda> (res://modules/tab_strip/tab_strip.gd:528)
WARNING: res://modules/shell/prototype/gallery_walk4/baked/room.tscn:37 - ext_resource, invalid UID: uid://owr36eg48rcl - using text path instead: res://modules/shell/prototype/gallery_walk4/frames/E5.png
     at: load (scene/resources/resource_format_text.cpp:501)
     GDScript backtrace (most recent call first):
         [0] _set_lighting (res://modules/shell/prototype/gallery_walk4/walk4.gd:929)
         [1] _build_view_controls (res://modules/shell/prototype/gallery_walk4/walk4.gd:835)
         [2] _ready (res://modules/shell/prototype/gallery_walk4/walk4.gd:118)
         [3] _create_tenant (res://modules/shell/shell.gd:172)
         [4] _on_tab_selected (res://modules/shell/shell.gd:117)
         [5] select_tab (res://modules/tab_strip/tab_strip.gd:556)
         [6] select_tab (res://modules/tab_strip/interface.gd:64)
         [7] select_tab (res://modules/shell/shell.gd:183)
         [8] <anonymous lambda> (res://modules/shell/shell.gd:95)
         [9] <anonymous lambda> (res://modules/tab_strip/tab_strip.gd:528)
WARNING: res://modules/shell/prototype/gallery_walk4/baked/room.tscn:39 - ext_resource, invalid UID: uid://dkeok8l8ge5lg - using text path instead: res://modules/shell/prototype/gallery_walk4/frames/E6.png
     at: load (scene/resources/resource_format_text.cpp:501)
     GDScript backtrace (most recent call first):
         [0] _set_lighting (res://modules/shell/prototype/gallery_walk4/walk4.gd:929)
         [1] _build_view_controls (res://modules/shell/prototype/gallery_walk4/walk4.gd:835)
         [2] _ready (res://modules/shell/prototype/gallery_walk4/walk4.gd:118)
         [3] _create_tenant (res://modules/shell/shell.gd:172)
         [4] _on_tab_selected (res://modules/shell/shell.gd:117)
         [5] select_tab (res://modules/tab_strip/tab_strip.gd:556)
         [6] select_tab (res://modules/tab_strip/interface.gd:64)
         [7] select_tab (res://modules/shell/shell.gd:183)
         [8] <anonymous lambda> (res://modules/shell/shell.gd:95)
         [9] <anonymous lambda> (res://modules/tab_strip/tab_strip.gd:528)
WARNING: res://modules/shell/prototype/gallery_walk4/baked/room.tscn:41 - ext_resource, invalid UID: uid://c6xt83oaphxx5 - using text path instead: res://modules/shell/prototype/gallery_walk4/frames/E7.png
     at: load (scene/resources/resource_format_text.cpp:501)
     GDScript backtrace (most recent call first):
         [0] _set_lighting (res://modules/shell/prototype/gallery_walk4/walk4.gd:929)
         [1] _build_view_controls (res://modules/shell/prototype/gallery_walk4/walk4.gd:835)
         [2] _ready (res://modules/shell/prototype/gallery_walk4/walk4.gd:118)
         [3] _create_tenant (res://modules/shell/shell.gd:172)
         [4] _on_tab_selected (res://modules/shell/shell.gd:117)
         [5] select_tab (res://modules/tab_strip/tab_strip.gd:556)
         [6] select_tab (res://modules/tab_strip/interface.gd:64)
         [7] select_tab (res://modules/shell/shell.gd:183)
         [8] <anonymous lambda> (res://modules/shell/shell.gd:95)
         [9] <anonymous lambda> (res://modules/tab_strip/tab_strip.gd:528)
WARNING: res://modules/shell/prototype/gallery_walk4/baked/room.tscn:43 - ext_resource, invalid UID: uid://3t874ihhjdsk - using text path instead: res://modules/shell/prototype/gallery_walk4/frames/E8.png
     at: load (scene/resources/resource_format_text.cpp:501)
     GDScript backtrace (most recent call first):
         [0] _set_lighting (res://modules/shell/prototype/gallery_walk4/walk4.gd:929)
         [1] _build_view_controls (res://modules/shell/prototype/gallery_walk4/walk4.gd:835)
         [2] _ready (res://modules/shell/prototype/gallery_walk4/walk4.gd:118)
         [3] _create_tenant (res://modules/shell/shell.gd:172)
         [4] _on_tab_selected (res://modules/shell/shell.gd:117)
         [5] select_tab (res://modules/tab_strip/tab_strip.gd:556)
         [6] select_tab (res://modules/tab_strip/interface.gd:64)
         [7] select_tab (res://modules/shell/shell.gd:183)
         [8] <anonymous lambda> (res://modules/shell/shell.gd:95)
         [9] <anonymous lambda> (res://modules/tab_strip/tab_strip.gd:528)
WARNING: res://modules/shell/prototype/gallery_walk4/baked/room.tscn:45 - ext_resource, invalid UID: uid://bv1nxq4g6k2ef - using text path instead: res://modules/shell/prototype/gallery_walk4/frames/E9.png
     at: load (scene/resources/resource_format_text.cpp:501)
     GDScript backtrace (most recent call first):
         [0] _set_lighting (res://modules/shell/prototype/gallery_walk4/walk4.gd:929)
         [1] _build_view_controls (res://modules/shell/prototype/gallery_walk4/walk4.gd:835)
         [2] _ready (res://modules/shell/prototype/gallery_walk4/walk4.gd:118)
         [3] _create_tenant (res://modules/shell/shell.gd:172)
         [4] _on_tab_selected (res://modules/shell/shell.gd:117)
         [5] select_tab (res://modules/tab_strip/tab_strip.gd:556)
         [6] select_tab (res://modules/tab_strip/interface.gd:64)
         [7] select_tab (res://modules/shell/shell.gd:183)
         [8] <anonymous lambda> (res://modules/shell/shell.gd:95)
         [9] <anonymous lambda> (res://modules/tab_strip/tab_strip.gd:528)
WARNING: res://modules/shell/prototype/gallery_walk4/baked/room.tscn:47 - ext_resource, invalid UID: uid://dtpyehhkeik0v - using text path instead: res://modules/shell/prototype/gallery_walk4/frames/S1.png
     at: load (scene/resources/resource_format_text.cpp:501)
     GDScript backtrace (most recent call first):
         [0] _set_lighting (res://modules/shell/prototype/gallery_walk4/walk4.gd:929)
         [1] _build_view_controls (res://modules/shell/prototype/gallery_walk4/walk4.gd:835)
         [2] _ready (res://modules/shell/prototype/gallery_walk4/walk4.gd:118)
         [3] _create_tenant (res://modules/shell/shell.gd:172)
         [4] _on_tab_selected (res://modules/shell/shell.gd:117)
         [5] select_tab (res://modules/tab_strip/tab_strip.gd:556)
         [6] select_tab (res://modules/tab_strip/interface.gd:64)
         [7] select_tab (res://modules/shell/shell.gd:183)
         [8] <anonymous lambda> (res://modules/shell/shell.gd:95)
         [9] <anonymous lambda> (res://modules/tab_strip/tab_strip.gd:528)
WARNING: res://modules/shell/prototype/gallery_walk4/baked/room.tscn:49 - ext_resource, invalid UID: uid://2kfufsapwudp - using text path instead: res://modules/shell/prototype/gallery_walk4/frames/S2.png
     at: load (scene/resources/resource_format_text.cpp:501)
     GDScript backtrace (most recent call first):
         [0] _set_lighting (res://modules/shell/prototype/gallery_walk4/walk4.gd:929)
         [1] _build_view_controls (res://modules/shell/prototype/gallery_walk4/walk4.gd:835)
         [2] _ready (res://modules/shell/prototype/gallery_walk4/walk4.gd:118)
         [3] _create_tenant (res://modules/shell/shell.gd:172)
         [4] _on_tab_selected (res://modules/shell/shell.gd:117)
         [5] select_tab (res://modules/tab_strip/tab_strip.gd:556)
         [6] select_tab (res://modules/tab_strip/interface.gd:64)
         [7] select_tab (res://modules/shell/shell.gd:183)
         [8] <anonymous lambda> (res://modules/shell/shell.gd:95)
         [9] <anonymous lambda> (res://modules/tab_strip/tab_strip.gd:528)
WARNING: res://modules/shell/prototype/gallery_walk4/baked/room.tscn:51 - ext_resource, invalid UID: uid://de70xncgshsav - using text path instead: res://modules/shell/prototype/gallery_walk4/frames/N1.png
     at: load (scene/resources/resource_format_text.cpp:501)
     GDScript backtrace (most recent call first):
         [0] _set_lighting (res://modules/shell/prototype/gallery_walk4/walk4.gd:929)
         [1] _build_view_controls (res://modules/shell/prototype/gallery_walk4/walk4.gd:835)
         [2] _ready (res://modules/shell/prototype/gallery_walk4/walk4.gd:118)
         [3] _create_tenant (res://modules/shell/shell.gd:172)
         [4] _on_tab_selected (res://modules/shell/shell.gd:117)
         [5] select_tab (res://modules/tab_strip/tab_strip.gd:556)
         [6] select_tab (res://modules/tab_strip/interface.gd:64)
         [7] select_tab (res://modules/shell/shell.gd:183)
         [8] <anonymous lambda> (res://modules/shell/shell.gd:95)
         [9] <anonymous lambda> (res://modules/tab_strip/tab_strip.gd:528)
WARNING: res://modules/shell/prototype/gallery_walk4/baked/room.tscn:53 - ext_resource, invalid UID: uid://0c23sp5r31or - using text path instead: res://modules/shell/prototype/gallery_walk4/frames/N2.png
     at: load (scene/resources/resource_format_text.cpp:501)
     GDScript backtrace (most recent call first):
         [0] _set_lighting (res://modules/shell/prototype/gallery_walk4/walk4.gd:929)
         [1] _build_view_controls (res://modules/shell/prototype/gallery_walk4/walk4.gd:835)
         [2] _ready (res://modules/shell/prototype/gallery_walk4/walk4.gd:118)
         [3] _create_tenant (res://modules/shell/shell.gd:172)
         [4] _on_tab_selected (res://modules/shell/shell.gd:117)
         [5] select_tab (res://modules/tab_strip/tab_strip.gd:556)
         [6] select_tab (res://modules/tab_strip/interface.gd:64)
         [7] select_tab (res://modules/shell/shell.gd:183)
         [8] <anonymous lambda> (res://modules/shell/shell.gd:95)
         [9] <anonymous lambda> (res://modules/tab_strip/tab_strip.gd:528)
WARNING: 6 ObjectDB instances were leaked at exit (run with `--verbose` for details).
   at: cleanup (core/object/object.cpp:2536)
checks passed
