Godot Engine v4.7.2.stable.official.ed1daf0bf - https://godotengine.org
WARNING: Your video card drivers seem not to support the required OpenGL version, switching to OpenGLES.
     at: DisplayServerX11 (platform/linuxbsd/x11/display_server_x11.cpp:7201)
OpenGL API OpenGL ES 3.1 Mesa 25.2.8-0ubuntu0.24.04.2 - Compatibility - Using Device: Microsoft - D3D12 (NVIDIA GeForce RTX 4070 SUPER)

REST bounds=0.18734590709209..17.0174369812012 soles=194
CLIP Idle length=1.06666672229767
CLIP Walking_A length=1.06666672229767
CLIP Interact length=1.29999995231628
ENTRY_COMPLETE (0.0, 0.0, -2.569998)
NAV_SPACE gallery -> arch
NAV_SPACE arch -> gallery
NAV_ROUNDTRIP arch passed
NAV_SPACE gallery -> far
NAV_SPACE far -> gallery
NAV_ROUNDTRIP far passed
NAV_SPACE gallery -> arch
NAV_SPACE arch -> gallery
NAV_KEY_ROUNDTRIP arch passed
NAV_SPACE gallery -> far
NAV_SPACE far -> gallery
NAV_KEY_ROUNDTRIP far passed
NAV_PICK floor
NAV_SPACE gallery -> arch
NAV_PICK floor
NAV_SPACE arch -> gallery
NAV_CLICK_ROUNDTRIP arch passed
NAV_PICK floor
NAV_SPACE gallery -> far
NAV_PICK floor
NAV_SPACE far -> gallery
NAV_CLICK_ROUNDTRIP far passed
VIEW_ORBIT {"position":[-2.59999990463257,-12.0],"space":"gallery","yaw":2.4699756330259}
VIEW_ORBIT {"position":[-2.59999990463257,-12.0],"space":"gallery","yaw":2.07178781644324}
VIEW_ORBIT {"position":[-2.59999990463257,-12.0],"space":"gallery","yaw":2.16997337231589}
NAV_PICK floor
NAV_INPUT drag/easing/pan/wheel/click/cancel passed; paintings=23
NAV_FAILURES 0
