Godot Engine v4.7.2.stable.official.ed1daf0bf - https://godotengine.org
WARNING: Your video card drivers seem not to support the required OpenGL version, switching to OpenGLES.
     at: DisplayServerX11 (platform/linuxbsd/x11/display_server_x11.cpp:7201)
OpenGL API OpenGL ES 3.2 Mesa 25.2.8-0ubuntu0.24.04.2 - Compatibility - Using Device: Mesa - llvmpipe (LLVM 20.1.2, 256 bits)

DOORWAY_PROTOTYPE view=0
DOORWAY_PROTOTYPE view=11
PORTAL_CAPTURE /mnt/c/Temp/risd-owner5-native/1600-view-11.png
DOORWAY_PROTOTYPE view=12
PORTAL_CAPTURE /mnt/c/Temp/risd-owner5-native/1600-view-12.png
DOORWAY_PROTOTYPE view=13
PORTAL_CAPTURE /mnt/c/Temp/risd-owner5-native/1600-view-13.png
DOORWAY_PROTOTYPE view=14
PORTAL_CAPTURE /mnt/c/Temp/risd-owner5-native/1600-view-14.png
DOORWAY_PROTOTYPE view=15
PORTAL_CAPTURE /mnt/c/Temp/risd-owner5-native/1600-view-15.png
DOORWAY_PROTOTYPE view=11
PORTAL_CAPTURE /mnt/c/Temp/risd-owner5-native/720-view-11.png
DOORWAY_PROTOTYPE view=12
PORTAL_CAPTURE /mnt/c/Temp/risd-owner5-native/720-view-12.png
DOORWAY_PROTOTYPE view=13
PORTAL_CAPTURE /mnt/c/Temp/risd-owner5-native/720-view-13.png
DOORWAY_PROTOTYPE view=14
PORTAL_CAPTURE /mnt/c/Temp/risd-owner5-native/720-view-14.png
DOORWAY_PROTOTYPE view=15
PORTAL_CAPTURE /mnt/c/Temp/risd-owner5-native/720-view-15.png
