Godot Engine v4.7.2.stable.official.ed1daf0bf - https://godotengine.org
WARNING: Your video card drivers seem not to support the required OpenGL version, switching to OpenGLES.
     at: DisplayServerX11 (platform/linuxbsd/x11/display_server_x11.cpp:7201)
OpenGL API OpenGL ES 3.2 Mesa 25.2.8-0ubuntu0.24.04.2 - Compatibility - Using Device: Mesa - llvmpipe (LLVM 20.1.2, 256 bits)

REST bounds=0.18734590709209..17.0174369812012 soles=194
CLIP Idle length=1.06666672229767
CLIP Walking_A length=1.06666672229767
CLIP Interact length=1.29999995231628
BAKE_PREPARE surfaces=139 result=0
Traceback (most recent call last):
  File "/home/reidsurmeier/orca/workspaces/risd-godot/integrate-square-164/modules/shell/prototype/gallery_walk4/bake/run.py", line 23, in <module>
    result = subprocess.run(['godot', '--editor', '--path', str(root), '--rendering-method', 'mobile', '--max-fps', '10'],
             ^^^^^^^^^^^^^^^^^^^^^^^^^^^^^^^^^^^^^^^^^^^^^^^^^^^^^^^^^^^^^^^^^^^^^^^^^^^^^^^^^^^^^^^^^^^^^^^^^^^^^^^^^^^^^
  File "/usr/lib/python3.12/subprocess.py", line 550, in run
    stdout, stderr = process.communicate(input, timeout=timeout)
                     ^^^^^^^^^^^^^^^^^^^^^^^^^^^^^^^^^^^^^^^^^^^
  File "/usr/lib/python3.12/subprocess.py", line 1209, in communicate
    stdout, stderr = self._communicate(input, endtime, timeout)
                     ^^^^^^^^^^^^^^^^^^^^^^^^^^^^^^^^^^^^^^^^^^
  File "/usr/lib/python3.12/subprocess.py", line 2116, in _communicate
    self._check_timeout(endtime, orig_timeout, stdout, stderr)
  File "/usr/lib/python3.12/subprocess.py", line 1253, in _check_timeout
    raise TimeoutExpired(
subprocess.TimeoutExpired: Command '['godot', '--editor', '--path', '/home/reidsurmeier/orca/workspaces/risd-godot/integrate-square-164', '--rendering-method', 'mobile', '--max-fps', '10']' timed out after 600 seconds
