Godot Engine v4.7.2.stable.official.ed1daf0bf - https://godotengine.org
WARNING: Your video card drivers seem not to support the required OpenGL version, switching to OpenGLES.
     at: DisplayServerX11 (platform/linuxbsd/x11/display_server_x11.cpp:7201)
OpenGL API OpenGL ES 3.2 Mesa 25.2.8-0ubuntu0.24.04.2 - Compatibility - Using Device: Mesa - llvmpipe (LLVM 20.1.2, 256 bits)

WARNING: 'res://modules/shell/prototype/gallery_walk4/visitor159/inputs/character.glb': In external resource #0, invalid UID: 'uid://bc3oa2klh02co' - using text path instead: 'res://modules/shell/prototype/gallery_walk4/visitor159/inputs/character_risd-163-hair36-source-tinted.png'.
     at: open (core/io/resource_format_binary.cpp:1025)
     GDScript backtrace (most recent call first):
         [0] _ready (res://modules/shell/prototype/gallery_walk4/visitor159/visitor.gd:183)
         [1] _build_kid (res://modules/shell/prototype/gallery_walk4/walk4.gd:1724)
         [2] _ready (res://modules/shell/prototype/gallery_walk4/walk4.gd:118)
         [3] _prepare (res://modules/shell/prototype/gallery_walk4/bake/prepare.gd:11)
WARNING: 'res://modules/shell/prototype/gallery_walk4/visitor159/inputs/character.glb': In external resource #1, invalid UID: 'uid://cq2iinyfr7qjr' - using text path instead: 'res://modules/shell/prototype/gallery_walk4/visitor159/inputs/character_risd-163-eye-baked.png'.
     at: open (core/io/resource_format_binary.cpp:1025)
     GDScript backtrace (most recent call first):
         [0] _ready (res://modules/shell/prototype/gallery_walk4/visitor159/visitor.gd:183)
         [1] _build_kid (res://modules/shell/prototype/gallery_walk4/walk4.gd:1724)
         [2] _ready (res://modules/shell/prototype/gallery_walk4/walk4.gd:118)
         [3] _prepare (res://modules/shell/prototype/gallery_walk4/bake/prepare.gd:11)
WARNING: 'res://modules/shell/prototype/gallery_walk4/visitor159/inputs/character.glb': In external resource #2, invalid UID: 'uid://b3ulaeir8bu8d' - using text path instead: 'res://modules/shell/prototype/gallery_walk4/visitor159/inputs/character_risd-163-mouth-baked.png'.
     at: open (core/io/resource_format_binary.cpp:1025)
     GDScript backtrace (most recent call first):
         [0] _ready (res://modules/shell/prototype/gallery_walk4/visitor159/visitor.gd:183)
         [1] _build_kid (res://modules/shell/prototype/gallery_walk4/walk4.gd:1724)
         [2] _ready (res://modules/shell/prototype/gallery_walk4/walk4.gd:118)
         [3] _prepare (res://modules/shell/prototype/gallery_walk4/bake/prepare.gd:11)
WARNING: 'res://modules/shell/prototype/gallery_walk4/visitor159/inputs/character.glb': In external resource #3, invalid UID: 'uid://j3flyxcosy4s' - using text path instead: 'res://modules/shell/prototype/gallery_walk4/visitor159/inputs/character_risd-163-shirt-baked.png'.
     at: open (core/io/resource_format_binary.cpp:1025)
     GDScript backtrace (most recent call first):
         [0] _ready (res://modules/shell/prototype/gallery_walk4/visitor159/visitor.gd:183)
         [1] _build_kid (res://modules/shell/prototype/gallery_walk4/walk4.gd:1724)
         [2] _ready (res://modules/shell/prototype/gallery_walk4/walk4.gd:118)
         [3] _prepare (res://modules/shell/prototype/gallery_walk4/bake/prepare.gd:11)
REST bounds=0.18734590709209..17.0174369812012 soles=194
WARNING: 'res://modules/shell/prototype/gallery_walk4/visitor159/inputs/donor.glb': In external resource #0, invalid UID: 'uid://dibdsg1yhqgng' - using text path instead: 'res://modules/shell/prototype/gallery_walk4/visitor159/inputs/donor_rogue_texture.png'.
     at: open (core/io/resource_format_binary.cpp:1025)
     GDScript backtrace (most recent call first):
         [0] _ready (res://modules/shell/prototype/gallery_walk4/visitor159/visitor.gd:223)
         [1] _build_kid (res://modules/shell/prototype/gallery_walk4/walk4.gd:1724)
         [2] _ready (res://modules/shell/prototype/gallery_walk4/walk4.gd:118)
         [3] _prepare (res://modules/shell/prototype/gallery_walk4/bake/prepare.gd:11)
CLIP Idle length=1.06666672229767
CLIP Walking_A length=1.06666672229767
CLIP Interact length=1.29999995231628
WARNING: 'res://modules/shell/prototype/gallery_walk4/baked/room.lmbake': In external resource #0, invalid UID: 'uid://hscau4kwcxcf' - using text path instead: 'res://modules/shell/prototype/gallery_walk4/baked/room.exr'.
     at: open (core/io/resource_format_binary.cpp:1025)
     GDScript backtrace (most recent call first):
         [0] _set_lighting (res://modules/shell/prototype/gallery_walk4/walk4.gd:1575)
         [1] _build_view_controls (res://modules/shell/prototype/gallery_walk4/walk4.gd:1477)
         [2] _ready (res://modules/shell/prototype/gallery_walk4/walk4.gd:125)
         [3] _prepare (res://modules/shell/prototype/gallery_walk4/bake/prepare.gd:11)
WARNING: 'res://modules/shell/prototype/gallery_walk4/baked/white.lmbake': In external resource #0, invalid UID: 'uid://cyrw0oqg7crgt' - using text path instead: 'res://modules/shell/prototype/gallery_walk4/baked/white.exr'.
     at: open (core/io/resource_format_binary.cpp:1025)
     GDScript backtrace (most recent call first):
         [0] _set_lighting (res://modules/shell/prototype/gallery_walk4/walk4.gd:1596)
         [1] _build_view_controls (res://modules/shell/prototype/gallery_walk4/walk4.gd:1477)
         [2] _ready (res://modules/shell/prototype/gallery_walk4/walk4.gd:125)
         [3] _prepare (res://modules/shell/prototype/gallery_walk4/bake/prepare.gd:11)
BAKE_PREPARE surfaces=139 result=0
Godot Engine v4.7.2.stable.official.ed1daf0bf - https://godotengine.org
Xlib:  extension "GLX" missing on display ":99".
Xlib:  extension "GLX" missing on display ":99".
Xlib:  extension "GLX" missing on display ":99".
Xlib:  extension "GLX" missing on display ":99".
Xlib:  extension "GLX" missing on display ":99".
Xlib:  extension "GLX" missing on display ":99".
Xlib:  extension "GLX" missing on display ":99".
Xlib:  extension "GLX" missing on display ":99".
Xlib:  extension "GLX" missing on display ":99".
Xlib:  extension "GLX" missing on display ":99".
Xlib:  extension "GLX" missing on display ":99".
Xlib:  extension "GLX" missing on display ":99".
Xlib:  extension "GLX" missing on display ":99".
Xlib:  extension "GLX" missing on display ":99".
Xlib:  extension "GLX" missing on display ":99".
Xlib:  extension "GLX" missing on display ":99".
Vulkan 1.4.318 - Forward Mobile - Using Device #0: Unknown - llvmpipe (LLVM 20.1.2, 256 bits)

WARNING: UID duplicate detected between res://build/collection-d34af203/media/1008943970.ogv and res://build/architecture-4779e528/media/1008943970.ogv.
     at: _process_file_system (editor/file_system/editor_file_system.cpp:1405)
WARNING: UID duplicate detected between res://build/collection-d34af203/media/1009870521.ogv and res://build/architecture-4779e528/media/1009870521.ogv.
     at: _process_file_system (editor/file_system/editor_file_system.cpp:1405)
WARNING: UID duplicate detected between res://build/collection-d34af203/media/1014865523.ogv and res://build/architecture-4779e528/media/1014865523.ogv.
     at: _process_file_system (editor/file_system/editor_file_system.cpp:1405)
WARNING: UID duplicate detected between res://build/collection-d34af203/media/1187745268.ogv and res://build/architecture-4779e528/media/1187745268.ogv.
     at: _process_file_system (editor/file_system/editor_file_system.cpp:1405)
WARNING: UID duplicate detected between res://build/collection-d34af203/media/1191767929.ogv and res://build/architecture-4779e528/media/1191767929.ogv.
     at: _process_file_system (editor/file_system/editor_file_system.cpp:1405)
WARNING: UID duplicate detected between res://build/floor-05fd1a28/media/1008943970.ogv and res://build/collection-d34af203/media/1008943970.ogv.
     at: _process_file_system (editor/file_system/editor_file_system.cpp:1405)
WARNING: UID duplicate detected between res://build/floor-05fd1a28/media/1009870521.ogv and res://build/collection-d34af203/media/1009870521.ogv.
     at: _process_file_system (editor/file_system/editor_file_system.cpp:1405)
WARNING: UID duplicate detected between res://build/floor-05fd1a28/media/1014865523.ogv and res://build/collection-d34af203/media/1014865523.ogv.
     at: _process_file_system (editor/file_system/editor_file_system.cpp:1405)
WARNING: UID duplicate detected between res://build/floor-05fd1a28/media/1187745268.ogv and res://build/collection-d34af203/media/1187745268.ogv.
     at: _process_file_system (editor/file_system/editor_file_system.cpp:1405)
WARNING: UID duplicate detected between res://build/floor-05fd1a28/media/1191767929.ogv and res://build/collection-d34af203/media/1191767929.ogv.
     at: _process_file_system (editor/file_system/editor_file_system.cpp:1405)
WARNING: UID duplicate detected between res://build/playground-8c4753f8/media/1008943970.ogv and res://build/floor-05fd1a28/media/1008943970.ogv.
     at: _process_file_system (editor/file_system/editor_file_system.cpp:1405)
WARNING: UID duplicate detected between res://build/playground-8c4753f8/media/1009870521.ogv and res://build/floor-05fd1a28/media/1009870521.ogv.
     at: _process_file_system (editor/file_system/editor_file_system.cpp:1405)
WARNING: UID duplicate detected between res://build/playground-8c4753f8/media/1014865523.ogv and res://build/floor-05fd1a28/media/1014865523.ogv.
     at: _process_file_system (editor/file_system/editor_file_system.cpp:1405)
WARNING: UID duplicate detected between res://build/playground-8c4753f8/media/1187745268.ogv and res://build/floor-05fd1a28/media/1187745268.ogv.
     at: _process_file_system (editor/file_system/editor_file_system.cpp:1405)
WARNING: UID duplicate detected between res://build/playground-8c4753f8/media/1191767929.ogv and res://build/floor-05fd1a28/media/1191767929.ogv.
     at: _process_file_system (editor/file_system/editor_file_system.cpp:1405)
WARNING: UID duplicate detected between res://build/playground-16cd1090/media/1008943970.ogv and res://build/playground-8c4753f8/media/1008943970.ogv.
     at: _process_file_system (editor/file_system/editor_file_system.cpp:1405)
WARNING: UID duplicate detected between res://build/playground-16cd1090/media/1009870521.ogv and res://build/playground-8c4753f8/media/1009870521.ogv.
     at: _process_file_system (editor/file_system/editor_file_system.cpp:1405)
WARNING: UID duplicate detected between res://build/playground-16cd1090/media/1014865523.ogv and res://build/playground-8c4753f8/media/1014865523.ogv.
     at: _process_file_system (editor/file_system/editor_file_system.cpp:1405)
WARNING: UID duplicate detected between res://build/playground-16cd1090/media/1187745268.ogv and res://build/playground-8c4753f8/media/1187745268.ogv.
     at: _process_file_system (editor/file_system/editor_file_system.cpp:1405)
WARNING: UID duplicate detected between res://build/playground-16cd1090/media/1191767929.ogv and res://build/playground-8c4753f8/media/1191767929.ogv.
     at: _process_file_system (editor/file_system/editor_file_system.cpp:1405)
WARNING: UID duplicate detected between res://build/surfaces-2faf81e2/media/1008943970.ogv and res://build/playground-16cd1090/media/1008943970.ogv.
     at: _process_file_system (editor/file_system/editor_file_system.cpp:1405)
WARNING: UID duplicate detected between res://build/surfaces-2faf81e2/media/1009870521.ogv and res://build/playground-16cd1090/media/1009870521.ogv.
     at: _process_file_system (editor/file_system/editor_file_system.cpp:1405)
WARNING: UID duplicate detected between res://build/surfaces-2faf81e2/media/1014865523.ogv and res://build/playground-16cd1090/media/1014865523.ogv.
     at: _process_file_system (editor/file_system/editor_file_system.cpp:1405)
WARNING: UID duplicate detected between res://build/surfaces-2faf81e2/media/1187745268.ogv and res://build/playground-16cd1090/media/1187745268.ogv.
     at: _process_file_system (editor/file_system/editor_file_system.cpp:1405)
WARNING: UID duplicate detected between res://build/surfaces-2faf81e2/media/1191767929.ogv and res://build/playground-16cd1090/media/1191767929.ogv.
     at: _process_file_system (editor/file_system/editor_file_system.cpp:1405)
WARNING: UID duplicate detected between res://build/viewer-restored-157/media/1008943970.ogv and res://build/surfaces-2faf81e2/media/1008943970.ogv.
     at: _process_file_system (editor/file_system/editor_file_system.cpp:1405)
WARNING: UID duplicate detected between res://build/viewer-restored-157/media/1009870521.ogv and res://build/surfaces-2faf81e2/media/1009870521.ogv.
     at: _process_file_system (editor/file_system/editor_file_system.cpp:1405)
WARNING: UID duplicate detected between res://build/viewer-restored-157/media/1014865523.ogv and res://build/surfaces-2faf81e2/media/1014865523.ogv.
     at: _process_file_system (editor/file_system/editor_file_system.cpp:1405)
WARNING: UID duplicate detected between res://build/viewer-restored-157/media/1187745268.ogv and res://build/surfaces-2faf81e2/media/1187745268.ogv.
     at: _process_file_system (editor/file_system/editor_file_system.cpp:1405)
WARNING: UID duplicate detected between res://build/viewer-restored-157/media/1191767929.ogv and res://build/surfaces-2faf81e2/media/1191767929.ogv.
     at: _process_file_system (editor/file_system/editor_file_system.cpp:1405)
WARNING: UID duplicate detected between res://build/world-c614b5ed/media/1008943970.ogv and res://build/viewer-restored-157/media/1008943970.ogv.
     at: _process_file_system (editor/file_system/editor_file_system.cpp:1405)
WARNING: UID duplicate detected between res://build/world-c614b5ed/media/1009870521.ogv and res://build/viewer-restored-157/media/1009870521.ogv.
     at: _process_file_system (editor/file_system/editor_file_system.cpp:1405)
WARNING: UID duplicate detected between res://build/world-c614b5ed/media/1014865523.ogv and res://build/viewer-restored-157/media/1014865523.ogv.
     at: _process_file_system (editor/file_system/editor_file_system.cpp:1405)
WARNING: UID duplicate detected between res://build/world-c614b5ed/media/1187745268.ogv and res://build/viewer-restored-157/media/1187745268.ogv.
     at: _process_file_system (editor/file_system/editor_file_system.cpp:1405)
WARNING: UID duplicate detected between res://build/world-c614b5ed/media/1191767929.ogv and res://build/viewer-restored-157/media/1191767929.ogv.
     at: _process_file_system (editor/file_system/editor_file_system.cpp:1405)
WARNING: UID duplicate detected between res://modules/video_player/media/1008943970.ogv and res://build/world-c614b5ed/media/1008943970.ogv.
     at: _process_file_system (editor/file_system/editor_file_system.cpp:1405)
WARNING: UID duplicate detected between res://modules/video_player/media/1009870521.ogv and res://build/world-c614b5ed/media/1009870521.ogv.
     at: _process_file_system (editor/file_system/editor_file_system.cpp:1405)
WARNING: UID duplicate detected between res://modules/video_player/media/1014865523.ogv and res://build/world-c614b5ed/media/1014865523.ogv.
     at: _process_file_system (editor/file_system/editor_file_system.cpp:1405)
WARNING: UID duplicate detected between res://modules/video_player/media/1187745268.ogv and res://build/world-c614b5ed/media/1187745268.ogv.
     at: _process_file_system (editor/file_system/editor_file_system.cpp:1405)
WARNING: UID duplicate detected between res://modules/video_player/media/1191767929.ogv and res://build/world-c614b5ed/media/1191767929.ogv.
     at: _process_file_system (editor/file_system/editor_file_system.cpp:1405)
BAKE_STARTED scene=res://modules/shell/prototype/gallery_walk4/baked/room.tscn
Done baking lightmaps in 00:00:00.00.
ERROR: Failed decoding WebP image.
   at: _webp_unpack (modules/webp/webp_common.cpp:147)
ERROR: Condition "img.is_null() || img->is_empty()" is true. Returning: Ref<Image>()
   at: load_image_from_file (scene/resources/compressed_texture.cpp:343)
ERROR: Failed loading resource: res://.godot/imported/art.png-2bc6ce94b0ad4849db8fe05fa0dceafe.ctex.
   at: _load (core/io/resource_loader.cpp:317)
ERROR: Failed loading resource: res://docs/evidence/world-176/integrated/details/art.png.
   at: _load (core/io/resource_loader.cpp:317)
ERROR: Failed decoding WebP image.
   at: _webp_unpack (modules/webp/webp_common.cpp:147)
ERROR: Condition "img.is_null() || img->is_empty()" is true. Returning: Ref<Image>()
   at: load_image_from_file (scene/resources/compressed_texture.cpp:343)
ERROR: Failed loading resource: res://.godot/imported/floor.png-ef3d4ea7d048a50edfe8fe1fa7900559.ctex.
   at: _load (core/io/resource_loader.cpp:317)
ERROR: Failed loading resource: res://docs/evidence/world-176/integrated/details/floor.png.
   at: _load (core/io/resource_loader.cpp:317)
ERROR: Failed decoding WebP image.
   at: _webp_unpack (modules/webp/webp_common.cpp:147)
ERROR: Condition "img.is_null() || img->is_empty()" is true. Returning: Ref<Image>()
   at: load_image_from_file (scene/resources/compressed_texture.cpp:343)
ERROR: Failed loading resource: res://.godot/imported/wall.png-e2b39cd2654c59fca3082f748b1a17c0.ctex.
   at: _load (core/io/resource_loader.cpp:317)
ERROR: Failed loading resource: res://docs/evidence/world-176/integrated/details/wall.png.
   at: _load (core/io/resource_loader.cpp:317)
ERROR: Compressed texture file is corrupt (Bad header).
   at: _load_data (scene/resources/compressed_texture.cpp:50)
ERROR: Failed loading resource: res://.godot/imported/1080x1080.png-3321d04b203b07ea85dd42d7b052ef98.ctex.
   at: _load (core/io/resource_loader.cpp:317)
ERROR: Failed loading resource: res://docs/evidence/world-176/integrated/matrix/1080x1080.png.
   at: _load (core/io/resource_loader.cpp:317)
ERROR: Failed decoding WebP image.
   at: _webp_unpack (modules/webp/webp_common.cpp:147)
ERROR: Condition "img.is_null() || img->is_empty()" is true. Returning: Ref<Image>()
   at: load_image_from_file (scene/resources/compressed_texture.cpp:343)
ERROR: Failed loading resource: res://.godot/imported/1080x1920.png-b8a9f47171bd12db33f79487f3b852af.ctex.
   at: _load (core/io/resource_loader.cpp:317)
ERROR: Failed loading resource: res://docs/evidence/world-176/integrated/matrix/1080x1920.png.
   at: _load (core/io/resource_loader.cpp:317)
ERROR: Failed decoding WebP image.
   at: _webp_unpack (modules/webp/webp_common.cpp:147)
ERROR: Condition "img.is_null() || img->is_empty()" is true. Returning: Ref<Image>()
   at: load_image_from_file (scene/resources/compressed_texture.cpp:343)
ERROR: Failed loading resource: res://.godot/imported/1920x1080.png-7bcc17c575988a9ea8d885ad552c1845.ctex.
   at: _load (core/io/resource_loader.cpp:317)
ERROR: Failed loading resource: res://docs/evidence/world-176/integrated/matrix/1920x1080.png.
   at: _load (core/io/resource_loader.cpp:317)
Done baking lightmaps in 00:05:33.80.
ERROR: Condition "p_I->data != this" is true. Returning: false
   at: erase (./core/templates/list.h:228)
BAKE_OK users=137
ERROR: Can't use get_node() with absolute paths from outside the active scene tree.
   at: get_node_or_null (scene/main/node.cpp:1910)
