Godot Engine v4.7.2.stable.official.ed1daf0bf - https://godotengine.org

WARNING: 'res://modules/shell/prototype/gallery_walk4/visitor159/inputs/character.glb': In external resource #0, invalid UID: 'uid://bc3oa2klh02co' - using text path instead: 'res://modules/shell/prototype/gallery_walk4/visitor159/inputs/character_risd-163-hair36-source-tinted.png'.
     at: open (core/io/resource_format_binary.cpp:1025)
     GDScript backtrace (most recent call first):
         [0] _ready (res://modules/shell/prototype/gallery_walk4/visitor159/visitor.gd:183)
         [1] _build_kid (res://modules/shell/prototype/gallery_walk4/walk4.gd:1724)
         [2] _ready (res://modules/shell/prototype/gallery_walk4/walk4.gd:118)
         [3] _create_tenant (res://modules/shell/shell.gd:172)
         [4] _on_tab_selected (res://modules/shell/shell.gd:117)
         [5] select_tab (res://modules/tab_strip/tab_strip.gd:556)
         [6] select_tab (res://modules/tab_strip/interface.gd:64)
         [7] select_tab (res://modules/shell/shell.gd:184)
         [8] <anonymous lambda> (res://modules/shell/shell.gd:95)
         [9] <anonymous lambda> (res://modules/tab_strip/tab_strip.gd:528)
WARNING: 'res://modules/shell/prototype/gallery_walk4/visitor159/inputs/character.glb': In external resource #1, invalid UID: 'uid://cq2iinyfr7qjr' - using text path instead: 'res://modules/shell/prototype/gallery_walk4/visitor159/inputs/character_risd-163-eye-baked.png'.
     at: open (core/io/resource_format_binary.cpp:1025)
     GDScript backtrace (most recent call first):
         [0] _ready (res://modules/shell/prototype/gallery_walk4/visitor159/visitor.gd:183)
         [1] _build_kid (res://modules/shell/prototype/gallery_walk4/walk4.gd:1724)
         [2] _ready (res://modules/shell/prototype/gallery_walk4/walk4.gd:118)
         [3] _create_tenant (res://modules/shell/shell.gd:172)
         [4] _on_tab_selected (res://modules/shell/shell.gd:117)
         [5] select_tab (res://modules/tab_strip/tab_strip.gd:556)
         [6] select_tab (res://modules/tab_strip/interface.gd:64)
         [7] select_tab (res://modules/shell/shell.gd:184)
         [8] <anonymous lambda> (res://modules/shell/shell.gd:95)
         [9] <anonymous lambda> (res://modules/tab_strip/tab_strip.gd:528)
WARNING: 'res://modules/shell/prototype/gallery_walk4/visitor159/inputs/character.glb': In external resource #2, invalid UID: 'uid://b3ulaeir8bu8d' - using text path instead: 'res://modules/shell/prototype/gallery_walk4/visitor159/inputs/character_risd-163-mouth-baked.png'.
     at: open (core/io/resource_format_binary.cpp:1025)
     GDScript backtrace (most recent call first):
         [0] _ready (res://modules/shell/prototype/gallery_walk4/visitor159/visitor.gd:183)
         [1] _build_kid (res://modules/shell/prototype/gallery_walk4/walk4.gd:1724)
         [2] _ready (res://modules/shell/prototype/gallery_walk4/walk4.gd:118)
         [3] _create_tenant (res://modules/shell/shell.gd:172)
         [4] _on_tab_selected (res://modules/shell/shell.gd:117)
         [5] select_tab (res://modules/tab_strip/tab_strip.gd:556)
         [6] select_tab (res://modules/tab_strip/interface.gd:64)
         [7] select_tab (res://modules/shell/shell.gd:184)
         [8] <anonymous lambda> (res://modules/shell/shell.gd:95)
         [9] <anonymous lambda> (res://modules/tab_strip/tab_strip.gd:528)
WARNING: 'res://modules/shell/prototype/gallery_walk4/visitor159/inputs/character.glb': In external resource #3, invalid UID: 'uid://j3flyxcosy4s' - using text path instead: 'res://modules/shell/prototype/gallery_walk4/visitor159/inputs/character_risd-163-shirt-baked.png'.
     at: open (core/io/resource_format_binary.cpp:1025)
     GDScript backtrace (most recent call first):
         [0] _ready (res://modules/shell/prototype/gallery_walk4/visitor159/visitor.gd:183)
         [1] _build_kid (res://modules/shell/prototype/gallery_walk4/walk4.gd:1724)
         [2] _ready (res://modules/shell/prototype/gallery_walk4/walk4.gd:118)
         [3] _create_tenant (res://modules/shell/shell.gd:172)
         [4] _on_tab_selected (res://modules/shell/shell.gd:117)
         [5] select_tab (res://modules/tab_strip/tab_strip.gd:556)
         [6] select_tab (res://modules/tab_strip/interface.gd:64)
         [7] select_tab (res://modules/shell/shell.gd:184)
         [8] <anonymous lambda> (res://modules/shell/shell.gd:95)
         [9] <anonymous lambda> (res://modules/tab_strip/tab_strip.gd:528)
REST bounds=0.18734590709209..17.0174369812012 soles=194
WARNING: 'res://modules/shell/prototype/gallery_walk4/visitor159/inputs/donor.glb': In external resource #0, invalid UID: 'uid://dibdsg1yhqgng' - using text path instead: 'res://modules/shell/prototype/gallery_walk4/visitor159/inputs/donor_rogue_texture.png'.
     at: open (core/io/resource_format_binary.cpp:1025)
     GDScript backtrace (most recent call first):
         [0] _ready (res://modules/shell/prototype/gallery_walk4/visitor159/visitor.gd:223)
         [1] _build_kid (res://modules/shell/prototype/gallery_walk4/walk4.gd:1724)
         [2] _ready (res://modules/shell/prototype/gallery_walk4/walk4.gd:118)
         [3] _create_tenant (res://modules/shell/shell.gd:172)
         [4] _on_tab_selected (res://modules/shell/shell.gd:117)
         [5] select_tab (res://modules/tab_strip/tab_strip.gd:556)
         [6] select_tab (res://modules/tab_strip/interface.gd:64)
         [7] select_tab (res://modules/shell/shell.gd:184)
         [8] <anonymous lambda> (res://modules/shell/shell.gd:95)
         [9] <anonymous lambda> (res://modules/tab_strip/tab_strip.gd:528)
CLIP Idle length=1.06666672229767
CLIP Walking_A length=1.06666672229767
CLIP Interact length=1.29999995231628
WARNING: 'res://modules/shell/prototype/gallery_walk4/baked/white.lmbake': In external resource #0, invalid UID: 'uid://cyrw0oqg7crgt' - using text path instead: 'res://modules/shell/prototype/gallery_walk4/baked/white.exr'.
     at: open (core/io/resource_format_binary.cpp:1025)
     GDScript backtrace (most recent call first):
         [0] _set_lighting (res://modules/shell/prototype/gallery_walk4/walk4.gd:1596)
         [1] _build_view_controls (res://modules/shell/prototype/gallery_walk4/walk4.gd:1477)
         [2] _ready (res://modules/shell/prototype/gallery_walk4/walk4.gd:125)
         [3] _create_tenant (res://modules/shell/shell.gd:172)
         [4] _on_tab_selected (res://modules/shell/shell.gd:117)
         [5] select_tab (res://modules/tab_strip/tab_strip.gd:556)
         [6] select_tab (res://modules/tab_strip/interface.gd:64)
         [7] select_tab (res://modules/shell/shell.gd:184)
         [8] <anonymous lambda> (res://modules/shell/shell.gd:95)
         [9] <anonymous lambda> (res://modules/tab_strip/tab_strip.gd:528)
WARNING: 13 ObjectDB instances were leaked at exit (run with `--verbose` for details).
   at: cleanup (core/object/object.cpp:2536)
checks passed
