Godot Engine v4.7.2.stable.official.ed1daf0bf - https://godotengine.org
ERROR: X11 Display is not available
   at: DisplayServerX11 (platform/linuxbsd/x11/display_server_x11.cpp:6943)
WARNING: Display driver x11 failed, falling back to wayland.
     at: setup2 (main/main.cpp:3380)
libdecor-gtk-WARNING: Failed to initialize GTK
Failed to load plugin 'libdecor-gtk.so': failed to init
No plugins found, falling back on no decorations
WARNING: Can't obtain the XDG decoration manager. Libdecor will be used for drawing CSDs, if available.
     at: init (platform/linuxbsd/wayland/wayland_thread.cpp:5635)
WARNING: xdg-toplevel-icon protocol not found! Cannot set window icon.
     at: init (platform/linuxbsd/wayland/wayland_thread.cpp:5642)
WARNING: Can't obtain the XDG activation global. Attention requesting won't work!
     at: init (platform/linuxbsd/wayland/wayland_thread.cpp:5647)
WARNING: FIFO protocol not found! Frame pacing will be degraded.
     at: init (platform/linuxbsd/wayland/wayland_thread.cpp:5657)
OpenGL API 4.5 (Core Profile) Mesa 25.2.8-0ubuntu0.24.04.2 - Compatibility - Using Device: Mesa - llvmpipe (LLVM 20.1.2, 256 bits)
WARNING: 2 ObjectDB instances were leaked at exit (run with `--verbose` for details).
   at: cleanup (core/object/object.cpp:2536)
Godot reported errors, see /tmp/warm-room-187-shell-isolated/godot.log
