         [9] _select (res://modules/shell/square_chrome.gd:182)
         [10] _input (res://modules/shell/crt_display.gd:129)
WARNING: 2D MSAA is not yet supported for GLES3.
     at: render_target_set_msaa (drivers/gles3/storage/texture_storage.cpp:3210)
     GDScript backtrace (most recent call first):
         [0] _build_turn (res://modules/playground_page/journal_window.gd:147)
         [1] _ready (res://modules/playground_page/journal_window.gd:55)
         [2] _ready (res://modules/playground_page/playground_page.gd:184)
         [3] _create_tenant (res://modules/shell/shell.gd:172)
         [4] _on_tab_selected (res://modules/shell/shell.gd:117)
         [5] select_tab (res://modules/tab_strip/tab_strip.gd:556)
         [6] select_tab (res://modules/tab_strip/interface.gd:64)
         [7] select_tab (res://modules/shell/shell.gd:184)
         [8] select_tab (res://modules/shell/interface.gd:61)
         [9] _select (res://modules/shell/square_chrome.gd:182)
         [10] _input (res://modules/shell/crt_display.gd:129)
         [11] _button (res://testing/harness_base.gd:53)
         [12] _click (res://testing/harness_base.gd:59)
         [13] _button (res://testing/harness_base.gd:54)
PASS: seven Tabs; all 20 real clicks; hover; hidden input; return
PASS: seven tabs, 5x4 geometry, 20 selections, truthful metadata, animated hover, freeze, return, pixels
evidence: docs/evidence/scan-windows-192/module
