Godot Engine v4.7.2.stable.official.ed1daf0bf - https://godotengine.org

GALLERY_INIT _build_room 58.508
GALLERY_INIT _build_paintings 298.334
GALLERY_INIT _partition_surfaces 298.657
GALLERY_INIT _merge_static 300.785
GALLERY_INIT _build_kid 541.335
WARNING: res://modules/shell/prototype/gallery_walk4/baked/room.tscn:6 - ext_resource, invalid UID: uid://bwey73iuihcx6 - using text path instead: res://modules/shell/prototype/gallery_walk4/textures/stone.png
     at: load (scene/resources/resource_format_text.cpp:501)
     GDScript backtrace (most recent call first):
         [0] _set_lighting (res://modules/shell/prototype/gallery_walk4/walk4.gd:925)
         [1] _build_view_controls (res://modules/shell/prototype/gallery_walk4/walk4.gd:831)
         [2] _ready (res://modules/shell/prototype/gallery_walk4/walk4.gd:124)
         [3] _mount (res://testing/harness_base.gd:30)
         [4] _run (res://modules/shell/prototype/gallery_walk4/navigation_check.gd:42)
WARNING: res://modules/shell/prototype/gallery_walk4/baked/room.tscn:7 - ext_resource, invalid UID: uid://dj4r0ugufmt72 - using text path instead: res://modules/shell/prototype/gallery_walk4/textures/door-arch.jpg
     at: load (scene/resources/resource_format_text.cpp:501)
     GDScript backtrace (most recent call first):
         [0] _set_lighting (res://modules/shell/prototype/gallery_walk4/walk4.gd:925)
         [1] _build_view_controls (res://modules/shell/prototype/gallery_walk4/walk4.gd:831)
         [2] _ready (res://modules/shell/prototype/gallery_walk4/walk4.gd:124)
         [3] _mount (res://testing/harness_base.gd:30)
         [4] _run (res://modules/shell/prototype/gallery_walk4/navigation_check.gd:42)
WARNING: res://modules/shell/prototype/gallery_walk4/baked/room.tscn:8 - ext_resource, invalid UID: uid://kq5xs4kupl4d - using text path instead: res://modules/shell/prototype/gallery_walk4/textures/door-far.jpg
     at: load (scene/resources/resource_format_text.cpp:501)
     GDScript backtrace (most recent call first):
         [0] _set_lighting (res://modules/shell/prototype/gallery_walk4/walk4.gd:925)
         [1] _build_view_controls (res://modules/shell/prototype/gallery_walk4/walk4.gd:831)
         [2] _ready (res://modules/shell/prototype/gallery_walk4/walk4.gd:124)
         [3] _mount (res://testing/harness_base.gd:30)
         [4] _run (res://modules/shell/prototype/gallery_walk4/navigation_check.gd:42)
WARNING: res://modules/shell/prototype/gallery_walk4/baked/room.tscn:9 - ext_resource, invalid UID: uid://ckd1bnhtgoog - using text path instead: res://modules/shell/prototype/gallery_walk4/textures/skylight.png
     at: load (scene/resources/resource_format_text.cpp:501)
     GDScript backtrace (most recent call first):
         [0] _set_lighting (res://modules/shell/prototype/gallery_walk4/walk4.gd:925)
         [1] _build_view_controls (res://modules/shell/prototype/gallery_walk4/walk4.gd:831)
         [2] _ready (res://modules/shell/prototype/gallery_walk4/walk4.gd:124)
         [3] _mount (res://testing/harness_base.gd:30)
         [4] _run (res://modules/shell/prototype/gallery_walk4/navigation_check.gd:42)
WARNING: res://modules/shell/prototype/gallery_walk4/baked/room.tscn:10 - ext_resource, invalid UID: uid://dyfgcq5lcw6kj - using text path instead: res://modules/shell/prototype/gallery_walk4/frames/W1.png
     at: load (scene/resources/resource_format_text.cpp:501)
     GDScript backtrace (most recent call first):
         [0] _set_lighting (res://modules/shell/prototype/gallery_walk4/walk4.gd:925)
         [1] _build_view_controls (res://modules/shell/prototype/gallery_walk4/walk4.gd:831)
         [2] _ready (res://modules/shell/prototype/gallery_walk4/walk4.gd:124)
         [3] _mount (res://testing/harness_base.gd:30)
         [4] _run (res://modules/shell/prototype/gallery_walk4/navigation_check.gd:42)
WARNING: res://modules/shell/prototype/gallery_walk4/baked/room.tscn:11 - ext_resource, invalid UID: uid://dc6q0vw570usr - using text path instead: res://modules/shell/prototype/gallery_walk4/canvas/W1.jpg
     at: load (scene/resources/resource_format_text.cpp:501)
     GDScript backtrace (most recent call first):
         [0] _set_lighting (res://modules/shell/prototype/gallery_walk4/walk4.gd:925)
         [1] _build_view_controls (res://modules/shell/prototype/gallery_walk4/walk4.gd:831)
         [2] _ready (res://modules/shell/prototype/gallery_walk4/walk4.gd:124)
         [3] _mount (res://testing/harness_base.gd:30)
         [4] _run (res://modules/shell/prototype/gallery_walk4/navigation_check.gd:42)
WARNING: res://modules/shell/prototype/gallery_walk4/baked/room.tscn:12 - ext_resource, invalid UID: uid://cvqyexp2x7jeq - using text path instead: res://modules/shell/prototype/gallery_walk4/frames/W2.png
     at: load (scene/resources/resource_format_text.cpp:501)
     GDScript backtrace (most recent call first):
         [0] _set_lighting (res://modules/shell/prototype/gallery_walk4/walk4.gd:925)
         [1] _build_view_controls (res://modules/shell/prototype/gallery_walk4/walk4.gd:831)
         [2] _ready (res://modules/shell/prototype/gallery_walk4/walk4.gd:124)
         [3] _mount (res://testing/harness_base.gd:30)
         [4] _run (res://modules/shell/prototype/gallery_walk4/navigation_check.gd:42)
WARNING: res://modules/shell/prototype/gallery_walk4/baked/room.tscn:13 - ext_resource, invalid UID: uid://tweeq1u1ngrc - using text path instead: res://modules/shell/prototype/gallery_walk4/canvas/W2.jpg
     at: load (scene/resources/resource_format_text.cpp:501)
     GDScript backtrace (most recent call first):
         [0] _set_lighting (res://modules/shell/prototype/gallery_walk4/walk4.gd:925)
         [1] _build_view_controls (res://modules/shell/prototype/gallery_walk4/walk4.gd:831)
         [2] _ready (res://modules/shell/prototype/gallery_walk4/walk4.gd:124)
         [3] _mount (res://testing/harness_base.gd:30)
         [4] _run (res://modules/shell/prototype/gallery_walk4/navigation_check.gd:42)
WARNING: res://modules/shell/prototype/gallery_walk4/baked/room.tscn:14 - ext_resource, invalid UID: uid://c1heyk2h2mdsi - using text path instead: res://modules/shell/prototype/gallery_walk4/frames/W3.png
     at: load (scene/resources/resource_format_text.cpp:501)
     GDScript backtrace (most recent call first):
         [0] _set_lighting (res://modules/shell/prototype/gallery_walk4/walk4.gd:925)
         [1] _build_view_controls (res://modules/shell/prototype/gallery_walk4/walk4.gd:831)
         [2] _ready (res://modules/shell/prototype/gallery_walk4/walk4.gd:124)
         [3] _mount (res://testing/harness_base.gd:30)
         [4] _run (res://modules/shell/prototype/gallery_walk4/navigation_check.gd:42)
WARNING: res://modules/shell/prototype/gallery_walk4/baked/room.tscn:15 - ext_resource, invalid UID: uid://ddvbnbmmixd6u - using text path instead: res://modules/shell/prototype/gallery_walk4/canvas/W3.jpg
     at: load (scene/resources/resource_format_text.cpp:501)
     GDScript backtrace (most recent call first):
         [0] _set_lighting (res://modules/shell/prototype/gallery_walk4/walk4.gd:925)
         [1] _build_view_controls (res://modules/shell/prototype/gallery_walk4/walk4.gd:831)
         [2] _ready (res://modules/shell/prototype/gallery_walk4/walk4.gd:124)
         [3] _mount (res://testing/harness_base.gd:30)
         [4] _run (res://modules/shell/prototype/gallery_walk4/navigation_check.gd:42)
WARNING: res://modules/shell/prototype/gallery_walk4/baked/room.tscn:16 - ext_resource, invalid UID: uid://cygpnjkdolb2d - using text path instead: res://modules/shell/prototype/gallery_walk4/frames/W4.png
     at: load (scene/resources/resource_format_text.cpp:501)
     GDScript backtrace (most recent call first):
         [0] _set_lighting (res://modules/shell/prototype/gallery_walk4/walk4.gd:925)
         [1] _build_view_controls (res://modules/shell/prototype/gallery_walk4/walk4.gd:831)
         [2] _ready (res://modules/shell/prototype/gallery_walk4/walk4.gd:124)
         [3] _mount (res://testing/harness_base.gd:30)
         [4] _run (res://modules/shell/prototype/gallery_walk4/navigation_check.gd:42)
WARNING: res://modules/shell/prototype/gallery_walk4/baked/room.tscn:17 - ext_resource, invalid UID: uid://106dnsp8i38n - using text path instead: res://modules/shell/prototype/gallery_walk4/canvas/W4.jpg
     at: load (scene/resources/resource_format_text.cpp:501)
     GDScript backtrace (most recent call first):
         [0] _set_lighting (res://modules/shell/prototype/gallery_walk4/walk4.gd:925)
         [1] _build_view_controls (res://modules/shell/prototype/gallery_walk4/walk4.gd:831)
         [2] _ready (res://modules/shell/prototype/gallery_walk4/walk4.gd:124)
         [3] _mount (res://testing/harness_base.gd:30)
         [4] _run (res://modules/shell/prototype/gallery_walk4/navigation_check.gd:42)
WARNING: res://modules/shell/prototype/gallery_walk4/baked/room.tscn:18 - ext_resource, invalid UID: uid://dfdpotkfeg62q - using text path instead: res://modules/shell/prototype/gallery_walk4/frames/W5.png
     at: load (scene/resources/resource_format_text.cpp:501)
     GDScript backtrace (most recent call first):
         [0] _set_lighting (res://modules/shell/prototype/gallery_walk4/walk4.gd:925)
         [1] _build_view_controls (res://modules/shell/prototype/gallery_walk4/walk4.gd:831)
         [2] _ready (res://modules/shell/prototype/gallery_walk4/walk4.gd:124)
         [3] _mount (res://testing/harness_base.gd:30)
         [4] _run (res://modules/shell/prototype/gallery_walk4/navigation_check.gd:42)
WARNING: res://modules/shell/prototype/gallery_walk4/baked/room.tscn:19 - ext_resource, invalid UID: uid://bv7cs3jhalvhh - using text path instead: res://modules/shell/prototype/gallery_walk4/canvas/W5.jpg
     at: load (scene/resources/resource_format_text.cpp:501)
     GDScript backtrace (most recent call first):
         [0] _set_lighting (res://modules/shell/prototype/gallery_walk4/walk4.gd:925)
         [1] _build_view_controls (res://modules/shell/prototype/gallery_walk4/walk4.gd:831)
         [2] _ready (res://modules/shell/prototype/gallery_walk4/walk4.gd:124)
         [3] _mount (res://testing/harness_base.gd:30)
         [4] _run (res://modules/shell/prototype/gallery_walk4/navigation_check.gd:42)
WARNING: res://modules/shell/prototype/gallery_walk4/baked/room.tscn:20 - ext_resource, invalid UID: uid://dxlrxxx4bu27v - using text path instead: res://modules/shell/prototype/gallery_walk4/frames/W6-shaped.png
     at: load (scene/resources/resource_format_text.cpp:501)
     GDScript backtrace (most recent call first):
         [0] _set_lighting (res://modules/shell/prototype/gallery_walk4/walk4.gd:925)
         [1] _build_view_controls (res://modules/shell/prototype/gallery_walk4/walk4.gd:831)
         [2] _ready (res://modules/shell/prototype/gallery_walk4/walk4.gd:124)
         [3] _mount (res://testing/harness_base.gd:30)
         [4] _run (res://modules/shell/prototype/gallery_walk4/navigation_check.gd:42)
WARNING: res://modules/shell/prototype/gallery_walk4/baked/room.tscn:21 - ext_resource, invalid UID: uid://b3iunr62b18l0 - using text path instead: res://modules/shell/prototype/gallery_walk4/frames/W7.png
     at: load (scene/resources/resource_format_text.cpp:501)
     GDScript backtrace (most recent call first):
         [0] _set_lighting (res://modules/shell/prototype/gallery_walk4/walk4.gd:925)
         [1] _build_view_controls (res://modules/shell/prototype/gallery_walk4/walk4.gd:831)
         [2] _ready (res://modules/shell/prototype/gallery_walk4/walk4.gd:124)
         [3] _mount (res://testing/harness_base.gd:30)
         [4] _run (res://modules/shell/prototype/gallery_walk4/navigation_check.gd:42)
WARNING: res://modules/shell/prototype/gallery_walk4/baked/room.tscn:22 - ext_resource, invalid UID: uid://dtyexk6rbnfag - using text path instead: res://modules/shell/prototype/gallery_walk4/canvas/W7.jpg
     at: load (scene/resources/resource_format_text.cpp:501)
     GDScript backtrace (most recent call first):
         [0] _set_lighting (res://modules/shell/prototype/gallery_walk4/walk4.gd:925)
         [1] _build_view_controls (res://modules/shell/prototype/gallery_walk4/walk4.gd:831)
         [2] _ready (res://modules/shell/prototype/gallery_walk4/walk4.gd:124)
         [3] _mount (res://testing/harness_base.gd:30)
         [4] _run (res://modules/shell/prototype/gallery_walk4/navigation_check.gd:42)
WARNING: res://modules/shell/prototype/gallery_walk4/baked/room.tscn:23 - ext_resource, invalid UID: uid://bc7uq7jfrtisd - using text path instead: res://modules/shell/prototype/gallery_walk4/frames/W8.png
     at: load (scene/resources/resource_format_text.cpp:501)
     GDScript backtrace (most recent call first):
         [0] _set_lighting (res://modules/shell/prototype/gallery_walk4/walk4.gd:925)
         [1] _build_view_controls (res://modules/shell/prototype/gallery_walk4/walk4.gd:831)
         [2] _ready (res://modules/shell/prototype/gallery_walk4/walk4.gd:124)
         [3] _mount (res://testing/harness_base.gd:30)
         [4] _run (res://modules/shell/prototype/gallery_walk4/navigation_check.gd:42)
WARNING: res://modules/shell/prototype/gallery_walk4/baked/room.tscn:24 - ext_resource, invalid UID: uid://dfm7n4wmlcsaf - using text path instead: res://modules/shell/prototype/gallery_walk4/canvas/W8.jpg
     at: load (scene/resources/resource_format_text.cpp:501)
     GDScript backtrace (most recent call first):
         [0] _set_lighting (res://modules/shell/prototype/gallery_walk4/walk4.gd:925)
         [1] _build_view_controls (res://modules/shell/prototype/gallery_walk4/walk4.gd:831)
         [2] _ready (res://modules/shell/prototype/gallery_walk4/walk4.gd:124)
         [3] _mount (res://testing/harness_base.gd:30)
         [4] _run (res://modules/shell/prototype/gallery_walk4/navigation_check.gd:42)
WARNING: res://modules/shell/prototype/gallery_walk4/baked/room.tscn:25 - ext_resource, invalid UID: uid://bv0quokvyykok - using text path instead: res://modules/shell/prototype/gallery_walk4/frames/W9.png
     at: load (scene/resources/resource_format_text.cpp:501)
     GDScript backtrace (most recent call first):
         [0] _set_lighting (res://modules/shell/prototype/gallery_walk4/walk4.gd:925)
         [1] _build_view_controls (res://modules/shell/prototype/gallery_walk4/walk4.gd:831)
         [2] _ready (res://modules/shell/prototype/gallery_walk4/walk4.gd:124)
         [3] _mount (res://testing/harness_base.gd:30)
         [4] _run (res://modules/shell/prototype/gallery_walk4/navigation_check.gd:42)
WARNING: res://modules/shell/prototype/gallery_walk4/baked/room.tscn:26 - ext_resource, invalid UID: uid://g05qfcstrp3r - using text path instead: res://modules/shell/prototype/gallery_walk4/canvas/W9.jpg
     at: load (scene/resources/resource_format_text.cpp:501)
     GDScript backtrace (most recent call first):
         [0] _set_lighting (res://modules/shell/prototype/gallery_walk4/walk4.gd:925)
         [1] _build_view_controls (res://modules/shell/prototype/gallery_walk4/walk4.gd:831)
         [2] _ready (res://modules/shell/prototype/gallery_walk4/walk4.gd:124)
         [3] _mount (res://testing/harness_base.gd:30)
         [4] _run (res://modules/shell/prototype/gallery_walk4/navigation_check.gd:42)
WARNING: res://modules/shell/prototype/gallery_walk4/baked/room.tscn:27 - ext_resource, invalid UID: uid://dpe1afssd06gk - using text path instead: res://modules/shell/prototype/gallery_walk4/frames/W10.png
     at: load (scene/resources/resource_format_text.cpp:501)
     GDScript backtrace (most recent call first):
         [0] _set_lighting (res://modules/shell/prototype/gallery_walk4/walk4.gd:925)
         [1] _build_view_controls (res://modules/shell/prototype/gallery_walk4/walk4.gd:831)
         [2] _ready (res://modules/shell/prototype/gallery_walk4/walk4.gd:124)
         [3] _mount (res://testing/harness_base.gd:30)
         [4] _run (res://modules/shell/prototype/gallery_walk4/navigation_check.gd:42)
WARNING: res://modules/shell/prototype/gallery_walk4/baked/room.tscn:28 - ext_resource, invalid UID: uid://ckm88s8sxtjg6 - using text path instead: res://modules/shell/prototype/gallery_walk4/canvas/W10.jpg
     at: load (scene/resources/resource_format_text.cpp:501)
     GDScript backtrace (most recent call first):
         [0] _set_lighting (res://modules/shell/prototype/gallery_walk4/walk4.gd:925)
         [1] _build_view_controls (res://modules/shell/prototype/gallery_walk4/walk4.gd:831)
         [2] _ready (res://modules/shell/prototype/gallery_walk4/walk4.gd:124)
         [3] _mount (res://testing/harness_base.gd:30)
         [4] _run (res://modules/shell/prototype/gallery_walk4/navigation_check.gd:42)
WARNING: res://modules/shell/prototype/gallery_walk4/baked/room.tscn:29 - ext_resource, invalid UID: uid://cbx3nrtsnlpwh - using text path instead: res://modules/shell/prototype/gallery_walk4/frames/E1.png
     at: load (scene/resources/resource_format_text.cpp:501)
     GDScript backtrace (most recent call first):
         [0] _set_lighting (res://modules/shell/prototype/gallery_walk4/walk4.gd:925)
         [1] _build_view_controls (res://modules/shell/prototype/gallery_walk4/walk4.gd:831)
         [2] _ready (res://modules/shell/prototype/gallery_walk4/walk4.gd:124)
         [3] _mount (res://testing/harness_base.gd:30)
         [4] _run (res://modules/shell/prototype/gallery_walk4/navigation_check.gd:42)
WARNING: res://modules/shell/prototype/gallery_walk4/baked/room.tscn:30 - ext_resource, invalid UID: uid://m07xp2xj5a4w - using text path instead: res://modules/shell/prototype/gallery_walk4/canvas/E1.jpg
     at: load (scene/resources/resource_format_text.cpp:501)
     GDScript backtrace (most recent call first):
         [0] _set_lighting (res://modules/shell/prototype/gallery_walk4/walk4.gd:925)
         [1] _build_view_controls (res://modules/shell/prototype/gallery_walk4/walk4.gd:831)
         [2] _ready (res://modules/shell/prototype/gallery_walk4/walk4.gd:124)
         [3] _mount (res://testing/harness_base.gd:30)
         [4] _run (res://modules/shell/prototype/gallery_walk4/navigation_check.gd:42)
WARNING: res://modules/shell/prototype/gallery_walk4/baked/room.tscn:31 - ext_resource, invalid UID: uid://m5jyfkhb8tix - using text path instead: res://modules/shell/prototype/gallery_walk4/frames/E2.png
     at: load (scene/resources/resource_format_text.cpp:501)
     GDScript backtrace (most recent call first):
         [0] _set_lighting (res://modules/shell/prototype/gallery_walk4/walk4.gd:925)
         [1] _build_view_controls (res://modules/shell/prototype/gallery_walk4/walk4.gd:831)
         [2] _ready (res://modules/shell/prototype/gallery_walk4/walk4.gd:124)
         [3] _mount (res://testing/harness_base.gd:30)
         [4] _run (res://modules/shell/prototype/gallery_walk4/navigation_check.gd:42)
WARNING: res://modules/shell/prototype/gallery_walk4/baked/room.tscn:32 - ext_resource, invalid UID: uid://c6w71n6m68j7q - using text path instead: res://modules/shell/prototype/gallery_walk4/canvas/E2.jpg
     at: load (scene/resources/resource_format_text.cpp:501)
     GDScript backtrace (most recent call first):
         [0] _set_lighting (res://modules/shell/prototype/gallery_walk4/walk4.gd:925)
         [1] _build_view_controls (res://modules/shell/prototype/gallery_walk4/walk4.gd:831)
         [2] _ready (res://modules/shell/prototype/gallery_walk4/walk4.gd:124)
         [3] _mount (res://testing/harness_base.gd:30)
         [4] _run (res://modules/shell/prototype/gallery_walk4/navigation_check.gd:42)
WARNING: res://modules/shell/prototype/gallery_walk4/baked/room.tscn:33 - ext_resource, invalid UID: uid://uew7thvsm3jv - using text path instead: res://modules/shell/prototype/gallery_walk4/frames/E3.png
     at: load (scene/resources/resource_format_text.cpp:501)
     GDScript backtrace (most recent call first):
         [0] _set_lighting (res://modules/shell/prototype/gallery_walk4/walk4.gd:925)
         [1] _build_view_controls (res://modules/shell/prototype/gallery_walk4/walk4.gd:831)
         [2] _ready (res://modules/shell/prototype/gallery_walk4/walk4.gd:124)
         [3] _mount (res://testing/harness_base.gd:30)
         [4] _run (res://modules/shell/prototype/gallery_walk4/navigation_check.gd:42)
WARNING: res://modules/shell/prototype/gallery_walk4/baked/room.tscn:34 - ext_resource, invalid UID: uid://c0hb1yy0bb556 - using text path instead: res://modules/shell/prototype/gallery_walk4/canvas/E3.jpg
     at: load (scene/resources/resource_format_text.cpp:501)
     GDScript backtrace (most recent call first):
         [0] _set_lighting (res://modules/shell/prototype/gallery_walk4/walk4.gd:925)
         [1] _build_view_controls (res://modules/shell/prototype/gallery_walk4/walk4.gd:831)
         [2] _ready (res://modules/shell/prototype/gallery_walk4/walk4.gd:124)
         [3] _mount (res://testing/harness_base.gd:30)
         [4] _run (res://modules/shell/prototype/gallery_walk4/navigation_check.gd:42)
WARNING: res://modules/shell/prototype/gallery_walk4/baked/room.tscn:35 - ext_resource, invalid UID: uid://dy3bcgpy588tl - using text path instead: res://modules/shell/prototype/gallery_walk4/frames/E4.png
     at: load (scene/resources/resource_format_text.cpp:501)
     GDScript backtrace (most recent call first):
         [0] _set_lighting (res://modules/shell/prototype/gallery_walk4/walk4.gd:925)
         [1] _build_view_controls (res://modules/shell/prototype/gallery_walk4/walk4.gd:831)
         [2] _ready (res://modules/shell/prototype/gallery_walk4/walk4.gd:124)
         [3] _mount (res://testing/harness_base.gd:30)
         [4] _run (res://modules/shell/prototype/gallery_walk4/navigation_check.gd:42)
WARNING: res://modules/shell/prototype/gallery_walk4/baked/room.tscn:36 - ext_resource, invalid UID: uid://dpg4dcmplja05 - using text path instead: res://modules/shell/prototype/gallery_walk4/canvas/E4.jpg
     at: load (scene/resources/resource_format_text.cpp:501)
     GDScript backtrace (most recent call first):
         [0] _set_lighting (res://modules/shell/prototype/gallery_walk4/walk4.gd:925)
         [1] _build_view_controls (res://modules/shell/prototype/gallery_walk4/walk4.gd:831)
         [2] _ready (res://modules/shell/prototype/gallery_walk4/walk4.gd:124)
         [3] _mount (res://testing/harness_base.gd:30)
         [4] _run (res://modules/shell/prototype/gallery_walk4/navigation_check.gd:42)
WARNING: res://modules/shell/prototype/gallery_walk4/baked/room.tscn:37 - ext_resource, invalid UID: uid://owr36eg48rcl - using text path instead: res://modules/shell/prototype/gallery_walk4/frames/E5.png
     at: load (scene/resources/resource_format_text.cpp:501)
     GDScript backtrace (most recent call first):
         [0] _set_lighting (res://modules/shell/prototype/gallery_walk4/walk4.gd:925)
         [1] _build_view_controls (res://modules/shell/prototype/gallery_walk4/walk4.gd:831)
         [2] _ready (res://modules/shell/prototype/gallery_walk4/walk4.gd:124)
         [3] _mount (res://testing/harness_base.gd:30)
         [4] _run (res://modules/shell/prototype/gallery_walk4/navigation_check.gd:42)
WARNING: res://modules/shell/prototype/gallery_walk4/baked/room.tscn:38 - ext_resource, invalid UID: uid://dqjafvyffpb34 - using text path instead: res://modules/shell/prototype/gallery_walk4/canvas/E5.jpg
     at: load (scene/resources/resource_format_text.cpp:501)
     GDScript backtrace (most recent call first):
         [0] _set_lighting (res://modules/shell/prototype/gallery_walk4/walk4.gd:925)
         [1] _build_view_controls (res://modules/shell/prototype/gallery_walk4/walk4.gd:831)
         [2] _ready (res://modules/shell/prototype/gallery_walk4/walk4.gd:124)
         [3] _mount (res://testing/harness_base.gd:30)
         [4] _run (res://modules/shell/prototype/gallery_walk4/navigation_check.gd:42)
WARNING: res://modules/shell/prototype/gallery_walk4/baked/room.tscn:39 - ext_resource, invalid UID: uid://dkeok8l8ge5lg - using text path instead: res://modules/shell/prototype/gallery_walk4/frames/E6.png
     at: load (scene/resources/resource_format_text.cpp:501)
     GDScript backtrace (most recent call first):
         [0] _set_lighting (res://modules/shell/prototype/gallery_walk4/walk4.gd:925)
         [1] _build_view_controls (res://modules/shell/prototype/gallery_walk4/walk4.gd:831)
         [2] _ready (res://modules/shell/prototype/gallery_walk4/walk4.gd:124)
         [3] _mount (res://testing/harness_base.gd:30)
         [4] _run (res://modules/shell/prototype/gallery_walk4/navigation_check.gd:42)
WARNING: res://modules/shell/prototype/gallery_walk4/baked/room.tscn:40 - ext_resource, invalid UID: uid://b7a6pu380v4tm - using text path instead: res://modules/shell/prototype/gallery_walk4/canvas/E6.jpg
     at: load (scene/resources/resource_format_text.cpp:501)
     GDScript backtrace (most recent call first):
         [0] _set_lighting (res://modules/shell/prototype/gallery_walk4/walk4.gd:925)
         [1] _build_view_controls (res://modules/shell/prototype/gallery_walk4/walk4.gd:831)
         [2] _ready (res://modules/shell/prototype/gallery_walk4/walk4.gd:124)
         [3] _mount (res://testing/harness_base.gd:30)
         [4] _run (res://modules/shell/prototype/gallery_walk4/navigation_check.gd:42)
WARNING: res://modules/shell/prototype/gallery_walk4/baked/room.tscn:41 - ext_resource, invalid UID: uid://c6xt83oaphxx5 - using text path instead: res://modules/shell/prototype/gallery_walk4/frames/E7.png
     at: load (scene/resources/resource_format_text.cpp:501)
     GDScript backtrace (most recent call first):
         [0] _set_lighting (res://modules/shell/prototype/gallery_walk4/walk4.gd:925)
         [1] _build_view_controls (res://modules/shell/prototype/gallery_walk4/walk4.gd:831)
         [2] _ready (res://modules/shell/prototype/gallery_walk4/walk4.gd:124)
         [3] _mount (res://testing/harness_base.gd:30)
         [4] _run (res://modules/shell/prototype/gallery_walk4/navigation_check.gd:42)
WARNING: res://modules/shell/prototype/gallery_walk4/baked/room.tscn:42 - ext_resource, invalid UID: uid://dtgb3f2s48gne - using text path instead: res://modules/shell/prototype/gallery_walk4/canvas/E7.jpg
     at: load (scene/resources/resource_format_text.cpp:501)
     GDScript backtrace (most recent call first):
         [0] _set_lighting (res://modules/shell/prototype/gallery_walk4/walk4.gd:925)
         [1] _build_view_controls (res://modules/shell/prototype/gallery_walk4/walk4.gd:831)
         [2] _ready (res://modules/shell/prototype/gallery_walk4/walk4.gd:124)
         [3] _mount (res://testing/harness_base.gd:30)
         [4] _run (res://modules/shell/prototype/gallery_walk4/navigation_check.gd:42)
WARNING: res://modules/shell/prototype/gallery_walk4/baked/room.tscn:43 - ext_resource, invalid UID: uid://3t874ihhjdsk - using text path instead: res://modules/shell/prototype/gallery_walk4/frames/E8.png
     at: load (scene/resources/resource_format_text.cpp:501)
     GDScript backtrace (most recent call first):
         [0] _set_lighting (res://modules/shell/prototype/gallery_walk4/walk4.gd:925)
         [1] _build_view_controls (res://modules/shell/prototype/gallery_walk4/walk4.gd:831)
         [2] _ready (res://modules/shell/prototype/gallery_walk4/walk4.gd:124)
         [3] _mount (res://testing/harness_base.gd:30)
         [4] _run (res://modules/shell/prototype/gallery_walk4/navigation_check.gd:42)
WARNING: res://modules/shell/prototype/gallery_walk4/baked/room.tscn:44 - ext_resource, invalid UID: uid://d101fomc34bmd - using text path instead: res://modules/shell/prototype/gallery_walk4/canvas/E8.jpg
     at: load (scene/resources/resource_format_text.cpp:501)
     GDScript backtrace (most recent call first):
         [0] _set_lighting (res://modules/shell/prototype/gallery_walk4/walk4.gd:925)
         [1] _build_view_controls (res://modules/shell/prototype/gallery_walk4/walk4.gd:831)
         [2] _ready (res://modules/shell/prototype/gallery_walk4/walk4.gd:124)
         [3] _mount (res://testing/harness_base.gd:30)
         [4] _run (res://modules/shell/prototype/gallery_walk4/navigation_check.gd:42)
WARNING: res://modules/shell/prototype/gallery_walk4/baked/room.tscn:45 - ext_resource, invalid UID: uid://bv1nxq4g6k2ef - using text path instead: res://modules/shell/prototype/gallery_walk4/frames/E9.png
     at: load (scene/resources/resource_format_text.cpp:501)
     GDScript backtrace (most recent call first):
         [0] _set_lighting (res://modules/shell/prototype/gallery_walk4/walk4.gd:925)
         [1] _build_view_controls (res://modules/shell/prototype/gallery_walk4/walk4.gd:831)
         [2] _ready (res://modules/shell/prototype/gallery_walk4/walk4.gd:124)
         [3] _mount (res://testing/harness_base.gd:30)
         [4] _run (res://modules/shell/prototype/gallery_walk4/navigation_check.gd:42)
WARNING: res://modules/shell/prototype/gallery_walk4/baked/room.tscn:46 - ext_resource, invalid UID: uid://bigt7qesnexo - using text path instead: res://modules/shell/prototype/gallery_walk4/canvas/E9.jpg
     at: load (scene/resources/resource_format_text.cpp:501)
     GDScript backtrace (most recent call first):
         [0] _set_lighting (res://modules/shell/prototype/gallery_walk4/walk4.gd:925)
         [1] _build_view_controls (res://modules/shell/prototype/gallery_walk4/walk4.gd:831)
         [2] _ready (res://modules/shell/prototype/gallery_walk4/walk4.gd:124)
         [3] _mount (res://testing/harness_base.gd:30)
         [4] _run (res://modules/shell/prototype/gallery_walk4/navigation_check.gd:42)
WARNING: res://modules/shell/prototype/gallery_walk4/baked/room.tscn:47 - ext_resource, invalid UID: uid://dtpyehhkeik0v - using text path instead: res://modules/shell/prototype/gallery_walk4/frames/S1.png
     at: load (scene/resources/resource_format_text.cpp:501)
     GDScript backtrace (most recent call first):
         [0] _set_lighting (res://modules/shell/prototype/gallery_walk4/walk4.gd:925)
         [1] _build_view_controls (res://modules/shell/prototype/gallery_walk4/walk4.gd:831)
         [2] _ready (res://modules/shell/prototype/gallery_walk4/walk4.gd:124)
         [3] _mount (res://testing/harness_base.gd:30)
         [4] _run (res://modules/shell/prototype/gallery_walk4/navigation_check.gd:42)
WARNING: res://modules/shell/prototype/gallery_walk4/baked/room.tscn:48 - ext_resource, invalid UID: uid://c6itwit75awig - using text path instead: res://modules/shell/prototype/gallery_walk4/canvas/S1.jpg
     at: load (scene/resources/resource_format_text.cpp:501)
     GDScript backtrace (most recent call first):
         [0] _set_lighting (res://modules/shell/prototype/gallery_walk4/walk4.gd:925)
         [1] _build_view_controls (res://modules/shell/prototype/gallery_walk4/walk4.gd:831)
         [2] _ready (res://modules/shell/prototype/gallery_walk4/walk4.gd:124)
         [3] _mount (res://testing/harness_base.gd:30)
         [4] _run (res://modules/shell/prototype/gallery_walk4/navigation_check.gd:42)
WARNING: res://modules/shell/prototype/gallery_walk4/baked/room.tscn:49 - ext_resource, invalid UID: uid://2kfufsapwudp - using text path instead: res://modules/shell/prototype/gallery_walk4/frames/S2.png
     at: load (scene/resources/resource_format_text.cpp:501)
     GDScript backtrace (most recent call first):
         [0] _set_lighting (res://modules/shell/prototype/gallery_walk4/walk4.gd:925)
         [1] _build_view_controls (res://modules/shell/prototype/gallery_walk4/walk4.gd:831)
         [2] _ready (res://modules/shell/prototype/gallery_walk4/walk4.gd:124)
         [3] _mount (res://testing/harness_base.gd:30)
         [4] _run (res://modules/shell/prototype/gallery_walk4/navigation_check.gd:42)
WARNING: res://modules/shell/prototype/gallery_walk4/baked/room.tscn:50 - ext_resource, invalid UID: uid://c1akehplt176o - using text path instead: res://modules/shell/prototype/gallery_walk4/canvas/S2.jpg
     at: load (scene/resources/resource_format_text.cpp:501)
     GDScript backtrace (most recent call first):
         [0] _set_lighting (res://modules/shell/prototype/gallery_walk4/walk4.gd:925)
         [1] _build_view_controls (res://modules/shell/prototype/gallery_walk4/walk4.gd:831)
         [2] _ready (res://modules/shell/prototype/gallery_walk4/walk4.gd:124)
         [3] _mount (res://testing/harness_base.gd:30)
         [4] _run (res://modules/shell/prototype/gallery_walk4/navigation_check.gd:42)
WARNING: res://modules/shell/prototype/gallery_walk4/baked/room.tscn:51 - ext_resource, invalid UID: uid://de70xncgshsav - using text path instead: res://modules/shell/prototype/gallery_walk4/frames/N1.png
     at: load (scene/resources/resource_format_text.cpp:501)
     GDScript backtrace (most recent call first):
         [0] _set_lighting (res://modules/shell/prototype/gallery_walk4/walk4.gd:925)
         [1] _build_view_controls (res://modules/shell/prototype/gallery_walk4/walk4.gd:831)
         [2] _ready (res://modules/shell/prototype/gallery_walk4/walk4.gd:124)
         [3] _mount (res://testing/harness_base.gd:30)
         [4] _run (res://modules/shell/prototype/gallery_walk4/navigation_check.gd:42)
WARNING: res://modules/shell/prototype/gallery_walk4/baked/room.tscn:52 - ext_resource, invalid UID: uid://c5ijna7lotfpv - using text path instead: res://modules/shell/prototype/gallery_walk4/canvas/N1.jpg
     at: load (scene/resources/resource_format_text.cpp:501)
     GDScript backtrace (most recent call first):
         [0] _set_lighting (res://modules/shell/prototype/gallery_walk4/walk4.gd:925)
         [1] _build_view_controls (res://modules/shell/prototype/gallery_walk4/walk4.gd:831)
         [2] _ready (res://modules/shell/prototype/gallery_walk4/walk4.gd:124)
         [3] _mount (res://testing/harness_base.gd:30)
         [4] _run (res://modules/shell/prototype/gallery_walk4/navigation_check.gd:42)
WARNING: res://modules/shell/prototype/gallery_walk4/baked/room.tscn:53 - ext_resource, invalid UID: uid://0c23sp5r31or - using text path instead: res://modules/shell/prototype/gallery_walk4/frames/N2.png
     at: load (scene/resources/resource_format_text.cpp:501)
     GDScript backtrace (most recent call first):
         [0] _set_lighting (res://modules/shell/prototype/gallery_walk4/walk4.gd:925)
         [1] _build_view_controls (res://modules/shell/prototype/gallery_walk4/walk4.gd:831)
         [2] _ready (res://modules/shell/prototype/gallery_walk4/walk4.gd:124)
         [3] _mount (res://testing/harness_base.gd:30)
         [4] _run (res://modules/shell/prototype/gallery_walk4/navigation_check.gd:42)
WARNING: res://modules/shell/prototype/gallery_walk4/baked/room.tscn:54 - ext_resource, invalid UID: uid://b8spd76mdlgsn - using text path instead: res://modules/shell/prototype/gallery_walk4/canvas/N2.jpg
     at: load (scene/resources/resource_format_text.cpp:501)
     GDScript backtrace (most recent call first):
         [0] _set_lighting (res://modules/shell/prototype/gallery_walk4/walk4.gd:925)
         [1] _build_view_controls (res://modules/shell/prototype/gallery_walk4/walk4.gd:831)
         [2] _ready (res://modules/shell/prototype/gallery_walk4/walk4.gd:124)
         [3] _mount (res://testing/harness_base.gd:30)
         [4] _run (res://modules/shell/prototype/gallery_walk4/navigation_check.gd:42)
GALLERY_INIT _build_view_controls 602.349
ERROR: Parameter "t" is null.
   at: texture_2d_get (./servers/rendering/dummy/storage/texture_storage.h:110)
   GDScript backtrace (most recent call first):
       [0] _shot (res://testing/harness_base.gd:43)
SCRIPT ERROR: Cannot call method 'save_png' on a null value.
          at: _shot (res://testing/harness_base.gd:43)
          GDScript backtrace (most recent call first):
              [0] _shot (res://testing/harness_base.gd:43)
ERROR: Parameter "t" is null.
   at: texture_2d_get (./servers/rendering/dummy/storage/texture_storage.h:110)
   GDScript backtrace (most recent call first):
       [0] _shot (res://testing/harness_base.gd:43)
SCRIPT ERROR: Cannot call method 'save_png' on a null value.
          at: _shot (res://testing/harness_base.gd:43)
          GDScript backtrace (most recent call first):
              [0] _shot (res://testing/harness_base.gd:43)
ENTRY_COMPLETE (0.0, 0.0, -2.569998)
NAV_SPACE gallery -> arch
ERROR: Parameter "t" is null.
   at: texture_2d_get (./servers/rendering/dummy/storage/texture_storage.h:110)
   GDScript backtrace (most recent call first):
       [0] _shot (res://testing/harness_base.gd:43)
SCRIPT ERROR: Cannot call method 'save_png' on a null value.
          at: _shot (res://testing/harness_base.gd:43)
          GDScript backtrace (most recent call first):
              [0] _shot (res://testing/harness_base.gd:43)
ERROR: Parameter "t" is null.
   at: texture_2d_get (./servers/rendering/dummy/storage/texture_storage.h:110)
   GDScript backtrace (most recent call first):
       [0] _shot (res://testing/harness_base.gd:43)
SCRIPT ERROR: Cannot call method 'save_png' on a null value.
          at: _shot (res://testing/harness_base.gd:43)
          GDScript backtrace (most recent call first):
              [0] _shot (res://testing/harness_base.gd:43)
NAV_SPACE arch -> gallery
NAV_ROUNDTRIP arch passed
NAV_SPACE gallery -> far
ERROR: Parameter "t" is null.
   at: texture_2d_get (./servers/rendering/dummy/storage/texture_storage.h:110)
   GDScript backtrace (most recent call first):
       [0] _shot (res://testing/harness_base.gd:43)
SCRIPT ERROR: Cannot call method 'save_png' on a null value.
          at: _shot (res://testing/harness_base.gd:43)
          GDScript backtrace (most recent call first):
              [0] _shot (res://testing/harness_base.gd:43)
ERROR: Parameter "t" is null.
   at: texture_2d_get (./servers/rendering/dummy/storage/texture_storage.h:110)
   GDScript backtrace (most recent call first):
       [0] _shot (res://testing/harness_base.gd:43)
SCRIPT ERROR: Cannot call method 'save_png' on a null value.
          at: _shot (res://testing/harness_base.gd:43)
          GDScript backtrace (most recent call first):
              [0] _shot (res://testing/harness_base.gd:43)
NAV_SPACE far -> gallery
NAV_ROUNDTRIP far passed
NAV_SPACE gallery -> arch
NAV_SPACE arch -> gallery
NAV_KEY_ROUNDTRIP arch passed
NAV_SPACE gallery -> far
NAV_SPACE far -> gallery
NAV_KEY_ROUNDTRIP far passed
NAV_PICK floor
NAV_SPACE gallery -> arch
NAV_PICK floor
NAV_SPACE arch -> gallery
NAV_CLICK_ROUNDTRIP arch passed
NAV_PICK floor
NAV_SPACE gallery -> far
NAV_PICK floor
NAV_SPACE far -> gallery
NAV_CLICK_ROUNDTRIP far passed
VIEW_ORBIT {"position":[-2.59999990463257,-12.0],"space":"gallery","yaw":2.4699756330259}
VIEW_ORBIT {"position":[-2.59999990463257,-12.0],"space":"gallery","yaw":2.07178781644324}
VIEW_ORBIT {"position":[-2.59999990463257,-12.0],"space":"gallery","yaw":2.16997337231589}
NAV_PICK floor
NAV_INPUT drag/easing/pan/wheel/click/cancel passed; paintings=23
NAV_FAILURES 0
WARNING: 16 ObjectDB instances were leaked at exit (run with `--verbose` for details).
   at: cleanup (core/object/object.cpp:2536)
ERROR: 8 resources still in use at exit (run with --verbose for details).
   at: clear (core/io/resource.cpp:822)
