npm notice run test:collection
npm notice run node --experimental-strip-types --test modules/collection_data/server/*.test.ts
TAP version 13
# Subtest: whole corpus filtering, four orders, unknown dates/ties and pinned page two
ok 1 - whole corpus filtering, four orders, unknown dates/ties and pinned page two
  ---
  duration_ms: 5.589319
  type: 'test'
  ...
# Subtest: invalid wire parameters and records are errors, never empty success
ok 2 - invalid wire parameters and records are errors, never empty success
  ---
  duration_ms: 2.035841
  type: 'test'
  ...
# Subtest: challenged/malformed refresh retains valid corpus; images are manifest-only and hash-verified
ok 3 - challenged/malformed refresh retains valid corpus; images are manifest-only and hash-verified
  ---
  duration_ms: 1.274859
  type: 'test'
  ...
# Subtest: snapshot hash ignores object property order and result mutation
ok 4 - snapshot hash ignores object property order and result mutation
  ---
  duration_ms: 3.565089
  type: 'test'
  ...
# Subtest: verified painting manifests match committed bytes; official entity/category normalization
ok 5 - verified painting manifests match committed bytes; official entity/category normalization
  ---
  duration_ms: 12.625967
  type: 'test'
  ...
# Subtest: static GLBs retain exact bytes and MIME while the entry, Collection route and 404 stay intact
ok 6 - static GLBs retain exact bytes and MIME while the entry, Collection route and 404 stay intact
  ---
  duration_ms: 337.728351
  type: 'test'
  ...
1..6
# tests 6
# suites 0
# pass 6
# fail 0
# cancelled 0
# skipped 0
# todo 0
# duration_ms 5320.397345
