BAKE_RECOVERY editor failure and preflight refusal preserve working files
Godot Engine v4.7.2.stable.official.ed1daf0bf - https://godotengine.org
WARNING: Your video card drivers seem not to support the required OpenGL version, switching to OpenGLES.
     at: DisplayServerX11 (platform/linuxbsd/x11/display_server_x11.cpp:7201)
OpenGL API OpenGL ES 3.1 Mesa 25.2.8-0ubuntu0.24.04.2 - Compatibility - Using Device: Microsoft - D3D12 (NVIDIA GeForce RTX 4070 SUPER)

GAMECUBE_GPU mode=0 filter=0.0 pixels=1600 max_error=0.00250989198685
GAMECUBE_GPU mode=0 filter=0.5 pixels=1600 max_error=0.00245094299316
GAMECUBE_GPU mode=0 filter=1.0 pixels=1600 max_error=0.00235295295715
GAMECUBE_GPU mode=1 filter=0.0 pixels=1600 max_error=0.00224095582962
GAMECUBE_GPU mode=1 filter=0.5 pixels=1600 max_error=0.0023809671402
GAMECUBE_GPU mode=1 filter=1.0 pixels=1600 max_error=0.00254899263382
GAMECUBE_GPU mode=2 filter=0.0 pixels=1600 max_error=0.00246500968933
GAMECUBE_GPU mode=2 filter=0.5 pixels=1600 max_error=0.00261443853378
GAMECUBE_GPU mode=2 filter=1.0 pixels=1600 max_error=0.00248366594315
COLOR_3D backend=gl_compatibility viewport=160x80 msaa=2x max_paint_error=0.00980392098427 max_engine_oracle_error=0.00000002968545 samples=[[0.0,0.0,0.0],[1.0,1.0,1.0],[0.250980406999588,0.250980406999588,0.250980406999588],[0.501960813999176,0.501960813999176,0.501960813999176],[0.749019622802734,0.749019622802734,0.749019622802734],[0.898039221763611,0.800000011920929,0.600000023841858],[0.800000011920929,0.0901960805058479,0.0901960805058479],[0.0901960805058479,0.196078434586525,0.800000011920929],[0.0,0.0,0.0],[1.0,1.0,1.0],[0.250980406999588,0.250980406999588,0.250980406999588],[0.501960813999176,0.501960813999176,0.501960813999176],[0.749019622802734,0.749019622802734,0.749019622802734],[0.898039221763611,0.800000011920929,0.600000023841858],[0.800000011920929,0.0901960805058479,0.0901960805058479],[0.0901960805058479,0.196078434586525,0.800000011920929]]
COLOR_3D_FINISH mode=0 max_error=0.0
COLOR_3D_FINISH mode=1 max_error=0.00186741352081
COLOR_3D_FINISH mode=2 max_error=0.00191408395767
QUIET_GPU CRT_and_HAZE pixels=1600 max_error=0.0
QUIET_GPU outside_region_effect_delta=0.11764705181122
MAPPING_REFRESH production_callbacks=3 elapsed=0.05s qa_timer=0.05
FINAL_RENDER_GPU_FAILURES 0
Godot Engine v4.7.2.stable.official.ed1daf0bf - https://godotengine.org
WARNING: Your video card drivers seem not to support the required OpenGL version, switching to OpenGLES.
     at: DisplayServerX11 (platform/linuxbsd/x11/display_server_x11.cpp:7201)
OpenGL API OpenGL ES 3.1 Mesa 25.2.8-0ubuntu0.24.04.2 - Compatibility - Using Device: Microsoft - D3D12 (NVIDIA GeForce RTX 4070 SUPER)

VISITOR_MOTION walk=21 look=18 greeting=24 empty_rejected=true static_rejected=true failures=0
Godot Engine v4.7.2.stable.official.ed1daf0bf - https://godotengine.org
WARNING: Your video card drivers seem not to support the required OpenGL version, switching to OpenGLES.
     at: DisplayServerX11 (platform/linuxbsd/x11/display_server_x11.cpp:7201)
OpenGL API OpenGL ES 3.1 Mesa 25.2.8-0ubuntu0.24.04.2 - Compatibility - Using Device: Microsoft - D3D12 (NVIDIA GeForce RTX 4070 SUPER)

RIG_CONTACT contacts=22 max_stance_drift=0.00000039340193 penetration=0.00006097038568
RIG_STOP_PHASES count=24 max_drift=0.00000027022017
RIG_PIVOT max_stance_drift=0.00000026819296 boot_penetration=0.00006098146696
RIG_FAILURES 0
Godot Engine v4.7.2.stable.official.ed1daf0bf - https://godotengine.org
WARNING: Your video card drivers seem not to support the required OpenGL version, switching to OpenGLES.
     at: DisplayServerX11 (platform/linuxbsd/x11/display_server_x11.cpp:7201)
OpenGL API OpenGL ES 3.1 Mesa 25.2.8-0ubuntu0.24.04.2 - Compatibility - Using Device: Microsoft - D3D12 (NVIDIA GeForce RTX 4070 SUPER)

RIG_LIGHT raw head=(0.4118, 0.2471, 0.1922, 1.0)
RIG_LIGHT warm head=(0.2471, 0.0863, 0.0941, 1.0)
RIG_LIGHT cool head=(0.4824, 0.3216, 0.2, 1.0)
RIG_LIGHT disabled head=(0.0, 0.0, 0.0, 1.0)
RIG_ORIGINAL_AMBIENT head=(0.9647, 0.8, 0.6863, 1.0)
NAV_SPACE gallery -> arch
RIG_RENDER_FAILURES 0
Godot Engine v4.7.2.stable.official.ed1daf0bf - https://godotengine.org
WARNING: Your video card drivers seem not to support the required OpenGL version, switching to OpenGLES.
     at: DisplayServerX11 (platform/linuxbsd/x11/display_server_x11.cpp:7201)
OpenGL API OpenGL ES 3.1 Mesa 25.2.8-0ubuntu0.24.04.2 - Compatibility - Using Device: Microsoft - D3D12 (NVIDIA GeForce RTX 4070 SUPER)

NAV_SPACE gallery -> gallery
SOLE_VISIBILITY native front foot=0 attached_pixels=289 previous_pixels=189 displaced_pixels=0
SOLE_VISIBILITY native front foot=1 attached_pixels=292 previous_pixels=168 displaced_pixels=0
NAV_SPACE gallery -> gallery
SOLE_VISIBILITY native side foot=0 attached_pixels=50 previous_pixels=44 displaced_pixels=0
SOLE_VISIBILITY native side foot=1 attached_pixels=413 previous_pixels=1 displaced_pixels=0
NAV_SPACE gallery -> gallery
SOLE_VISIBILITY native back foot=0 attached_pixels=602 previous_pixels=208 displaced_pixels=0
SOLE_VISIBILITY native back foot=1 attached_pixels=599 previous_pixels=273 displaced_pixels=0
NAV_SPACE gallery -> gallery
SOLE_VISIBILITY native stride foot=1 attached_pixels=268 previous_pixels=196 displaced_pixels=0
NAV_SPACE gallery -> arch
SOLE_VISIBILITY native white foot=0 attached_pixels=305 previous_pixels=220 displaced_pixels=0
SOLE_VISIBILITY native white foot=1 attached_pixels=296 previous_pixels=196 displaced_pixels=0
NAV_SPACE arch -> gallery
SOLE_VISIBILITY embedded front foot=0 attached_pixels=63 previous_pixels=41 displaced_pixels=0
SOLE_VISIBILITY embedded front foot=1 attached_pixels=66 previous_pixels=38 displaced_pixels=0
NAV_SPACE gallery -> gallery
SOLE_VISIBILITY embedded side foot=0 attached_pixels=8 previous_pixels=7 displaced_pixels=0
SOLE_VISIBILITY embedded side foot=1 attached_pixels=102 previous_pixels=0 displaced_pixels=0
NAV_SPACE gallery -> gallery
SOLE_VISIBILITY embedded back foot=0 attached_pixels=144 previous_pixels=45 displaced_pixels=0
SOLE_VISIBILITY embedded back foot=1 attached_pixels=144 previous_pixels=65 displaced_pixels=0
NAV_SPACE gallery -> gallery
SOLE_VISIBILITY embedded stride foot=1 attached_pixels=59 previous_pixels=47 displaced_pixels=0
NAV_SPACE gallery -> arch
SOLE_VISIBILITY embedded white foot=0 attached_pixels=70 previous_pixels=49 displaced_pixels=0
SOLE_VISIBILITY embedded white foot=1 attached_pixels=67 previous_pixels=48 displaced_pixels=0
SOLE_VISIBILITY_FAILURES 0
Godot Engine v4.7.2.stable.official.ed1daf0bf - https://godotengine.org
WARNING: Your video card drivers seem not to support the required OpenGL version, switching to OpenGLES.
     at: DisplayServerX11 (platform/linuxbsd/x11/display_server_x11.cpp:7201)
OpenGL API OpenGL ES 3.1 Mesa 25.2.8-0ubuntu0.24.04.2 - Compatibility - Using Device: Microsoft - D3D12 (NVIDIA GeForce RTX 4070 SUPER)

DOORWAY_FLOOR 1152-baked-arch clear_samples=9/9
DOORWAY_FLOOR 1152-baked-far clear_samples=9/9
DOORWAY_FLOOR 1152-original-arch clear_samples=9/9
DOORWAY_FLOOR 1152-original-far clear_samples=9/9
DOORWAY_FLOOR 588-baked-arch clear_samples=9/9
DOORWAY_FLOOR 588-baked-far clear_samples=9/9
DOORWAY_FLOOR 588-original-arch clear_samples=9/9
DOORWAY_FLOOR 588-original-far clear_samples=9/9
DOORWAY_FAILURES 0
Godot Engine v4.7.2.stable.official.ed1daf0bf - https://godotengine.org
WARNING: Your video card drivers seem not to support the required OpenGL version, switching to OpenGLES.
     at: DisplayServerX11 (platform/linuxbsd/x11/display_server_x11.cpp:7201)
OpenGL API OpenGL ES 3.1 Mesa 25.2.8-0ubuntu0.24.04.2 - Compatibility - Using Device: Microsoft - D3D12 (NVIDIA GeForce RTX 4070 SUPER)

ENTRY_COMPLETE (0.0, 0.0, -2.569998)
NAV_SPACE gallery -> arch
NAV_SPACE arch -> gallery
NAV_ROUNDTRIP arch passed
NAV_SPACE gallery -> far
NAV_SPACE far -> gallery
NAV_ROUNDTRIP far passed
NAV_SPACE gallery -> arch
NAV_SPACE arch -> gallery
NAV_KEY_ROUNDTRIP arch passed
NAV_SPACE gallery -> far
NAV_SPACE far -> gallery
NAV_KEY_ROUNDTRIP far passed
NAV_PICK floor
NAV_SPACE gallery -> arch
NAV_PICK floor
NAV_SPACE arch -> gallery
NAV_CLICK_ROUNDTRIP arch passed
NAV_PICK floor
NAV_SPACE gallery -> far
NAV_PICK floor
NAV_SPACE far -> gallery
NAV_CLICK_ROUNDTRIP far passed
VIEW_ORBIT {"position":[-2.59999990463257,-12.0],"space":"gallery","yaw":2.4699756330259}
VIEW_ORBIT {"position":[-2.59999990463257,-12.0],"space":"gallery","yaw":2.07178781644324}
VIEW_ORBIT {"position":[-2.59999990463257,-12.0],"space":"gallery","yaw":2.16997337231589}
NAV_PICK floor
NAV_INPUT drag/easing/pan/wheel/click/cancel passed; paintings=23
NAV_FAILURES 0
Godot Engine v4.7.2.stable.official.ed1daf0bf - https://godotengine.org
WARNING: Your video card drivers seem not to support the required OpenGL version, switching to OpenGLES.
     at: DisplayServerX11 (platform/linuxbsd/x11/display_server_x11.cpp:7201)
OpenGL API OpenGL ES 3.1 Mesa 25.2.8-0ubuntu0.24.04.2 - Compatibility - Using Device: Microsoft - D3D12 (NVIDIA GeForce RTX 4070 SUPER)

ENTRY_COMPLETE (0.0, 0.0, -2.558869)
DOLLHOUSE_RENDER texture_bytes=292567596 draw_calls=86
DOLLHOUSE_BENCH_BEVEL faces=32
VIEW gallery yaw 90.0
VIEW dollhouse yaw 90.0
VIEW dollhouse yaw -90.0
OTHER_WALL east
VIEW dollhouse yaw 90.0
OTHER_WALL west
DOLLHOUSE_OTHER_WALL both directions
DOLLHOUSE_FOOTSTEPS contacts_2s=7 blocked=0
VIEW_ORBIT {"position":[-2.43398880958557,-12.6477041244507],"space":"gallery","yaw":0.000794557779508542}
VIEW_ORBIT {"position":[4.0,-12.0],"space":"gallery","yaw":-1.57041866639589}
VIEW_ORBIT {"position":[4.0,-12.0],"space":"gallery","yaw":-3.14097189308964}
VIEW_ORBIT {"position":[4.0,-12.0],"space":"gallery","yaw":1.57129126737743}
NAV_PICK floor
DOLLHOUSE_HIDDEN_WALL 1
NAV_PICK W1
NAV_PICK W2
NAV_PICK W3
NAV_PICK W4
NAV_PICK W5
NAV_PICK W6
NAV_PICK W7
NAV_PICK W8
NAV_PICK W9
NAV_PICK W10
VIEW_ORBIT {"position":[2.40000009536743,-23.0603446960449],"space":"gallery","yaw":0.000537452255951143}
VIEW_ORBIT {"position":[2.40000009536743,-23.0603446960449],"space":"gallery","yaw":-1.57026933580593}
NAV_PICK E1
NAV_PICK E2
NAV_PICK E3
NAV_PICK E4
NAV_PICK E5
NAV_PICK E6
NAV_PICK E7
NAV_PICK E8
NAV_PICK E9
VIEW_ORBIT {"position":[3.11499977111816,-2.59999990463257],"space":"gallery","yaw":-3.14112443593448}
NAV_PICK S1
NAV_PICK S2
VIEW_ORBIT {"position":[-3.11500000953674,-23.6999988555908],"space":"gallery","yaw":1.5712679072042}
VIEW_ORBIT {"position":[-3.11500000953674,-23.6999988555908],"space":"gallery","yaw":0.000410415489115793}
NAV_PICK N1
NAV_PICK N2
DOLLHOUSE_ARTWORKS 23/23
DOLLHOUSE_FAILURES 0
Godot Engine v4.7.2.stable.official.ed1daf0bf - https://godotengine.org
WARNING: Your video card drivers seem not to support the required OpenGL version, switching to OpenGLES.
     at: DisplayServerX11 (platform/linuxbsd/x11/display_server_x11.cpp:7201)
OpenGL API OpenGL ES 3.1 Mesa 25.2.8-0ubuntu0.24.04.2 - Compatibility - Using Device: Microsoft - D3D12 (NVIDIA GeForce RTX 4070 SUPER)

ENTRY_COMPLETE (0.0, 0.0, -2.555259)
VIEW original yaw -180.0
NAV_PICK W6
NAV_PICK E4
NAV_PICK E4
NAV_PICK N1
STEP-BACK z before -5.25 after -4.28 target <null>
BOTH-BENCHES end pos (0.029052, 0.0, -5.034198) target <null>
AGAINST-BENCH path [(1.6, 0.0, -6.85), (1.6, 0.0, -11.15), (1.6, 0.0, -14.85), (1.6, 0.0, -19.15)]
AGAINST-BENCH end pos (0.037091, 0.0, -18.9048) target <null>
FUZZ 0 of 300 walks failed
HALF-VISIBLE picks E6 at (362.4364, 245.9633)
NAV_PICK E6
HALF-VISIBLE open E6
