Godot Engine v4.7.2.stable.official.ed1daf0bf - https://godotengine.org
WARNING: Your video card drivers seem not to support the required OpenGL version, switching to OpenGLES.
     at: DisplayServerX11 (platform/linuxbsd/x11/display_server_x11.cpp:7201)
OpenGL API OpenGL ES 3.2 Mesa 25.2.8-0ubuntu0.24.04.2 - Compatibility - Using Device: Mesa - llvmpipe (LLVM 20.1.2, 256 bits)

DOORWAY_PROTOTYPE view=0
DOORWAY_PROTOTYPE view=5
CAPTURE docs/evidence/owner-world-177/native/1600-view-5.png
DOORWAY_PROTOTYPE view=9
CAPTURE docs/evidence/owner-world-177/native/1600-view-9.png
DOORWAY_PROTOTYPE view=10
CAPTURE docs/evidence/owner-world-177/native/1600-view-10.png
DOORWAY_PROTOTYPE view=11
CAPTURE docs/evidence/owner-world-177/native/1600-view-11.png
DOORWAY_PROTOTYPE view=12
CAPTURE docs/evidence/owner-world-177/native/1600-view-12.png
DOORWAY_PROTOTYPE view=13
CAPTURE docs/evidence/owner-world-177/native/1600-view-13.png
DOORWAY_PROTOTYPE view=16
CAPTURE docs/evidence/owner-world-177/native/1600-view-16.png
DOORWAY_PROTOTYPE view=17
CAPTURE docs/evidence/owner-world-177/native/1600-view-17.png
DOORWAY_PROTOTYPE view=5
CAPTURE docs/evidence/owner-world-177/native/720-view-5.png
DOORWAY_PROTOTYPE view=9
CAPTURE docs/evidence/owner-world-177/native/720-view-9.png
DOORWAY_PROTOTYPE view=10
CAPTURE docs/evidence/owner-world-177/native/720-view-10.png
DOORWAY_PROTOTYPE view=11
CAPTURE docs/evidence/owner-world-177/native/720-view-11.png
DOORWAY_PROTOTYPE view=12
CAPTURE docs/evidence/owner-world-177/native/720-view-12.png
DOORWAY_PROTOTYPE view=13
CAPTURE docs/evidence/owner-world-177/native/720-view-13.png
DOORWAY_PROTOTYPE view=16
CAPTURE docs/evidence/owner-world-177/native/720-view-16.png
DOORWAY_PROTOTYPE view=17
CAPTURE docs/evidence/owner-world-177/native/720-view-17.png
