[2026-10-01 05:21:59] INFO: Fetched (200) <GET https://risdmuseum.org/api/v1/collection?search_api_fulltext=grating&items_per_page=25&page=0> (referer: https://www.google.com/)
1510986 63.005.3 Sampler Almira Budlong
1403641 1988.001 Radiating Grate Stove A.C. Barstow &amp; Company
1188926 49.482 Fireplace Grate Unknown Maker, English
1241086 78.006.84 5979 Milano(Cattedrale)Crociera vista dal Lato meridionale Unknown Maker
[2026-10-01 05:22:00] INFO: Fetched (200) <GET https://risdmuseum.org/api/v1/collection?search_api_fulltext=ironwork&items_per_page=25&page=0> (referer: https://www.google.com/)
[2026-10-01 05:22:00] INFO: Fetched (200) <GET https://risdmuseum.org/api/v1/collection?search_api_fulltext=railing&items_per_page=25&page=0> (referer: https://www.google.com/)
1493171 85.024 Elastic Armchair Samuel Gragg
1569001 1989.009 Architect&#039;s Valet Chair Alphonse Mattia
1310476 44.038 Pair of Side Chairs Unknown Maker, American
1584156 84.023 Card Table Joseph Rawson and Sons
1255471 59.254.2 Side Chair Unknown Maker, American
1451636 68.167 Side Chair Unknown Maker, American
1453371 59.254.1 Side Chair Unknown Maker, American
1526296 1993.086.1 Pair of Side Chairs Unknown Maker, American
1530426 1993.086.2 Pair of Side Chairs Unknown Maker, American
1337311 2000.108 Rocking Chair Josef Hofmann Successeurs
1548491 56.025 Console table Unknown Maker, French
1208271 2007.129.2 Rail Station Platform Ralston Crawford
1211786 2008.83 Chair (Chair-869) Garry Knox Bennett
1271896 04.048 Side Chair Morlock and Bayer
1288826 37.146 Stool François Honoré Georges Jacob-Desmalter
1546421 59.253 Armchair Sypher &amp; Co.
1205541 51.138 Side Chair Unknown Maker, English
1220126 1989.103.713 Designs for Screens and Shutters Thedlow Inc.
1239071 04.124 Side Chair Unknown Maker, American
1255616 71.098 side chair Unknown Maker, English
1270946 35.052 The Baltimore and Ohio Rail Road Plate Enoch Wood and Sons
1271551 37.267 side chair Unknown Maker, American
1272046 1995.030 Be Prepared Shawn Goodell
1272111 04.049 Side Chair Morlock and Bayer
1287316 35.170 The Baltimore and Ohio Rail Road Plate Enoch Wood and Sons
[2026-10-01 05:22:01] INFO: Fetched (200) <GET https://risdmuseum.org/api/v1/collection?search_api_fulltext=railing&items_per_page=25&page=1> (referer: https://www.google.com/)
1304856 85.075.7b Side Chair James Wyatt
1310986 79.004 Émigrants James Tissot
1336951 04.130 Side Chair Unknown Maker, English
1337016 71.099 side chair Unknown Maker, English
1337061 51.135 Side Chair Unknown Maker, English
1337436 51.136 Side Chair Unknown Maker, English
1344356 2016.6 Mono Rail Over No Man&#039;s Land Nicole Eisenman
1353776 51.137 Side Chair Unknown Maker, English
1353781 76.046.2 Chair Unknown Maker, American
1389721 2010.82.26 Power Turbine, Pennsylvania Rail Road, New York City Lewis Wickes Hine
1420151 37.147 Stool François Honoré Georges Jacob-Desmalter
1443536 04.047 Side Chair Morlock and Bayer
1479391 34.359 &quot;Black&quot; bamboo Utagawa Kunisato
1502436 85.075.7c Side Chair James Wyatt
1524356 2004.117.1 Transsibirische Bahn (Trans-Siberian Rail) Joseph Beuys
1534031 2016.51 Bad House Shelf Jessi Reaves
1544276 60.005 The Two Friends (Les Deux Amis) James Tissot
1547371 2008.98.4 Water Rail (Kuina) Kōno Bairei
1219691 2005.118.45.1082 Design for a Breakfast Set Gorham Manufacturing Company
1222311 85.079 Side Chair Walter Corey
1239286 82.061.1 Chair Unknown Maker, French
1241086 78.006.84 5979 Milano(Cattedrale)Crociera vista dal Lato meridionale Unknown Maker
1248541 2004.117.1B Transsibirische Bahn (Trans-Siberian Rail) Joseph Beuys
1260366 2009.91.4 Rail Shooting Arthur Burdett Frost I
1265136 2004.117.2B Transsibirische Bahn (Trans-Siberian Rail) Joseph Beuys
[2026-10-01 05:22:02] INFO: Fetched (200) <GET https://risdmuseum.org/api/v1/collection?search_api_fulltext=railing&items_per_page=25&page=2> (referer: https://www.google.com/)
1271846 04.005 Side Chair Morlock and Bayer
1272401 37.258 side chair Unknown Maker, American
1273906 39.136 Altar Rail Unknown Maker, Italian
1276641 1992.001.112 Rail Scape (Newark, New Jersey) Joseph Pennell
1288816 94.031 side chair Unknown Maker, Italian
1346716 2004.117.1A Transsibirische Bahn (Trans-Siberian Rail) Joseph Beuys
1363206 2004.117.2A Transsibirische Bahn (Trans-Siberian Rail) Joseph Beuys
1403821 04.004 Side Chair Morlock and Bayer
1419846 04.081 Horse Screen Unknown Maker, English
1420121 82.061.2 Chair Unknown Maker, French
1453311 1996.62.1 Chair Louis Mueller
1501141 36.204.29 Architectural Drawing, Section of Rail and Newell Post, Unknown Building Thomas Alexander Tefft
1502741 04.006 Side Chair Morlock and Bayer
1516141 36.205.21 Architectural Drawing Detail of Railing to Galleries for the Rhode Island State Prison Thomas Alexander Tefft
1528471 2001.67 The Lee Rail Wharton Esherick
1542006 77.128 Inaccessible Island Rail Frank Stella
1546531 1990.103 Tall Back Chair John C. Hubbard
1641101 04.099c Left Side Rail Unknown Maker, English
1641106 04.099d Right Side Rail Unknown Maker, English
1550686 46.465.50 Nouveau Livre de Serrurerie (New Book of Locksmithing) Daniel Marot
1555831 2006.5.1a Ventilation Grills (Punching through the Clouds) Martin Boyce
1318541 2005.118.45.1137 Design for a Gate Gorham Manufacturing Company
1337886 27.184 Grill Unknown Maker, Italian
1526721 2006.44 Double Grill I Maria Elena Gonzalez
1555826 2006.5.1d Ventilation Grills (Punching through the Clouds) Martin Boyce
1555836 2006.5.1b Ventilation Grills (Punching through the Clouds) Martin Boyce
1555841 2006.5.1c Ventilation Grills (Punching through the Clouds) Martin Boyce
1555846 2006.5.1a-d Ventilation Grills (Punching through the Clouds) Martin Boyce
1584231 52.275 The Grill Ernest David Roth
1206081 53.085 Clock Grille Unknown Maker, Italian
