[2026-10-01 05:23:47] INFO: Fetched (200) <GET https://risdmuseum.org/api/v1/collection?search_api_fulltext=wrought+iron&items_per_page=25&page=0> (referer: https://www.google.com/)
1187026 63.011.442 Two designs for wrought iron (designs on verso) William Edgar Brigham
1187576 63.011.370 Sketch for wrought iron lamp William Edgar Brigham
1208421 78.006.63 Wrought iron ornament about four feet from ring to top Paolo Lombardi
1221851 24.141 rush lamp Unknown Maker
1238861 48.353 Chandelier Unknown Maker, American
1279336 2004.8 Joined chest Julia Lippitt Mauran
1370036 20.892 Double Crusie Lamp Unknown Maker, American
1371036 20.419X Table Rushnip Unknown Maker, American
1403411 20.420 Candlestick Unknown Maker, American
1501836 1995.010 Chandelier Daum
1501976 24.049 Architectural Element (door latch) Unknown Maker, Spanish
1547511 1994.104.4 Spoon Unknown Maker, American
1547531 1994.104.2 Tongs Unknown Maker, American
1547606 1994.104.3 Candleholder Unknown Maker, American
1255721 62.120.4A Candleholder Unknown Maker
1320651 62.120.4B Candleholder Unknown Maker
1337661 44.348b Pair of Andirons Unknown Maker, American
1487096 44.348a Pair of Andirons Unknown Maker, American
1494086 2014.4.3.9 Bling (wrought iron) POLLACK &amp; Associates
1546546 81.276 skirt form Unknown Maker, American
1646953 85.075.18a-b Doorbell Unknown Maker
