Godot Engine v4.7.2.stable.official.ed1daf0bf - https://godotengine.org

[   0% ] first_scan_filesystem | Started Project initialization (5 steps)
[   0% ] first_scan_filesystem | Scanning file structure...
[  16% ] first_scan_filesystem | Loading global class names...
[  33% ] first_scan_filesystem | Verifying GDExtensions...
[  50% ] first_scan_filesystem | Creating autoload scripts...
[  66% ] first_scan_filesystem | Initializing plugins...
[  83% ] first_scan_filesystem | Starting file scan...
[ DONE ] first_scan_filesystem

[   0% ] savepack | Started Packing (102 steps)
[   1% ] savepack | Storing File: res://.godot/imported/bookcase.png-3ebea661e863b0e07e0b1b330dd43e93.ctex
[   1% ] savepack | Storing File: res://assets/bookcase.png.import
[   5% ] savepack | Storing File: res://assets/frame-geometry.json
[   9% ] savepack | Storing File: res://.godot/imported/frame.png-b49da370ab5b416325f31bcd38e64bfc.ctex
[   9% ] savepack | Storing File: res://assets/frame.png.import
[  13% ] savepack | Storing File: res://assets/mirror-outline.json
[  17% ] savepack | Storing File: res://.godot/imported/mirror.png-d6dc28dcbed13c71804192551d55f50d.ctex
[  17% ] savepack | Storing File: res://assets/mirror.png.import
[  21% ] savepack | Storing File: res://.godot/imported/painting-35.786.jpg-4595b260b47ef693ed1e332873b46301.ctex
[  21% ] savepack | Storing File: res://assets/painting-35.786.jpg.import
[  26% ] savepack | Storing File: res://.godot/imported/sofa-cloth.webp-717b29af6b99bb342d75447ceec8ac05.ctex
[  26% ] savepack | Storing File: res://assets/sofa-cloth.webp.import
[  30% ] savepack | Storing File: res://.godot/imported/character.glb-e12061b755981e8fcd4acf8c146c4818.scn
[  30% ] savepack | Storing File: res://modules/shell/prototype/gallery_walk4/visitor159/inputs/character.glb.import
[  33% ] savepack | Storing File: res://.godot/imported/character_risd-163-eye-baked.png-31f77100bf5ba4c72d2963f44f5ef05a.ctex
[  33% ] savepack | Storing File: res://modules/shell/prototype/gallery_walk4/visitor159/inputs/character_risd-163-eye-baked.png.import
[  37% ] savepack | Storing File: res://.godot/imported/character_risd-163-hair36-source-tinted.png-e0aae40f6fc7a25a6fad0df504b4dbd5.ctex
[  37% ] savepack | Storing File: res://modules/shell/prototype/gallery_walk4/visitor159/inputs/character_risd-163-hair36-source-tinted.png.import
[  41% ] savepack | Storing File: res://.godot/imported/character_risd-163-mouth-baked.png-4a525a5a84fa3055a76bb6c84b7464e9.ctex
[  41% ] savepack | Storing File: res://modules/shell/prototype/gallery_walk4/visitor159/inputs/character_risd-163-mouth-baked.png.import
[  45% ] savepack | Storing File: res://.godot/imported/character_risd-163-shirt-baked.png-96ff607d57cb1746a71b258a552a6fb6.ctex
[  45% ] savepack | Storing File: res://modules/shell/prototype/gallery_walk4/visitor159/inputs/character_risd-163-shirt-baked.png.import
[  50% ] savepack | Storing File: res://.godot/imported/donor.glb-82dcbd97f890f6b17ba7687fa66be589.scn
[  50% ] savepack | Storing File: res://modules/shell/prototype/gallery_walk4/visitor159/inputs/donor.glb.import
[  54% ] savepack | Storing File: res://.godot/imported/donor_rogue_texture.png-d08c50a5daee1e78284593e8c69cfb10.ctex
[  54% ] savepack | Storing File: res://modules/shell/prototype/gallery_walk4/visitor159/inputs/donor_rogue_texture.png.import
[  58% ] savepack | Storing File: res://modules/shell/prototype/gallery_walk4/visitor159/visitor.gdc
[  62% ] savepack | Storing File: res://modules/shell/prototype/gallery_walk4/painting_asset.gdc
[  66% ] savepack | Storing File: res://modules/shell/prototype/gallery_walk4/ps1.gdshader
[  69% ] savepack | Storing File: res://.godot/imported/oak-muse.webp-2dc1d679d29a875155a389c616a9588d.ctex
[  69% ] savepack | Storing File: res://textures/oak-muse.webp.import
[  74% ] savepack | Storing File: res://.godot/imported/wall-muse.webp-414ed7335333e474ad5a45f457dd80d9.ctex
[  74% ] savepack | Storing File: res://textures/wall-muse.webp.import
[  78% ] savepack | Storing File: res://doorway_walk.gdc
[  82% ] savepack | Storing File: res://geometry.json
[  86% ] savepack | Storing File: res://.godot/exported/133200997/export-b9102c3aee022ce6766fcbd2c7ed0711-remodel_room.scn
[  90% ] savepack | Storing File: res://remodel_review.gdc
[  94% ] savepack | Storing File: res://remodel_room.gdc
[  94% ] savepack | Storing File: res://modules/shell/prototype/gallery_walk4/visitor159/visitor.gd.remap
[  94% ] savepack | Storing File: res://modules/shell/prototype/gallery_walk4/painting_asset.gd.remap
[  94% ] savepack | Storing File: res://doorway_walk.gd.remap
[  94% ] savepack | Storing File: res://remodel_room.tscn.remap
[  94% ] savepack | Storing File: res://remodel_review.gd.remap
[  94% ] savepack | Storing File: res://remodel_room.gd.remap
[  94% ] savepack | Storing File: res://.godot/global_script_class_cache.cfg
[  94% ] savepack | Storing File: res://.godot/uid_cache.bin
[  94% ] savepack | Storing File: res://project.binary
[ DONE ] savepack
