Godot Engine v4.7.2.stable.official.ed1daf0bf - https://godotengine.org
Vulkan 1.4.318 - Forward Mobile - Using Device #0: Unknown - llvmpipe (LLVM 20.1.2, 256 bits)

res://presentation/wall-plaster.png: Texture detected as used in 3D. Enabling mipmap generation and setting the texture compression mode to VRAM Compressed (S3TC/ETC/BPTC).
res://assets/bookcase.png: Texture detected as used in 3D. Enabling mipmap generation and setting the texture compression mode to VRAM Compressed (S3TC/ETC/BPTC).
res://assets/pair-mirror.png: Texture detected as used in 3D. Enabling mipmap generation and setting the texture compression mode to VRAM Compressed (S3TC/ETC/BPTC).
res://assets/mirror.png: Texture detected as used in 3D. Enabling mipmap generation and setting the texture compression mode to VRAM Compressed (S3TC/ETC/BPTC).
res://assets/tureen.png: Texture detected as used in 3D. Enabling mipmap generation and setting the texture compression mode to VRAM Compressed (S3TC/ETC/BPTC).
res://assets/frame.png: Texture detected as used in 3D. Enabling mipmap generation and setting the texture compression mode to VRAM Compressed (S3TC/ETC/BPTC).
res://assets/painting-35.786.jpg: Texture detected as used in 3D. Enabling mipmap generation and setting the texture compression mode to VRAM Compressed (S3TC/ETC/BPTC).
res://assets/edwards-frame.png: Texture detected as used in 3D. Enabling mipmap generation and setting the texture compression mode to VRAM Compressed (S3TC/ETC/BPTC).
res://assets/painting-58.197.jpg: Texture detected as used in 3D. Enabling mipmap generation and setting the texture compression mode to VRAM Compressed (S3TC/ETC/BPTC).
res://assets/settee-part-0.png: Texture detected as used in 3D. Enabling mipmap generation and setting the texture compression mode to VRAM Compressed (S3TC/ETC/BPTC).
res://assets/settee-part-1.png: Texture detected as used in 3D. Enabling mipmap generation and setting the texture compression mode to VRAM Compressed (S3TC/ETC/BPTC).
res://assets/settee-part-2.png: Texture detected as used in 3D. Enabling mipmap generation and setting the texture compression mode to VRAM Compressed (S3TC/ETC/BPTC).
res://assets/settee-part-3.png: Texture detected as used in 3D. Enabling mipmap generation and setting the texture compression mode to VRAM Compressed (S3TC/ETC/BPTC).
res://assets/settee-part-4.png: Texture detected as used in 3D. Enabling mipmap generation and setting the texture compression mode to VRAM Compressed (S3TC/ETC/BPTC).
res://assets/settee-cloth.png: Texture detected as used in 3D. Enabling mipmap generation and setting the texture compression mode to VRAM Compressed (S3TC/ETC/BPTC).
res://assets/armchair-part-0.png: Texture detected as used in 3D. Enabling mipmap generation and setting the texture compression mode to VRAM Compressed (S3TC/ETC/BPTC).
res://assets/armchair-part-1.png: Texture detected as used in 3D. Enabling mipmap generation and setting the texture compression mode to VRAM Compressed (S3TC/ETC/BPTC).
res://assets/armchair-part-2.png: Texture detected as used in 3D. Enabling mipmap generation and setting the texture compression mode to VRAM Compressed (S3TC/ETC/BPTC).
res://assets/armchair-cloth.png: Texture detected as used in 3D. Enabling mipmap generation and setting the texture compression mode to VRAM Compressed (S3TC/ETC/BPTC).
res://assets/entrance-chair-part-0.png: Texture detected as used in 3D. Enabling mipmap generation and setting the texture compression mode to VRAM Compressed (S3TC/ETC/BPTC).
res://assets/entrance-chair-part-1.png: Texture detected as used in 3D. Enabling mipmap generation and setting the texture compression mode to VRAM Compressed (S3TC/ETC/BPTC).
res://assets/entrance-chair-part-2.png: Texture detected as used in 3D. Enabling mipmap generation and setting the texture compression mode to VRAM Compressed (S3TC/ETC/BPTC).
res://assets/entrance-chair-part-3.png: Texture detected as used in 3D. Enabling mipmap generation and setting the texture compression mode to VRAM Compressed (S3TC/ETC/BPTC).
res://assets/entrance-chair-part-4.png: Texture detected as used in 3D. Enabling mipmap generation and setting the texture compression mode to VRAM Compressed (S3TC/ETC/BPTC).
res://assets/entrance-chair-part-5.png: Texture detected as used in 3D. Enabling mipmap generation and setting the texture compression mode to VRAM Compressed (S3TC/ETC/BPTC).
res://assets/entrance-chair-cloth.png: Texture detected as used in 3D. Enabling mipmap generation and setting the texture compression mode to VRAM Compressed (S3TC/ETC/BPTC).
res://presentation/oak-board-atlas-168-v3.webp: Texture detected as used in 3D. Enabling mipmap generation and setting the texture compression mode to VRAM Compressed (S3TC/ETC/BPTC).
BAKE_STARTED scene=res://modules/shell/prototype/gallery_walk4/baked/room.tscn
Done baking lightmaps in 00:00:00.00.
Done baking lightmaps in 00:00:16.00.
ERROR: Condition "p_I->data != this" is true. Returning: false
   at: erase (./core/templates/list.h:228)
BAKE_OK users=149
ERROR: Can't use get_node() with absolute paths from outside the active scene tree.
   at: get_node_or_null (scene/main/node.cpp:1910)
