Godot Engine v4.7.2.stable.official.ed1daf0bf - https://godotengine.org

[   0% ] [90m[1mfirst_scan_filesystem[22m | Started Project initialization (5 steps)[39m[0m
[   0% ] [90m[1mfirst_scan_filesystem[22m | Scanning file structure...[39m[0m
[  16% ] [90m[1mfirst_scan_filesystem[22m | Loading global class names...[39m[0m
[  33% ] [90m[1mfirst_scan_filesystem[22m | Verifying GDExtensions...[39m[0m
[  50% ] [90m[1mfirst_scan_filesystem[22m | Creating autoload scripts...[39m[0m
[  66% ] [90m[1mfirst_scan_filesystem[22m | Initializing plugins...[39m[0m
[  83% ] [90m[1mfirst_scan_filesystem[22m | Starting file scan...[39m[0m
[92m[ DONE ][39m [1mfirst_scan_filesystem[22m
[0m
[   0% ] [90m[1m_update_scan_actions[22m | Started Scanning actions... (17 steps)[39m[0m
[   0% ] [90m[1m_update_scan_actions[22m | bookcase-detail.png[39m[0m
[   5% ] [90m[1m_update_scan_actions[22m | bookcase-oblique.png[39m[0m
[  11% ] [90m[1m_update_scan_actions[22m | entrance-chair-detail.png[39m[0m
[  16% ] [90m[1m_update_scan_actions[22m | gallery.png[39m[0m
[  22% ] [90m[1m_update_scan_actions[22m | mirror-detail.png[39m[0m
[  27% ] [90m[1m_update_scan_actions[22m | phase-0.png[39m[0m
[  33% ] [90m[1m_update_scan_actions[22m | phase-1.png[39m[0m
[  38% ] [90m[1m_update_scan_actions[22m | phase-2.png[39m[0m
[  44% ] [90m[1m_update_scan_actions[22m | phase-3.png[39m[0m
[  50% ] [90m[1m_update_scan_actions[22m | phase-4.png[39m[0m
[  55% ] [90m[1m_update_scan_actions[22m | phase-5.png[39m[0m
[  61% ] [90m[1m_update_scan_actions[22m | phase-6.png[39m[0m
[  66% ] [90m[1m_update_scan_actions[22m | phase-7.png[39m[0m
[  72% ] [90m[1m_update_scan_actions[22m | phase-8.png[39m[0m
[  77% ] [90m[1m_update_scan_actions[22m | room.png[39m[0m
[  83% ] [90m[1m_update_scan_actions[22m | settee-detail.png[39m[0m
[  88% ] [90m[1m_update_scan_actions[22m | tureen-detail.png[39m[0m
[92m[ DONE ][39m [1m_update_scan_actions[22m
[0m
[   0% ] [90m[1mreimport[22m | Started (Re)Importing Assets (17 steps)[39m[0m
[   0% ] [90m[1mreimport[22m | Preparing files to reimport...[39m[0m
[   5% ] [90m[1mreimport[22m | Preparing files to reimport...[39m[0m
[  11% ] [90m[1mreimport[22m | Preparing files to reimport...[39m[0m
[  16% ] [90m[1mreimport[22m | Preparing files to reimport...[39m[0m
[  22% ] [90m[1mreimport[22m | Preparing files to reimport...[39m[0m
[  27% ] [90m[1mreimport[22m | Preparing files to reimport...[39m[0m
[  33% ] [90m[1mreimport[22m | Preparing files to reimport...[39m[0m
[  38% ] [90m[1mreimport[22m | Preparing files to reimport...[39m[0m
[  44% ] [90m[1mreimport[22m | Preparing files to reimport...[39m[0m
[  50% ] [90m[1mreimport[22m | Preparing files to reimport...[39m[0m
[  55% ] [90m[1mreimport[22m | Preparing files to reimport...[39m[0m
[  61% ] [90m[1mreimport[22m | Preparing files to reimport...[39m[0m
[  66% ] [90m[1mreimport[22m | Preparing files to reimport...[39m[0m
[  72% ] [90m[1mreimport[22m | Preparing files to reimport...[39m[0m
[  77% ] [90m[1mreimport[22m | Preparing files to reimport...[39m[0m
[  83% ] [90m[1mreimport[22m | Preparing files to reimport...[39m[0m
[  88% ] [90m[1mreimport[22m | Preparing files to reimport...[39m[0m
[   0% ] [90m[1mreimport[22m | Executing pre-reimport operations...[39m[0m
[   0% ] [90m[1mreimport[22m | tureen-detail.png[39m[0m
[   5% ] [90m[1mreimport[22m | settee-detail.png[39m[0m
[  11% ] [90m[1mreimport[22m | room.png[39m[0m
[  16% ] [90m[1mreimport[22m | phase-8.png[39m[0m
[  22% ] [90m[1mreimport[22m | phase-7.png[39m[0m
[  27% ] [90m[1mreimport[22m | phase-6.png[39m[0m
[  33% ] [90m[1mreimport[22m | phase-5.png[39m[0m
[  38% ] [90m[1mreimport[22m | phase-4.png[39m[0m
[  44% ] [90m[1mreimport[22m | phase-3.png[39m[0m
[  50% ] [90m[1mreimport[22m | phase-2.png[39m[0m
[  55% ] [90m[1mreimport[22m | phase-1.png[39m[0m
[  61% ] [90m[1mreimport[22m | phase-0.png[39m[0m
[  66% ] [90m[1mreimport[22m | mirror-detail.png[39m[0m
[  72% ] [90m[1mreimport[22m | gallery.png[39m[0m
[  77% ] [90m[1mreimport[22m | entrance-chair-detail.png[39m[0m
[  83% ] [90m[1mreimport[22m | bookcase-oblique.png[39m[0m
[  88% ] [90m[1mreimport[22m | bookcase-detail.png[39m[0m
[  94% ] [90m[1mreimport[22m | Finalizing Asset Import...[39m[0m
[92m[ DONE ][39m [1mreimport[22m
[0m
[   0% ] [90m[1mreimport[22m | Started (Re)Importing Assets (17 steps)[39m[0m
[   0% ] [90m[1mreimport[22m | Executing post-reimport operations...[39m[0m
[92m[ DONE ][39m [1mreimport[22m
[0m
[   0% ] [90m[1msavepack[22m | Started Packing (102 steps)[39m[0m
[   1% ] [90m[1msavepack[22m | Storing File: res://.godot/imported/armchair-cloth.png-394d2e1d8e3faa1df25a58a3e7dc03f3.s3tc.ctex[39m[0m
[   1% ] [90m[1msavepack[22m | Storing File: res://assets/armchair-cloth.png.import[39m[0m
[   2% ] [90m[1msavepack[22m | Storing File: res://assets/armchair-outline.json[39m[0m
[   3% ] [90m[1msavepack[22m | Storing File: res://.godot/imported/armchair-part-0.png-4e3991ced844307531f54e3e14a1d2ef.s3tc.ctex[39m[0m
[   3% ] [90m[1msavepack[22m | Storing File: res://assets/armchair-part-0.png.import[39m[0m
[   5% ] [90m[1msavepack[22m | Storing File: res://.godot/imported/armchair-part-1.png-0c6f026ed8e276f3f9fca9993ffa7e70.s3tc.ctex[39m[0m
[   5% ] [90m[1msavepack[22m | Storing File: res://assets/armchair-part-1.png.import[39m[0m
[   6% ] [90m[1msavepack[22m | Storing File: res://.godot/imported/armchair-part-2.png-4eef50d143db76896b0f252b813cdaae.s3tc.ctex[39m[0m
[   6% ] [90m[1msavepack[22m | Storing File: res://assets/armchair-part-2.png.import[39m[0m
[   8% ] [90m[1msavepack[22m | Storing File: res://assets/armchair-parts.json[39m[0m
[   9% ] [90m[1msavepack[22m | Storing File: res://.godot/imported/armchair.png-05348e303c5bd3ada48b91f2abfe455a.ctex[39m[0m
[   9% ] [90m[1msavepack[22m | Storing File: res://assets/armchair.png.import[39m[0m
[  10% ] [90m[1msavepack[22m | Storing File: res://.godot/imported/bookcase.png-3ebea661e863b0e07e0b1b330dd43e93.s3tc.ctex[39m[0m
[  10% ] [90m[1msavepack[22m | Storing File: res://assets/bookcase.png.import[39m[0m
[  12% ] [90m[1msavepack[22m | Storing File: res://assets/edwards-frame-geometry.json[39m[0m
[  13% ] [90m[1msavepack[22m | Storing File: res://.godot/imported/edwards-frame.png-255ef43f18c3cd140759350224087531.s3tc.ctex[39m[0m
[  13% ] [90m[1msavepack[22m | Storing File: res://assets/edwards-frame.png.import[39m[0m
[  15% ] [90m[1msavepack[22m | Storing File: res://.godot/imported/entrance-chair-cloth.png-c63c8948d9ad183d5ed8cbcbec2ea7f5.s3tc.ctex[39m[0m
[  15% ] [90m[1msavepack[22m | Storing File: res://assets/entrance-chair-cloth.png.import[39m[0m
[  16% ] [90m[1msavepack[22m | Storing File: res://assets/entrance-chair-outline.json[39m[0m
[  17% ] [90m[1msavepack[22m | Storing File: res://.godot/imported/entrance-chair-part-0.png-5b63b2b20aa587cddaa51073af763e63.s3tc.ctex[39m[0m
[  17% ] [90m[1msavepack[22m | Storing File: res://assets/entrance-chair-part-0.png.import[39m[0m
[  19% ] [90m[1msavepack[22m | Storing File: res://.godot/imported/entrance-chair-part-1.png-816f77513a290785951e1ca0c967d050.s3tc.ctex[39m[0m
[  19% ] [90m[1msavepack[22m | Storing File: res://assets/entrance-chair-part-1.png.import[39m[0m
[  20% ] [90m[1msavepack[22m | Storing File: res://.godot/imported/entrance-chair-part-2.png-46217ea39fd6716bdfef9d75bfd7e918.s3tc.ctex[39m[0m
[  20% ] [90m[1msavepack[22m | Storing File: res://assets/entrance-chair-part-2.png.import[39m[0m
[  22% ] [90m[1msavepack[22m | Storing File: res://.godot/imported/entrance-chair-part-3.png-752c60abf77b11ee32c718c69fed73d8.s3tc.ctex[39m[0m
[  22% ] [90m[1msavepack[22m | Storing File: res://assets/entrance-chair-part-3.png.import[39m[0m
[  23% ] [90m[1msavepack[22m | Storing File: res://.godot/imported/entrance-chair-part-4.png-381582a4d9f7bebf60421d46cfc72b19.s3tc.ctex[39m[0m
[  23% ] [90m[1msavepack[22m | Storing File: res://assets/entrance-chair-part-4.png.import[39m[0m
[  24% ] [90m[1msavepack[22m | Storing File: res://.godot/imported/entrance-chair-part-5.png-3bb426bc77488fe21c5ba13639836c27.s3tc.ctex[39m[0m
[  24% ] [90m[1msavepack[22m | Storing File: res://assets/entrance-chair-part-5.png.import[39m[0m
[  26% ] [90m[1msavepack[22m | Storing File: res://assets/entrance-chair-parts.json[39m[0m
[  27% ] [90m[1msavepack[22m | Storing File: res://.godot/imported/entrance-chair.png-8612c41f39fabbfd04f828df01327f2d.ctex[39m[0m
[  27% ] [90m[1msavepack[22m | Storing File: res://assets/entrance-chair.png.import[39m[0m
[  29% ] [90m[1msavepack[22m | Storing File: res://assets/frame-geometry.json[39m[0m
[  30% ] [90m[1msavepack[22m | Storing File: res://.godot/imported/frame.png-b49da370ab5b416325f31bcd38e64bfc.s3tc.ctex[39m[0m
[  30% ] [90m[1msavepack[22m | Storing File: res://assets/frame.png.import[39m[0m
[  31% ] [90m[1msavepack[22m | Storing File: res://assets/mirror-outline.json[39m[0m
[  33% ] [90m[1msavepack[22m | Storing File: res://.godot/imported/mirror.png-d6dc28dcbed13c71804192551d55f50d.s3tc.ctex[39m[0m
[  33% ] [90m[1msavepack[22m | Storing File: res://assets/mirror.png.import[39m[0m
[  33% ] [90m[1msavepack[22m | Storing File: res://.godot/imported/painting-35.786.jpg-4595b260b47ef693ed1e332873b46301.s3tc.ctex[39m[0m
[  33% ] [90m[1msavepack[22m | Storing File: res://assets/painting-35.786.jpg.import[39m[0m
[  35% ] [90m[1msavepack[22m | Storing File: res://.godot/imported/painting-58.197.jpg-38d2cc6306a3ff8def0dbc7257f9b8ea.s3tc.ctex[39m[0m
[  35% ] [90m[1msavepack[22m | Storing File: res://assets/painting-58.197.jpg.import[39m[0m
[  36% ] [90m[1msavepack[22m | Storing File: res://assets/pair-mirror-outline.json[39m[0m
[  38% ] [90m[1msavepack[22m | Storing File: res://.godot/imported/pair-mirror.png-26804e220133aa3fae4eea86ea138da4.s3tc.ctex[39m[0m
[  38% ] [90m[1msavepack[22m | Storing File: res://assets/pair-mirror.png.import[39m[0m
[  39% ] [90m[1msavepack[22m | Storing File: res://.godot/imported/settee-cloth.png-e1a32ff4f6e66770e9695a0a326e48e7.s3tc.ctex[39m[0m
[  39% ] [90m[1msavepack[22m | Storing File: res://assets/settee-cloth.png.import[39m[0m
[  40% ] [90m[1msavepack[22m | Storing File: res://assets/settee-outline.json[39m[0m
[  42% ] [90m[1msavepack[22m | Storing File: res://.godot/imported/settee-part-0.png-d1792f28d8ff2912d0989dcbf52c4925.s3tc.ctex[39m[0m
[  42% ] [90m[1msavepack[22m | Storing File: res://assets/settee-part-0.png.import[39m[0m
[  43% ] [90m[1msavepack[22m | Storing File: res://.godot/imported/settee-part-1.png-67e45c32a40b21932db2602869e5bbcc.s3tc.ctex[39m[0m
[  43% ] [90m[1msavepack[22m | Storing File: res://assets/settee-part-1.png.import[39m[0m
[  45% ] [90m[1msavepack[22m | Storing File: res://.godot/imported/settee-part-2.png-90738bf7a4fa0fe5486a05cd48b69e03.s3tc.ctex[39m[0m
[  45% ] [90m[1msavepack[22m | Storing File: res://assets/settee-part-2.png.import[39m[0m
[  46% ] [90m[1msavepack[22m | Storing File: res://.godot/imported/settee-part-3.png-bf2b646f4d4f488fb7475af4f6072c03.s3tc.ctex[39m[0m
[  46% ] [90m[1msavepack[22m | Storing File: res://assets/settee-part-3.png.import[39m[0m
[  47% ] [90m[1msavepack[22m | Storing File: res://.godot/imported/settee-part-4.png-30736c538fbefa5234035896ac3bd2f1.s3tc.ctex[39m[0m
[  47% ] [90m[1msavepack[22m | Storing File: res://assets/settee-part-4.png.import[39m[0m
[  49% ] [90m[1msavepack[22m | Storing File: res://assets/settee-parts.json[39m[0m
[  50% ] [90m[1msavepack[22m | Storing File: res://.godot/imported/settee.png-0bcd9da9d4bc10a79fae6f258557f93e.ctex[39m[0m
[  50% ] [90m[1msavepack[22m | Storing File: res://assets/settee.png.import[39m[0m
[  52% ] [90m[1msavepack[22m | Storing File: res://.godot/imported/sofa-cloth.webp-717b29af6b99bb342d75447ceec8ac05.ctex[39m[0m
[  52% ] [90m[1msavepack[22m | Storing File: res://assets/sofa-cloth.webp.import[39m[0m
[  53% ] [90m[1msavepack[22m | Storing File: res://.godot/imported/tureen.png-f2022bcecea4fd0f2390c081d87506f9.s3tc.ctex[39m[0m
[  53% ] [90m[1msavepack[22m | Storing File: res://assets/tureen.png.import[39m[0m
[  54% ] [90m[1msavepack[22m | Storing File: res://bake/plugin.gdc[39m[0m
[  56% ] [90m[1msavepack[22m | Storing File: res://.godot/imported/oak-board-atlas-168-v3.webp-a295ad0cbf5eba4238970341a984951c.s3tc.ctex[39m[0m
[  56% ] [90m[1msavepack[22m | Storing File: res://presentation/oak-board-atlas-168-v3.webp.import[39m[0m
[  57% ] [90m[1msavepack[22m | Storing File: res://.godot/imported/wall-muse.webp-a77cf024147d7b0459700fbe897e1928.ctex[39m[0m
[  57% ] [90m[1msavepack[22m | Storing File: res://presentation/wall-muse.webp.import[39m[0m
[  59% ] [90m[1msavepack[22m | Storing File: res://remodel_presenter.gdc[39m[0m
[  60% ] [90m[1msavepack[22m | Storing File: res://presentation/gamecube.gdshader[39m[0m
[  61% ] [90m[1msavepack[22m | Storing File: res://remodel_bake.gdc[39m[0m
[  63% ] [90m[1msavepack[22m | Storing File: res://geometry.json[39m[0m
[  64% ] [90m[1msavepack[22m | Storing File: res://presentation/crt_luminance.gdshader[39m[0m
[  66% ] [90m[1msavepack[22m | Storing File: res://presentation/squiggle_screen.gdshader[39m[0m
[  66% ] [90m[1msavepack[22m | Storing File: res://.godot/exported/133200997/export-65fd2ec3b0b065f81a4f2bb58bc496c3-remodel_presenter.scn[39m[0m
[  68% ] [90m[1msavepack[22m | Storing File: res://.godot/imported/wall-plaster.png-537462dfcceb56d25a43374a04a7d9f1.s3tc.ctex[39m[0m
[  68% ] [90m[1msavepack[22m | Storing File: res://presentation/wall-plaster.png.import[39m[0m
[  69% ] [90m[1msavepack[22m | Storing File: res://remodel_room.gdc[39m[0m
[  70% ] [90m[1msavepack[22m | Storing File: res://.godot/exported/133200997/export-b9102c3aee022ce6766fcbd2c7ed0711-remodel_room.scn[39m[0m
[  72% ] [90m[1msavepack[22m | Storing File: res://.godot/imported/page.png-a2b27ebebc833d099ff119879c4a0a1b.ctex[39m[0m
[  72% ] [90m[1msavepack[22m | Storing File: res://presentation/page.png.import[39m[0m
[  73% ] [90m[1msavepack[22m | Storing File: res://doorway_walk.gdc[39m[0m
[  75% ] [90m[1msavepack[22m | Storing File: res://.godot/imported/oak-muse.webp-2dc1d679d29a875155a389c616a9588d.ctex[39m[0m
[  75% ] [90m[1msavepack[22m | Storing File: res://textures/oak-muse.webp.import[39m[0m
[  76% ] [90m[1msavepack[22m | Storing File: res://presentation/haze_screen.gdshader[39m[0m
[  77% ] [90m[1msavepack[22m | Storing File: res://presentation/floor_oak.gdshader[39m[0m
[  79% ] [90m[1msavepack[22m | Storing File: res://remodel_review.gdc[39m[0m
[  80% ] [90m[1msavepack[22m | Storing File: res://.godot/imported/room.exr-5510312a4ecf7ead78330478c6c0ad75.bptc.ctexarray[39m[0m
[  80% ] [90m[1msavepack[22m | Storing File: res://modules/shell/prototype/gallery_walk4/baked/room.exr.import[39m[0m
[  82% ] [90m[1msavepack[22m | Storing File: res://modules/shell/prototype/gallery_walk4/baked/room.lmbake[39m[0m
[  83% ] [90m[1msavepack[22m | Storing File: res://.godot/exported/133200997/export-c3e3c5173d5ab415c4f0d2133f7a793e-room.scn[39m[0m
[  84% ] [90m[1msavepack[22m | Storing File: res://.godot/imported/character.glb-e12061b755981e8fcd4acf8c146c4818.scn[39m[0m
[  84% ] [90m[1msavepack[22m | Storing File: res://modules/shell/prototype/gallery_walk4/visitor159/inputs/character.glb.import[39m[0m
[  86% ] [90m[1msavepack[22m | Storing File: res://.godot/imported/character_risd-163-eye-baked.png-31f77100bf5ba4c72d2963f44f5ef05a.ctex[39m[0m
[  86% ] [90m[1msavepack[22m | Storing File: res://modules/shell/prototype/gallery_walk4/visitor159/inputs/character_risd-163-eye-baked.png.import[39m[0m
[  87% ] [90m[1msavepack[22m | Storing File: res://.godot/imported/character_risd-163-hair36-source-tinted.png-e0aae40f6fc7a25a6fad0df504b4dbd5.ctex[39m[0m
[  87% ] [90m[1msavepack[22m | Storing File: res://modules/shell/prototype/gallery_walk4/visitor159/inputs/character_risd-163-hair36-source-tinted.png.import[39m[0m
[  89% ] [90m[1msavepack[22m | Storing File: res://.godot/imported/character_risd-163-mouth-baked.png-4a525a5a84fa3055a76bb6c84b7464e9.ctex[39m[0m
[  89% ] [90m[1msavepack[22m | Storing File: res://modules/shell/prototype/gallery_walk4/visitor159/inputs/character_risd-163-mouth-baked.png.import[39m[0m
[  90% ] [90m[1msavepack[22m | Storing File: res://.godot/imported/character_risd-163-shirt-baked.png-96ff607d57cb1746a71b258a552a6fb6.ctex[39m[0m
[  90% ] [90m[1msavepack[22m | Storing File: res://modules/shell/prototype/gallery_walk4/visitor159/inputs/character_risd-163-shirt-baked.png.import[39m[0m
[  91% ] [90m[1msavepack[22m | Storing File: res://.godot/imported/donor.glb-82dcbd97f890f6b17ba7687fa66be589.scn[39m[0m
[  91% ] [90m[1msavepack[22m | Storing File: res://modules/shell/prototype/gallery_walk4/visitor159/inputs/donor.glb.import[39m[0m
[  93% ] [90m[1msavepack[22m | Storing File: res://.godot/imported/donor_rogue_texture.png-d08c50a5daee1e78284593e8c69cfb10.ctex[39m[0m
[  93% ] [90m[1msavepack[22m | Storing File: res://modules/shell/prototype/gallery_walk4/visitor159/inputs/donor_rogue_texture.png.import[39m[0m
[  94% ] [90m[1msavepack[22m | Storing File: res://modules/shell/prototype/gallery_walk4/visitor159/visitor.gdc[39m[0m
[  96% ] [90m[1msavepack[22m | Storing File: res://modules/shell/prototype/gallery_walk4/painting_asset.gdc[39m[0m
[  97% ] [90m[1msavepack[22m | Storing File: res://modules/shell/prototype/gallery_walk4/ps1.gdshader[39m[0m
[  97% ] [90m[1msavepack[22m | Storing File: res://bake/plugin.gd.remap[39m[0m
[  97% ] [90m[1msavepack[22m | Storing File: res://remodel_presenter.gd.remap[39m[0m
[  97% ] [90m[1msavepack[22m | Storing File: res://remodel_bake.gd.remap[39m[0m
[  97% ] [90m[1msavepack[22m | Storing File: res://remodel_presenter.tscn.remap[39m[0m
[  97% ] [90m[1msavepack[22m | Storing File: res://remodel_room.gd.remap[39m[0m
[  97% ] [90m[1msavepack[22m | Storing File: res://remodel_room.tscn.remap[39m[0m
[  97% ] [90m[1msavepack[22m | Storing File: res://doorway_walk.gd.remap[39m[0m
[  97% ] [90m[1msavepack[22m | Storing File: res://remodel_review.gd.remap[39m[0m
[  97% ] [90m[1msavepack[22m | Storing File: res://modules/shell/prototype/gallery_walk4/baked/room.tscn.remap[39m[0m
[  97% ] [90m[1msavepack[22m | Storing File: res://modules/shell/prototype/gallery_walk4/visitor159/visitor.gd.remap[39m[0m
[  97% ] [90m[1msavepack[22m | Storing File: res://modules/shell/prototype/gallery_walk4/painting_asset.gd.remap[39m[0m
[  97% ] [90m[1msavepack[22m | Storing File: res://.godot/global_script_class_cache.cfg[39m[0m
[  97% ] [90m[1msavepack[22m | Storing File: res://.godot/uid_cache.bin[39m[0m
[  97% ] [90m[1msavepack[22m | Storing File: res://project.binary[39m[0m
[92m[ DONE ][39m [1msavepack[22m
[0m
