Godot Engine v4.7.2.stable.official.ed1daf0bf - https://godotengine.org

[   0% ] [90m[1mfirst_scan_filesystem[22m | Started Project initialization (5 steps)[39m[0m
[   0% ] [90m[1mfirst_scan_filesystem[22m | Scanning file structure...[39m[0m
[  16% ] [90m[1mfirst_scan_filesystem[22m | Loading global class names...[39m[0m
[  33% ] [90m[1mfirst_scan_filesystem[22m | Verifying GDExtensions...[39m[0m
[  50% ] [90m[1mfirst_scan_filesystem[22m | Creating autoload scripts...[39m[0m
[  66% ] [90m[1mfirst_scan_filesystem[22m | Initializing plugins...[39m[0m
[  83% ] [90m[1mfirst_scan_filesystem[22m | Starting file scan...[39m[0m
[92m[ DONE ][39m [1mfirst_scan_filesystem[22m
[0m
WARNING: UID duplicate detected between res://build/collection-d34af203/media/1008943970.ogv and res://build/architecture-4779e528/media/1008943970.ogv.
     at: _process_file_system (editor/file_system/editor_file_system.cpp:1405)
WARNING: UID duplicate detected between res://build/collection-d34af203/media/1009870521.ogv and res://build/architecture-4779e528/media/1009870521.ogv.
     at: _process_file_system (editor/file_system/editor_file_system.cpp:1405)
WARNING: UID duplicate detected between res://build/collection-d34af203/media/1014865523.ogv and res://build/architecture-4779e528/media/1014865523.ogv.
     at: _process_file_system (editor/file_system/editor_file_system.cpp:1405)
WARNING: UID duplicate detected between res://build/collection-d34af203/media/1187745268.ogv and res://build/architecture-4779e528/media/1187745268.ogv.
     at: _process_file_system (editor/file_system/editor_file_system.cpp:1405)
WARNING: UID duplicate detected between res://build/collection-d34af203/media/1191767929.ogv and res://build/architecture-4779e528/media/1191767929.ogv.
     at: _process_file_system (editor/file_system/editor_file_system.cpp:1405)
WARNING: UID duplicate detected between res://build/playground-8c4753f8/media/1008943970.ogv and res://build/collection-d34af203/media/1008943970.ogv.
     at: _process_file_system (editor/file_system/editor_file_system.cpp:1405)
WARNING: UID duplicate detected between res://build/playground-8c4753f8/media/1009870521.ogv and res://build/collection-d34af203/media/1009870521.ogv.
     at: _process_file_system (editor/file_system/editor_file_system.cpp:1405)
WARNING: UID duplicate detected between res://build/playground-8c4753f8/media/1014865523.ogv and res://build/collection-d34af203/media/1014865523.ogv.
     at: _process_file_system (editor/file_system/editor_file_system.cpp:1405)
WARNING: UID duplicate detected between res://build/playground-8c4753f8/media/1187745268.ogv and res://build/collection-d34af203/media/1187745268.ogv.
     at: _process_file_system (editor/file_system/editor_file_system.cpp:1405)
WARNING: UID duplicate detected between res://build/playground-8c4753f8/media/1191767929.ogv and res://build/collection-d34af203/media/1191767929.ogv.
     at: _process_file_system (editor/file_system/editor_file_system.cpp:1405)
WARNING: UID duplicate detected between res://build/playground-16cd1090/media/1008943970.ogv and res://build/playground-8c4753f8/media/1008943970.ogv.
     at: _process_file_system (editor/file_system/editor_file_system.cpp:1405)
WARNING: UID duplicate detected between res://build/playground-16cd1090/media/1009870521.ogv and res://build/playground-8c4753f8/media/1009870521.ogv.
     at: _process_file_system (editor/file_system/editor_file_system.cpp:1405)
WARNING: UID duplicate detected between res://build/playground-16cd1090/media/1014865523.ogv and res://build/playground-8c4753f8/media/1014865523.ogv.
     at: _process_file_system (editor/file_system/editor_file_system.cpp:1405)
WARNING: UID duplicate detected between res://build/playground-16cd1090/media/1187745268.ogv and res://build/playground-8c4753f8/media/1187745268.ogv.
     at: _process_file_system (editor/file_system/editor_file_system.cpp:1405)
WARNING: UID duplicate detected between res://build/playground-16cd1090/media/1191767929.ogv and res://build/playground-8c4753f8/media/1191767929.ogv.
     at: _process_file_system (editor/file_system/editor_file_system.cpp:1405)
WARNING: UID duplicate detected between res://build/surfaces-2faf81e2/media/1008943970.ogv and res://build/playground-16cd1090/media/1008943970.ogv.
     at: _process_file_system (editor/file_system/editor_file_system.cpp:1405)
WARNING: UID duplicate detected between res://build/surfaces-2faf81e2/media/1009870521.ogv and res://build/playground-16cd1090/media/1009870521.ogv.
     at: _process_file_system (editor/file_system/editor_file_system.cpp:1405)
WARNING: UID duplicate detected between res://build/surfaces-2faf81e2/media/1014865523.ogv and res://build/playground-16cd1090/media/1014865523.ogv.
     at: _process_file_system (editor/file_system/editor_file_system.cpp:1405)
WARNING: UID duplicate detected between res://build/surfaces-2faf81e2/media/1187745268.ogv and res://build/playground-16cd1090/media/1187745268.ogv.
     at: _process_file_system (editor/file_system/editor_file_system.cpp:1405)
WARNING: UID duplicate detected between res://build/surfaces-2faf81e2/media/1191767929.ogv and res://build/playground-16cd1090/media/1191767929.ogv.
     at: _process_file_system (editor/file_system/editor_file_system.cpp:1405)
WARNING: UID duplicate detected between res://build/viewer-restored-157/media/1008943970.ogv and res://build/surfaces-2faf81e2/media/1008943970.ogv.
     at: _process_file_system (editor/file_system/editor_file_system.cpp:1405)
WARNING: UID duplicate detected between res://build/viewer-restored-157/media/1009870521.ogv and res://build/surfaces-2faf81e2/media/1009870521.ogv.
     at: _process_file_system (editor/file_system/editor_file_system.cpp:1405)
WARNING: UID duplicate detected between res://build/viewer-restored-157/media/1014865523.ogv and res://build/surfaces-2faf81e2/media/1014865523.ogv.
     at: _process_file_system (editor/file_system/editor_file_system.cpp:1405)
WARNING: UID duplicate detected between res://build/viewer-restored-157/media/1187745268.ogv and res://build/surfaces-2faf81e2/media/1187745268.ogv.
     at: _process_file_system (editor/file_system/editor_file_system.cpp:1405)
WARNING: UID duplicate detected between res://build/viewer-restored-157/media/1191767929.ogv and res://build/surfaces-2faf81e2/media/1191767929.ogv.
     at: _process_file_system (editor/file_system/editor_file_system.cpp:1405)
WARNING: UID duplicate detected between res://modules/video_player/media/1008943970.ogv and res://build/viewer-restored-157/media/1008943970.ogv.
     at: _process_file_system (editor/file_system/editor_file_system.cpp:1405)
WARNING: UID duplicate detected between res://modules/video_player/media/1009870521.ogv and res://build/viewer-restored-157/media/1009870521.ogv.
     at: _process_file_system (editor/file_system/editor_file_system.cpp:1405)
WARNING: UID duplicate detected between res://modules/video_player/media/1014865523.ogv and res://build/viewer-restored-157/media/1014865523.ogv.
     at: _process_file_system (editor/file_system/editor_file_system.cpp:1405)
WARNING: UID duplicate detected between res://modules/video_player/media/1187745268.ogv and res://build/viewer-restored-157/media/1187745268.ogv.
     at: _process_file_system (editor/file_system/editor_file_system.cpp:1405)
WARNING: UID duplicate detected between res://modules/video_player/media/1191767929.ogv and res://build/viewer-restored-157/media/1191767929.ogv.
     at: _process_file_system (editor/file_system/editor_file_system.cpp:1405)
[   0% ] [90m[1mupdate_scripts_classes[22m | Started Registering global classes... (5 steps)[39m[0m
[   0% ] [90m[1mupdate_scripts_classes[22m | [39m[0m
[  16% ] [90m[1mupdate_scripts_classes[22m | [39m[0m
[  33% ] [90m[1mupdate_scripts_classes[22m | [39m[0m
[  50% ] [90m[1mupdate_scripts_classes[22m | [39m[0m
[  66% ] [90m[1mupdate_scripts_classes[22m | [39m[0m
[92m[ DONE ][39m [1mupdate_scripts_classes[22m
[0m
[   0% ] [90m[1m_update_scan_actions[22m | Started Scanning actions... (110 steps)[39m[0m
[   0% ] [90m[1m_update_scan_actions[22m | 8c4753f8.png[39m[0m
[   0% ] [90m[1m_update_scan_actions[22m | detail.png[39m[0m
[   1% ] [90m[1m_update_scan_actions[22m | final-explore.png[39m[0m
[   2% ] [90m[1m_update_scan_actions[22m | Page_all.png[39m[0m
[   3% ] [90m[1m_update_scan_actions[22m | Page_channels.png[39m[0m
[   4% ] [90m[1m_update_scan_actions[22m | Page_explore.png[39m[0m
[   5% ] [90m[1m_update_scan_actions[22m | Page_search.png[39m[0m
[   6% ] [90m[1m_update_scan_actions[22m | save-attempt.png[39m[0m
[   7% ] [90m[1m_update_scan_actions[22m | saved.png[39m[0m
[   8% ] [90m[1m_update_scan_actions[22m | scroll-end.png[39m[0m
[   9% ] [90m[1m_update_scan_actions[22m | search-results.png[39m[0m
[   9% ] [90m[1m_update_scan_actions[22m | 486x720.png[39m[0m
[  10% ] [90m[1m_update_scan_actions[22m | 720x486.png[39m[0m
[  11% ] [90m[1m_update_scan_actions[22m | 1080x1080.png[39m[0m
[  12% ] [90m[1m_update_scan_actions[22m | 1080x1920.png[39m[0m
[  13% ] [90m[1m_update_scan_actions[22m | 1920x1080.png[39m[0m
[  14% ] [90m[1m_update_scan_actions[22m | walk.png[39m[0m
[  15% ] [90m[1m_update_scan_actions[22m | 720-view-5.png[39m[0m
[  16% ] [90m[1m_update_scan_actions[22m | 720-view-9.png[39m[0m
[  17% ] [90m[1m_update_scan_actions[22m | 720-view-10.png[39m[0m
[  18% ] [90m[1m_update_scan_actions[22m | 720-view-11.png[39m[0m
[  18% ] [90m[1m_update_scan_actions[22m | 720-view-12.png[39m[0m
[  19% ] [90m[1m_update_scan_actions[22m | 720-view-13.png[39m[0m
[  20% ] [90m[1m_update_scan_actions[22m | 720-view-16.png[39m[0m
[  21% ] [90m[1m_update_scan_actions[22m | 1600-view-5.png[39m[0m
[  22% ] [90m[1m_update_scan_actions[22m | 1600-view-9.png[39m[0m
[  23% ] [90m[1m_update_scan_actions[22m | 1600-view-10.png[39m[0m
[  24% ] [90m[1m_update_scan_actions[22m | 1600-view-11.png[39m[0m
[  25% ] [90m[1m_update_scan_actions[22m | 1600-view-12.png[39m[0m
[  26% ] [90m[1m_update_scan_actions[22m | 1600-view-13.png[39m[0m
[  27% ] [90m[1m_update_scan_actions[22m | 1600-view-16.png[39m[0m
[  27% ] [90m[1m_update_scan_actions[22m | 720-view-5.png[39m[0m
[  28% ] [90m[1m_update_scan_actions[22m | 720-view-9.png[39m[0m
[  29% ] [90m[1m_update_scan_actions[22m | 720-view-10.png[39m[0m
[  30% ] [90m[1m_update_scan_actions[22m | 720-view-11.png[39m[0m
[  31% ] [90m[1m_update_scan_actions[22m | 720-view-12.png[39m[0m
[  32% ] [90m[1m_update_scan_actions[22m | 720-view-13.png[39m[0m
[  33% ] [90m[1m_update_scan_actions[22m | 720-view-16.png[39m[0m
[  34% ] [90m[1m_update_scan_actions[22m | 1600-view-5.png[39m[0m
[  35% ] [90m[1m_update_scan_actions[22m | 1600-view-9.png[39m[0m
[  36% ] [90m[1m_update_scan_actions[22m | 1600-view-10.png[39m[0m
[  36% ] [90m[1m_update_scan_actions[22m | 1600-view-11.png[39m[0m
[  37% ] [90m[1m_update_scan_actions[22m | 1600-view-12.png[39m[0m
[  38% ] [90m[1m_update_scan_actions[22m | 1600-view-13.png[39m[0m
[  39% ] [90m[1m_update_scan_actions[22m | 1600-view-16.png[39m[0m
[  40% ] [90m[1m_update_scan_actions[22m | 720-view-5.png[39m[0m
[  41% ] [90m[1m_update_scan_actions[22m | 720-view-9.png[39m[0m
[  42% ] [90m[1m_update_scan_actions[22m | 720-view-10.png[39m[0m
[  43% ] [90m[1m_update_scan_actions[22m | 720-view-11.png[39m[0m
[  44% ] [90m[1m_update_scan_actions[22m | 720-view-12.png[39m[0m
[  45% ] [90m[1m_update_scan_actions[22m | 720-view-13.png[39m[0m
[  45% ] [90m[1m_update_scan_actions[22m | 720-view-16.png[39m[0m
[  46% ] [90m[1m_update_scan_actions[22m | 720-view-17.png[39m[0m
[  47% ] [90m[1m_update_scan_actions[22m | 1600-view-5.png[39m[0m
[  48% ] [90m[1m_update_scan_actions[22m | 1600-view-9.png[39m[0m
[  49% ] [90m[1m_update_scan_actions[22m | 1600-view-10.png[39m[0m
[  50% ] [90m[1m_update_scan_actions[22m | 1600-view-11.png[39m[0m
[  51% ] [90m[1m_update_scan_actions[22m | 1600-view-12.png[39m[0m
[  52% ] [90m[1m_update_scan_actions[22m | 1600-view-13.png[39m[0m
[  53% ] [90m[1m_update_scan_actions[22m | 1600-view-16.png[39m[0m
[  54% ] [90m[1m_update_scan_actions[22m | 1600-view-17.png[39m[0m
[  54% ] [90m[1m_update_scan_actions[22m | 720-view-5.png[39m[0m
[  55% ] [90m[1m_update_scan_actions[22m | 720-view-9.png[39m[0m
[  56% ] [90m[1m_update_scan_actions[22m | 720-view-10.png[39m[0m
[  57% ] [90m[1m_update_scan_actions[22m | 720-view-11.png[39m[0m
[  58% ] [90m[1m_update_scan_actions[22m | 720-view-12.png[39m[0m
[  59% ] [90m[1m_update_scan_actions[22m | 720-view-13.png[39m[0m
[  60% ] [90m[1m_update_scan_actions[22m | 720-view-16.png[39m[0m
[  61% ] [90m[1m_update_scan_actions[22m | 720-view-17.png[39m[0m
[  62% ] [90m[1m_update_scan_actions[22m | 1600-view-5.png[39m[0m
[  63% ] [90m[1m_update_scan_actions[22m | 1600-view-9.png[39m[0m
[  63% ] [90m[1m_update_scan_actions[22m | 1600-view-10.png[39m[0m
[  64% ] [90m[1m_update_scan_actions[22m | 1600-view-11.png[39m[0m
[  65% ] [90m[1m_update_scan_actions[22m | 1600-view-12.png[39m[0m
[  66% ] [90m[1m_update_scan_actions[22m | 1600-view-13.png[39m[0m
[  67% ] [90m[1m_update_scan_actions[22m | 1600-view-16.png[39m[0m
[  68% ] [90m[1m_update_scan_actions[22m | 1600-view-17.png[39m[0m
[  69% ] [90m[1m_update_scan_actions[22m | 720-view-5.png[39m[0m
[  70% ] [90m[1m_update_scan_actions[22m | 720-view-9.png[39m[0m
[  71% ] [90m[1m_update_scan_actions[22m | 720-view-10.png[39m[0m
[  72% ] [90m[1m_update_scan_actions[22m | 720-view-11.png[39m[0m
[  72% ] [90m[1m_update_scan_actions[22m | 720-view-12.png[39m[0m
[  73% ] [90m[1m_update_scan_actions[22m | 720-view-13.png[39m[0m
[  74% ] [90m[1m_update_scan_actions[22m | 720-view-16.png[39m[0m
[  75% ] [90m[1m_update_scan_actions[22m | 720-view-17.png[39m[0m
[  76% ] [90m[1m_update_scan_actions[22m | 1600-view-5.png[39m[0m
[  77% ] [90m[1m_update_scan_actions[22m | 1600-view-9.png[39m[0m
[  78% ] [90m[1m_update_scan_actions[22m | 1600-view-10.png[39m[0m
[  79% ] [90m[1m_update_scan_actions[22m | 1600-view-11.png[39m[0m
[  80% ] [90m[1m_update_scan_actions[22m | 1600-view-12.png[39m[0m
[  81% ] [90m[1m_update_scan_actions[22m | 1600-view-13.png[39m[0m
[  81% ] [90m[1m_update_scan_actions[22m | 1600-view-16.png[39m[0m
[  82% ] [90m[1m_update_scan_actions[22m | 1600-view-17.png[39m[0m
[  83% ] [90m[1m_update_scan_actions[22m | 720-view-5.png[39m[0m
[  84% ] [90m[1m_update_scan_actions[22m | 720-view-9.png[39m[0m
[  85% ] [90m[1m_update_scan_actions[22m | 720-view-10.png[39m[0m
[  86% ] [90m[1m_update_scan_actions[22m | 720-view-11.png[39m[0m
[  87% ] [90m[1m_update_scan_actions[22m | 720-view-12.png[39m[0m
[  88% ] [90m[1m_update_scan_actions[22m | 720-view-13.png[39m[0m
[  89% ] [90m[1m_update_scan_actions[22m | 720-view-16.png[39m[0m
[  90% ] [90m[1m_update_scan_actions[22m | 720-view-17.png[39m[0m
[  90% ] [90m[1m_update_scan_actions[22m | 1600-view-5.png[39m[0m
[  91% ] [90m[1m_update_scan_actions[22m | 1600-view-9.png[39m[0m
[  92% ] [90m[1m_update_scan_actions[22m | 1600-view-10.png[39m[0m
[  93% ] [90m[1m_update_scan_actions[22m | 1600-view-11.png[39m[0m
[  94% ] [90m[1m_update_scan_actions[22m | 1600-view-12.png[39m[0m
[  95% ] [90m[1m_update_scan_actions[22m | 1600-view-13.png[39m[0m
[  96% ] [90m[1m_update_scan_actions[22m | 1600-view-16.png[39m[0m
[  97% ] [90m[1m_update_scan_actions[22m | 1600-view-17.png[39m[0m
[  98% ] [90m[1m_update_scan_actions[22m | room.exr[39m[0m
[92m[ DONE ][39m [1m_update_scan_actions[22m
[0m
[   0% ] [90m[1mreimport[22m | Started (Re)Importing Assets (110 steps)[39m[0m
[   0% ] [90m[1mreimport[22m | Preparing files to reimport...[39m[0m
[   0% ] [90m[1mreimport[22m | Preparing files to reimport...[39m[0m
[   1% ] [90m[1mreimport[22m | Preparing files to reimport...[39m[0m
[   2% ] [90m[1mreimport[22m | Preparing files to reimport...[39m[0m
[   3% ] [90m[1mreimport[22m | Preparing files to reimport...[39m[0m
[   4% ] [90m[1mreimport[22m | Preparing files to reimport...[39m[0m
[   5% ] [90m[1mreimport[22m | Preparing files to reimport...[39m[0m
[   6% ] [90m[1mreimport[22m | Preparing files to reimport...[39m[0m
[   7% ] [90m[1mreimport[22m | Preparing files to reimport...[39m[0m
[   8% ] [90m[1mreimport[22m | Preparing files to reimport...[39m[0m
[   9% ] [90m[1mreimport[22m | Preparing files to reimport...[39m[0m
[   9% ] [90m[1mreimport[22m | Preparing files to reimport...[39m[0m
[  10% ] [90m[1mreimport[22m | Preparing files to reimport...[39m[0m
[  11% ] [90m[1mreimport[22m | Preparing files to reimport...[39m[0m
[  12% ] [90m[1mreimport[22m | Preparing files to reimport...[39m[0m
[  13% ] [90m[1mreimport[22m | Preparing files to reimport...[39m[0m
[  14% ] [90m[1mreimport[22m | Preparing files to reimport...[39m[0m
[  15% ] [90m[1mreimport[22m | Preparing files to reimport...[39m[0m
[  16% ] [90m[1mreimport[22m | Preparing files to reimport...[39m[0m
[  17% ] [90m[1mreimport[22m | Preparing files to reimport...[39m[0m
[  18% ] [90m[1mreimport[22m | Preparing files to reimport...[39m[0m
[  18% ] [90m[1mreimport[22m | Preparing files to reimport...[39m[0m
[  19% ] [90m[1mreimport[22m | Preparing files to reimport...[39m[0m
[  20% ] [90m[1mreimport[22m | Preparing files to reimport...[39m[0m
[  21% ] [90m[1mreimport[22m | Preparing files to reimport...[39m[0m
[  22% ] [90m[1mreimport[22m | Preparing files to reimport...[39m[0m
[  23% ] [90m[1mreimport[22m | Preparing files to reimport...[39m[0m
[  24% ] [90m[1mreimport[22m | Preparing files to reimport...[39m[0m
[  25% ] [90m[1mreimport[22m | Preparing files to reimport...[39m[0m
[  26% ] [90m[1mreimport[22m | Preparing files to reimport...[39m[0m
[  27% ] [90m[1mreimport[22m | Preparing files to reimport...[39m[0m
[  27% ] [90m[1mreimport[22m | Preparing files to reimport...[39m[0m
[  28% ] [90m[1mreimport[22m | Preparing files to reimport...[39m[0m
[  29% ] [90m[1mreimport[22m | Preparing files to reimport...[39m[0m
[  30% ] [90m[1mreimport[22m | Preparing files to reimport...[39m[0m
[  31% ] [90m[1mreimport[22m | Preparing files to reimport...[39m[0m
[  32% ] [90m[1mreimport[22m | Preparing files to reimport...[39m[0m
[  33% ] [90m[1mreimport[22m | Preparing files to reimport...[39m[0m
[  34% ] [90m[1mreimport[22m | Preparing files to reimport...[39m[0m
[  35% ] [90m[1mreimport[22m | Preparing files to reimport...[39m[0m
[  36% ] [90m[1mreimport[22m | Preparing files to reimport...[39m[0m
[  36% ] [90m[1mreimport[22m | Preparing files to reimport...[39m[0m
[  37% ] [90m[1mreimport[22m | Preparing files to reimport...[39m[0m
[  38% ] [90m[1mreimport[22m | Preparing files to reimport...[39m[0m
[  39% ] [90m[1mreimport[22m | Preparing files to reimport...[39m[0m
[  40% ] [90m[1mreimport[22m | Preparing files to reimport...[39m[0m
[  41% ] [90m[1mreimport[22m | Preparing files to reimport...[39m[0m
[  42% ] [90m[1mreimport[22m | Preparing files to reimport...[39m[0m
[  43% ] [90m[1mreimport[22m | Preparing files to reimport...[39m[0m
[  44% ] [90m[1mreimport[22m | Preparing files to reimport...[39m[0m
[  45% ] [90m[1mreimport[22m | Preparing files to reimport...[39m[0m
[  45% ] [90m[1mreimport[22m | Preparing files to reimport...[39m[0m
[  46% ] [90m[1mreimport[22m | Preparing files to reimport...[39m[0m
[  47% ] [90m[1mreimport[22m | Preparing files to reimport...[39m[0m
[  48% ] [90m[1mreimport[22m | Preparing files to reimport...[39m[0m
[  49% ] [90m[1mreimport[22m | Preparing files to reimport...[39m[0m
[  50% ] [90m[1mreimport[22m | Preparing files to reimport...[39m[0m
[  51% ] [90m[1mreimport[22m | Preparing files to reimport...[39m[0m
[  52% ] [90m[1mreimport[22m | Preparing files to reimport...[39m[0m
[  53% ] [90m[1mreimport[22m | Preparing files to reimport...[39m[0m
[  54% ] [90m[1mreimport[22m | Preparing files to reimport...[39m[0m
[  54% ] [90m[1mreimport[22m | Preparing files to reimport...[39m[0m
[  55% ] [90m[1mreimport[22m | Preparing files to reimport...[39m[0m
[  56% ] [90m[1mreimport[22m | Preparing files to reimport...[39m[0m
[  57% ] [90m[1mreimport[22m | Preparing files to reimport...[39m[0m
[  58% ] [90m[1mreimport[22m | Preparing files to reimport...[39m[0m
[  59% ] [90m[1mreimport[22m | Preparing files to reimport...[39m[0m
[  60% ] [90m[1mreimport[22m | Preparing files to reimport...[39m[0m
[  61% ] [90m[1mreimport[22m | Preparing files to reimport...[39m[0m
[  62% ] [90m[1mreimport[22m | Preparing files to reimport...[39m[0m
[  63% ] [90m[1mreimport[22m | Preparing files to reimport...[39m[0m
[  63% ] [90m[1mreimport[22m | Preparing files to reimport...[39m[0m
[  64% ] [90m[1mreimport[22m | Preparing files to reimport...[39m[0m
[  65% ] [90m[1mreimport[22m | Preparing files to reimport...[39m[0m
[  66% ] [90m[1mreimport[22m | Preparing files to reimport...[39m[0m
[  67% ] [90m[1mreimport[22m | Preparing files to reimport...[39m[0m
[  68% ] [90m[1mreimport[22m | Preparing files to reimport...[39m[0m
[  69% ] [90m[1mreimport[22m | Preparing files to reimport...[39m[0m
[  70% ] [90m[1mreimport[22m | Preparing files to reimport...[39m[0m
[  71% ] [90m[1mreimport[22m | Preparing files to reimport...[39m[0m
[  72% ] [90m[1mreimport[22m | Preparing files to reimport...[39m[0m
[  72% ] [90m[1mreimport[22m | Preparing files to reimport...[39m[0m
[  73% ] [90m[1mreimport[22m | Preparing files to reimport...[39m[0m
[  74% ] [90m[1mreimport[22m | Preparing files to reimport...[39m[0m
[  75% ] [90m[1mreimport[22m | Preparing files to reimport...[39m[0m
[  76% ] [90m[1mreimport[22m | Preparing files to reimport...[39m[0m
[  77% ] [90m[1mreimport[22m | Preparing files to reimport...[39m[0m
[  78% ] [90m[1mreimport[22m | Preparing files to reimport...[39m[0m
[  79% ] [90m[1mreimport[22m | Preparing files to reimport...[39m[0m
[  80% ] [90m[1mreimport[22m | Preparing files to reimport...[39m[0m
[  81% ] [90m[1mreimport[22m | Preparing files to reimport...[39m[0m
[  81% ] [90m[1mreimport[22m | Preparing files to reimport...[39m[0m
[  82% ] [90m[1mreimport[22m | Preparing files to reimport...[39m[0m
[  83% ] [90m[1mreimport[22m | Preparing files to reimport...[39m[0m
[  84% ] [90m[1mreimport[22m | Preparing files to reimport...[39m[0m
[  85% ] [90m[1mreimport[22m | Preparing files to reimport...[39m[0m
[  86% ] [90m[1mreimport[22m | Preparing files to reimport...[39m[0m
[  87% ] [90m[1mreimport[22m | Preparing files to reimport...[39m[0m
[  88% ] [90m[1mreimport[22m | Preparing files to reimport...[39m[0m
[  89% ] [90m[1mreimport[22m | Preparing files to reimport...[39m[0m
[  90% ] [90m[1mreimport[22m | Preparing files to reimport...[39m[0m
[  90% ] [90m[1mreimport[22m | Preparing files to reimport...[39m[0m
[  91% ] [90m[1mreimport[22m | Preparing files to reimport...[39m[0m
[  92% ] [90m[1mreimport[22m | Preparing files to reimport...[39m[0m
[  93% ] [90m[1mreimport[22m | Preparing files to reimport...[39m[0m
[  94% ] [90m[1mreimport[22m | Preparing files to reimport...[39m[0m
[  95% ] [90m[1mreimport[22m | Preparing files to reimport...[39m[0m
[  96% ] [90m[1mreimport[22m | Preparing files to reimport...[39m[0m
[  97% ] [90m[1mreimport[22m | Preparing files to reimport...[39m[0m
[  98% ] [90m[1mreimport[22m | Preparing files to reimport...[39m[0m
[   0% ] [90m[1mreimport[22m | Executing pre-reimport operations...[39m[0m
[   0% ] [90m[1mreimport[22m | room.exr[39m[0m
[   0% ] [90m[1mreimport[22m | room.exr[39m[0m
[   1% ] [90m[1mreimport[22m | 720-view-12.png[39m[0m
[   2% ] [90m[1mreimport[22m | 720-view-11.png[39m[0m
[   3% ] [90m[1mreimport[22m | 720-view-10.png[39m[0m
[   4% ] [90m[1mreimport[22m | 720-view-9.png[39m[0m
[   5% ] [90m[1mreimport[22m | 720-view-5.png[39m[0m
[   6% ] [90m[1mreimport[22m | 1600-view-17.png[39m[0m
[   7% ] [90m[1mreimport[22m | 1600-view-16.png[39m[0m
[   8% ] [90m[1mreimport[22m | 1600-view-13.png[39m[0m
[   9% ] [90m[1mreimport[22m | 1600-view-12.png[39m[0m
[   9% ] [90m[1mreimport[22m | 1600-view-11.png[39m[0m
[  10% ] [90m[1mreimport[22m | 1600-view-10.png[39m[0m
[  11% ] [90m[1mreimport[22m | 1600-view-9.png[39m[0m
[  12% ] [90m[1mreimport[22m | 1600-view-5.png[39m[0m
[  13% ] [90m[1mreimport[22m | 720-view-17.png[39m[0m
[  14% ] [90m[1mreimport[22m | 720-view-16.png[39m[0m
[  15% ] [90m[1mreimport[22m | 720-view-13.png[39m[0m
[  16% ] [90m[1mreimport[22m | 720-view-12.png[39m[0m
[  17% ] [90m[1mreimport[22m | 720-view-11.png[39m[0m
[  18% ] [90m[1mreimport[22m | 720-view-10.png[39m[0m
[  18% ] [90m[1mreimport[22m | 720-view-9.png[39m[0m
[  19% ] [90m[1mreimport[22m | 720-view-5.png[39m[0m
[  20% ] [90m[1mreimport[22m | 1600-view-17.png[39m[0m
[  21% ] [90m[1mreimport[22m | 1600-view-16.png[39m[0m
[  22% ] [90m[1mreimport[22m | 1600-view-13.png[39m[0m
[  23% ] [90m[1mreimport[22m | 1600-view-12.png[39m[0m
[  24% ] [90m[1mreimport[22m | 1600-view-11.png[39m[0m
[  25% ] [90m[1mreimport[22m | 1600-view-10.png[39m[0m
[  26% ] [90m[1mreimport[22m | 1600-view-17.png[39m[0m
[  27% ] [90m[1mreimport[22m | 1600-view-16.png[39m[0m
[  27% ] [90m[1mreimport[22m | 1600-view-13.png[39m[0m
[  28% ] [90m[1mreimport[22m | 1600-view-12.png[39m[0m
[  29% ] [90m[1mreimport[22m | 1600-view-11.png[39m[0m
[  30% ] [90m[1mreimport[22m | 1600-view-10.png[39m[0m
[  31% ] [90m[1mreimport[22m | 1600-view-9.png[39m[0m
[  32% ] [90m[1mreimport[22m | 1600-view-5.png[39m[0m
[  33% ] [90m[1mreimport[22m | 720-view-17.png[39m[0m
[  34% ] [90m[1mreimport[22m | 720-view-16.png[39m[0m
[  35% ] [90m[1mreimport[22m | 720-view-13.png[39m[0m
[  36% ] [90m[1mreimport[22m | 720-view-12.png[39m[0m
[  36% ] [90m[1mreimport[22m | 720-view-11.png[39m[0m
[  37% ] [90m[1mreimport[22m | 720-view-10.png[39m[0m
[  38% ] [90m[1mreimport[22m | 720-view-9.png[39m[0m
[  39% ] [90m[1mreimport[22m | 720-view-5.png[39m[0m
[  40% ] [90m[1mreimport[22m | 1600-view-17.png[39m[0m
[  41% ] [90m[1mreimport[22m | 1600-view-16.png[39m[0m
[  42% ] [90m[1mreimport[22m | 1600-view-13.png[39m[0m
[  43% ] [90m[1mreimport[22m | 1600-view-12.png[39m[0m
[  44% ] [90m[1mreimport[22m | 1600-view-11.png[39m[0m
[  45% ] [90m[1mreimport[22m | 1600-view-10.png[39m[0m
[  45% ] [90m[1mreimport[22m | 1600-view-9.png[39m[0m
[  46% ] [90m[1mreimport[22m | 1600-view-5.png[39m[0m
[  47% ] [90m[1mreimport[22m | 720-view-17.png[39m[0m
[  48% ] [90m[1mreimport[22m | 720-view-16.png[39m[0m
[  49% ] [90m[1mreimport[22m | 720-view-13.png[39m[0m
[  50% ] [90m[1mreimport[22m | 1600-view-10.png[39m[0m
[  51% ] [90m[1mreimport[22m | 1600-view-9.png[39m[0m
[  52% ] [90m[1mreimport[22m | 1600-view-5.png[39m[0m
[  53% ] [90m[1mreimport[22m | 720-view-16.png[39m[0m
[  54% ] [90m[1mreimport[22m | 720-view-13.png[39m[0m
[  54% ] [90m[1mreimport[22m | 720-view-12.png[39m[0m
[  55% ] [90m[1mreimport[22m | 720-view-11.png[39m[0m
[  56% ] [90m[1mreimport[22m | 720-view-10.png[39m[0m
[  57% ] [90m[1mreimport[22m | 720-view-9.png[39m[0m
[  58% ] [90m[1mreimport[22m | 720-view-5.png[39m[0m
[  59% ] [90m[1mreimport[22m | walk.png[39m[0m
[  60% ] [90m[1mreimport[22m | 1920x1080.png[39m[0m
[  61% ] [90m[1mreimport[22m | 1080x1920.png[39m[0m
[  62% ] [90m[1mreimport[22m | 1080x1080.png[39m[0m
[  63% ] [90m[1mreimport[22m | 720x486.png[39m[0m
[  63% ] [90m[1mreimport[22m | 486x720.png[39m[0m
[  64% ] [90m[1mreimport[22m | search-results.png[39m[0m
[  65% ] [90m[1mreimport[22m | scroll-end.png[39m[0m
[  66% ] [90m[1mreimport[22m | saved.png[39m[0m
[  67% ] [90m[1mreimport[22m | save-attempt.png[39m[0m
[  68% ] [90m[1mreimport[22m | Page_search.png[39m[0m
[  69% ] [90m[1mreimport[22m | Page_explore.png[39m[0m
[  70% ] [90m[1mreimport[22m | Page_channels.png[39m[0m
[  71% ] [90m[1mreimport[22m | Page_all.png[39m[0m
[  72% ] [90m[1mreimport[22m | final-explore.png[39m[0m
[  72% ] [90m[1mreimport[22m | detail.png[39m[0m
[  73% ] [90m[1mreimport[22m | 8c4753f8.png[39m[0m
[  74% ] [90m[1mreimport[22m | 1600-view-9.png[39m[0m
[  75% ] [90m[1mreimport[22m | 1600-view-5.png[39m[0m
[  76% ] [90m[1mreimport[22m | 720-view-17.png[39m[0m
[  77% ] [90m[1mreimport[22m | 720-view-16.png[39m[0m
[  78% ] [90m[1mreimport[22m | 720-view-13.png[39m[0m
[  79% ] [90m[1mreimport[22m | 720-view-12.png[39m[0m
[  80% ] [90m[1mreimport[22m | 720-view-11.png[39m[0m
[  81% ] [90m[1mreimport[22m | 720-view-10.png[39m[0m
[  81% ] [90m[1mreimport[22m | 720-view-9.png[39m[0m
[  82% ] [90m[1mreimport[22m | 720-view-5.png[39m[0m
[  83% ] [90m[1mreimport[22m | 1600-view-16.png[39m[0m
[  84% ] [90m[1mreimport[22m | 1600-view-13.png[39m[0m
[  85% ] [90m[1mreimport[22m | 1600-view-12.png[39m[0m
[  86% ] [90m[1mreimport[22m | 1600-view-11.png[39m[0m
[  87% ] [90m[1mreimport[22m | 1600-view-10.png[39m[0m
[  88% ] [90m[1mreimport[22m | 1600-view-9.png[39m[0m
[  89% ] [90m[1mreimport[22m | 1600-view-5.png[39m[0m
[  90% ] [90m[1mreimport[22m | 720-view-16.png[39m[0m
[  90% ] [90m[1mreimport[22m | 720-view-13.png[39m[0m
[  91% ] [90m[1mreimport[22m | 720-view-12.png[39m[0m
[  92% ] [90m[1mreimport[22m | 720-view-11.png[39m[0m
[  93% ] [90m[1mreimport[22m | 720-view-10.png[39m[0m
[  94% ] [90m[1mreimport[22m | 720-view-9.png[39m[0m
[  95% ] [90m[1mreimport[22m | 720-view-5.png[39m[0m
[  96% ] [90m[1mreimport[22m | 1600-view-16.png[39m[0m
[  97% ] [90m[1mreimport[22m | 1600-view-13.png[39m[0m
[  98% ] [90m[1mreimport[22m | 1600-view-12.png[39m[0m
[  99% ] [90m[1mreimport[22m | Finalizing Asset Import...[39m[0m
[92m[ DONE ][39m [1mreimport[22m
[0m
[   0% ] [90m[1mreimport[22m | Started (Re)Importing Assets (110 steps)[39m[0m
[   0% ] [90m[1mreimport[22m | Executing post-reimport operations...[39m[0m
[92m[ DONE ][39m [1mreimport[22m
[0m
[   0% ] [90m[1mloading_editor_layout[22m | Started Loading editor (5 steps)[39m[0m
[   0% ] [90m[1mloading_editor_layout[22m | Loading editor layout...[39m[0m
[  16% ] [90m[1mloading_editor_layout[22m | Loading docks...[39m[0m
[92m[ DONE ][39m [1mloading_editor_layout[22m
[0m
