[
  {
    "image": "IMG_6380/000246.jpg",
    "pose_fit_features": 220,
    "patches": [
      {
        "patch": "near",
        "observations": 0,
        "unique_points": 0,
        "point_ids": [],
        "errors_px": []
      },
      {
        "patch": "far",
        "observations": 1,
        "unique_points": 1,
        "point_ids": [
          12318
        ],
        "errors_px": [
          1.6334161021687568
        ],
        "p50_p90_px": [
          1.6334161021687568,
          1.6334161021687568
        ],
        "fraction_below8px": 1.0
      }
    ],
    "pose_supported": true,
    "pose_inliers": 186,
    "pose_test_features": 229,
    "pose_test_below4px": 188,
    "cam_from_world": [
      [
        0.8936009318922296,
        -0.0453120306595054,
        0.44656936124061486,
        -0.5644474670762241
      ],
      [
        -0.005798831151959543,
        -0.9959740036821041,
        -0.0894547793396712,
        2.1742065753052073
      ],
      [
        0.44882485234065395,
        0.0773472938566712,
        -0.8902660546457097,
        1.4565639608180379
      ]
    ],
    "camera": {
      "model": "SIMPLE_RADIAL",
      "width": 1280,
      "height": 720,
      "params": [
        594.3251305595769,
        640.0,
        360.0,
        0.002137679000087821
      ]
    },
    "photometric": [
      {
        "patch": "near",
        "source_mask_pixels": 34461,
        "common_visible_fraction": 0.0,
        "controls": [
          {
            "offset_fraction_source_camera_depth": 0.0,
            "visible_pixels": 0,
            "common_pixels": 0,
            "status": "insufficient common visible pixels; no score"
          },
          {
            "offset_fraction_source_camera_depth": -0.01,
            "visible_pixels": 0,
            "common_pixels": 0,
            "status": "insufficient common visible pixels; no score"
          },
          {
            "offset_fraction_source_camera_depth": 0.01,
            "visible_pixels": 0,
            "common_pixels": 0,
            "status": "insufficient common visible pixels; no score"
          },
          {
            "offset_fraction_source_camera_depth": -0.05,
            "visible_pixels": 680,
            "common_pixels": 0,
            "status": "insufficient common visible pixels; no score"
          },
          {
            "offset_fraction_source_camera_depth": 0.05,
            "visible_pixels": 0,
            "common_pixels": 0,
            "status": "insufficient common visible pixels; no score"
          }
        ]
      },
      {
        "patch": "far",
        "source_mask_pixels": 9956,
        "common_visible_fraction": 1.0,
        "controls": [
          {
            "offset_fraction_source_camera_depth": 0.0,
            "pixels": 9956,
            "grayscale_correlation": 0.9314777856438765,
            "median_absolute_rgb_difference": 4.1415623415217055
          },
          {
            "offset_fraction_source_camera_depth": -0.01,
            "pixels": 9956,
            "grayscale_correlation": 0.9241546540808272,
            "median_absolute_rgb_difference": 4.259880916888079
          },
          {
            "offset_fraction_source_camera_depth": 0.01,
            "pixels": 9956,
            "grayscale_correlation": 0.924130193290027,
            "median_absolute_rgb_difference": 4.113193687335226
          },
          {
            "offset_fraction_source_camera_depth": -0.05,
            "pixels": 9956,
            "grayscale_correlation": 0.8468139341395194,
            "median_absolute_rgb_difference": 4.566553995198404
          },
          {
            "offset_fraction_source_camera_depth": 0.05,
            "pixels": 9956,
            "grayscale_correlation": 0.7494835526848305,
            "median_absolute_rgb_difference": 5.0
          }
        ]
      }
    ],
    "status": "diagnostic only; report all floor matches without outlier trimming"
  },
  {
    "image": "IMG_6380/000506.jpg",
    "pose_fit_features": 134,
    "patches": [
      {
        "patch": "near",
        "observations": 0,
        "unique_points": 0,
        "point_ids": [],
        "errors_px": []
      },
      {
        "patch": "far",
        "observations": 2,
        "unique_points": 2,
        "point_ids": [
          12318,
          14326
        ],
        "errors_px": [
          0.8241809304364269,
          2.7823619100805472
        ],
        "p50_p90_px": [
          1.8032714202584872,
          2.586543812116135
        ],
        "fraction_below8px": 1.0
      }
    ],
    "pose_supported": true,
    "pose_inliers": 116,
    "pose_test_features": 140,
    "pose_test_below4px": 113,
    "cam_from_world": [
      [
        0.9039073798741627,
        -0.060737948628055254,
        0.42339384762355947,
        -0.6026234309900513
      ],
      [
        -0.007670018835221344,
        -0.9920089937821768,
        -0.12593382018481014,
        2.278107147760617
      ],
      [
        0.42765946665553134,
        0.11058507065480615,
        -0.8971501115912419,
        1.7830437681612807
      ]
    ],
    "camera": {
      "model": "SIMPLE_RADIAL",
      "width": 1280,
      "height": 720,
      "params": [
        594.3251305595769,
        640.0,
        360.0,
        0.002137679000087821
      ]
    },
    "photometric": [
      {
        "patch": "near",
        "source_mask_pixels": 34461,
        "common_visible_fraction": 1.0,
        "controls": [
          {
            "offset_fraction_source_camera_depth": 0.0,
            "pixels": 34461,
            "grayscale_correlation": 0.8856090315017278,
            "median_absolute_rgb_difference": 2.985723848957207
          },
          {
            "offset_fraction_source_camera_depth": -0.01,
            "pixels": 34461,
            "grayscale_correlation": 0.8899636290905892,
            "median_absolute_rgb_difference": 2.965427370749069
          },
          {
            "offset_fraction_source_camera_depth": 0.01,
            "pixels": 34461,
            "grayscale_correlation": 0.880731089266573,
            "median_absolute_rgb_difference": 3.0
          },
          {
            "offset_fraction_source_camera_depth": -0.05,
            "pixels": 34461,
            "grayscale_correlation": 0.9045008931901652,
            "median_absolute_rgb_difference": 2.8901190464359843
          },
          {
            "offset_fraction_source_camera_depth": 0.05,
            "pixels": 34461,
            "grayscale_correlation": 0.8616589386942115,
            "median_absolute_rgb_difference": 3.0
          }
        ]
      },
      {
        "patch": "far",
        "source_mask_pixels": 9956,
        "common_visible_fraction": 1.0,
        "controls": [
          {
            "offset_fraction_source_camera_depth": 0.0,
            "pixels": 9956,
            "grayscale_correlation": 0.9586403665634585,
            "median_absolute_rgb_difference": 1.3372969895394178
          },
          {
            "offset_fraction_source_camera_depth": -0.01,
            "pixels": 9956,
            "grayscale_correlation": 0.9616777678201308,
            "median_absolute_rgb_difference": 1.3097251848442113
          },
          {
            "offset_fraction_source_camera_depth": 0.01,
            "pixels": 9956,
            "grayscale_correlation": 0.9552102333703589,
            "median_absolute_rgb_difference": 1.3847134253535955
          },
          {
            "offset_fraction_source_camera_depth": -0.05,
            "pixels": 9956,
            "grayscale_correlation": 0.9621553043182948,
            "median_absolute_rgb_difference": 1.242702586061199
          },
          {
            "offset_fraction_source_camera_depth": 0.05,
            "pixels": 9956,
            "grayscale_correlation": 0.9391688592235268,
            "median_absolute_rgb_difference": 1.5522631617192815
          }
        ]
      }
    ],
    "status": "diagnostic only; report all floor matches without outlier trimming"
  }
]
